# cmd: node tools/scanVideoWithOcr.js --video C:\Users\admin\Projects\portfolio_analyzer_revere\data\video_pipeline\downloads_hires\20260702_C7xYmeMf1ew.mp4 --date 20260702 --output-root C:\Users\admin\Projects\portfolio_analyzer_revere\data\video_scan_20260915\ocr-20260915-backfill --run-tag ocr-20260915-backfill --ffmpeg-bin c:/Users/admin/AppData/Local/Microsoft/WinGet/Packages/Gyan.FFmpeg_Microsoft.Winget.Source_8wekyb3d8bbwe/ffmpeg-9.0.1-full_build/bin/ffmpeg.exe
[scan:whiteboard] ffprobe found 514 keyframe(s) for nearest-keyframe lookup
[scan:whiteboard] preflighting final whiteboard output extraction
[scan:whiteboard] extracting sample frames from C:\Users\admin\Projects\portfolio_analyzer_revere\data\video_pipeline\downloads_hires\20260702_C7xYmeMf1ew.mp4
[scan:whiteboard] extracted 744 frame(s) at 0.25 fps with width 640; starting prefilter
[scan:whiteboard] prefilter 1/744 frames after 00:00:00; best prefilter 1.67 at 00:00:00
[scan:whiteboard] prefilter 10/744 frames after 00:00:00; best prefilter 11.67 at 00:00:32
[scan:whiteboard] prefilter 20/744 frames after 00:00:00; best prefilter 16.88 at 00:01:16
[scan:whiteboard] prefilter 30/744 frames after 00:00:00; best prefilter 16.88 at 00:01:16
[scan:whiteboard] prefilter 40/744 frames after 00:00:00; best prefilter 16.88 at 00:01:16
[scan:whiteboard] prefilter 50/744 frames after 00:00:01; best prefilter 16.88 at 00:01:16
[scan:whiteboard] prefilter 60/744 frames after 00:00:01; best prefilter 16.88 at 00:01:16
[scan:whiteboard] prefilter 70/744 frames after 00:00:01; best prefilter 16.88 at 00:01:16
[scan:whiteboard] prefilter 80/744 frames after 00:00:01; best prefilter 16.88 at 00:01:16
[scan:whiteboard] prefilter 90/744 frames after 00:00:01; best prefilter 16.88 at 00:01:16
[scan:whiteboard] prefilter 100/744 frames after 00:00:01; best prefilter 16.88 at 00:01:16
[scan:whiteboard] prefilter 110/744 frames after 00:00:01; best prefilter 17.11 at 00:07:12
[scan:whiteboard] prefilter 120/744 frames after 00:00:01; best prefilter 17.21 at 00:07:28
[scan:whiteboard] prefilter 130/744 frames after 00:00:01; best prefilter 17.21 at 00:07:28
[scan:whiteboard] prefilter 140/744 frames after 00:00:01; best prefilter 17.21 at 00:07:28
[scan:whiteboard] prefilter 150/744 frames after 00:00:02; best prefilter 17.21 at 00:07:28
[scan:whiteboard] prefilter 160/744 frames after 00:00:02; best prefilter 17.48 at 00:10:04
[scan:whiteboard] prefilter 170/744 frames after 00:00:02; best prefilter 17.48 at 00:10:04
[scan:whiteboard] prefilter 180/744 frames after 00:00:02; best prefilter 17.48 at 00:10:04
[scan:whiteboard] prefilter 190/744 frames after 00:00:02; best prefilter 17.48 at 00:10:04
[scan:whiteboard] prefilter 200/744 frames after 00:00:02; best prefilter 17.48 at 00:10:04
[scan:whiteboard] prefilter 210/744 frames after 00:00:02; best prefilter 17.48 at 00:10:04
[scan:whiteboard] prefilter 220/744 frames after 00:00:02; best prefilter 17.48 at 00:10:04
[scan:whiteboard] prefilter 230/744 frames after 00:00:02; best prefilter 18.15 at 00:15:16
[scan:whiteboard] prefilter 240/744 frames after 00:00:02; best prefilter 18.21 at 00:15:24
[scan:whiteboard] prefilter 250/744 frames after 00:00:03; best prefilter 18.21 at 00:15:24
[scan:whiteboard] prefilter 260/744 frames after 00:00:03; best prefilter 18.21 at 00:15:24
[scan:whiteboard] prefilter 270/744 frames after 00:00:03; best prefilter 18.21 at 00:15:24
[scan:whiteboard] prefilter 280/744 frames after 00:00:03; best prefilter 19.02 at 00:18:24
[scan:whiteboard] prefilter 290/744 frames after 00:00:03; best prefilter 19.02 at 00:18:24
[scan:whiteboard] prefilter 300/744 frames after 00:00:03; best prefilter 19.02 at 00:18:24
[scan:whiteboard] prefilter 310/744 frames after 00:00:03; best prefilter 19.02 at 00:18:24
[scan:whiteboard] prefilter 320/744 frames after 00:00:03; best prefilter 19.02 at 00:18:24
[scan:whiteboard] prefilter 330/744 frames after 00:00:03; best prefilter 19.02 at 00:18:24
[scan:whiteboard] prefilter 340/744 frames after 00:00:03; best prefilter 19.02 at 00:18:24
[scan:whiteboard] prefilter 350/744 frames after 00:00:04; best prefilter 19.02 at 00:18:24
[scan:whiteboard] prefilter 360/744 frames after 00:00:04; best prefilter 19.02 at 00:18:24
[scan:whiteboard] prefilter 370/744 frames after 00:00:04; best prefilter 19.02 at 00:18:24
[scan:whiteboard] prefilter 380/744 frames after 00:00:04; best prefilter 19.02 at 00:18:24
[scan:whiteboard] prefilter 390/744 frames after 00:00:04; best prefilter 19.02 at 00:18:24
[scan:whiteboard] prefilter 400/744 frames after 00:00:04; best prefilter 19.02 at 00:18:24
[scan:whiteboard] prefilter 410/744 frames after 00:00:04; best prefilter 19.02 at 00:18:24
[scan:whiteboard] prefilter 420/744 frames after 00:00:04; best prefilter 19.02 at 00:18:24
[scan:whiteboard] prefilter 430/744 frames after 00:00:05; best prefilter 19.02 at 00:18:24
[scan:whiteboard] prefilter 440/744 frames after 00:00:05; best prefilter 19.02 at 00:18:24
[scan:whiteboard] prefilter 450/744 frames after 00:00:05; best prefilter 19.02 at 00:18:24
[scan:whiteboard] prefilter 460/744 frames after 00:00:05; best prefilter 19.26 at 00:30:08
[scan:whiteboard] prefilter 470/744 frames after 00:00:05; best prefilter 19.26 at 00:30:08
[scan:whiteboard] prefilter 480/744 frames after 00:00:05; best prefilter 19.26 at 00:30:08
[scan:whiteboard] prefilter 490/744 frames after 00:00:05; best prefilter 19.26 at 00:30:08
[scan:whiteboard] prefilter 500/744 frames after 00:00:05; best prefilter 19.26 at 00:30:08
[scan:whiteboard] prefilter 510/744 frames after 00:00:05; best prefilter 24.29 at 00:33:56
[scan:whiteboard] prefilter 520/744 frames after 00:00:06; best prefilter 24.29 at 00:33:56
[scan:whiteboard] prefilter 530/744 frames after 00:00:06; best prefilter 24.29 at 00:33:56
[scan:whiteboard] prefilter 540/744 frames after 00:00:06; best prefilter 24.29 at 00:33:56
[scan:whiteboard] prefilter 550/744 frames after 00:00:06; best prefilter 24.29 at 00:33:56
[scan:whiteboard] prefilter 560/744 frames after 00:00:06; best prefilter 24.29 at 00:33:56
[scan:whiteboard] prefilter 570/744 frames after 00:00:06; best prefilter 24.29 at 00:33:56
[scan:whiteboard] prefilter 580/744 frames after 00:00:06; best prefilter 24.58 at 00:38:12
[scan:whiteboard] prefilter 590/744 frames after 00:00:06; best prefilter 24.58 at 00:38:12
[scan:whiteboard] prefilter 600/744 frames after 00:00:06; best prefilter 24.58 at 00:38:12
[scan:whiteboard] prefilter 610/744 frames after 00:00:06; best prefilter 24.58 at 00:38:12
[scan:whiteboard] prefilter 620/744 frames after 00:00:07; best prefilter 24.58 at 00:38:12
[scan:whiteboard] prefilter 630/744 frames after 00:00:07; best prefilter 24.58 at 00:38:12
[scan:whiteboard] prefilter 640/744 frames after 00:00:07; best prefilter 24.58 at 00:38:12
[scan:whiteboard] prefilter 650/744 frames after 00:00:07; best prefilter 24.58 at 00:38:12
[scan:whiteboard] prefilter 660/744 frames after 00:00:07; best prefilter 24.58 at 00:38:12
[scan:whiteboard] prefilter 670/744 frames after 00:00:07; best prefilter 24.58 at 00:38:12
[scan:whiteboard] prefilter 680/744 frames after 00:00:07; best prefilter 24.58 at 00:38:12
[scan:whiteboard] prefilter 690/744 frames after 00:00:07; best prefilter 24.58 at 00:38:12
[scan:whiteboard] prefilter 700/744 frames after 00:00:07; best prefilter 24.58 at 00:38:12
[scan:whiteboard] prefilter 710/744 frames after 00:00:07; best prefilter 24.58 at 00:38:12
[scan:whiteboard] prefilter 720/744 frames after 00:00:08; best prefilter 24.58 at 00:38:12
[scan:whiteboard] prefilter 730/744 frames after 00:00:08; best prefilter 24.58 at 00:38:12
[scan:whiteboard] prefilter 740/744 frames after 00:00:08; best prefilter 24.58 at 00:38:12
[scan:whiteboard] prefilter 744/744 frames after 00:00:08; best prefilter 24.58 at 00:38:12
[scan:whiteboard] prefilter kept 60/744 frame(s) for OCR; best prefilter 24.58 at 00:38:12
[scan:whiteboard] extracting OCR candidates from source video at width 1280
[scan:whiteboard] OCR 1/60 frames (1.7%) after 00:00:02; best score -12.00 at 00:00:00 (ocr 0.0)
[scan:whiteboard] OCR 10/60 frames (16.7%) after 00:01:17; best score -12.00 at 00:00:00 (ocr 0.0)
[scan:whiteboard] OCR 20/60 frames (33.3%) after 00:02:10; best score -12.00 at 00:00:00 (ocr 0.0)
[scan:whiteboard] OCR 30/60 frames (50.0%) after 00:03:24; best score -12.00 at 00:00:00 (ocr 0.0)
[scan:whiteboard] OCR 40/60 frames (66.7%) after 00:04:44; best score -12.00 at 00:00:00 (ocr 0.0)
[scan:whiteboard] OCR 50/60 frames (83.3%) after 00:05:31; best score -12.00 at 00:00:00 (ocr 0.0)
[scan:whiteboard] OCR 60/60 frames (100.0%) after 00:06:30; best score -12.00 at 00:00:00 (ocr 0.0)
{
  "date_key": "20260702",
  "output_kind": "whiteboard",
  "video_path": "C:\\Users\\admin\\Projects\\portfolio_analyzer_revere\\data\\video_pipeline\\downloads_hires\\20260702_C7xYmeMf1ew.mp4",
  "captured_count": 0,
  "captures": [],
  "frame_count": 744,
  "frame_error_count": 0,
  "frame_errors": [],
  "nearest_ffmpeg_keyframe_lookups_skipped": false,
  "nearest_ffmpeg_keyframe_pts_total": 514,
  "ocr_engine_metadata": {
    "tesseract_version": "6.0.1",
    "language": "eng",
    "dpi": 300,
    "psm": null,
    "preserve_interword_spaces": "1",
    "deskew": false
  },
  "ocr_frame_count": 60,
  "ocr_frame_width": 1280,
  "prefilter_best_score": 24.58,
  "sample_frame_width": 640,
  "status": "no_match",
  "top_candidate": {
    "confusion_with_nearby": [],
    "frame_index": 0,
    "frame_path": "C:\\Users\\admin\\Projects\\portfolio_analyzer_revere\\data\\video_scan_20260915\\ocr-20260915-backfill\\ocr-20260915-backfill\\ocr_probe\\frames\\20260702_20260702_c7xymemf1ew_d0ef5857_whiteboard\\ocr\\ocr_000001.png",
    "is_intro_card": false,
    "issue_codes": [
      "MISSING_METRIC_LINE",
      "MISSING_BOTTOM_LINE",
      "LOW_OCR_CONFIDENCE"
    ],
    "low_res_frame_path": null,
    "nearest_ffmpeg_keyframe_ts": 0,
    "observed_date": null,
    "ocr_confidence": 0,
    "ocr_profile": "threshold",
    "ocr_text": "",
    "ocr_text_snippet": "",
    "output_kind": "whiteboard",
    "parsed_observations": [
      {
        "portfolio": "GRO",
        "metrics_raw": null,
        "metric_1": null,
        "metric_2": null,
        "metric_scalar": null,
        "action_text": null,
        "bottom_line": null,
        "parse_status": "review",
        "issue_codes": [
          "MISSING_METRIC_LINE",
          "MISSING_BOTTOM_LINE",
          "LOW_OCR_CONFIDENCE"
        ],
        "ocr_confidence": 0,
        "ocr_profile": "threshold"
      },
      {
        "portfolio": "TURBO",
        "metrics_raw": null,
        "metric_1": null,
        "metric_2": null,
        "metric_scalar": null,
        "action_text": null,
        "bottom_line": null,
        "parse_status": "review",
        "issue_codes": [
          "MISSING_METRIC_LINE",
          "MISSING_BOTTOM_LINE",
          "LOW_OCR_CONFIDENCE"
        ],
        "ocr_confidence": 0,
        "ocr_profile": "threshold"
      }
    ],
    "parsed_row_count": 2,
    "phash": "d00837fe5d8a233e",
    "prefilter_score": 1.67,
    "prefilter_stats": {
      "brightRatio": 0.2864583333333333,
      "darkRatio": 0.11875,
      "edgeRatio": 0.0326125362165218,
      "horizontalComparisons": 14151,
      "horizontalEdgeHits": 479,
      "horizontalEdgeRatio": 0.033849197936541585,
      "meanLuma": 181.19666666666666,
      "stdDev": 61.278523426510006,
      "verticalComparisons": 14151,
      "verticalEdgeHits": 444,
      "verticalEdgeRatio": 0.03137587449650201
    },
    "score": -12,
    "score_breakdown": {
      "chart_likeness": 0,
      "keyword_guard": 0,
      "ocr_confidence_bonus": 0,
      "pair_bonus": 0,
      "per_row_issues": -12,
      "per_row_metrics": 0,
      "text_density": 0
    },
    "screen_layout": "chart",
    "tickers": [],
    "timestamp": 0,
    "timestamp_hms": "00:00:00"
  },
  "top_candidates": [
    {
      "confusion_with_nearby": [],
      "frame_index": 0,
      "frame_path": "C:\\Users\\admin\\Projects\\portfolio_analyzer_revere\\data\\video_scan_20260915\\ocr-20260915-backfill\\ocr-20260915-backfill\\ocr_probe\\frames\\20260702_20260702_c7xymemf1ew_d0ef5857_whiteboard\\ocr\\ocr_000001.png",
      "is_intro_card": false,
      "issue_codes": [
        "MISSING_METRIC_LINE",
        "MISSING_BOTTOM_LINE",
        "LOW_OCR_CONFIDENCE"
      ],
      "low_res_frame_path": null,
      "nearest_ffmpeg_keyframe_ts": null,
      "observed_date": null,
      "ocr_confidence": 0,
      "ocr_profile": "threshold",
      "ocr_text": "",
      "ocr_text_snippet": "",
      "output_kind": "whiteboard",
      "parsed_observations": [
        {
          "portfolio": "GRO",
          "metrics_raw": null,
          "metric_1": null,
          "metric_2": null,
          "metric_scalar": null,
          "action_text": null,
          "bottom_line": null,
          "parse_status": "review",
          "issue_codes": [
            "MISSING_METRIC_LINE",
            "MISSING_BOTTOM_LINE",
            "LOW_OCR_CONFIDENCE"
          ],
          "ocr_confidence": 0,
          "ocr_profile": "threshold"
        },
        {
          "portfolio": "TURBO",
          "metrics_raw": null,
          "metric_1": null,
          "metric_2": null,
          "metric_scalar": null,
          "action_text": null,
          "bottom_line": null,
          "parse_status": "review",
          "issue_codes": [
            "MISSING_METRIC_LINE",
            "MISSING_BOTTOM_LINE",
            "LOW_OCR_CONFIDENCE"
          ],
          "ocr_confidence": 0,
          "ocr_profile": "threshold"
        }
      ],
      "parsed_row_count": 2,
      "phash": "d00837fe5d8a233e",
      "prefilter_score": 1.67,
      "prefilter_stats": {
        "brightRatio": 0.2864583333333333,
        "darkRatio": 0.11875,
        "edgeRatio": 0.0326125362165218,
        "horizontalComparisons": 14151,
        "horizontalEdgeHits": 479,
        "horizontalEdgeRatio": 0.033849197936541585,
        "meanLuma": 181.19666666666666,
        "stdDev": 61.278523426510006,
        "verticalComparisons": 14151,
        "verticalEdgeHits": 444,
        "verticalEdgeRatio": 0.03137587449650201
      },
      "score": -12,
      "score_breakdown": {
        "chart_likeness": 0,
        "keyword_guard": 0,
        "ocr_confidence_bonus": 0,
        "pair_bonus": 0,
        "per_row_issues": -12,
        "per_row_metrics": 0,
        "text_density": 0
      },
      "screen_layout": "chart",
      "tickers": [],
      "timestamp": 0,
      "timestamp_hms": "00:00:00"
    },
    {
      "confusion_with_nearby": [],
      "frame_index": 24,
      "frame_path": "C:\\Users\\admin\\Projects\\portfolio_analyzer_revere\\data\\video_scan_20260915\\ocr-20260915-backfill\\ocr-20260915-backfill\\ocr_probe\\frames\\20260702_20260702_c7xymemf1ew_d0ef5857_whiteboard\\ocr\\ocr_000025.png",
      "is_intro_card": false,
      "issue_codes": [
        "MISSING_METRIC_LINE",
        "MISSING_BOTTOM_LINE",
        "LOW_OCR_CONFIDENCE"
      ],
      "low_res_frame_path": null,
      "nearest_ffmpeg_keyframe_ts": null,
      "observed_date": null,
      "ocr_confidence": 35,
      "ocr_profile": "threshold",
      "ocr_text": "Eo           ED ov ce:oo\n$7,491.73\nsex (a s010 100\nCre        -      -                                                                uo 1603000185 1521\nBERRI re we 20 fo oe                                 Lon Ute 11 450 10707207\nevr um gm ean\n2 moe oi; mn           WAV      “dep\nRRR EN                >    s       7           a    ®\nBERBER                        \"\nwn moa mf\nERR FH                                    oe\noo demo dm an NDR                                    | yy \"   50\nwr mum on —e                              nl  i) wt\nEr To Fl                             ol\nBRS [ol               wosss 1007 ams         ge   oo\nFE] Fr            BRIE Ny       ft\nsre vem feo           Tp] Ppt do            [\nEEE ES           Eee ane    to\ni                  a0\nwoo\nfl        -\n!          yr                                                          .\ni            ’     a\n|                           ha         |   |          ——                               ill   li\nECE ER a TT I TR RR ET HA Ra aa TTY\n_»                 oct    Nov   CofE dn    Fab   ar    Apr    May    dun    au\nscree    Law    Repors ~~ R-AI-100 6/8 100 tems © pins i whore 20                      om - DE EA\n",
      "ocr_text_snippet": "Eo ED ov ce:oo $7,491.73 sex (a s010 100 Cre - - uo 1603000185 1521 BERRI re we 20 fo oe Lon Ute 11 450 10707207 evr um gm ean 2 moe oi; mn WAV “dep RRR EN > s 7 a ® BERBER \" wn moa mf ERR FH oe oo...",
      "output_kind": "whiteboard",
      "parsed_observations": [
        {
          "portfolio": "GRO",
          "metrics_raw": null,
          "metric_1": null,
          "metric_2": null,
          "metric_scalar": null,
          "action_text": null,
          "bottom_line": null,
          "parse_status": "review",
          "issue_codes": [
            "MISSING_METRIC_LINE",
            "MISSING_BOTTOM_LINE",
            "LOW_OCR_CONFIDENCE"
          ],
          "ocr_confidence": 35,
          "ocr_profile": "threshold"
        },
        {
          "portfolio": "TURBO",
          "metrics_raw": null,
          "metric_1": null,
          "metric_2": null,
          "metric_scalar": null,
          "action_text": null,
          "bottom_line": null,
          "parse_status": "review",
          "issue_codes": [
            "MISSING_METRIC_LINE",
            "MISSING_BOTTOM_LINE",
            "LOW_OCR_CONFIDENCE"
          ],
          "ocr_confidence": 35,
          "ocr_profile": "threshold"
        }
      ],
      "parsed_row_count": 2,
      "phash": "822495f23f2bebd0",
      "prefilter_score": 11.47,
      "prefilter_stats": {
        "brightRatio": 0.548125,
        "darkRatio": 0.21,
        "edgeRatio": 0.16687866581867006,
        "horizontalComparisons": 14151,
        "horizontalEdgeHits": 2169,
        "horizontalEdgeRatio": 0.1532753868984524,
        "meanLuma": 185.91465277777777,
        "stdDev": 84.09698687802538,
        "verticalComparisons": 14151,
        "verticalEdgeHits": 2554,
        "verticalEdgeRatio": 0.1804819447388877
      },
      "score": -20.25,
      "score_breakdown": {
        "chart_likeness": 0,
        "keyword_guard": -18,
        "ocr_confidence_bonus": 1.75,
        "pair_bonus": 0,
        "per_row_issues": -12,
        "per_row_metrics": 0,
        "text_density": 8
      },
      "screen_layout": "tale_of_the_tape",
      "tickers": [],
      "timestamp": 96,
      "timestamp_hms": "00:01:36"
    },
    {
      "confusion_with_nearby": [],
      "frame_index": 156,
      "frame_path": "C:\\Users\\admin\\Projects\\portfolio_analyzer_revere\\data\\video_scan_20260915\\ocr-20260915-backfill\\ocr-20260915-backfill\\ocr_probe\\frames\\20260702_20260702_c7xymemf1ew_d0ef5857_whiteboard\\ocr\\ocr_000157.png",
      "is_intro_card": false,
      "issue_codes": [
        "MISSING_METRIC_LINE",
        "MISSING_BOTTOM_LINE",
        "LOW_OCR_CONFIDENCE"
      ],
      "low_res_frame_path": null,
      "nearest_ffmpeg_keyframe_ts": null,
      "observed_date": null,
      "ocr_confidence": 27,
      "ocr_profile": "threshold",
      "ocr_text": "PR ac OG: 6\n$52,700.50\nQu (es 205070\n1797 20090 503.\nra—           S—                                                                         Lon Upita 1 340 £1 07072025\nPU                             Ie        w\nEEE ER                                         »\n[EE ETE\nBorla Ble\nbt SRE                                  ab\nEN El                       wri\n[Ei Eh                    ow fibnd  pe   so\npag ode Roe nn                             HT woadng oo\nasa00\na\nNN\n!                                                                       aac\n’     a\n:   FC CR aT Er a I Ba Rr ER RTT I a JET\na.                  Gar    Nov   DofER    Feb   ar    Y    May   sun    sa\nScreens    Lists    Raports   R-AI-100 6/8 100 items © siduiey 35 5 abd 210702                       OFy - CREB R\n",
      "ocr_text_snippet": "PR ac OG: 6 $52,700.50 Qu (es 205070 1797 20090 503. ra— S— Lon Upita 1 340 £1 07072025 PU Ie w EEE ER » [EE ETE Borla Ble bt SRE ab EN El wri [Ei Eh ow fibnd pe so pag ode Roe nn HT woadng oo asa0...",
      "output_kind": "whiteboard",
      "parsed_observations": [
        {
          "portfolio": "GRO",
          "metrics_raw": null,
          "metric_1": null,
          "metric_2": null,
          "metric_scalar": null,
          "action_text": null,
          "bottom_line": null,
          "parse_status": "review",
          "issue_codes": [
            "MISSING_METRIC_LINE",
            "MISSING_BOTTOM_LINE",
            "LOW_OCR_CONFIDENCE"
          ],
          "ocr_confidence": 27,
          "ocr_profile": "threshold"
        },
        {
          "portfolio": "TURBO",
          "metrics_raw": null,
          "metric_1": null,
          "metric_2": null,
          "metric_scalar": null,
          "action_text": null,
          "bottom_line": null,
          "parse_status": "review",
          "issue_codes": [
            "MISSING_METRIC_LINE",
            "MISSING_BOTTOM_LINE",
            "LOW_OCR_CONFIDENCE"
          ],
          "ocr_confidence": 27,
          "ocr_profile": "threshold"
        }
      ],
      "parsed_row_count": 2,
      "phash": "a436d239adc12dda",
      "prefilter_score": -0.51,
      "prefilter_stats": {
        "brightRatio": 0.33618055555555554,
        "darkRatio": 0.38340277777777776,
        "edgeRatio": 0.1437000918662992,
        "horizontalComparisons": 14151,
        "horizontalEdgeHits": 1910,
        "horizontalEdgeRatio": 0.13497279344215957,
        "meanLuma": 145.44340277777778,
        "stdDev": 93.89533322966585,
        "verticalComparisons": 14151,
        "verticalEdgeHits": 2157,
        "verticalEdgeRatio": 0.15242739029043884
      },
      "score": -20.65,
      "score_breakdown": {
        "chart_likeness": 0,
        "keyword_guard": -18,
        "ocr_confidence_bonus": 1.35,
        "pair_bonus": 0,
        "per_row_issues": -12,
        "per_row_metrics": 0,
        "text_density": 8
      },
      "screen_layout": "unknown_text",
      "tickers": [],
      "timestamp": 624,
      "timestamp_hms": "00:10:24"
    },
    {
      "confusion_with_nearby": [],
      "frame_index": 576,
      "frame_path": "C:\\Users\\admin\\Projects\\portfolio_analyzer_revere\\data\\video_scan_20260915\\ocr-20260915-backfill\\ocr-20260915-backfill\\ocr_probe\\frames\\20260702_20260702_c7xymemf1ew_d0ef5857_whiteboard\\ocr\\ocr_000577.png",
      "is_intro_card": false,
      "issue_codes": [
        "MISSING_METRIC_LINE",
        "MISSING_BOTTOM_LINE",
        "LOW_OCR_CONFIDENCE"
      ],
      "low_res_frame_path": null,
      "nearest_ffmpeg_keyframe_ts": null,
      "observed_date": null,
      "ocr_confidence": 35,
      "ocr_profile": "threshold",
      "ocr_text": "5 —\n® lveeusoT © © SmosmambdDwWMI - [0 A - 2 - Bocoe wo «woo (DW  poets. cc @ EO DE we (EE\n-                                                                       = |&\n| —ssonmesTrOe   aa NI        \"|\n3                J SNL                                            we | €\nN                           :             .          .\n= | @ Hyporliuid Tether 1 KuCom B® 0:12 Hh L2C 850 €2% EE 5800 52 v1 i                                  Jr\nSef  e\n)                             I  :    J Fe RE           20500\n.             SN                    sso\ni                  1  I      [l                Lay\n                        in\n3 Bethy   |.            . 0                 ——\n: rr                             =\n-                                         aon\n,         |             & FE                                          so | £\n.       Voy        |  I                                             uso |\n\\               .                                                   wn\nSi            LEB                                               el\n®           io | J\nwg\nJN |                   |                                         ww | 3\nv                                                                  bi\nuw | &\n3           n       I   | [7] pil loml i TY sails 1.  €\n",
      "ocr_text_snippet": "5 — ® lveeusoT © © SmosmambdDwWMI - [0 A - 2 - Bocoe wo «woo (DW poets. cc @ EO DE we (EE - = |& | —ssonmesTrOe aa NI \"| 3 J SNL we | € N : . . = | @ Hyporliuid Tether 1 KuCom B® 0:12 Hh L2C 850 €2...",
      "output_kind": "whiteboard",
      "parsed_observations": [
        {
          "portfolio": "GRO",
          "metrics_raw": null,
          "metric_1": null,
          "metric_2": null,
          "metric_scalar": null,
          "action_text": null,
          "bottom_line": null,
          "parse_status": "review",
          "issue_codes": [
            "MISSING_METRIC_LINE",
            "MISSING_BOTTOM_LINE",
            "LOW_OCR_CONFIDENCE"
          ],
          "ocr_confidence": 35,
          "ocr_profile": "threshold"
        },
        {
          "portfolio": "TURBO",
          "metrics_raw": null,
          "metric_1": null,
          "metric_2": null,
          "metric_scalar": null,
          "action_text": null,
          "bottom_line": null,
          "parse_status": "review",
          "issue_codes": [
            "MISSING_METRIC_LINE",
            "MISSING_BOTTOM_LINE",
            "LOW_OCR_CONFIDENCE"
          ],
          "ocr_confidence": 35,
          "ocr_profile": "threshold"
        }
      ],
      "parsed_row_count": 2,
      "phash": "c05a4ab7b5b5664a",
      "prefilter_score": 22.87,
      "prefilter_stats": {
        "brightRatio": 0.7975694444444444,
        "darkRatio": 0.04472222222222222,
        "edgeRatio": 0.12886015122606176,
        "horizontalComparisons": 14151,
        "horizontalEdgeHits": 1524,
        "horizontalEdgeRatio": 0.10769556921772312,
        "meanLuma": 230.49895833333332,
        "stdDev": 47.812556451945674,
        "verticalComparisons": 14151,
        "verticalEdgeHits": 2123,
        "verticalEdgeRatio": 0.1500247332344004
      },
      "score": -20.85,
      "score_breakdown": {
        "chart_likeness": -0.597477049072058,
        "keyword_guard": -18,
        "ocr_confidence_bonus": 1.75,
        "pair_bonus": 0,
        "per_row_issues": -12,
        "per_row_metrics": 0,
        "text_density": 8
      },
      "screen_layout": "unknown_text",
      "tickers": [
        "SSO"
      ],
      "timestamp": 2304,
      "timestamp_hms": "00:38:24"
    },
    {
      "confusion_with_nearby": [],
      "frame_index": 672,
      "frame_path": "C:\\Users\\admin\\Projects\\portfolio_analyzer_revere\\data\\video_scan_20260915\\ocr-20260915-backfill\\ocr-20260915-backfill\\ocr_probe\\frames\\20260702_20260702_c7xymemf1ew_d0ef5857_whiteboard\\ocr\\ocr_000673.png",
      "is_intro_card": false,
      "issue_codes": [
        "MISSING_METRIC_LINE",
        "MISSING_BOTTOM_LINE",
        "LOW_OCR_CONFIDENCE"
      ],
      "low_res_frame_path": null,
      "nearest_ffmpeg_keyframe_ts": null,
      "observed_date": null,
      "ocr_confidence": 36,
      "ocr_profile": "threshold",
      "ocr_text": "5 —\n® LowtERus @ © SmosmamDwMw - HD Ac 2 - Bev wo ow v0 TDM a  Wes. GE DE ee (EE\n--                                          pg  had  Check Dally -    + FE ee E\n_      og w\n| ~v=onmesTiDO                       so    CoS\n5                  .    Nr ee NC             .      oo                     )\n= | @ er us Detar 15. Combase Bo 021 miner eae es vs                   ecw | @w res mone\n, |=                                                                 Csr om    wn\nml | 0 wn\n3                                          Md   |  me | @ose ms ver uw\n>  ERT gee gow won no\nLik       ;                                    TE   J          pO\n>     ‘  hf i    i                        | ha!    vw | @wm wo se cm\n5)               |  11 In fl     oN                                  1, I            ra    son\n:  +    Wh):        .                        [    |            E     ewes er aw iw\nv               \"1   1  :              | |   CL     | OO ws ws ose\n%                              f  I     he  J                | 3 |      Lo                 Woes. 108980 03 17%\n5                   i: Pl |     TH.      |    in            1   wow mae aw\niy                   [i   iI    K]  Hy     |          1050   coves 1s ace oie\n                            ohn                  EE\n|      .         Va            | yd       i) We    “|                   oas0      .               e\ny      |                   i  al                                      ven | ©BTCUSE               ;\n|            []                                   @ om  QemHusc 1086         J\ne\n@ sowsc              [\nOO 1 legume ws\nPE {Te —\n[]                                              |                  KE @ rus 0083s          =\n™                      3\nMall     ™    & usorv   as   aor oo  [a\nTER      [LL rg rey mr) J || wd J   h 1] i;  |   ,     Zum ew com oe @\n",
      "ocr_text_snippet": "5 — ® LowtERus @ © SmosmamDwMw - HD Ac 2 - Bev wo ow v0 TDM a Wes. GE DE ee (EE -- pg had Check Dally - + FE ee E _ og w | ~v=onmesTiDO so CoS 5 . Nr ee NC . oo ) = | @ er us Detar 15. Combase Bo 0...",
      "output_kind": "whiteboard",
      "parsed_observations": [
        {
          "portfolio": "GRO",
          "metrics_raw": null,
          "metric_1": null,
          "metric_2": null,
          "metric_scalar": null,
          "action_text": null,
          "bottom_line": null,
          "parse_status": "review",
          "issue_codes": [
            "MISSING_METRIC_LINE",
            "MISSING_BOTTOM_LINE",
            "LOW_OCR_CONFIDENCE"
          ],
          "ocr_confidence": 36,
          "ocr_profile": "threshold"
        },
        {
          "portfolio": "TURBO",
          "metrics_raw": null,
          "metric_1": null,
          "metric_2": null,
          "metric_scalar": null,
          "action_text": null,
          "bottom_line": null,
          "parse_status": "review",
          "issue_codes": [
            "MISSING_METRIC_LINE",
            "MISSING_BOTTOM_LINE",
            "LOW_OCR_CONFIDENCE"
          ],
          "ocr_confidence": 36,
          "ocr_profile": "threshold"
        }
      ],
      "parsed_row_count": 2,
      "phash": "c05a5ab7a5acd64a",
      "prefilter_score": 19.88,
      "prefilter_stats": {
        "brightRatio": 0.7772222222222223,
        "darkRatio": 0.04715277777777778,
        "edgeRatio": 0.16094268956257507,
        "horizontalComparisons": 14151,
        "horizontalEdgeHits": 1898,
        "horizontalEdgeRatio": 0.134124796834146,
        "meanLuma": 228.98659722222223,
        "stdDev": 48.32411436021234,
        "verticalComparisons": 14151,
        "verticalEdgeHits": 2657,
        "verticalEdgeRatio": 0.18776058229100417
      },
      "score": -21.02,
      "score_breakdown": {
        "chart_likeness": -0.8221111933748801,
        "keyword_guard": -18,
        "ocr_confidence_bonus": 1.8,
        "pair_bonus": 0,
        "per_row_issues": -12,
        "per_row_metrics": 0,
        "text_density": 8
      },
      "screen_layout": "tale_of_the_tape",
      "tickers": [
        "PL",
        "TER"
      ],
      "timestamp": 2688,
      "timestamp_hms": "00:44:48"
    }
  ],
  "top_rejected_candidates": [
    {
      "confusion_with_nearby": [],
      "frame_index": 0,
      "frame_path": "C:\\Users\\admin\\Projects\\portfolio_analyzer_revere\\data\\video_scan_20260915\\ocr-20260915-backfill\\ocr-20260915-backfill\\ocr_probe\\frames\\20260702_20260702_c7xymemf1ew_d0ef5857_whiteboard\\ocr\\ocr_000001.png",
      "is_intro_card": false,
      "issue_codes": [
        "MISSING_METRIC_LINE",
        "MISSING_BOTTOM_LINE",
        "LOW_OCR_CONFIDENCE"
      ],
      "low_res_frame_path": null,
      "nearest_ffmpeg_keyframe_ts": 0,
      "observed_date": null,
      "ocr_confidence": 0,
      "ocr_profile": "threshold",
      "ocr_text": "",
      "ocr_text_snippet": "",
      "output_kind": "whiteboard",
      "parsed_observations": [
        {
          "portfolio": "GRO",
          "metrics_raw": null,
          "metric_1": null,
          "metric_2": null,
          "metric_scalar": null,
          "action_text": null,
          "bottom_line": null,
          "parse_status": "review",
          "issue_codes": [
            "MISSING_METRIC_LINE",
            "MISSING_BOTTOM_LINE",
            "LOW_OCR_CONFIDENCE"
          ],
          "ocr_confidence": 0,
          "ocr_profile": "threshold"
        },
        {
          "portfolio": "TURBO",
          "metrics_raw": null,
          "metric_1": null,
          "metric_2": null,
          "metric_scalar": null,
          "action_text": null,
          "bottom_line": null,
          "parse_status": "review",
          "issue_codes": [
            "MISSING_METRIC_LINE",
            "MISSING_BOTTOM_LINE",
            "LOW_OCR_CONFIDENCE"
          ],
          "ocr_confidence": 0,
          "ocr_profile": "threshold"
        }
      ],
      "parsed_row_count": 2,
      "phash": "d00837fe5d8a233e",
      "prefilter_score": 1.67,
      "prefilter_stats": {
        "brightRatio": 0.2864583333333333,
        "darkRatio": 0.11875,
        "edgeRatio": 0.0326125362165218,
        "horizontalComparisons": 14151,
        "horizontalEdgeHits": 479,
        "horizontalEdgeRatio": 0.033849197936541585,
        "meanLuma": 181.19666666666666,
        "stdDev": 61.278523426510006,
        "verticalComparisons": 14151,
        "verticalEdgeHits": 444,
        "verticalEdgeRatio": 0.03137587449650201
      },
      "score": -12,
      "score_breakdown": {
        "chart_likeness": 0,
        "keyword_guard": 0,
        "ocr_confidence_bonus": 0,
        "pair_bonus": 0,
        "per_row_issues": -12,
        "per_row_metrics": 0,
        "text_density": 0
      },
      "screen_layout": "chart",
      "tickers": [],
      "timestamp": 0,
      "timestamp_hms": "00:00:00"
    },
    {
      "confusion_with_nearby": [],
      "frame_index": 24,
      "frame_path": "C:\\Users\\admin\\Projects\\portfolio_analyzer_revere\\data\\video_scan_20260915\\ocr-20260915-backfill\\ocr-20260915-backfill\\ocr_probe\\frames\\20260702_20260702_c7xymemf1ew_d0ef5857_whiteboard\\ocr\\ocr_000025.png",
      "is_intro_card": false,
      "issue_codes": [
        "MISSING_METRIC_LINE",
        "MISSING_BOTTOM_LINE",
        "LOW_OCR_CONFIDENCE"
      ],
      "low_res_frame_path": null,
      "nearest_ffmpeg_keyframe_ts": 98.697395,
      "observed_date": null,
      "ocr_confidence": 35,
      "ocr_profile": "threshold",
      "ocr_text": "Eo           ED ov ce:oo\n$7,491.73\nsex (a s010 100\nCre        -      -                                                                uo 1603000185 1521\nBERRI re we 20 fo oe                                 Lon Ute 11 450 10707207\nevr um gm ean\n2 moe oi; mn           WAV      “dep\nRRR EN                >    s       7           a    ®\nBERBER                        \"\nwn moa mf\nERR FH                                    oe\noo demo dm an NDR                                    | yy \"   50\nwr mum on —e                              nl  i) wt\nEr To Fl                             ol\nBRS [ol               wosss 1007 ams         ge   oo\nFE] Fr            BRIE Ny       ft\nsre vem feo           Tp] Ppt do            [\nEEE ES           Eee ane    to\ni                  a0\nwoo\nfl        -\n!          yr                                                          .\ni            ’     a\n|                           ha         |   |          ——                               ill   li\nECE ER a TT I TR RR ET HA Ra aa TTY\n_»                 oct    Nov   CofE dn    Fab   ar    Apr    May    dun    au\nscree    Law    Repors ~~ R-AI-100 6/8 100 tems © pins i whore 20                      om - DE EA\n",
      "ocr_text_snippet": "Eo ED ov ce:oo $7,491.73 sex (a s010 100 Cre - - uo 1603000185 1521 BERRI re we 20 fo oe Lon Ute 11 450 10707207 evr um gm ean 2 moe oi; mn WAV “dep RRR EN > s 7 a ® BERBER \" wn moa mf ERR FH oe oo...",
      "output_kind": "whiteboard",
      "parsed_observations": [
        {
          "portfolio": "GRO",
          "metrics_raw": null,
          "metric_1": null,
          "metric_2": null,
          "metric_scalar": null,
          "action_text": null,
          "bottom_line": null,
          "parse_status": "review",
          "issue_codes": [
            "MISSING_METRIC_LINE",
            "MISSING_BOTTOM_LINE",
            "LOW_OCR_CONFIDENCE"
          ],
          "ocr_confidence": 35,
          "ocr_profile": "threshold"
        },
        {
          "portfolio": "TURBO",
          "metrics_raw": null,
          "metric_1": null,
          "metric_2": null,
          "metric_scalar": null,
          "action_text": null,
          "bottom_line": null,
          "parse_status": "review",
          "issue_codes": [
            "MISSING_METRIC_LINE",
            "MISSING_BOTTOM_LINE",
            "LOW_OCR_CONFIDENCE"
          ],
          "ocr_confidence": 35,
          "ocr_profile": "threshold"
        }
      ],
      "parsed_row_count": 2,
      "phash": "822495f23f2bebd0",
      "prefilter_score": 11.47,
      "prefilter_stats": {
        "brightRatio": 0.548125,
        "darkRatio": 0.21,
        "edgeRatio": 0.16687866581867006,
        "horizontalComparisons": 14151,
        "horizontalEdgeHits": 2169,
        "horizontalEdgeRatio": 0.1532753868984524,
        "meanLuma": 185.91465277777777,
        "stdDev": 84.09698687802538,
        "verticalComparisons": 14151,
        "verticalEdgeHits": 2554,
        "verticalEdgeRatio": 0.1804819447388877
      },
      "score": -20.25,
      "score_breakdown": {
        "chart_likeness": 0,
        "keyword_guard": -18,
        "ocr_confidence_bonus": 1.75,
        "pair_bonus": 0,
        "per_row_issues": -12,
        "per_row_metrics": 0,
        "text_density": 8
      },
      "screen_layout": "tale_of_the_tape",
      "tickers": [],
      "timestamp": 96,
      "timestamp_hms": "00:01:36"
    },
    {
      "confusion_with_nearby": [],
      "frame_index": 156,
      "frame_path": "C:\\Users\\admin\\Projects\\portfolio_analyzer_revere\\data\\video_scan_20260915\\ocr-20260915-backfill\\ocr-20260915-backfill\\ocr_probe\\frames\\20260702_20260702_c7xymemf1ew_d0ef5857_whiteboard\\ocr\\ocr_000157.png",
      "is_intro_card": false,
      "issue_codes": [
        "MISSING_METRIC_LINE",
        "MISSING_BOTTOM_LINE",
        "LOW_OCR_CONFIDENCE"
      ],
      "low_res_frame_path": null,
      "nearest_ffmpeg_keyframe_ts": 626.185705,
      "observed_date": null,
      "ocr_confidence": 27,
      "ocr_profile": "threshold",
      "ocr_text": "PR ac OG: 6\n$52,700.50\nQu (es 205070\n1797 20090 503.\nra—           S—                                                                         Lon Upita 1 340 £1 07072025\nPU                             Ie        w\nEEE ER                                         »\n[EE ETE\nBorla Ble\nbt SRE                                  ab\nEN El                       wri\n[Ei Eh                    ow fibnd  pe   so\npag ode Roe nn                             HT woadng oo\nasa00\na\nNN\n!                                                                       aac\n’     a\n:   FC CR aT Er a I Ba Rr ER RTT I a JET\na.                  Gar    Nov   DofER    Feb   ar    Y    May   sun    sa\nScreens    Lists    Raports   R-AI-100 6/8 100 items © siduiey 35 5 abd 210702                       OFy - CREB R\n",
      "ocr_text_snippet": "PR ac OG: 6 $52,700.50 Qu (es 205070 1797 20090 503. ra— S— Lon Upita 1 340 £1 07072025 PU Ie w EEE ER » [EE ETE Borla Ble bt SRE ab EN El wri [Ei Eh ow fibnd pe so pag ode Roe nn HT woadng oo asa0...",
      "output_kind": "whiteboard",
      "parsed_observations": [
        {
          "portfolio": "GRO",
          "metrics_raw": null,
          "metric_1": null,
          "metric_2": null,
          "metric_scalar": null,
          "action_text": null,
          "bottom_line": null,
          "parse_status": "review",
          "issue_codes": [
            "MISSING_METRIC_LINE",
            "MISSING_BOTTOM_LINE",
            "LOW_OCR_CONFIDENCE"
          ],
          "ocr_confidence": 27,
          "ocr_profile": "threshold"
        },
        {
          "portfolio": "TURBO",
          "metrics_raw": null,
          "metric_1": null,
          "metric_2": null,
          "metric_scalar": null,
          "action_text": null,
          "bottom_line": null,
          "parse_status": "review",
          "issue_codes": [
            "MISSING_METRIC_LINE",
            "MISSING_BOTTOM_LINE",
            "LOW_OCR_CONFIDENCE"
          ],
          "ocr_confidence": 27,
          "ocr_profile": "threshold"
        }
      ],
      "parsed_row_count": 2,
      "phash": "a436d239adc12dda",
      "prefilter_score": -0.51,
      "prefilter_stats": {
        "brightRatio": 0.33618055555555554,
        "darkRatio": 0.38340277777777776,
        "edgeRatio": 0.1437000918662992,
        "horizontalComparisons": 14151,
        "horizontalEdgeHits": 1910,
        "horizontalEdgeRatio": 0.13497279344215957,
        "meanLuma": 145.44340277777778,
        "stdDev": 93.89533322966585,
        "verticalComparisons": 14151,
        "verticalEdgeHits": 2157,
        "verticalEdgeRatio": 0.15242739029043884
      },
      "score": -20.65,
      "score_breakdown": {
        "chart_likeness": 0,
        "keyword_guard": -18,
        "ocr_confidence_bonus": 1.35,
        "pair_bonus": 0,
        "per_row_issues": -12,
        "per_row_metrics": 0,
        "text_density": 8
      },
      "screen_layout": "unknown_text",
      "tickers": [],
      "timestamp": 624,
      "timestamp_hms": "00:10:24"
    },
    {
      "confusion_with_nearby": [],
      "frame_index": 576,
      "frame_path": "C:\\Users\\admin\\Projects\\portfolio_analyzer_revere\\data\\video_scan_20260915\\ocr-20260915-backfill\\ocr-20260915-backfill\\ocr_probe\\frames\\20260702_20260702_c7xymemf1ew_d0ef5857_whiteboard\\ocr\\ocr_000577.png",
      "is_intro_card": false,
      "issue_codes": [
        "MISSING_METRIC_LINE",
        "MISSING_BOTTOM_LINE",
        "LOW_OCR_CONFIDENCE"
      ],
      "low_res_frame_path": null,
      "nearest_ffmpeg_keyframe_ts": 2302.104292,
      "observed_date": null,
      "ocr_confidence": 35,
      "ocr_profile": "threshold",
      "ocr_text": "5 —\n® lveeusoT © © SmosmambdDwWMI - [0 A - 2 - Bocoe wo «woo (DW  poets. cc @ EO DE we (EE\n-                                                                       = |&\n| —ssonmesTrOe   aa NI        \"|\n3                J SNL                                            we | €\nN                           :             .          .\n= | @ Hyporliuid Tether 1 KuCom B® 0:12 Hh L2C 850 €2% EE 5800 52 v1 i                                  Jr\nSef  e\n)                             I  :    J Fe RE           20500\n.             SN                    sso\ni                  1  I      [l                Lay\n                        in\n3 Bethy   |.            . 0                 ——\n: rr                             =\n-                                         aon\n,         |             & FE                                          so | £\n.       Voy        |  I                                             uso |\n\\               .                                                   wn\nSi            LEB                                               el\n®           io | J\nwg\nJN |                   |                                         ww | 3\nv                                                                  bi\nuw | &\n3           n       I   | [7] pil loml i TY sails 1.  €\n",
      "ocr_text_snippet": "5 — ® lveeusoT © © SmosmambdDwWMI - [0 A - 2 - Bocoe wo «woo (DW poets. cc @ EO DE we (EE - = |& | —ssonmesTrOe aa NI \"| 3 J SNL we | € N : . . = | @ Hyporliuid Tether 1 KuCom B® 0:12 Hh L2C 850 €2...",
      "output_kind": "whiteboard",
      "parsed_observations": [
        {
          "portfolio": "GRO",
          "metrics_raw": null,
          "metric_1": null,
          "metric_2": null,
          "metric_scalar": null,
          "action_text": null,
          "bottom_line": null,
          "parse_status": "review",
          "issue_codes": [
            "MISSING_METRIC_LINE",
            "MISSING_BOTTOM_LINE",
            "LOW_OCR_CONFIDENCE"
          ],
          "ocr_confidence": 35,
          "ocr_profile": "threshold"
        },
        {
          "portfolio": "TURBO",
          "metrics_raw": null,
          "metric_1": null,
          "metric_2": null,
          "metric_scalar": null,
          "action_text": null,
          "bottom_line": null,
          "parse_status": "review",
          "issue_codes": [
            "MISSING_METRIC_LINE",
            "MISSING_BOTTOM_LINE",
            "LOW_OCR_CONFIDENCE"
          ],
          "ocr_confidence": 35,
          "ocr_profile": "threshold"
        }
      ],
      "parsed_row_count": 2,
      "phash": "c05a4ab7b5b5664a",
      "prefilter_score": 22.87,
      "prefilter_stats": {
        "brightRatio": 0.7975694444444444,
        "darkRatio": 0.04472222222222222,
        "edgeRatio": 0.12886015122606176,
        "horizontalComparisons": 14151,
        "horizontalEdgeHits": 1524,
        "horizontalEdgeRatio": 0.10769556921772312,
        "meanLuma": 230.49895833333332,
        "stdDev": 47.812556451945674,
        "verticalComparisons": 14151,
        "verticalEdgeHits": 2123,
        "verticalEdgeRatio": 0.1500247332344004
      },
      "score": -20.85,
      "score_breakdown": {
        "chart_likeness": -0.597477049072058,
        "keyword_guard": -18,
        "ocr_confidence_bonus": 1.75,
        "pair_bonus": 0,
        "per_row_issues": -12,
        "per_row_metrics": 0,
        "text_density": 8
      },
      "screen_layout": "unknown_text",
      "tickers": [
        "SSO"
      ],
      "timestamp": 2304,
      "timestamp_hms": "00:38:24"
    },
    {
      "confusion_with_nearby": [],
      "frame_index": 672,
      "frame_path": "C:\\Users\\admin\\Projects\\portfolio_analyzer_revere\\data\\video_scan_20260915\\ocr-20260915-backfill\\ocr-20260915-backfill\\ocr_probe\\frames\\20260702_20260702_c7xymemf1ew_d0ef5857_whiteboard\\ocr\\ocr_000673.png",
      "is_intro_card": false,
      "issue_codes": [
        "MISSING_METRIC_LINE",
        "MISSING_BOTTOM_LINE",
        "LOW_OCR_CONFIDENCE"
      ],
      "low_res_frame_path": null,
      "nearest_ffmpeg_keyframe_ts": 2685.304025,
      "observed_date": null,
      "ocr_confidence": 36,
      "ocr_profile": "threshold",
      "ocr_text": "5 —\n® LowtERus @ © SmosmamDwMw - HD Ac 2 - Bev wo ow v0 TDM a  Wes. GE DE ee (EE\n--                                          pg  had  Check Dally -    + FE ee E\n_      og w\n| ~v=onmesTiDO                       so    CoS\n5                  .    Nr ee NC             .      oo                     )\n= | @ er us Detar 15. Combase Bo 021 miner eae es vs                   ecw | @w res mone\n, |=                                                                 Csr om    wn\nml | 0 wn\n3                                          Md   |  me | @ose ms ver uw\n>  ERT gee gow won no\nLik       ;                                    TE   J          pO\n>     ‘  hf i    i                        | ha!    vw | @wm wo se cm\n5)               |  11 In fl     oN                                  1, I            ra    son\n:  +    Wh):        .                        [    |            E     ewes er aw iw\nv               \"1   1  :              | |   CL     | OO ws ws ose\n%                              f  I     he  J                | 3 |      Lo                 Woes. 108980 03 17%\n5                   i: Pl |     TH.      |    in            1   wow mae aw\niy                   [i   iI    K]  Hy     |          1050   coves 1s ace oie\n                            ohn                  EE\n|      .         Va            | yd       i) We    “|                   oas0      .               e\ny      |                   i  al                                      ven | ©BTCUSE               ;\n|            []                                   @ om  QemHusc 1086         J\ne\n@ sowsc              [\nOO 1 legume ws\nPE {Te —\n[]                                              |                  KE @ rus 0083s          =\n™                      3\nMall     ™    & usorv   as   aor oo  [a\nTER      [LL rg rey mr) J || wd J   h 1] i;  |   ,     Zum ew com oe @\n",
      "ocr_text_snippet": "5 — ® LowtERus @ © SmosmamDwMw - HD Ac 2 - Bev wo ow v0 TDM a Wes. GE DE ee (EE -- pg had Check Dally - + FE ee E _ og w | ~v=onmesTiDO so CoS 5 . Nr ee NC . oo ) = | @ er us Detar 15. Combase Bo 0...",
      "output_kind": "whiteboard",
      "parsed_observations": [
        {
          "portfolio": "GRO",
          "metrics_raw": null,
          "metric_1": null,
          "metric_2": null,
          "metric_scalar": null,
          "action_text": null,
          "bottom_line": null,
          "parse_status": "review",
          "issue_codes": [
            "MISSING_METRIC_LINE",
            "MISSING_BOTTOM_LINE",
            "LOW_OCR_CONFIDENCE"
          ],
          "ocr_confidence": 36,
          "ocr_profile": "threshold"
        },
        {
          "portfolio": "TURBO",
          "metrics_raw": null,
          "metric_1": null,
          "metric_2": null,
          "metric_scalar": null,
          "action_text": null,
          "bottom_line": null,
          "parse_status": "review",
          "issue_codes": [
            "MISSING_METRIC_LINE",
            "MISSING_BOTTOM_LINE",
            "LOW_OCR_CONFIDENCE"
          ],
          "ocr_confidence": 36,
          "ocr_profile": "threshold"
        }
      ],
      "parsed_row_count": 2,
      "phash": "c05a5ab7a5acd64a",
      "prefilter_score": 19.88,
      "prefilter_stats": {
        "brightRatio": 0.7772222222222223,
        "darkRatio": 0.04715277777777778,
        "edgeRatio": 0.16094268956257507,
        "horizontalComparisons": 14151,
        "horizontalEdgeHits": 1898,
        "horizontalEdgeRatio": 0.134124796834146,
        "meanLuma": 228.98659722222223,
        "stdDev": 48.32411436021234,
        "verticalComparisons": 14151,
        "verticalEdgeHits": 2657,
        "verticalEdgeRatio": 0.18776058229100417
      },
      "score": -21.02,
      "score_breakdown": {
        "chart_likeness": -0.8221111933748801,
        "keyword_guard": -18,
        "ocr_confidence_bonus": 1.8,
        "pair_bonus": 0,
        "per_row_issues": -12,
        "per_row_metrics": 0,
        "text_density": 8
      },
      "screen_layout": "tale_of_the_tape",
      "tickers": [
        "PL",
        "TER"
      ],
      "timestamp": 2688,
      "timestamp_hms": "00:44:48"
    }
  ],
  "whiteboard_segments": [],
  "log_path": "C:\\Users\\admin\\Projects\\portfolio_analyzer_revere\\data\\video_scan_20260915\\ocr-20260915-backfill\\ocr-20260915-backfill\\ocr_probe\\logs\\20260702_20260702_c7xymemf1ew_d0ef5857_whiteboard.json"
}
