# cmd: node tools/scanVideoWithOcr.js --video C:\Users\admin\Projects\portfolio_analyzer_revere\data\video_pipeline\downloads_hires\20260805_Lwsk2m1-Cus.mp4 --date 20260805 --output-root C:\Users\admin\Projects\portfolio_analyzer_revere\data\video_scan_20260915\ocr-20260915-backfill --run-tag ocr-20260915-backfill --ffmpeg-bin c:/Users/admin/AppData/Local/Microsoft/WinGet/Packages/Gyan.FFmpeg_Microsoft.Winget.Source_8wekyb3d8bbwe/ffmpeg-9.0.1-full_build/bin/ffmpeg.exe
[scan:whiteboard] ffprobe found 166 keyframe(s) for nearest-keyframe lookup
[scan:whiteboard] preflighting final whiteboard output extraction
[scan:whiteboard] extracting sample frames from C:\Users\admin\Projects\portfolio_analyzer_revere\data\video_pipeline\downloads_hires\20260805_Lwsk2m1-Cus.mp4
[scan:whiteboard] extracted 212 frame(s) at 0.25 fps with width 640; starting prefilter
[scan:whiteboard] prefilter 1/212 frames after 00:00:00; best prefilter 6.55 at 00:00:00
[scan:whiteboard] prefilter 10/212 frames after 00:00:00; best prefilter 6.79 at 00:00:36
[scan:whiteboard] prefilter 20/212 frames after 00:00:00; best prefilter 6.79 at 00:00:36
[scan:whiteboard] prefilter 30/212 frames after 00:00:00; best prefilter 19.29 at 00:01:40
[scan:whiteboard] prefilter 40/212 frames after 00:00:01; best prefilter 19.65 at 00:02:24
[scan:whiteboard] prefilter 50/212 frames after 00:00:01; best prefilter 19.65 at 00:02:24
[scan:whiteboard] prefilter 60/212 frames after 00:00:01; best prefilter 19.65 at 00:02:24
[scan:whiteboard] prefilter 70/212 frames after 00:00:01; best prefilter 19.65 at 00:02:24
[scan:whiteboard] prefilter 80/212 frames after 00:00:01; best prefilter 19.65 at 00:02:24
[scan:whiteboard] prefilter 90/212 frames after 00:00:01; best prefilter 19.65 at 00:02:24
[scan:whiteboard] prefilter 100/212 frames after 00:00:01; best prefilter 19.65 at 00:02:24
[scan:whiteboard] prefilter 110/212 frames after 00:00:01; best prefilter 19.65 at 00:02:24
[scan:whiteboard] prefilter 120/212 frames after 00:00:01; best prefilter 19.65 at 00:02:24
[scan:whiteboard] prefilter 130/212 frames after 00:00:02; best prefilter 19.65 at 00:02:24
[scan:whiteboard] prefilter 140/212 frames after 00:00:02; best prefilter 19.65 at 00:02:24
[scan:whiteboard] prefilter 150/212 frames after 00:00:02; best prefilter 19.65 at 00:02:24
[scan:whiteboard] prefilter 160/212 frames after 00:00:02; best prefilter 19.65 at 00:02:24
[scan:whiteboard] prefilter 170/212 frames after 00:00:02; best prefilter 19.65 at 00:02:24
[scan:whiteboard] prefilter 180/212 frames after 00:00:02; best prefilter 19.65 at 00:02:24
[scan:whiteboard] prefilter 190/212 frames after 00:00:02; best prefilter 19.65 at 00:02:24
[scan:whiteboard] prefilter 200/212 frames after 00:00:02; best prefilter 19.65 at 00:02:24
[scan:whiteboard] prefilter 210/212 frames after 00:00:03; best prefilter 19.65 at 00:02:24
[scan:whiteboard] prefilter 212/212 frames after 00:00:03; best prefilter 19.65 at 00:02:24
[scan:whiteboard] prefilter kept 60/212 frame(s) for OCR; best prefilter 19.65 at 00:02:24
[scan:whiteboard] extracting OCR candidates from source video at width 1280
[scan:whiteboard] OCR 1/60 frames (1.7%) after 00:00:01; best score -16.66 at 00:00:00 (ocr 0.0)
[scan:whiteboard] OCR 10/60 frames (16.7%) after 00:00:42; best score 54.45 at 00:00:24 (ocr 58.0)
[scan:whiteboard] OCR 20/60 frames (33.3%) after 00:01:56; best score 54.45 at 00:00:24 (ocr 58.0)
[scan:whiteboard] OCR 30/60 frames (50.0%) after 00:03:25; best score 109.37 at 00:05:24 (ocr 61.0)
