# cmd: node tools/scanVideoWithOcr.js --video C:\Users\admin\Projects\portfolio_analyzer_revere\data\video_pipeline\downloads_hires\20260811_ajyhtTFYlpw.mp4 --date 20260811 --output-root C:\Users\admin\Projects\portfolio_analyzer_revere\data\video_scan_20260915\ocr-20260915-backfill --run-tag ocr-20260915-backfill --ffmpeg-bin c:/Users/admin/AppData/Local/Microsoft/WinGet/Packages/Gyan.FFmpeg_Microsoft.Winget.Source_8wekyb3d8bbwe/ffmpeg-9.0.1-full_build/bin/ffmpeg.exe
[scan:whiteboard] ffprobe found 274 keyframe(s) for nearest-keyframe lookup
[scan:whiteboard] preflighting final whiteboard output extraction
[scan:whiteboard] extracting sample frames from C:\Users\admin\Projects\portfolio_analyzer_revere\data\video_pipeline\downloads_hires\20260811_ajyhtTFYlpw.mp4
[scan:whiteboard] extracted 345 frame(s) at 0.25 fps with width 640; starting prefilter
[scan:whiteboard] prefilter 1/345 frames after 00:00:00; best prefilter 3.29 at 00:00:00
[scan:whiteboard] prefilter 10/345 frames after 00:00:00; best prefilter 3.33 at 00:00:36
[scan:whiteboard] prefilter 20/345 frames after 00:00:01; best prefilter 3.33 at 00:00:36
[scan:whiteboard] prefilter 30/345 frames after 00:00:01; best prefilter 3.33 at 00:00:36
[scan:whiteboard] prefilter 40/345 frames after 00:00:01; best prefilter 3.33 at 00:00:36
[scan:whiteboard] prefilter 50/345 frames after 00:00:02; best prefilter 22.21 at 00:03:16
[scan:whiteboard] prefilter 60/345 frames after 00:00:02; best prefilter 22.37 at 00:03:40
[scan:whiteboard] prefilter 70/345 frames after 00:00:03; best prefilter 22.37 at 00:03:40
[scan:whiteboard] prefilter 80/345 frames after 00:00:03; best prefilter 22.37 at 00:03:40
[scan:whiteboard] prefilter 90/345 frames after 00:00:03; best prefilter 22.37 at 00:03:40
[scan:whiteboard] prefilter 100/345 frames after 00:00:04; best prefilter 22.37 at 00:03:40
[scan:whiteboard] prefilter 110/345 frames after 00:00:04; best prefilter 22.37 at 00:03:40
[scan:whiteboard] prefilter 120/345 frames after 00:00:05; best prefilter 22.37 at 00:03:40
[scan:whiteboard] prefilter 130/345 frames after 00:00:05; best prefilter 22.37 at 00:03:40
[scan:whiteboard] prefilter 140/345 frames after 00:00:05; best prefilter 22.37 at 00:03:40
[scan:whiteboard] prefilter 150/345 frames after 00:00:06; best prefilter 22.37 at 00:03:40
[scan:whiteboard] prefilter 160/345 frames after 00:00:06; best prefilter 22.37 at 00:03:40
[scan:whiteboard] prefilter 170/345 frames after 00:00:07; best prefilter 22.37 at 00:03:40
[scan:whiteboard] prefilter 180/345 frames after 00:00:07; best prefilter 22.37 at 00:03:40
[scan:whiteboard] prefilter 190/345 frames after 00:00:07; best prefilter 22.37 at 00:03:40
[scan:whiteboard] prefilter 200/345 frames after 00:00:08; best prefilter 22.37 at 00:03:40
[scan:whiteboard] prefilter 210/345 frames after 00:00:08; best prefilter 22.37 at 00:03:40
[scan:whiteboard] prefilter 220/345 frames after 00:00:08; best prefilter 22.37 at 00:03:40
[scan:whiteboard] prefilter 230/345 frames after 00:00:08; best prefilter 22.37 at 00:03:40
[scan:whiteboard] prefilter 240/345 frames after 00:00:09; best prefilter 22.37 at 00:03:40
[scan:whiteboard] prefilter 250/345 frames after 00:00:09; best prefilter 22.37 at 00:03:40
[scan:whiteboard] prefilter 260/345 frames after 00:00:10; best prefilter 22.37 at 00:03:40
[scan:whiteboard] prefilter 270/345 frames after 00:00:10; best prefilter 22.37 at 00:03:40
[scan:whiteboard] prefilter 280/345 frames after 00:00:10; best prefilter 22.37 at 00:03:40
[scan:whiteboard] prefilter 290/345 frames after 00:00:11; best prefilter 22.37 at 00:03:40
[scan:whiteboard] prefilter 300/345 frames after 00:00:11; best prefilter 22.37 at 00:03:40
[scan:whiteboard] prefilter 310/345 frames after 00:00:11; best prefilter 22.37 at 00:03:40
[scan:whiteboard] prefilter 320/345 frames after 00:00:12; best prefilter 22.37 at 00:03:40
[scan:whiteboard] prefilter 330/345 frames after 00:00:12; best prefilter 22.37 at 00:03:40
[scan:whiteboard] prefilter 340/345 frames after 00:00:12; best prefilter 22.37 at 00:03:40
[scan:whiteboard] prefilter 345/345 frames after 00:00:13; best prefilter 22.37 at 00:03:40
[scan:whiteboard] prefilter kept 60/345 frame(s) for OCR; best prefilter 22.37 at 00:03:40
[scan:whiteboard] extracting OCR candidates from source video at width 1280
[scan:whiteboard] OCR 1/60 frames (1.7%) after 00:00:02; best score -16.76 at 00:00:00 (ocr 0.0)
[scan:whiteboard] OCR 10/60 frames (16.7%) after 00:01:29; best score 54.14 at 00:00:20 (ocr 63.0)
[scan:whiteboard] OCR 20/60 frames (33.3%) after 00:03:49; best score 63.85 at 00:04:20 (ocr 37.0)
[scan:whiteboard] OCR 30/60 frames (50.0%) after 00:05:55; best score 82.30 at 00:09:20 (ocr 54.0)
[scan:whiteboard] OCR 40/60 frames (66.7%) after 00:08:23; best score 82.38 at 00:10:40 (ocr 54.0)
[scan:whiteboard] OCR 50/60 frames (83.3%) after 00:11:38; best score 82.38 at 00:10:40 (ocr 54.0)
[scan:whiteboard] OCR 60/60 frames (100.0%) after 00:15:38; best score 86.02 at 00:19:20 (ocr 35.0)
{
  "date_key": "20260811",
  "output_kind": "whiteboard",
  "video_path": "C:\\Users\\admin\\Projects\\portfolio_analyzer_revere\\data\\video_pipeline\\downloads_hires\\20260811_ajyhtTFYlpw.mp4",
  "captured_count": 3,
  "captures": [
    {
      "confusion_with_nearby": [],
      "frame_index": 290,
      "frame_path": "C:\\Users\\admin\\Projects\\portfolio_analyzer_revere\\data\\video_scan_20260915\\ocr-20260915-backfill\\ocr-20260915-backfill\\ocr_probe\\frames\\20260811_20260811_ajyhttfylpw_6c6f28db_whiteboard\\ocr\\ocr_000291.png",
      "is_intro_card": false,
      "issue_codes": [
        "MISSING_METRIC_LINE",
        "MISSING_BOTTOM_LINE",
        "LOW_OCR_CONFIDENCE"
      ],
      "low_res_frame_path": null,
      "nearest_ffmpeg_keyframe_ts": 1159.16,
      "observed_date": null,
      "ocr_confidence": 35,
      "ocr_profile": "threshold",
      "ocr_text": ">>> THE ee\nMarkeTsURcE  o (BR)       Xow weeny Moy Mav su @ Gass OBL O\n>>> DAILY V                       ;                                                                                    5                      .\n- ® Lumentum Holdings Inc. ww.                                                                 821.50              820.59\n* YT, X, 1G, TikTok: @) 1sscom- bsprer. fi 15.                                    50 Days Avg Vo!    5223182 Mano Cop $8395      195091) 0 11%       UTE (56368) 7 82%\no         po       B                    500m AigS Vol HINA 210 ATR 10TH       Atrios      Vor 1.687.798 026%,\n>>> TUESDAY, A & Sn @ mamsioceesn                             onsen abe      WloPuck  0552PMET 06112028 Las Update ACO PY ET 08112028\n* MARKET STATE; Gms                LAER BE RE NG ape ce a SE.\nYear (Jun)       EPS (3)       %Chy Seles ($8) %Chy            —                                                                                                                                                                                 fd\n* WHAT HAPPENE me      425   Ri     15  ow =-—\n020     Pr    wo\noon     su    IE                                               ee    1\noy 202     605   ee    FERN                                              N          ’\n21/21 0.22% fon     =o on                                         mit we\noa     oe    oa\ntoon ®omoe ne                                               Fw\npo         az own. a0 en                                                                                                          .\nMAGT 087% Te    FE                                         f      comssiasion 5% ag\nRG8  +0.35%                                             .      wea Me\nComposioRmea 19 EPSGonRED Neh                                              om wma M0\nRAIL00 1.02% EPS    ® CamgsSuprsa 4%                                      m2\nes fang     To Caronn Sana                                        <               mm\nSPX -0.32%  swennes     9 Sem GounRue                                   J                     i\nBHonbRS     8 PreTax Margin   om |B                                                      10\nQAQ 0.34%  GroupRS Rateg  #2 Retum on quay.   ES                                        -\nsours a     E Cran Fiom     sa                                   [on\nDIA -0.38% snr”    HR       po                Lact    =                        ©\n,, UD Rmo    12 Rad      102%             rig” ee SpE EZ                   R\nMID 40.28% span    regs   1 @axse   SO Mbt ee   fod   i. 8\nBata       119 Forward PIE      52 Hi     il     r.    Tn      4    os   pt     p      \"i     wens\nRK 40.32% Gomes    AA    PEREZ                      ii   # Il | | |   y    “\nExDiv Date     - Mutual Fung    wn      ~     LA                                     »\nSoumpex oe Semmes 10ers Brant recat 22 [of ail alli ili il i I | li        []\nGRO ~0.33%  Swoainmes pose 11.0%                                            pe\n_      3\nee e___. TwRsmom us trscoms  Weothumas [—s f             mi                      jad\nOpwaiCable.  OCC 99 57 66 m2 633                                              3\n.   .     Premade PC #75 Sepzs 76s WoL ded SepZe Dede | Mad hz © Sepd Ded Mar hme SepTem  Decit\nEMAIL: don@rer Toamofa. TOM % 6% Dx 10%   00s   or   on   or   on   150   pr   23   20   ser Ese\n\"      Secopics. OrTx\n* TWITTER (X): @0 Jocder SU 0% 2 hen 2   w    i   Geer. ame on   BE BE HE,\n* PHONE: (855) RE =v wwe www wwe wes M3 wes wgz  es2 eer spa ess ee | wr uses swe\n®::- rever.    es     ar     ee     E     I     :    vo ER    ee    oo    pe    ai   oes   tire   % Chg\nScreens.        Lots    |   Reports      21.21 8/10 <<< 21items © Laser ih APM LTE TL                          0 Par -    [=28-IN LN\n1ot16 Tg Dopiy Settings (Bors EET wm - \"BCR 6\" 9», =     SN           I.\n",
      "ocr_text_snippet": ">>> THE ee MarkeTsURcE o (BR) Xow weeny Moy Mav su @ Gass OBL O >>> DAILY V ; 5 . - ® Lumentum Holdings Inc. ww. 821.50 820.59 * YT, X, 1G, TikTok: @) 1sscom- bsprer. fi 15. 50 Days Avg Vo! 5223182...",
      "output_kind": "whiteboard",
      "parsed_observations": [
        {
          "portfolio": "GRO",
          "metrics_raw": null,
          "metric_1": null,
          "metric_2": null,
          "metric_scalar": null,
          "action_text": null,
          "bottom_line": null,
          "parse_status": "review",
          "issue_codes": [
            "MISSING_METRIC_LINE",
            "MISSING_BOTTOM_LINE",
            "LOW_OCR_CONFIDENCE"
          ],
          "ocr_confidence": 35,
          "ocr_profile": "threshold"
        },
        {
          "portfolio": "TURBO",
          "metrics_raw": null,
          "metric_1": null,
          "metric_2": null,
          "metric_scalar": null,
          "action_text": null,
          "bottom_line": null,
          "parse_status": "review",
          "issue_codes": [
            "MISSING_METRIC_LINE",
            "MISSING_BOTTOM_LINE",
            "LOW_OCR_CONFIDENCE"
          ],
          "ocr_confidence": 35,
          "ocr_profile": "threshold"
        }
      ],
      "parsed_row_count": 2,
      "phash": "80ba3f4f5e59b608",
      "prefilter_score": 20.75,
      "prefilter_stats": {
        "brightRatio": 0.7224305555555556,
        "darkRatio": 0.07847222222222222,
        "edgeRatio": 0.18829058017101266,
        "horizontalComparisons": 14151,
        "horizontalEdgeHits": 1801,
        "horizontalEdgeRatio": 0.12727015758603633,
        "meanLuma": 217.40548611111112,
        "stdDev": 61.22268969746001,
        "verticalComparisons": 14151,
        "verticalEdgeHits": 3528,
        "verticalEdgeRatio": 0.24931100275598897
      },
      "score": 86.02,
      "score_breakdown": {
        "chart_likeness": -4.9296549309913456,
        "keyword_guard": 0,
        "ocr_confidence_bonus": 1.75,
        "pair_bonus": 0,
        "per_row_issues": -12,
        "per_row_metrics": 0,
        "text_density": 101.2
      },
      "screen_layout": "structured_whiteboard",
      "tickers": [
        "BE"
      ],
      "timestamp": 1160,
      "timestamp_hms": "00:19:20",
      "output_path": "C:\\Users\\admin\\Projects\\portfolio_analyzer_revere\\data\\video_scan_20260915\\ocr-20260915-backfill\\ocr-20260915-backfill\\screenshots\\20260811_ps.png"
    },
    {
      "confusion_with_nearby": [],
      "frame_index": 160,
      "frame_path": "C:\\Users\\admin\\Projects\\portfolio_analyzer_revere\\data\\video_scan_20260915\\ocr-20260915-backfill\\ocr-20260915-backfill\\ocr_probe\\frames\\20260811_20260811_ajyhttfylpw_6c6f28db_whiteboard\\ocr\\ocr_000161.png",
      "is_intro_card": false,
      "issue_codes": [
        "MISSING_METRIC_LINE",
        "MISSING_BOTTOM_LINE",
        "LOW_OCR_CONFIDENCE"
      ],
      "low_res_frame_path": null,
      "nearest_ffmpeg_keyframe_ts": 639.8,
      "observed_date": "20260811",
      "ocr_confidence": 54,
      "ocr_profile": "threshold",
      "ocr_text": ">>> TI                                                                                                                                                                            |\n»> TALE OF THE TAPE - TUESDAY, AUGUST 11, 2026 <<                                   ]  Grams DBO\n>>> Dy      * MARKET STATE: UPTREND                                                                                                                      N\neyraiG| |STONDEXESIT 14 RGEST 1 NASIT USDL _TNX/TYXT vsSd                                                        i. JAeg4\nPTs SENTIMENT: VIX 15.5 (-1 74:4 FBG            ana 37 1625-15 FTI] naam 70.70 4.32                                                                    vol 0 NA\n2>> TUE! 38ULL CASE: INITIATE RALLY & TREND 21EMA  €8/3-4 REGAIN 21E & FTD                                                                Las Updce, 0259 EM ET Oartiz02e\n* MARK|       “PBEAR CASE: SUSTAINED BREAK BELOW 21EMA                                                    a SN             LAR            hed\n«WHATH * NEWS:WED AM: CPI THURS AM: PPI                                                                                                                               Ed\n* TODAY'S KES: SPX vs 8EM/ATHY  QQQ vs S0D/7304  R2Kvs 8ET/ATHY\n*TDAYCT: =    Be: +81 216: +81                                    po                     N  |\n21/21 | * ACTION: 0 10.13% OS=H                     3.5 HR 3W{,7717 17734 FADE INTO CLS           j                                    NY Yi 4\nT-12     *SPXO/N 7744-7772 07763 030 7749-7768  L/H 7717-7768                 ih,     oo          [ x4  OR       °\nMAG? | (SPXATRILION  SPX-032% 60/40       GRO -0.33% TURBO -0.15%               f     Co            I fi’\n* SECTORS: 1    SOXX DRAM OILS ITB XLU BANKS     +    MAGT7 IGV GfS/X             1 10     PPE\nRG3     * GRO HOLDINGS: SPYM,UPRO/SPXLHPE PLTR,OKTA,TWLO,CBRS AMZU                    t Yh    fl He\nRAI100|  * GRO RVAB/REBAR: 1.79 (-1.01%/-6.37%) BUY TWLO                                                y./  em    Tir                              “\nSPX         * TURBO HOLDINGS: SPYM,UPRO,TQQQ,CBRS, FCX                                                  i .\n* TURBO RVAB/REBAR: 1.19 {-0.71%/-5.71%) BUY FCX ADD to TaaQ\nQaq        * BOTTOM LINE:\nDllA          * WED KEYS: SPX vs 8E/ATH  QQQ vs 500/730 R2K vs 8E/ATH                                                                                                                 ©\nMID           23> S&PSOD KEY LEVELS <<<\nR2K         * 7793 (8/4 INTRADAY A-T-H)\n7/58 FRI: LEADERS LEAD AS INDEXES CLOSE $TRONG                                                                                                              w\nGRO ™\noo __ | e7sss(t1s21eMA) € 7/311 7/238 7/211 7/174 6/291 6/233\nTT    * 7501/7521 (13 SOD/10WK) € 7/311 7/234 7/211 7/17¢4 6/294\n*EMAIL:| + 7060/7086 (15 200D/40WK) € 4/84 3/194\n* TWITTE|,                                                                                         oT\n* PHONE] sue rors 1wrssrmens 8 02               Bogart Brow BB 8B ——— 1 wow        [3      »      n      2»      ©      ES      or\n®: SITE: reven. >              Tn             Feb            War             Ror             ay            duo             au              Avg\nScreens        Los Repens      21.21 8/10 <<< 20 ems © Lasse: 11 LE 1                            ore - COR EQ\nEUS TON re BE Be el py oc ~ oC ® oa \"og DS         -           R.                         -\n",
      "ocr_text_snippet": ">>> TI | »> TALE OF THE TAPE - TUESDAY, AUGUST 11, 2026 << ] Grams DBO >>> Dy * MARKET STATE: UPTREND N eyraiG| |STONDEXESIT 14 RGEST 1 NASIT USDL _TNX/TYXT vsSd i. JAeg4 PTs SENTIMENT: VIX 15.5 (-...",
      "output_kind": "whiteboard",
      "parsed_observations": [
        {
          "portfolio": "GRO",
          "metrics_raw": null,
          "metric_1": null,
          "metric_2": null,
          "metric_scalar": null,
          "action_text": null,
          "bottom_line": null,
          "parse_status": "review",
          "issue_codes": [
            "MISSING_METRIC_LINE",
            "MISSING_BOTTOM_LINE",
            "LOW_OCR_CONFIDENCE"
          ],
          "ocr_confidence": 54,
          "ocr_profile": "threshold"
        },
        {
          "portfolio": "TURBO",
          "metrics_raw": "RVAB/REBAR: 1.19 {-0.71%/-5.71%)",
          "metric_1": null,
          "metric_2": null,
          "metric_scalar": null,
          "action_text": "BUY FCX ADD TO TAAQ QAQ * BOTTOM LINE: DLLA * WED KEYS: SPX VS 8E/ATH QQQ VS 500/730 R2K VS 8E/ATH © MID 23> S&PSOD KEY LEVELS <<< R2K * 7793 (8/4 INTRADAY A-T-H) 7/58 FRI: LEADERS LEAD AS INDEXES CLOSE $TRONG W GRO ™ OO __ E7SSS(T1S21EMA) € 7/311 7/238 7/211 7/174 6/291 6/233 TT * 7501/7521 (13 SOD/10WK) € 7/311 7/234 7/211 7/17¢4 6/294 EMAIL: + 7060/7086 (15 200D/40WK) € 4/84 3/194 TWITTE , OT PHONE] SUE RORS 1WRSSRMENS 8 02 BOGART BROW BB 8B --- 1 WOW [3 » N 2» © ES OR SITE: REVEN. > TN FEB WAR ROR AY DUO AU AVG SCREENS LOS REPENS 21.21 8/10 <<< 20 EMS © LASSE: 11 LE 1 ORE - COR EQ EUS TON RE BE BE EL PY OC ~ OC ® OA \"OG DS - R. -",
          "bottom_line": null,
          "parse_status": "review",
          "issue_codes": [
            "MISSING_BOTTOM_LINE",
            "LOW_OCR_CONFIDENCE"
          ],
          "ocr_confidence": 54,
          "ocr_profile": "threshold"
        }
      ],
      "parsed_row_count": 2,
      "phash": "d5ff0080df1102ff",
      "prefilter_score": 14.92,
      "prefilter_stats": {
        "brightRatio": 0.7881944444444444,
        "darkRatio": 0.051666666666666666,
        "edgeRatio": 0.17687795915483004,
        "horizontalComparisons": 14151,
        "horizontalEdgeHits": 1357,
        "horizontalEdgeRatio": 0.09589428308953431,
        "meanLuma": 226.55784722222222,
        "stdDev": 51.068428911379876,
        "verticalComparisons": 14151,
        "verticalEdgeHits": 3649,
        "verticalEdgeRatio": 0.2578616352201258
      },
      "score": 82.38,
      "score_breakdown": {
        "chart_likeness": -6,
        "keyword_guard": 0,
        "ocr_confidence_bonus": 2.7,
        "pair_bonus": 0,
        "per_row_issues": -10,
        "per_row_metrics": 8,
        "text_density": 87.68
      },
      "screen_layout": "structured_whiteboard",
      "tickers": [
        "BE",
        "FCX",
        "OKTA",
        "PLTR",
        "SPYM",
        "TQQQ",
        "UPRO"
      ],
      "timestamp": 640,
      "timestamp_hms": "00:10:40",
      "output_path": "C:\\Users\\admin\\Projects\\portfolio_analyzer_revere\\data\\video_scan_20260915\\ocr-20260915-backfill\\ocr-20260915-backfill\\screenshots\\20260811_ps_2.png"
    },
    {
      "confusion_with_nearby": [],
      "frame_index": 140,
      "frame_path": "C:\\Users\\admin\\Projects\\portfolio_analyzer_revere\\data\\video_scan_20260915\\ocr-20260915-backfill\\ocr-20260915-backfill\\ocr_probe\\frames\\20260811_20260811_ajyhttfylpw_6c6f28db_whiteboard\\ocr\\ocr_000141.png",
      "is_intro_card": false,
      "issue_codes": [
        "MISSING_METRIC_LINE",
        "MISSING_BOTTOM_LINE",
        "LOW_OCR_CONFIDENCE"
      ],
      "low_res_frame_path": null,
      "nearest_ffmpeg_keyframe_ts": 559.2,
      "observed_date": "20260811",
      "ocr_confidence": 54,
      "ocr_profile": "threshold",
      "ocr_text": ">>> Tl                                                                                                                                                                            |\n>> TALE OF THE TAPE - TUESDAY, AUGUST 11, 2026 <<                                   ]  Gams DG ©\n>>> Dy      * MARKET STATE: UPTREND                                                                                                                      N\nsvi] | STOINDEXES3T 14 RGESM  1y NASIT USDY TNX/TYXP vsSd                                                           or Lae84\nPET % SENTIMENT: VIX 15.04 (1 24 F&G            an 37 0625-12 TRIN] nani 79.70 4.32                                                                Vol 0 NA\n>>> TUE      > BULL CASE: INITIATE RALLY & TREND 21EMA ~~ €8/3-4 REGAIN 21E & FTD                                                               Last Updece. 0259 PM ET O8r1e2028\n* MARK|       PBEAR CASE: SUSTAINED BREAK BELOW 21EMA                                                 ~        Co             A\n«HATH \"NEWS: WED AM: CPI THURS AM: PPI                                                                       Ed\n* TODAY'S KEVS: SPX vs 8EM/ATHY  QQQvs 5001/7304  R2Kvs 8ET/ATHY\n*DAYCT: =    8e: +81 216: +81                                    po                     N  |\n21/21 | * ACTION: 0 +0.13% OS=HI                      3.5 HR 3WJ,7717 £7734 FADE INTO CLS            j                                    NY H 4\nT-12      *SPXO/N LWldd7772 07763 030 7749-7768  L/H 7717-7768                  ih,     I           i Na  A       “\nMaG7| | SPXATR: Sf    SPX-0.32% 60/40        GRO -0.33% TURBO -0.15%                 f     Ch             ft   oo\n* SECTORS: 1,    SOXX DRAM OILS ITB XLU BANKS     +    MAGT IGV GfS/X             1% 1     PE\nRG8      * GRO HOLDINGS: SPYM,UPRO/SPXLHPE PLTR,OKTA, TWLO,CBRS AMZU                      th / Sh    3)\nRAIL00|  * GRO RVAB/REBAR: 1.79 (-101%/-6.37%) BUY TWLO                                                  Vem        ni                                “\nSPX         * TURBO HOLDINGS: SPYM,UPRO,TQQQ,CBRS,FCX                                                  i .                       Py\n* TURBO RVAB/REBAR! 1.19 {-0.71%/-5.71%) BUY FX ADD to TaQQ\nQaq        * BOTTOM LINE:\nDJlA         * WED KEYS: SPX vs 8E/ATH  QQQ1vs 500/730 R2K vs 8E/ATH                                                                                                        ©\nMID           25> S&PS0D KEY LEVELS <<<\nR2K         #7793 (8/4 INTRADAY A-T-H)\n37758 FRI: LEADERS LEAD AS INDEXES CLOSE STRONG                                                             w\nGRO ™\noo __ | +7s8S(M1s21EMA) € 7/311 7/238 7/211 7/178 6/291 6/233\n0    * 7501/7521 (13 SOD/10WK) € 7/314 7/234 7/211 7/174 6/291\n*EMAIL:| + 7060/7086 (15 200D/40WK) € 4/84 3/193\n* TWITTE| .                                                                                         VT\n* PHONE] supe rorsu_tarssiwons 8 03               opm scion Bion 8 BB ———— wo        1.      »      n      3      wo      ES      or\n®: SITE: reven >              Tn             Feb            ar             Ror             Way            duo             au              Avg\nscreens        Lon | Repos      21.21 8110 <<€ 21 ftems © bres 13300150 15a                            or - DE BA\n116 Gosusennn Orea BBB i on [PSR MSI. RE RN           SN                         .\n",
      "ocr_text_snippet": ">>> Tl | >> TALE OF THE TAPE - TUESDAY, AUGUST 11, 2026 << ] Gams DG © >>> Dy * MARKET STATE: UPTREND N svi] | STOINDEXES3T 14 RGESM 1y NASIT USDY TNX/TYXP vsSd or Lae84 PET % SENTIMENT: VIX 15.04 ...",
      "output_kind": "whiteboard",
      "parsed_observations": [
        {
          "portfolio": "GRO",
          "metrics_raw": null,
          "metric_1": null,
          "metric_2": null,
          "metric_scalar": null,
          "action_text": null,
          "bottom_line": null,
          "parse_status": "review",
          "issue_codes": [
            "MISSING_METRIC_LINE",
            "MISSING_BOTTOM_LINE",
            "LOW_OCR_CONFIDENCE"
          ],
          "ocr_confidence": 54,
          "ocr_profile": "threshold"
        },
        {
          "portfolio": "TURBO",
          "metrics_raw": "RVAB/REBAR! 1.19 {-0.71%/-5.71%)",
          "metric_1": null,
          "metric_2": null,
          "metric_scalar": null,
          "action_text": "BUY FX ADD TO TAQQ QAQ * BOTTOM LINE: DJLA * WED KEYS: SPX VS 8E/ATH QQQ1VS 500/730 R2K VS 8E/ATH © MID 25> S&PS0D KEY LEVELS <<< R2K #7793 (8/4 INTRADAY A-T-H) 37758 FRI: LEADERS LEAD AS INDEXES CLOSE STRONG W GRO ™ OO __ +7S8S(M1S21EMA) € 7/311 7/238 7/211 7/178 6/291 6/233 0 * 7501/7521 (13 SOD/10WK) € 7/314 7/234 7/211 7/174 6/291 EMAIL: + 7060/7086 (15 200D/40WK) € 4/84 3/193 TWITTE . VT PHONE] SUPE RORSU_TARSSIWONS 8 03 OPM SCION BION 8 BB ---- WO 1. » N 3 WO ES OR SITE: REVEN > TN FEB AR ROR WAY DUO AU AVG SCREENS LON REPOS 21.21 8110 <<€ 21 FTEMS © BRES 13300150 15A OR - DE BA 116 GOSUSENNN OREA BBB I ON [PSR MSI. RE RN SN .",
          "bottom_line": null,
          "parse_status": "review",
          "issue_codes": [
            "MISSING_BOTTOM_LINE",
            "LOW_OCR_CONFIDENCE"
          ],
          "ocr_confidence": 54,
          "ocr_profile": "threshold"
        }
      ],
      "parsed_row_count": 2,
      "phash": "d5ff0080df1182fe",
      "prefilter_score": 15.29,
      "prefilter_stats": {
        "brightRatio": 0.7781944444444444,
        "darkRatio": 0.05263888888888889,
        "edgeRatio": 0.18422726309094764,
        "horizontalComparisons": 14151,
        "horizontalEdgeHits": 1337,
        "horizontalEdgeRatio": 0.0944809554095117,
        "meanLuma": 225.98541666666668,
        "stdDev": 51.52027711487052,
        "verticalComparisons": 14151,
        "verticalEdgeHits": 3877,
        "verticalEdgeRatio": 0.2739735707723836
      },
      "score": 82.3,
      "score_breakdown": {
        "chart_likeness": -6,
        "keyword_guard": 0,
        "ocr_confidence_bonus": 2.7,
        "pair_bonus": 0,
        "per_row_issues": -10,
        "per_row_metrics": 8,
        "text_density": 87.6
      },
      "screen_layout": "structured_whiteboard",
      "tickers": [
        "FCX",
        "OKTA",
        "PLTR",
        "SPYM",
        "TQQQ",
        "UPRO"
      ],
      "timestamp": 560,
      "timestamp_hms": "00:09:20",
      "output_path": "C:\\Users\\admin\\Projects\\portfolio_analyzer_revere\\data\\video_scan_20260915\\ocr-20260915-backfill\\ocr-20260915-backfill\\screenshots\\20260811_ps_3.png"
    }
  ],
  "frame_count": 345,
  "frame_error_count": 0,
  "frame_errors": [],
  "max_captures_per_video": 3,
  "nearest_ffmpeg_keyframe_lookups_skipped": false,
  "nearest_ffmpeg_keyframe_pts_total": 274,
  "ocr_engine_metadata": {
    "tesseract_version": "6.0.1",
    "language": "eng",
    "dpi": 300,
    "psm": null,
    "preserve_interword_spaces": "1",
    "deskew": false
  },
  "ocr_frame_count": 60,
  "ocr_frame_width": 1280,
  "output_path": "C:\\Users\\admin\\Projects\\portfolio_analyzer_revere\\data\\video_scan_20260915\\ocr-20260915-backfill\\ocr-20260915-backfill\\screenshots\\20260811_ps.png",
  "prefilter_best_score": 22.37,
  "review_threshold": 4,
  "sample_frame_width": 640,
  "status": "done",
  "strong_threshold": 6,
  "top_candidate": {
    "confusion_with_nearby": [],
    "frame_index": 290,
    "frame_path": "C:\\Users\\admin\\Projects\\portfolio_analyzer_revere\\data\\video_scan_20260915\\ocr-20260915-backfill\\ocr-20260915-backfill\\ocr_probe\\frames\\20260811_20260811_ajyhttfylpw_6c6f28db_whiteboard\\ocr\\ocr_000291.png",
    "is_intro_card": false,
    "issue_codes": [
      "MISSING_METRIC_LINE",
      "MISSING_BOTTOM_LINE",
      "LOW_OCR_CONFIDENCE"
    ],
    "low_res_frame_path": null,
    "nearest_ffmpeg_keyframe_ts": 1159.16,
    "observed_date": null,
    "ocr_confidence": 35,
    "ocr_profile": "threshold",
    "ocr_text": ">>> THE ee\nMarkeTsURcE  o (BR)       Xow weeny Moy Mav su @ Gass OBL O\n>>> DAILY V                       ;                                                                                    5                      .\n- ® Lumentum Holdings Inc. ww.                                                                 821.50              820.59\n* YT, X, 1G, TikTok: @) 1sscom- bsprer. fi 15.                                    50 Days Avg Vo!    5223182 Mano Cop $8395      195091) 0 11%       UTE (56368) 7 82%\no         po       B                    500m AigS Vol HINA 210 ATR 10TH       Atrios      Vor 1.687.798 026%,\n>>> TUESDAY, A & Sn @ mamsioceesn                             onsen abe      WloPuck  0552PMET 06112028 Las Update ACO PY ET 08112028\n* MARKET STATE; Gms                LAER BE RE NG ape ce a SE.\nYear (Jun)       EPS (3)       %Chy Seles ($8) %Chy            —                                                                                                                                                                                 fd\n* WHAT HAPPENE me      425   Ri     15  ow =-—\n020     Pr    wo\noon     su    IE                                               ee    1\noy 202     605   ee    FERN                                              N          ’\n21/21 0.22% fon     =o on                                         mit we\noa     oe    oa\ntoon ®omoe ne                                               Fw\npo         az own. a0 en                                                                                                          .\nMAGT 087% Te    FE                                         f      comssiasion 5% ag\nRG8  +0.35%                                             .      wea Me\nComposioRmea 19 EPSGonRED Neh                                              om wma M0\nRAIL00 1.02% EPS    ® CamgsSuprsa 4%                                      m2\nes fang     To Caronn Sana                                        <               mm\nSPX -0.32%  swennes     9 Sem GounRue                                   J                     i\nBHonbRS     8 PreTax Margin   om |B                                                      10\nQAQ 0.34%  GroupRS Rateg  #2 Retum on quay.   ES                                        -\nsours a     E Cran Fiom     sa                                   [on\nDIA -0.38% snr”    HR       po                Lact    =                        ©\n,, UD Rmo    12 Rad      102%             rig” ee SpE EZ                   R\nMID 40.28% span    regs   1 @axse   SO Mbt ee   fod   i. 8\nBata       119 Forward PIE      52 Hi     il     r.    Tn      4    os   pt     p      \"i     wens\nRK 40.32% Gomes    AA    PEREZ                      ii   # Il | | |   y    “\nExDiv Date     - Mutual Fung    wn      ~     LA                                     »\nSoumpex oe Semmes 10ers Brant recat 22 [of ail alli ili il i I | li        []\nGRO ~0.33%  Swoainmes pose 11.0%                                            pe\n_      3\nee e___. TwRsmom us trscoms  Weothumas [—s f             mi                      jad\nOpwaiCable.  OCC 99 57 66 m2 633                                              3\n.   .     Premade PC #75 Sepzs 76s WoL ded SepZe Dede | Mad hz © Sepd Ded Mar hme SepTem  Decit\nEMAIL: don@rer Toamofa. TOM % 6% Dx 10%   00s   or   on   or   on   150   pr   23   20   ser Ese\n\"      Secopics. OrTx\n* TWITTER (X): @0 Jocder SU 0% 2 hen 2   w    i   Geer. ame on   BE BE HE,\n* PHONE: (855) RE =v wwe www wwe wes M3 wes wgz  es2 eer spa ess ee | wr uses swe\n®::- rever.    es     ar     ee     E     I     :    vo ER    ee    oo    pe    ai   oes   tire   % Chg\nScreens.        Lots    |   Reports      21.21 8/10 <<< 21items © Laser ih APM LTE TL                          0 Par -    [=28-IN LN\n1ot16 Tg Dopiy Settings (Bors EET wm - \"BCR 6\" 9», =     SN           I.\n",
    "ocr_text_snippet": ">>> THE ee MarkeTsURcE o (BR) Xow weeny Moy Mav su @ Gass OBL O >>> DAILY V ; 5 . - ® Lumentum Holdings Inc. ww. 821.50 820.59 * YT, X, 1G, TikTok: @) 1sscom- bsprer. fi 15. 50 Days Avg Vo! 5223182...",
    "output_kind": "whiteboard",
    "parsed_observations": [
      {
        "portfolio": "GRO",
        "metrics_raw": null,
        "metric_1": null,
        "metric_2": null,
        "metric_scalar": null,
        "action_text": null,
        "bottom_line": null,
        "parse_status": "review",
        "issue_codes": [
          "MISSING_METRIC_LINE",
          "MISSING_BOTTOM_LINE",
          "LOW_OCR_CONFIDENCE"
        ],
        "ocr_confidence": 35,
        "ocr_profile": "threshold"
      },
      {
        "portfolio": "TURBO",
        "metrics_raw": null,
        "metric_1": null,
        "metric_2": null,
        "metric_scalar": null,
        "action_text": null,
        "bottom_line": null,
        "parse_status": "review",
        "issue_codes": [
          "MISSING_METRIC_LINE",
          "MISSING_BOTTOM_LINE",
          "LOW_OCR_CONFIDENCE"
        ],
        "ocr_confidence": 35,
        "ocr_profile": "threshold"
      }
    ],
    "parsed_row_count": 2,
    "phash": "80ba3f4f5e59b608",
    "prefilter_score": 20.75,
    "prefilter_stats": {
      "brightRatio": 0.7224305555555556,
      "darkRatio": 0.07847222222222222,
      "edgeRatio": 0.18829058017101266,
      "horizontalComparisons": 14151,
      "horizontalEdgeHits": 1801,
      "horizontalEdgeRatio": 0.12727015758603633,
      "meanLuma": 217.40548611111112,
      "stdDev": 61.22268969746001,
      "verticalComparisons": 14151,
      "verticalEdgeHits": 3528,
      "verticalEdgeRatio": 0.24931100275598897
    },
    "score": 86.02,
    "score_breakdown": {
      "chart_likeness": -4.9296549309913456,
      "keyword_guard": 0,
      "ocr_confidence_bonus": 1.75,
      "pair_bonus": 0,
      "per_row_issues": -12,
      "per_row_metrics": 0,
      "text_density": 101.2
    },
    "screen_layout": "structured_whiteboard",
    "tickers": [
      "BE"
    ],
    "timestamp": 1160,
    "timestamp_hms": "00:19:20"
  },
  "top_candidates": [
    {
      "confusion_with_nearby": [],
      "frame_index": 290,
      "frame_path": "C:\\Users\\admin\\Projects\\portfolio_analyzer_revere\\data\\video_scan_20260915\\ocr-20260915-backfill\\ocr-20260915-backfill\\ocr_probe\\frames\\20260811_20260811_ajyhttfylpw_6c6f28db_whiteboard\\ocr\\ocr_000291.png",
      "is_intro_card": false,
      "issue_codes": [
        "MISSING_METRIC_LINE",
        "MISSING_BOTTOM_LINE",
        "LOW_OCR_CONFIDENCE"
      ],
      "low_res_frame_path": null,
      "nearest_ffmpeg_keyframe_ts": null,
      "observed_date": null,
      "ocr_confidence": 35,
      "ocr_profile": "threshold",
      "ocr_text": ">>> THE ee\nMarkeTsURcE  o (BR)       Xow weeny Moy Mav su @ Gass OBL O\n>>> DAILY V                       ;                                                                                    5                      .\n- ® Lumentum Holdings Inc. ww.                                                                 821.50              820.59\n* YT, X, 1G, TikTok: @) 1sscom- bsprer. fi 15.                                    50 Days Avg Vo!    5223182 Mano Cop $8395      195091) 0 11%       UTE (56368) 7 82%\no         po       B                    500m AigS Vol HINA 210 ATR 10TH       Atrios      Vor 1.687.798 026%,\n>>> TUESDAY, A & Sn @ mamsioceesn                             onsen abe      WloPuck  0552PMET 06112028 Las Update ACO PY ET 08112028\n* MARKET STATE; Gms                LAER BE RE NG ape ce a SE.\nYear (Jun)       EPS (3)       %Chy Seles ($8) %Chy            —                                                                                                                                                                                 fd\n* WHAT HAPPENE me      425   Ri     15  ow =-—\n020     Pr    wo\noon     su    IE                                               ee    1\noy 202     605   ee    FERN                                              N          ’\n21/21 0.22% fon     =o on                                         mit we\noa     oe    oa\ntoon ®omoe ne                                               Fw\npo         az own. a0 en                                                                                                          .\nMAGT 087% Te    FE                                         f      comssiasion 5% ag\nRG8  +0.35%                                             .      wea Me\nComposioRmea 19 EPSGonRED Neh                                              om wma M0\nRAIL00 1.02% EPS    ® CamgsSuprsa 4%                                      m2\nes fang     To Caronn Sana                                        <               mm\nSPX -0.32%  swennes     9 Sem GounRue                                   J                     i\nBHonbRS     8 PreTax Margin   om |B                                                      10\nQAQ 0.34%  GroupRS Rateg  #2 Retum on quay.   ES                                        -\nsours a     E Cran Fiom     sa                                   [on\nDIA -0.38% snr”    HR       po                Lact    =                        ©\n,, UD Rmo    12 Rad      102%             rig” ee SpE EZ                   R\nMID 40.28% span    regs   1 @axse   SO Mbt ee   fod   i. 8\nBata       119 Forward PIE      52 Hi     il     r.    Tn      4    os   pt     p      \"i     wens\nRK 40.32% Gomes    AA    PEREZ                      ii   # Il | | |   y    “\nExDiv Date     - Mutual Fung    wn      ~     LA                                     »\nSoumpex oe Semmes 10ers Brant recat 22 [of ail alli ili il i I | li        []\nGRO ~0.33%  Swoainmes pose 11.0%                                            pe\n_      3\nee e___. TwRsmom us trscoms  Weothumas [—s f             mi                      jad\nOpwaiCable.  OCC 99 57 66 m2 633                                              3\n.   .     Premade PC #75 Sepzs 76s WoL ded SepZe Dede | Mad hz © Sepd Ded Mar hme SepTem  Decit\nEMAIL: don@rer Toamofa. TOM % 6% Dx 10%   00s   or   on   or   on   150   pr   23   20   ser Ese\n\"      Secopics. OrTx\n* TWITTER (X): @0 Jocder SU 0% 2 hen 2   w    i   Geer. ame on   BE BE HE,\n* PHONE: (855) RE =v wwe www wwe wes M3 wes wgz  es2 eer spa ess ee | wr uses swe\n®::- rever.    es     ar     ee     E     I     :    vo ER    ee    oo    pe    ai   oes   tire   % Chg\nScreens.        Lots    |   Reports      21.21 8/10 <<< 21items © Laser ih APM LTE TL                          0 Par -    [=28-IN LN\n1ot16 Tg Dopiy Settings (Bors EET wm - \"BCR 6\" 9», =     SN           I.\n",
      "ocr_text_snippet": ">>> THE ee MarkeTsURcE o (BR) Xow weeny Moy Mav su @ Gass OBL O >>> DAILY V ; 5 . - ® Lumentum Holdings Inc. ww. 821.50 820.59 * YT, X, 1G, TikTok: @) 1sscom- bsprer. fi 15. 50 Days Avg Vo! 5223182...",
      "output_kind": "whiteboard",
      "parsed_observations": [
        {
          "portfolio": "GRO",
          "metrics_raw": null,
          "metric_1": null,
          "metric_2": null,
          "metric_scalar": null,
          "action_text": null,
          "bottom_line": null,
          "parse_status": "review",
          "issue_codes": [
            "MISSING_METRIC_LINE",
            "MISSING_BOTTOM_LINE",
            "LOW_OCR_CONFIDENCE"
          ],
          "ocr_confidence": 35,
          "ocr_profile": "threshold"
        },
        {
          "portfolio": "TURBO",
          "metrics_raw": null,
          "metric_1": null,
          "metric_2": null,
          "metric_scalar": null,
          "action_text": null,
          "bottom_line": null,
          "parse_status": "review",
          "issue_codes": [
            "MISSING_METRIC_LINE",
            "MISSING_BOTTOM_LINE",
            "LOW_OCR_CONFIDENCE"
          ],
          "ocr_confidence": 35,
          "ocr_profile": "threshold"
        }
      ],
      "parsed_row_count": 2,
      "phash": "80ba3f4f5e59b608",
      "prefilter_score": 20.75,
      "prefilter_stats": {
        "brightRatio": 0.7224305555555556,
        "darkRatio": 0.07847222222222222,
        "edgeRatio": 0.18829058017101266,
        "horizontalComparisons": 14151,
        "horizontalEdgeHits": 1801,
        "horizontalEdgeRatio": 0.12727015758603633,
        "meanLuma": 217.40548611111112,
        "stdDev": 61.22268969746001,
        "verticalComparisons": 14151,
        "verticalEdgeHits": 3528,
        "verticalEdgeRatio": 0.24931100275598897
      },
      "score": 86.02,
      "score_breakdown": {
        "chart_likeness": -4.9296549309913456,
        "keyword_guard": 0,
        "ocr_confidence_bonus": 1.75,
        "pair_bonus": 0,
        "per_row_issues": -12,
        "per_row_metrics": 0,
        "text_density": 101.2
      },
      "screen_layout": "structured_whiteboard",
      "tickers": [
        "BE"
      ],
      "timestamp": 1160,
      "timestamp_hms": "00:19:20"
    },
    {
      "confusion_with_nearby": [],
      "frame_index": 160,
      "frame_path": "C:\\Users\\admin\\Projects\\portfolio_analyzer_revere\\data\\video_scan_20260915\\ocr-20260915-backfill\\ocr-20260915-backfill\\ocr_probe\\frames\\20260811_20260811_ajyhttfylpw_6c6f28db_whiteboard\\ocr\\ocr_000161.png",
      "is_intro_card": false,
      "issue_codes": [
        "MISSING_METRIC_LINE",
        "MISSING_BOTTOM_LINE",
        "LOW_OCR_CONFIDENCE"
      ],
      "low_res_frame_path": null,
      "nearest_ffmpeg_keyframe_ts": null,
      "observed_date": "20260811",
      "ocr_confidence": 54,
      "ocr_profile": "threshold",
      "ocr_text": ">>> TI                                                                                                                                                                            |\n»> TALE OF THE TAPE - TUESDAY, AUGUST 11, 2026 <<                                   ]  Grams DBO\n>>> Dy      * MARKET STATE: UPTREND                                                                                                                      N\neyraiG| |STONDEXESIT 14 RGEST 1 NASIT USDL _TNX/TYXT vsSd                                                        i. JAeg4\nPTs SENTIMENT: VIX 15.5 (-1 74:4 FBG            ana 37 1625-15 FTI] naam 70.70 4.32                                                                    vol 0 NA\n2>> TUE! 38ULL CASE: INITIATE RALLY & TREND 21EMA  €8/3-4 REGAIN 21E & FTD                                                                Las Updce, 0259 EM ET Oartiz02e\n* MARK|       “PBEAR CASE: SUSTAINED BREAK BELOW 21EMA                                                    a SN             LAR            hed\n«WHATH * NEWS:WED AM: CPI THURS AM: PPI                                                                                                                               Ed\n* TODAY'S KES: SPX vs 8EM/ATHY  QQQ vs S0D/7304  R2Kvs 8ET/ATHY\n*TDAYCT: =    Be: +81 216: +81                                    po                     N  |\n21/21 | * ACTION: 0 10.13% OS=H                     3.5 HR 3W{,7717 17734 FADE INTO CLS           j                                    NY Yi 4\nT-12     *SPXO/N 7744-7772 07763 030 7749-7768  L/H 7717-7768                 ih,     oo          [ x4  OR       °\nMAG? | (SPXATRILION  SPX-032% 60/40       GRO -0.33% TURBO -0.15%               f     Co            I fi’\n* SECTORS: 1    SOXX DRAM OILS ITB XLU BANKS     +    MAGT7 IGV GfS/X             1 10     PPE\nRG3     * GRO HOLDINGS: SPYM,UPRO/SPXLHPE PLTR,OKTA,TWLO,CBRS AMZU                    t Yh    fl He\nRAI100|  * GRO RVAB/REBAR: 1.79 (-1.01%/-6.37%) BUY TWLO                                                y./  em    Tir                              “\nSPX         * TURBO HOLDINGS: SPYM,UPRO,TQQQ,CBRS, FCX                                                  i .\n* TURBO RVAB/REBAR: 1.19 {-0.71%/-5.71%) BUY FCX ADD to TaaQ\nQaq        * BOTTOM LINE:\nDllA          * WED KEYS: SPX vs 8E/ATH  QQQ vs 500/730 R2K vs 8E/ATH                                                                                                                 ©\nMID           23> S&PSOD KEY LEVELS <<<\nR2K         * 7793 (8/4 INTRADAY A-T-H)\n7/58 FRI: LEADERS LEAD AS INDEXES CLOSE $TRONG                                                                                                              w\nGRO ™\noo __ | e7sss(t1s21eMA) € 7/311 7/238 7/211 7/174 6/291 6/233\nTT    * 7501/7521 (13 SOD/10WK) € 7/311 7/234 7/211 7/17¢4 6/294\n*EMAIL:| + 7060/7086 (15 200D/40WK) € 4/84 3/194\n* TWITTE|,                                                                                         oT\n* PHONE] sue rors 1wrssrmens 8 02               Bogart Brow BB 8B ——— 1 wow        [3      »      n      2»      ©      ES      or\n®: SITE: reven. >              Tn             Feb            War             Ror             ay            duo             au              Avg\nScreens        Los Repens      21.21 8/10 <<< 20 ems © Lasse: 11 LE 1                            ore - COR EQ\nEUS TON re BE Be el py oc ~ oC ® oa \"og DS         -           R.                         -\n",
      "ocr_text_snippet": ">>> TI | »> TALE OF THE TAPE - TUESDAY, AUGUST 11, 2026 << ] Grams DBO >>> Dy * MARKET STATE: UPTREND N eyraiG| |STONDEXESIT 14 RGEST 1 NASIT USDL _TNX/TYXT vsSd i. JAeg4 PTs SENTIMENT: VIX 15.5 (-...",
      "output_kind": "whiteboard",
      "parsed_observations": [
        {
          "portfolio": "GRO",
          "metrics_raw": null,
          "metric_1": null,
          "metric_2": null,
          "metric_scalar": null,
          "action_text": null,
          "bottom_line": null,
          "parse_status": "review",
          "issue_codes": [
            "MISSING_METRIC_LINE",
            "MISSING_BOTTOM_LINE",
            "LOW_OCR_CONFIDENCE"
          ],
          "ocr_confidence": 54,
          "ocr_profile": "threshold"
        },
        {
          "portfolio": "TURBO",
          "metrics_raw": "RVAB/REBAR: 1.19 {-0.71%/-5.71%)",
          "metric_1": null,
          "metric_2": null,
          "metric_scalar": null,
          "action_text": "BUY FCX ADD TO TAAQ QAQ * BOTTOM LINE: DLLA * WED KEYS: SPX VS 8E/ATH QQQ VS 500/730 R2K VS 8E/ATH © MID 23> S&PSOD KEY LEVELS <<< R2K * 7793 (8/4 INTRADAY A-T-H) 7/58 FRI: LEADERS LEAD AS INDEXES CLOSE $TRONG W GRO ™ OO __ E7SSS(T1S21EMA) € 7/311 7/238 7/211 7/174 6/291 6/233 TT * 7501/7521 (13 SOD/10WK) € 7/311 7/234 7/211 7/17¢4 6/294 EMAIL: + 7060/7086 (15 200D/40WK) € 4/84 3/194 TWITTE , OT PHONE] SUE RORS 1WRSSRMENS 8 02 BOGART BROW BB 8B --- 1 WOW [3 » N 2» © ES OR SITE: REVEN. > TN FEB WAR ROR AY DUO AU AVG SCREENS LOS REPENS 21.21 8/10 <<< 20 EMS © LASSE: 11 LE 1 ORE - COR EQ EUS TON RE BE BE EL PY OC ~ OC ® OA \"OG DS - R. -",
          "bottom_line": null,
          "parse_status": "review",
          "issue_codes": [
            "MISSING_BOTTOM_LINE",
            "LOW_OCR_CONFIDENCE"
          ],
          "ocr_confidence": 54,
          "ocr_profile": "threshold"
        }
      ],
      "parsed_row_count": 2,
      "phash": "d5ff0080df1102ff",
      "prefilter_score": 14.92,
      "prefilter_stats": {
        "brightRatio": 0.7881944444444444,
        "darkRatio": 0.051666666666666666,
        "edgeRatio": 0.17687795915483004,
        "horizontalComparisons": 14151,
        "horizontalEdgeHits": 1357,
        "horizontalEdgeRatio": 0.09589428308953431,
        "meanLuma": 226.55784722222222,
        "stdDev": 51.068428911379876,
        "verticalComparisons": 14151,
        "verticalEdgeHits": 3649,
        "verticalEdgeRatio": 0.2578616352201258
      },
      "score": 82.38,
      "score_breakdown": {
        "chart_likeness": -6,
        "keyword_guard": 0,
        "ocr_confidence_bonus": 2.7,
        "pair_bonus": 0,
        "per_row_issues": -10,
        "per_row_metrics": 8,
        "text_density": 87.68
      },
      "screen_layout": "structured_whiteboard",
      "tickers": [
        "BE",
        "FCX",
        "OKTA",
        "PLTR",
        "SPYM",
        "TQQQ",
        "UPRO"
      ],
      "timestamp": 640,
      "timestamp_hms": "00:10:40"
    },
    {
      "confusion_with_nearby": [],
      "frame_index": 165,
      "frame_path": "C:\\Users\\admin\\Projects\\portfolio_analyzer_revere\\data\\video_scan_20260915\\ocr-20260915-backfill\\ocr-20260915-backfill\\ocr_probe\\frames\\20260811_20260811_ajyhttfylpw_6c6f28db_whiteboard\\ocr\\ocr_000166.png",
      "is_intro_card": false,
      "issue_codes": [
        "MISSING_METRIC_LINE",
        "MISSING_BOTTOM_LINE",
        "LOW_OCR_CONFIDENCE"
      ],
      "low_res_frame_path": null,
      "nearest_ffmpeg_keyframe_ts": null,
      "observed_date": "20260811",
      "ocr_confidence": 56,
      "ocr_profile": "threshold",
      "ocr_text": ">>> TI                                                                                                                                                                            |\n2> TALE OF THE TAPE — TUESDAY, AUGUST 11, 2026 <<                                   El  Gress DBO\n>>> Dy      * MARKET STATE: UPTREND                                                                                                                      N\nevrxiG| |STONDEXESIT 14 RGEST 1 NASIT USDL _TNX/TYXT vssd                                                        i. Jaeg4\nPTs SENTIMENT: VIX 505 (-1 24 F&G            an 97 1625-15 FTIR] naam 70.70 4.32                                                                    Vol 0 NA\n>>> TUE      BULL CASE: INITIATE RALLY & TREND 21EMA ~~ €8/3-4 REGAIN 21E & FTD                                                               La Updece. 0259 PM ET O8r1e2028\n* MARK|       PBEAR CASE: SUSTAINED BREAK BELOW 21EMA                                                  ~           5           _        LE LE NUR\n«WHAT       * NEWS: WED AM: CPI THURS AM: PPI                                                                                                                               Ed\n* TODAY'S KES: SPX vs 8ET/ATHY  QQQ vs 5001/7304  R2Kvs 8EP/ATHY\nDAYCT: =>    Be: +871 2le: +84                                    wer                     N  |\n21/21       * ACTION: © +0.13% 05=H)                      3.5 HR 3W{,7717 £7734 FADE INTO CLS            j                                    NY Hi i\nT-12      *SPXO/N 7744-7772 07763 030 7749-7768  L/H 7717-7768                  ily     I           i Na  Lu       ®\nMaG7 | (SPXATRILION  SPX-032% 60/40       GRO -0.33% TURBO -0.15%               f     Co            Lh fit vs —\n* SECTORS: 1    SOXX DRAM OILS ITB XLU BANKS     +    MAGT IGV G/S/X             Me 1     PE\nRG8       * GRO HOLDINGS: SPYM,UPRO/SPXL,HPE,PLTR,OKTA, TWLO,CBRS, AMZU                          t ,  Hh     in- Mr\nRAI100|  * GRO RVAB/REBAR: 1.79 {-1.01%/-6.37%) BUY TWLO                                                \\   Mm    ir                              “\nSPX         * TURBO HOLDINGS: SPYM,UPRO,TQQQ,CBRS, FCX                                                  ii g                       Py\n* TURBO RVAB/REBAR! 1.19 {-0.71%/-5.71%) BUY FEX ADD to TaQQ\nQaq        * BOTTOM LINE:\nDla         * WED KEYS: SPX vs 8E/ATH  QQQvs 500/730 R2K vs 8E/ATH                                                                                                        ©\nMID           23> S&PS0D KEY LEVELS <<<\nR2K         #7793 (8/4 INTRADAY A-T-H)\n37758 FRI: LEADERS LEAD AS INDEXES CLOSE STRONG                                                              w\nGRO ~\noo __      7585 (115 21EMA) € 7/311 7/234 7/211 7/178 6/291 6/233\nTT    * 7501/7521 (13 SOD/10WK) € 7/314 7/234 7/211 7/17d 6/294\n*EMAIL:|  * 7060/7086 (15 200D/40WK) € 4/87 3/19¢\n* TWITTE| .                                                                                         VT\n* PHONE] supe rors _1arssiwoss 8 3               Foose Dexa BB   ——— uw        1      »      n      »      0      ES      or\n®: SITE: reven >              Tn             Feb            ar             Ror             Way            Huo             au              Avg\nscreens        [ES Ey.      21.21 810 <<€ 21 Hems © Loos +5701 5                            or - CE BA\n116 Gospuseinn Grea BBB io [PSO VE. RN NS       EN                 Is\n",
      "ocr_text_snippet": ">>> TI | 2> TALE OF THE TAPE — TUESDAY, AUGUST 11, 2026 << El Gress DBO >>> Dy * MARKET STATE: UPTREND N evrxiG| |STONDEXESIT 14 RGEST 1 NASIT USDL _TNX/TYXT vssd i. Jaeg4 PTs SENTIMENT: VIX 505 (-...",
      "output_kind": "whiteboard",
      "parsed_observations": [
        {
          "portfolio": "GRO",
          "metrics_raw": null,
          "metric_1": null,
          "metric_2": null,
          "metric_scalar": null,
          "action_text": null,
          "bottom_line": null,
          "parse_status": "review",
          "issue_codes": [
            "MISSING_METRIC_LINE",
            "MISSING_BOTTOM_LINE",
            "LOW_OCR_CONFIDENCE"
          ],
          "ocr_confidence": 56,
          "ocr_profile": "threshold"
        },
        {
          "portfolio": "TURBO",
          "metrics_raw": "RVAB/REBAR! 1.19 {-0.71%/-5.71%)",
          "metric_1": null,
          "metric_2": null,
          "metric_scalar": null,
          "action_text": "BUY FEX ADD TO TAQQ QAQ * BOTTOM LINE: DLA * WED KEYS: SPX VS 8E/ATH QQQVS 500/730 R2K VS 8E/ATH © MID 23> S&PS0D KEY LEVELS <<< R2K #7793 (8/4 INTRADAY A-T-H) 37758 FRI: LEADERS LEAD AS INDEXES CLOSE STRONG W GRO ~ OO __ 7585 (115 21EMA) € 7/311 7/234 7/211 7/178 6/291 6/233 TT * 7501/7521 (13 SOD/10WK) € 7/314 7/234 7/211 7/17D 6/294 EMAIL: * 7060/7086 (15 200D/40WK) € 4/87 3/19¢ TWITTE . VT PHONE] SUPE RORS _1ARSSIWOSS 8 3 FOOSE DEXA BB --- UW 1 » N » 0 ES OR SITE: REVEN > TN FEB AR ROR WAY HUO AU AVG SCREENS [ES EY. 21.21 810 <<€ 21 HEMS © LOOS +5701 5 OR - CE BA 116 GOSPUSEINN GREA BBB IO [PSO VE. RN NS EN IS",
          "bottom_line": null,
          "parse_status": "review",
          "issue_codes": [
            "MISSING_BOTTOM_LINE",
            "LOW_OCR_CONFIDENCE"
          ],
          "ocr_confidence": 56,
          "ocr_profile": "threshold"
        }
      ],
      "parsed_row_count": 2,
      "phash": "d5ff0080df1102ff",
      "prefilter_score": 15.29,
      "prefilter_stats": {
        "brightRatio": 0.77875,
        "darkRatio": 0.05298611111111111,
        "edgeRatio": 0.18408593032294537,
        "horizontalComparisons": 14151,
        "horizontalEdgeHits": 1331,
        "horizontalEdgeRatio": 0.09405695710550491,
        "meanLuma": 226.15034722222222,
        "stdDev": 51.357018006213615,
        "verticalComparisons": 14151,
        "verticalEdgeHits": 3879,
        "verticalEdgeRatio": 0.2741149035403858
      },
      "score": 82.34,
      "score_breakdown": {
        "chart_likeness": -6,
        "keyword_guard": 0,
        "ocr_confidence_bonus": 2.8,
        "pair_bonus": 0,
        "per_row_issues": -10,
        "per_row_metrics": 8,
        "text_density": 87.54
      },
      "screen_layout": "structured_whiteboard",
      "tickers": [
        "BE",
        "FCX",
        "HPE",
        "OKTA",
        "PLTR",
        "SPYM",
        "TQQQ",
        "UPRO"
      ],
      "timestamp": 660,
      "timestamp_hms": "00:11:00"
    },
    {
      "confusion_with_nearby": [],
      "frame_index": 140,
      "frame_path": "C:\\Users\\admin\\Projects\\portfolio_analyzer_revere\\data\\video_scan_20260915\\ocr-20260915-backfill\\ocr-20260915-backfill\\ocr_probe\\frames\\20260811_20260811_ajyhttfylpw_6c6f28db_whiteboard\\ocr\\ocr_000141.png",
      "is_intro_card": false,
      "issue_codes": [
        "MISSING_METRIC_LINE",
        "MISSING_BOTTOM_LINE",
        "LOW_OCR_CONFIDENCE"
      ],
      "low_res_frame_path": null,
      "nearest_ffmpeg_keyframe_ts": null,
      "observed_date": "20260811",
      "ocr_confidence": 54,
      "ocr_profile": "threshold",
      "ocr_text": ">>> Tl                                                                                                                                                                            |\n>> TALE OF THE TAPE - TUESDAY, AUGUST 11, 2026 <<                                   ]  Gams DG ©\n>>> Dy      * MARKET STATE: UPTREND                                                                                                                      N\nsvi] | STOINDEXES3T 14 RGESM  1y NASIT USDY TNX/TYXP vsSd                                                           or Lae84\nPET % SENTIMENT: VIX 15.04 (1 24 F&G            an 37 0625-12 TRIN] nani 79.70 4.32                                                                Vol 0 NA\n>>> TUE      > BULL CASE: INITIATE RALLY & TREND 21EMA ~~ €8/3-4 REGAIN 21E & FTD                                                               Last Updece. 0259 PM ET O8r1e2028\n* MARK|       PBEAR CASE: SUSTAINED BREAK BELOW 21EMA                                                 ~        Co             A\n«HATH \"NEWS: WED AM: CPI THURS AM: PPI                                                                       Ed\n* TODAY'S KEVS: SPX vs 8EM/ATHY  QQQvs 5001/7304  R2Kvs 8ET/ATHY\n*DAYCT: =    8e: +81 216: +81                                    po                     N  |\n21/21 | * ACTION: 0 +0.13% OS=HI                      3.5 HR 3WJ,7717 £7734 FADE INTO CLS            j                                    NY H 4\nT-12      *SPXO/N LWldd7772 07763 030 7749-7768  L/H 7717-7768                  ih,     I           i Na  A       “\nMaG7| | SPXATR: Sf    SPX-0.32% 60/40        GRO -0.33% TURBO -0.15%                 f     Ch             ft   oo\n* SECTORS: 1,    SOXX DRAM OILS ITB XLU BANKS     +    MAGT IGV GfS/X             1% 1     PE\nRG8      * GRO HOLDINGS: SPYM,UPRO/SPXLHPE PLTR,OKTA, TWLO,CBRS AMZU                      th / Sh    3)\nRAIL00|  * GRO RVAB/REBAR: 1.79 (-101%/-6.37%) BUY TWLO                                                  Vem        ni                                “\nSPX         * TURBO HOLDINGS: SPYM,UPRO,TQQQ,CBRS,FCX                                                  i .                       Py\n* TURBO RVAB/REBAR! 1.19 {-0.71%/-5.71%) BUY FX ADD to TaQQ\nQaq        * BOTTOM LINE:\nDJlA         * WED KEYS: SPX vs 8E/ATH  QQQ1vs 500/730 R2K vs 8E/ATH                                                                                                        ©\nMID           25> S&PS0D KEY LEVELS <<<\nR2K         #7793 (8/4 INTRADAY A-T-H)\n37758 FRI: LEADERS LEAD AS INDEXES CLOSE STRONG                                                             w\nGRO ™\noo __ | +7s8S(M1s21EMA) € 7/311 7/238 7/211 7/178 6/291 6/233\n0    * 7501/7521 (13 SOD/10WK) € 7/314 7/234 7/211 7/174 6/291\n*EMAIL:| + 7060/7086 (15 200D/40WK) € 4/84 3/193\n* TWITTE| .                                                                                         VT\n* PHONE] supe rorsu_tarssiwons 8 03               opm scion Bion 8 BB ———— wo        1.      »      n      3      wo      ES      or\n®: SITE: reven >              Tn             Feb            ar             Ror             Way            duo             au              Avg\nscreens        Lon | Repos      21.21 8110 <<€ 21 ftems © bres 13300150 15a                            or - DE BA\n116 Gosusennn Orea BBB i on [PSR MSI. RE RN           SN                         .\n",
      "ocr_text_snippet": ">>> Tl | >> TALE OF THE TAPE - TUESDAY, AUGUST 11, 2026 << ] Gams DG © >>> Dy * MARKET STATE: UPTREND N svi] | STOINDEXES3T 14 RGESM 1y NASIT USDY TNX/TYXP vsSd or Lae84 PET % SENTIMENT: VIX 15.04 ...",
      "output_kind": "whiteboard",
      "parsed_observations": [
        {
          "portfolio": "GRO",
          "metrics_raw": null,
          "metric_1": null,
          "metric_2": null,
          "metric_scalar": null,
          "action_text": null,
          "bottom_line": null,
          "parse_status": "review",
          "issue_codes": [
            "MISSING_METRIC_LINE",
            "MISSING_BOTTOM_LINE",
            "LOW_OCR_CONFIDENCE"
          ],
          "ocr_confidence": 54,
          "ocr_profile": "threshold"
        },
        {
          "portfolio": "TURBO",
          "metrics_raw": "RVAB/REBAR! 1.19 {-0.71%/-5.71%)",
          "metric_1": null,
          "metric_2": null,
          "metric_scalar": null,
          "action_text": "BUY FX ADD TO TAQQ QAQ * BOTTOM LINE: DJLA * WED KEYS: SPX VS 8E/ATH QQQ1VS 500/730 R2K VS 8E/ATH © MID 25> S&PS0D KEY LEVELS <<< R2K #7793 (8/4 INTRADAY A-T-H) 37758 FRI: LEADERS LEAD AS INDEXES CLOSE STRONG W GRO ™ OO __ +7S8S(M1S21EMA) € 7/311 7/238 7/211 7/178 6/291 6/233 0 * 7501/7521 (13 SOD/10WK) € 7/314 7/234 7/211 7/174 6/291 EMAIL: + 7060/7086 (15 200D/40WK) € 4/84 3/193 TWITTE . VT PHONE] SUPE RORSU_TARSSIWONS 8 03 OPM SCION BION 8 BB ---- WO 1. » N 3 WO ES OR SITE: REVEN > TN FEB AR ROR WAY DUO AU AVG SCREENS LON REPOS 21.21 8110 <<€ 21 FTEMS © BRES 13300150 15A OR - DE BA 116 GOSUSENNN OREA BBB I ON [PSR MSI. RE RN SN .",
          "bottom_line": null,
          "parse_status": "review",
          "issue_codes": [
            "MISSING_BOTTOM_LINE",
            "LOW_OCR_CONFIDENCE"
          ],
          "ocr_confidence": 54,
          "ocr_profile": "threshold"
        }
      ],
      "parsed_row_count": 2,
      "phash": "d5ff0080df1182fe",
      "prefilter_score": 15.29,
      "prefilter_stats": {
        "brightRatio": 0.7781944444444444,
        "darkRatio": 0.05263888888888889,
        "edgeRatio": 0.18422726309094764,
        "horizontalComparisons": 14151,
        "horizontalEdgeHits": 1337,
        "horizontalEdgeRatio": 0.0944809554095117,
        "meanLuma": 225.98541666666668,
        "stdDev": 51.52027711487052,
        "verticalComparisons": 14151,
        "verticalEdgeHits": 3877,
        "verticalEdgeRatio": 0.2739735707723836
      },
      "score": 82.3,
      "score_breakdown": {
        "chart_likeness": -6,
        "keyword_guard": 0,
        "ocr_confidence_bonus": 2.7,
        "pair_bonus": 0,
        "per_row_issues": -10,
        "per_row_metrics": 8,
        "text_density": 87.6
      },
      "screen_layout": "structured_whiteboard",
      "tickers": [
        "FCX",
        "OKTA",
        "PLTR",
        "SPYM",
        "TQQQ",
        "UPRO"
      ],
      "timestamp": 560,
      "timestamp_hms": "00:09:20"
    },
    {
      "confusion_with_nearby": [],
      "frame_index": 170,
      "frame_path": "C:\\Users\\admin\\Projects\\portfolio_analyzer_revere\\data\\video_scan_20260915\\ocr-20260915-backfill\\ocr-20260915-backfill\\ocr_probe\\frames\\20260811_20260811_ajyhttfylpw_6c6f28db_whiteboard\\ocr\\ocr_000171.png",
      "is_intro_card": false,
      "issue_codes": [
        "MISSING_METRIC_LINE",
        "MISSING_BOTTOM_LINE",
        "LOW_OCR_CONFIDENCE"
      ],
      "low_res_frame_path": null,
      "nearest_ffmpeg_keyframe_ts": null,
      "observed_date": "20260811",
      "ocr_confidence": 52,
      "ocr_profile": "threshold",
      "ocr_text": ">>> Tl                                                                                                                                                                            |\n2> TALE OF THE TAPE - TUESDAY, AUGUST 11, 2026 <<                                   E]  Gass DBO\n>>> Dy      * MARKET STATE: UPTREND                                                                                                                      N\nsvxiG| | STOINDEXESIT  1QRGEST 1 NASM USDL _TNX/TVXP vsSd                                                           or Lae.84\nPHT % SENTIMENT: VIX 15.0% (1 +4 F&G            ann sy 1625-15 FTE] naam 70.70 4.32                                                                    Vol 0 NA\n>>> TUE      > BULL CASE: INITIATE RALLY & TREND 21EMA ~~ €8/3-4 REGAIN 21E & FTD                                                               Leo Updoce. 0259 PM ET Oar 1e2028\n* MARKI       PBEAR CASE: SUSTAINED BREAK BELOW 21EMA                                                    ~         _                    LAD NON          ©\nCWHATH NEWS: WED AM: CPI THURS AM: PPI                                                                                                                               Ed\n* TODAY'S KES: SPX vs 8E MATHS QQQ vs 5001/7304  R2K vs 8ET/ATHY\n*DAVCT: =    Be: +81 216: +81                                    er                     N  |\n21/21 | * ACTION: 0 +0.13% OS=HI                      3.5 HR 3W{,7717 £7734 FADE INTO CLS            j                                    NY Y i\nT-12      *SPXO/N 7744-7772 07763 030 7749-7768  L/H 7717-7768                  th,     I           [I Na  pe       ®\nMaG7| (SPXATRILION  SPX-032% 60/40      GRO -0.33% TURBO -0.15%            f    Co         yf\n* SECTORS: 1    SOXX DRAM OILS 1TB XLU BANKS     +    MAGT7 IGV GfS/X          |  Me 1     P=\nRG8      * GRO HOLDINGS: SPYM,UPRO/SPXLHPE PLTR,OKTA, TWLO,CBRS AMZU                      th / Hh    8)\nRAIL00|  * GRO RVAB/REBAR: 1.79 (-1.01%/-6.37%) BUY TWLO                                                  v/  sa        na                                “\nSPX         * TURBO HOLDINGS: SPYM,UPRO,TGQQ,CBRS, FCX                                                  i ’                       Py\n* TURBO RVAB/REBAR! 1.19 {-0.71%/-5.71%) BUY FCX ADD to 7000\nQaq        * BOTTOM LINE:\nDJA          * WED KEYS: SPX vs 8E/ATH  QQQvs 500/730 RZK vs SE/ATH                                                                                                                 ©\nMID           25> S&PS0D KEY LEVELS <<<\nR2K         * 7793 (8/4 INTRADAY A-T-H)\n37758 FRI: LEADERS LEAD AS INDEXES CLOSE STRONG                                                             w\nGRO ™\n______|  +7ses(t1s21EMA) € 7/311 7/238 7/211 7/178 6/291 6/233\nTUTTTTT *7501/7521 (13 S0D/10WK) € 7/314 7/238 7/211 7/174 6/294\n*EMAIL:| + 7060/7086 (15 200D/40WK) € 4/84 3/19%\n* TWITTE|,                                                                                         LT\n* PHONE] supe rorsu_1arssrwons 8 2               Rogen Bio BB FB ——— won        1.      »      n      3      wo      ES      or\n®: SITE: reven >              Tn             Feb            ar             Ror             ay            duo             aa              avg\nscreens        [EE Ey.      21.21 8110 <<< 21 items © bres 1370 Li 1                            orn - DB EA\nEUS TON Cr BE Be el py oc mo CR oa \"og       -         poe                   ES\n",
      "ocr_text_snippet": ">>> Tl | 2> TALE OF THE TAPE - TUESDAY, AUGUST 11, 2026 << E] Gass DBO >>> Dy * MARKET STATE: UPTREND N svxiG| | STOINDEXESIT 1QRGEST 1 NASM USDL _TNX/TVXP vsSd or Lae.84 PHT % SENTIMENT: VIX 15.0%...",
      "output_kind": "whiteboard",
      "parsed_observations": [
        {
          "portfolio": "GRO",
          "metrics_raw": null,
          "metric_1": null,
          "metric_2": null,
          "metric_scalar": null,
          "action_text": null,
          "bottom_line": null,
          "parse_status": "review",
          "issue_codes": [
            "MISSING_METRIC_LINE",
            "MISSING_BOTTOM_LINE",
            "LOW_OCR_CONFIDENCE"
          ],
          "ocr_confidence": 52,
          "ocr_profile": "threshold"
        },
        {
          "portfolio": "TURBO",
          "metrics_raw": "RVAB/REBAR! 1.19 {-0.71%/-5.71%)",
          "metric_1": null,
          "metric_2": null,
          "metric_scalar": null,
          "action_text": "BUY FCX ADD TO 7000 QAQ * BOTTOM LINE: DJA * WED KEYS: SPX VS 8E/ATH QQQVS 500/730 RZK VS SE/ATH © MID 25> S&PS0D KEY LEVELS <<< R2K * 7793 (8/4 INTRADAY A-T-H) 37758 FRI: LEADERS LEAD AS INDEXES CLOSE STRONG W GRO ™ 7SES(T1S21EMA) € 7/311 7/238 7/211 7/178 6/291 6/233 TUTTTTT *7501/7521 (13 S0D/10WK) € 7/314 7/238 7/211 7/174 6/294 EMAIL: + 7060/7086 (15 200D/40WK) € 4/84 3/19% TWITTE , LT PHONE] SUPE RORSU_1ARSSRWONS 8 2 ROGEN BIO BB FB --- WON 1. » N 3 WO ES OR SITE: REVEN > TN FEB AR ROR AY DUO AA AVG SCREENS [EE EY. 21.21 8110 <<< 21 ITEMS © BRES 1370 LI 1 ORN - DB EA EUS TON CR BE BE EL PY OC MO CR OA \"OG - POE ES",
          "bottom_line": null,
          "parse_status": "review",
          "issue_codes": [
            "MISSING_BOTTOM_LINE",
            "LOW_OCR_CONFIDENCE"
          ],
          "ocr_confidence": 52,
          "ocr_profile": "threshold"
        }
      ],
      "parsed_row_count": 2,
      "phash": "d5ff0080df1102ff",
      "prefilter_score": 15.25,
      "prefilter_stats": {
        "brightRatio": 0.77875,
        "darkRatio": 0.0525,
        "edgeRatio": 0.18500459331496008,
        "horizontalComparisons": 14151,
        "horizontalEdgeHits": 1319,
        "horizontalEdgeRatio": 0.09320896049749135,
        "meanLuma": 226.12020833333332,
        "stdDev": 51.34856167477054,
        "verticalComparisons": 14151,
        "verticalEdgeHits": 3917,
        "verticalEdgeRatio": 0.27680022613242883
      },
      "score": 82.22,
      "score_breakdown": {
        "chart_likeness": -6,
        "keyword_guard": 0,
        "ocr_confidence_bonus": 2.6,
        "pair_bonus": 0,
        "per_row_issues": -10,
        "per_row_metrics": 8,
        "text_density": 87.62
      },
      "screen_layout": "structured_whiteboard",
      "tickers": [
        "BE",
        "FCX",
        "OKTA",
        "PLTR",
        "SPYM",
        "UPRO"
      ],
      "timestamp": 680,
      "timestamp_hms": "00:11:20"
    }
  ],
  "top_rejected_candidates": [
    {
      "confusion_with_nearby": [],
      "frame_index": 0,
      "frame_path": "C:\\Users\\admin\\Projects\\portfolio_analyzer_revere\\data\\video_scan_20260915\\ocr-20260915-backfill\\ocr-20260915-backfill\\ocr_probe\\frames\\20260811_20260811_ajyhttfylpw_6c6f28db_whiteboard\\ocr\\ocr_000001.png",
      "is_intro_card": false,
      "issue_codes": [
        "MISSING_METRIC_LINE",
        "MISSING_BOTTOM_LINE",
        "LOW_OCR_CONFIDENCE"
      ],
      "low_res_frame_path": null,
      "nearest_ffmpeg_keyframe_ts": 0,
      "observed_date": null,
      "ocr_confidence": 0,
      "ocr_profile": "threshold",
      "ocr_text": "",
      "ocr_text_snippet": "",
      "output_kind": "whiteboard",
      "parsed_observations": [
        {
          "portfolio": "GRO",
          "metrics_raw": null,
          "metric_1": null,
          "metric_2": null,
          "metric_scalar": null,
          "action_text": null,
          "bottom_line": null,
          "parse_status": "review",
          "issue_codes": [
            "MISSING_METRIC_LINE",
            "MISSING_BOTTOM_LINE",
            "LOW_OCR_CONFIDENCE"
          ],
          "ocr_confidence": 0,
          "ocr_profile": "threshold"
        },
        {
          "portfolio": "TURBO",
          "metrics_raw": null,
          "metric_1": null,
          "metric_2": null,
          "metric_scalar": null,
          "action_text": null,
          "bottom_line": null,
          "parse_status": "review",
          "issue_codes": [
            "MISSING_METRIC_LINE",
            "MISSING_BOTTOM_LINE",
            "LOW_OCR_CONFIDENCE"
          ],
          "ocr_confidence": 0,
          "ocr_profile": "threshold"
        }
      ],
      "parsed_row_count": 2,
      "phash": "0000000000000000",
      "prefilter_score": 3.29,
      "prefilter_stats": {
        "brightRatio": 0.44680555555555557,
        "darkRatio": 0.3338888888888889,
        "edgeRatio": 0.2356370574517702,
        "horizontalComparisons": 14151,
        "horizontalEdgeHits": 2295,
        "horizontalEdgeRatio": 0.16217935128259486,
        "meanLuma": 161.32361111111112,
        "stdDev": 93.93151907559444,
        "verticalComparisons": 14151,
        "verticalEdgeHits": 4374,
        "verticalEdgeRatio": 0.3090947636209455
      },
      "score": -16.76,
      "score_breakdown": {
        "chart_likeness": -4.761525296428088,
        "keyword_guard": 0,
        "ocr_confidence_bonus": 0,
        "pair_bonus": 0,
        "per_row_issues": -12,
        "per_row_metrics": 0,
        "text_density": 0
      },
      "screen_layout": "chart",
      "tickers": [],
      "timestamp": 0,
      "timestamp_hms": "00:00:00"
    },
    {
      "confusion_with_nearby": [],
      "frame_index": 55,
      "frame_path": "C:\\Users\\admin\\Projects\\portfolio_analyzer_revere\\data\\video_scan_20260915\\ocr-20260915-backfill\\ocr-20260915-backfill\\ocr_probe\\frames\\20260811_20260811_ajyhttfylpw_6c6f28db_whiteboard\\ocr\\ocr_000056.png",
      "is_intro_card": false,
      "issue_codes": [
        "MISSING_METRIC_LINE",
        "MISSING_BOTTOM_LINE",
        "LOW_OCR_CONFIDENCE"
      ],
      "low_res_frame_path": null,
      "nearest_ffmpeg_keyframe_ts": 218.48,
      "observed_date": null,
      "ocr_confidence": 39,
      "ocr_profile": "threshold",
      "ocr_text": "2>>THEREV' = «ED      X ory Wey Mowity Tom      - Shs DBO\n2>> DAILY V ~ S&P 500 Index                                                                             SPX ($2491) 032 vox 4720542204 1207 $7,728.20\n* YT, X, iG, TikTok: @           _.               .                                                                                                                                                  N\nES MO NT SI Wo VN En iin NE\n“MARKEFSTAE, mmm mm ————————————————————————\n* WHAT HAPPENE                                                                                                                                          |                ,                  jd\nhb,   n-4]      m0\n21/21 0.22%                                                                       iM ST) HE\nT-12 +1.17%                                                              I\nMAG7 -0.87%                                                                                                   wo\nRGS  +0.35%                                                          <=\nRAIL00 +1.02%             oo                                            ra    pout       hiked\nSPX 0.32% gu      ef by, pe                               =       Tex    ro\naa an ltt  f     ul      f    ef             i    =    ———\"\nDIA 0.34%       I hr                    {it Jy f                           {         Fi      cara\nwo ose                        TE TA LA |         mmmmnooowm\nRK 40.32%                                                il d  me       Jf                                    no\n/    |   |  |   |\nGRO ~-0.33%\nmEmmmEEEEEmES li | li il Il I   I  |  Ii  peed [11] 11 \" I i ling li  Imi | I il il\n* EMAIL: don@red eo voume 2                     IN     -     oo     -            7     in                    []\n\n\"                                                                                     i\nmone toa        Il                     JEP FTP 110111) 1191111 TOO   EE\n1\n\n:                  wo             py             pr                            one\n®: SITE: reven                                                                                                            =a                                  ae e—\nscrews    Ls] Repens   21.21 8/10 <<< 21 items © Lirases 1200 LE 1m               ore - Cm EQ\nPO Cr a Bl ME Me CR pc mo CR oa \"gD, =        -             i\n",
      "ocr_text_snippet": "2>>THEREV' = «ED X ory Wey Mowity Tom - Shs DBO 2>> DAILY V ~ S&P 500 Index SPX ($2491) 032 vox 4720542204 1207 $7,728.20 * YT, X, iG, TikTok: @ _. . N ES MO NT SI Wo VN En iin NE “MARKEFSTAE, mmm ...",
      "output_kind": "whiteboard",
      "parsed_observations": [
        {
          "portfolio": "GRO",
          "metrics_raw": null,
          "metric_1": null,
          "metric_2": null,
          "metric_scalar": null,
          "action_text": null,
          "bottom_line": null,
          "parse_status": "review",
          "issue_codes": [
            "MISSING_METRIC_LINE",
            "MISSING_BOTTOM_LINE",
            "LOW_OCR_CONFIDENCE"
          ],
          "ocr_confidence": 39,
          "ocr_profile": "threshold"
        },
        {
          "portfolio": "TURBO",
          "metrics_raw": null,
          "metric_1": null,
          "metric_2": null,
          "metric_scalar": null,
          "action_text": null,
          "bottom_line": null,
          "parse_status": "review",
          "issue_codes": [
            "MISSING_METRIC_LINE",
            "MISSING_BOTTOM_LINE",
            "LOW_OCR_CONFIDENCE"
          ],
          "ocr_confidence": 39,
          "ocr_profile": "threshold"
        }
      ],
      "parsed_row_count": 2,
      "phash": "80aab71f7717b288",
      "prefilter_score": 22.37,
      "prefilter_stats": {
        "brightRatio": 0.71875,
        "darkRatio": 0.08576388888888889,
        "edgeRatio": 0.1911172355310579,
        "horizontalComparisons": 14151,
        "horizontalEdgeHits": 2031,
        "horizontalEdgeRatio": 0.14352342590629638,
        "meanLuma": 217.8204861111111,
        "stdDev": 62.47139287339027,
        "verticalComparisons": 14151,
        "verticalEdgeHits": 3378,
        "verticalEdgeRatio": 0.23871104515581937
      },
      "score": -22.89,
      "score_breakdown": {
        "chart_likeness": -2.839068174599886,
        "keyword_guard": -18,
        "ocr_confidence_bonus": 1.95,
        "pair_bonus": 0,
        "per_row_issues": -12,
        "per_row_metrics": 0,
        "text_density": 8
      },
      "screen_layout": "tale_of_the_tape",
      "tickers": [],
      "timestamp": 220,
      "timestamp_hms": "00:03:40"
    },
    {
      "confusion_with_nearby": [],
      "frame_index": 225,
      "frame_path": "C:\\Users\\admin\\Projects\\portfolio_analyzer_revere\\data\\video_scan_20260915\\ocr-20260915-backfill\\ocr-20260915-backfill\\ocr_probe\\frames\\20260811_20260811_ajyhttfylpw_6c6f28db_whiteboard\\ocr\\ocr_000226.png",
      "is_intro_card": false,
      "issue_codes": [
        "MISSING_METRIC_LINE",
        "MISSING_BOTTOM_LINE",
        "LOW_OCR_CONFIDENCE"
      ],
      "low_res_frame_path": null,
      "nearest_ffmpeg_keyframe_ts": 901.92,
      "observed_date": null,
      "ocr_confidence": 37,
      "ocr_profile": "threshold",
      "ocr_text": ">>> THE -. |\nTE MarseTsURes a (0)       x omy | weedy Mommy soMne  < anm  § Sass DBS O\n>>> DAILY V\n® Okta Inc. CI A ax:                                                                                     $150.30              $150.33\n® YT, X, IG, TIkTok: @ Corpor Snav-secarty 22 1551                                      SDsysavgVol  BEA0N6E Markel Cap    $28.08       [50031 002%        OKTA (80 44) 0 29%,\n>>> TUESDAY, A © Sones v mansioccem       HE              rian ie Soom peat $1 ape 1520 WEY tion Lit Ucn, Ooda nl 1 tr\nTMARKETSTATE: Cov Rs Em ER 8 eee ST mga\n* WHAT HAPPENE oo Beem on Poonam ——— er\n    Ee so pega      2\nRT ec                                    @         H lg      tt       E\nN21 022% ms am ow eee uw                                            #   hut\niy trap mmm main D                                      I                 Tr  Pe\nA7% am ze ete ov pangs say -                                      1,       Ir      so     es rang\nMAG7 0.87% mama 5 o1a.e oro SncrSrown ies                               Ly i)       pA A\nRG&    +0.35%   220 42   Ses EL pe    42(42X SP)                                                                1         Pp\nRAIL00 +1.02%         _      FR 0,  wl            ne\nSPX 0.32%         _         pT pte op                                   i\nLe                   Tr re ——     Ei\nQaQ 0.34% Me       EA Se A  \"} perl [Ea  1 ca                    ®\nDIA 0.38% LUPE                TAAL hn Af              f\nMID +0.28%    os                AE       WAS                  “\nRK 40.32%       |           y               Il      |\nir || OT i BT rl TT Cm 2 05 (Tr rf   [ib I {Eva di wT ha\nuo                           a\nRO ~033% POE     Co              vu          no        Cw\n=============c Ug   [I —Y  CJ  %   a]  7  or   a   [EI a—}  %  or\nee         son        re       pe         pW        wy        on        M         nog\n* EMAIL: JON@IE! 4, rgug pecan 2525                        [ArS——                                  [rcs                                     C esowun:\n* TWITTER (X): @c      “       oer      az        050            w            om           ign          os            -            086           “wn             087                   EPS (5. % Chg.\n“PHONE: (8SS)RE = 0 wer mio         -         azo         i.         0          -          wo         M            ma             PR\n®: SITE: reven                             oe                                                            on           =a                                              a                                        Alte Tas Margin\nScreens.        Lists    |   Reports      21.21 8/10 <<< 21items © Litres ih ACPM LTE 10                           O Par -    [=28 IN I.N\n116 Gorse Oreo BBB i on [PR VT. RN RN SN      Doe            I~\n",
      "ocr_text_snippet": ">>> THE -. | TE MarseTsURes a (0) x omy | weedy Mommy soMne < anm § Sass DBS O >>> DAILY V ® Okta Inc. CI A ax: $150.30 $150.33 ® YT, X, IG, TIkTok: @ Corpor Snav-secarty 22 1551 SDsysavgVol BEA0N6...",
      "output_kind": "whiteboard",
      "parsed_observations": [
        {
          "portfolio": "GRO",
          "metrics_raw": null,
          "metric_1": null,
          "metric_2": null,
          "metric_scalar": null,
          "action_text": null,
          "bottom_line": null,
          "parse_status": "review",
          "issue_codes": [
            "MISSING_METRIC_LINE",
            "MISSING_BOTTOM_LINE",
            "LOW_OCR_CONFIDENCE"
          ],
          "ocr_confidence": 37,
          "ocr_profile": "threshold"
        },
        {
          "portfolio": "TURBO",
          "metrics_raw": null,
          "metric_1": null,
          "metric_2": null,
          "metric_scalar": null,
          "action_text": null,
          "bottom_line": null,
          "parse_status": "review",
          "issue_codes": [
            "MISSING_METRIC_LINE",
            "MISSING_BOTTOM_LINE",
            "LOW_OCR_CONFIDENCE"
          ],
          "ocr_confidence": 37,
          "ocr_profile": "threshold"
        }
      ],
      "parsed_row_count": 2,
      "phash": "80aa9f5f5e157298",
      "prefilter_score": 19.71,
      "prefilter_stats": {
        "brightRatio": 0.7258333333333333,
        "darkRatio": 0.08034722222222222,
        "edgeRatio": 0.1947565543071161,
        "horizontalComparisons": 14151,
        "horizontalEdgeHits": 1700,
        "horizontalEdgeRatio": 0.12013285280192212,
        "meanLuma": 217.133125,
        "stdDev": 61.22544054068567,
        "verticalComparisons": 14151,
        "verticalEdgeHits": 3812,
        "verticalEdgeRatio": 0.26938025581231007
      },
      "score": -26.15,
      "score_breakdown": {
        "chart_likeness": -6,
        "keyword_guard": -18,
        "ocr_confidence_bonus": 1.85,
        "pair_bonus": 0,
        "per_row_issues": -12,
        "per_row_metrics": 0,
        "text_density": 8
      },
      "screen_layout": "tale_of_the_tape",
      "tickers": [
        "OKTA"
      ],
      "timestamp": 900,
      "timestamp_hms": "00:15:00"
    },
    {
      "confusion_with_nearby": [],
      "frame_index": 90,
      "frame_path": "C:\\Users\\admin\\Projects\\portfolio_analyzer_revere\\data\\video_scan_20260915\\ocr-20260915-backfill\\ocr-20260915-backfill\\ocr_probe\\frames\\20260811_20260811_ajyhttfylpw_6c6f28db_whiteboard\\ocr\\ocr_000091.png",
      "is_intro_card": false,
      "issue_codes": [
        "MISSING_METRIC_LINE",
        "MISSING_BOTTOM_LINE",
        "LOW_OCR_CONFIDENCE"
      ],
      "low_res_frame_path": null,
      "nearest_ffmpeg_keyframe_ts": 360.92,
      "observed_date": null,
      "ocr_confidence": 37,
      "ocr_profile": "threshold",
      "ocr_text": "ee. |\n22> THE REV MarceTsUzes  o (IR         x Tomy | Wee Mowwy Mnv  < snzs  Las - DESO\n>>> DAILY V                                                                                                                                                   $3,027.42\nT,X, 16, TkTok: @ © Russell 2000 Index                                                             wr len\n>>> TUESDAY, A           © mush        :                                                                     Lp 04300 £7 cB 2028\nTMARKETSTATE: & 4% + © B40 ® ON pe fT NAT Spay 8\n—           -                                                                         x\n* WHAT SE eT a ——\n21/21 0.22%                                                                               .          )\nT12 +L17%                                             yh     hii   wo\nMAG? -0.87%                                                         me iH)  ig) Pe bi\nRGS  +035%                                                       Ted  .   WW\nRAIL00 +1.02%                  on                      lan [ie   Le               -\nSPX 0.32%                      fi    wo                  rr 2 Lo\nLARS                           -\nQaQ 0.34%                        ]             Le\nA 0.34%         fd      ra      SE Ae lf pa                               i.\nDIA 0.        Mh N  Pr     is By  N    Eo\nMID +0.28%    rt pe et          3 fi                   NK\nR2K +0320 de oT ARE                                      NE              LT\nSY -                                       vo\ni                      y\noro ~033% IJ Ls      i                         I\na |      — al                     Chea\n* EMAIL: dON@ME' gg youre              Nn                                       »       a                     -\nfe                       -              r                                             FA\n* TWITTER (X): @(        |                  |                        |                          i                            |              |                            |        Bs\nPUONEBSSIRL w (FW mw mT ow’ sw ow Ew wow mw wm www\n5 SITE: rover             oe                 ™                re               w                 Em            wr               -                M                    .\n®            '    Screans.       Lists    |   Reports      21.21 8/10 <<< 21items © nates 1h 2CHM1 TET                          O Pay -    DR BQ\nLote onsen Green BBB oo JES RR IPC SR     -      —             i.\n",
      "ocr_text_snippet": "ee. | 22> THE REV MarceTsUzes o (IR x Tomy | Wee Mowwy Mnv < snzs Las - DESO >>> DAILY V $3,027.42 T,X, 16, TkTok: @ © Russell 2000 Index wr len >>> TUESDAY, A © mush : Lp 04300 £7 cB 2028 TMARKETS...",
      "output_kind": "whiteboard",
      "parsed_observations": [
        {
          "portfolio": "GRO",
          "metrics_raw": null,
          "metric_1": null,
          "metric_2": null,
          "metric_scalar": null,
          "action_text": null,
          "bottom_line": null,
          "parse_status": "review",
          "issue_codes": [
            "MISSING_METRIC_LINE",
            "MISSING_BOTTOM_LINE",
            "LOW_OCR_CONFIDENCE"
          ],
          "ocr_confidence": 37,
          "ocr_profile": "threshold"
        },
        {
          "portfolio": "TURBO",
          "metrics_raw": null,
          "metric_1": null,
          "metric_2": null,
          "metric_scalar": null,
          "action_text": null,
          "bottom_line": null,
          "parse_status": "review",
          "issue_codes": [
            "MISSING_METRIC_LINE",
            "MISSING_BOTTOM_LINE",
            "LOW_OCR_CONFIDENCE"
          ],
          "ocr_confidence": 37,
          "ocr_profile": "threshold"
        }
      ],
      "parsed_row_count": 2,
      "phash": "80ae3f7b5e557280",
      "prefilter_score": 18.15,
      "prefilter_stats": {
        "brightRatio": 0.7820833333333334,
        "darkRatio": 0.08291666666666667,
        "edgeRatio": 0.16952865521871247,
        "horizontalComparisons": 14151,
        "horizontalEdgeHits": 1510,
        "horizontalEdgeRatio": 0.1067062398417073,
        "meanLuma": 221.76347222222222,
        "stdDev": 61.00409958126956,
        "verticalComparisons": 14151,
        "verticalEdgeHits": 3288,
        "verticalEdgeRatio": 0.2323510705957176
      },
      "score": -26.15,
      "score_breakdown": {
        "chart_likeness": -6,
        "keyword_guard": -18,
        "ocr_confidence_bonus": 1.85,
        "pair_bonus": 0,
        "per_row_issues": -12,
        "per_row_metrics": 0,
        "text_density": 8
      },
      "screen_layout": "tale_of_the_tape",
      "tickers": [],
      "timestamp": 360,
      "timestamp_hms": "00:06:00"
    }
  ],
  "whiteboard_segments": [
    {
      "capture_count": 2,
      "end_ts": 640,
      "end_hms": "00:10:40",
      "is_intro_card": false,
      "layout": "structured_whiteboard",
      "peak_frame_index": 160,
      "peak_score": 82.38,
      "start_hms": "00:09:20",
      "start_ts": 560
    },
    {
      "capture_count": 1,
      "end_ts": 1160,
      "end_hms": "00:19:20",
      "is_intro_card": false,
      "layout": "structured_whiteboard",
      "peak_frame_index": 290,
      "peak_score": 86.02,
      "start_hms": "00:19:20",
      "start_ts": 1160
    }
  ],
  "log_path": "C:\\Users\\admin\\Projects\\portfolio_analyzer_revere\\data\\video_scan_20260915\\ocr-20260915-backfill\\ocr-20260915-backfill\\ocr_probe\\logs\\20260811_20260811_ajyhttfylpw_6c6f28db_whiteboard.json"
}
