# cmd: node tools/scanVideoWithOcr.js --video C:\Users\admin\Projects\portfolio_analyzer_revere\data\video_pipeline\downloads_hires\20260715_Ghinv97ESMQ.mp4 --date 20260715 --output-root C:\Users\admin\Projects\portfolio_analyzer_revere\data\video_scan_20260915\ocr-20260915-backfill --run-tag ocr-20260915-backfill --ffmpeg-bin c:/Users/admin/AppData/Local/Microsoft/WinGet/Packages/Gyan.FFmpeg_Microsoft.Winget.Source_8wekyb3d8bbwe/ffmpeg-9.0.1-full_build/bin/ffmpeg.exe
[scan:whiteboard] ffprobe found 161 keyframe(s) for nearest-keyframe lookup
[scan:whiteboard] preflighting final whiteboard output extraction
[scan:whiteboard] extracting sample frames from C:\Users\admin\Projects\portfolio_analyzer_revere\data\video_pipeline\downloads_hires\20260715_Ghinv97ESMQ.mp4
[scan:whiteboard] extracted 201 frame(s) at 0.25 fps with width 640; starting prefilter
[scan:whiteboard] prefilter 1/201 frames after 00:00:00; best prefilter 3.29 at 00:00:00
[scan:whiteboard] prefilter 10/201 frames after 00:00:00; best prefilter 3.30 at 00:00:20
[scan:whiteboard] prefilter 20/201 frames after 00:00:00; best prefilter 3.31 at 00:01:16
[scan:whiteboard] prefilter 30/201 frames after 00:00:00; best prefilter 17.26 at 00:01:36
[scan:whiteboard] prefilter 40/201 frames after 00:00:01; best prefilter 17.26 at 00:01:36
[scan:whiteboard] prefilter 50/201 frames after 00:00:01; best prefilter 17.39 at 00:03:04
[scan:whiteboard] prefilter 60/201 frames after 00:00:01; best prefilter 17.39 at 00:03:04
[scan:whiteboard] prefilter 70/201 frames after 00:00:01; best prefilter 17.39 at 00:03:04
[scan:whiteboard] prefilter 80/201 frames after 00:00:01; best prefilter 17.39 at 00:03:04
[scan:whiteboard] prefilter 90/201 frames after 00:00:01; best prefilter 17.39 at 00:03:04
[scan:whiteboard] prefilter 100/201 frames after 00:00:01; best prefilter 17.39 at 00:03:04
[scan:whiteboard] prefilter 110/201 frames after 00:00:01; best prefilter 17.39 at 00:03:04
[scan:whiteboard] prefilter 120/201 frames after 00:00:02; best prefilter 17.39 at 00:03:04
[scan:whiteboard] prefilter 130/201 frames after 00:00:02; best prefilter 17.39 at 00:03:04
[scan:whiteboard] prefilter 140/201 frames after 00:00:02; best prefilter 17.39 at 00:03:04
[scan:whiteboard] prefilter 150/201 frames after 00:00:02; best prefilter 17.39 at 00:03:04
[scan:whiteboard] prefilter 160/201 frames after 00:00:02; best prefilter 17.39 at 00:03:04
[scan:whiteboard] prefilter 170/201 frames after 00:00:02; best prefilter 17.39 at 00:03:04
[scan:whiteboard] prefilter 180/201 frames after 00:00:02; best prefilter 17.39 at 00:03:04
[scan:whiteboard] prefilter 190/201 frames after 00:00:03; best prefilter 17.39 at 00:03:04
[scan:whiteboard] prefilter 200/201 frames after 00:00:03; best prefilter 17.39 at 00:03:04
[scan:whiteboard] prefilter 201/201 frames after 00:00:03; best prefilter 17.39 at 00:03:04
[scan:whiteboard] prefilter kept 60/201 frame(s) for OCR; best prefilter 17.39 at 00:03:04
[scan:whiteboard] extracting OCR candidates from source video at width 1280
[scan:whiteboard] OCR 1/60 frames (1.7%) after 00:00:01; best score -16.48 at 00:00:00 (ocr 0.0)
[scan:whiteboard] OCR 10/60 frames (16.7%) after 00:00:44; best score 56.89 at 00:00:48 (ocr 65.0)
[scan:whiteboard] OCR 20/60 frames (33.3%) after 00:01:46; best score 114.89 at 00:03:48 (ocr 61.0)
[scan:whiteboard] OCR 30/60 frames (50.0%) after 00:02:36; best score 114.94 at 00:04:00 (ocr 61.0)
[scan:whiteboard] OCR 40/60 frames (66.7%) after 00:03:51; best score 114.94 at 00:04:00 (ocr 61.0)
[scan:whiteboard] OCR 50/60 frames (83.3%) after 00:05:16; best score 114.94 at 00:04:00 (ocr 61.0)
[scan:whiteboard] OCR 60/60 frames (100.0%) after 00:06:09; best score 114.94 at 00:04:00 (ocr 61.0)
{
  "date_key": "20260715",
  "output_kind": "whiteboard",
  "video_path": "C:\\Users\\admin\\Projects\\portfolio_analyzer_revere\\data\\video_pipeline\\downloads_hires\\20260715_Ghinv97ESMQ.mp4",
  "captured_count": 3,
  "captures": [
    {
      "confusion_with_nearby": [],
      "frame_index": 60,
      "frame_path": "C:\\Users\\admin\\Projects\\portfolio_analyzer_revere\\data\\video_scan_20260915\\ocr-20260915-backfill\\ocr-20260915-backfill\\ocr_probe\\frames\\20260715_20260715_ghinv97esmq_7f55ae61_whiteboard\\ocr\\ocr_000061.png",
      "is_intro_card": false,
      "issue_codes": [],
      "low_res_frame_path": null,
      "nearest_ffmpeg_keyframe_ts": 240.32,
      "observed_date": null,
      "ocr_confidence": 61,
      "ocr_profile": "threshold",
      "ocr_text": "® Preview Fie fot View Go Toots Window Help                                                                          G @ +       []     MC A © LC; FB A E @ Weds 508M\n.          oc Do        Dao                                                                                                       WHAT'S THE MARKET TREND?\nevn                                                                                                                             “THE GROTECTION GAUGE\"\n\n22 TALE OF THE TAPE ~ WEDNESDAY. JULY 15.2026 <<\n* MARKET STATE: UPTREND                                                                                                                                                                                 p—\n*STOINDEXESOT 14 RGBOA SU NASI USDA TNX/TYXE vs 5d                                                                                          | <D]\n* SENTIMENT: VIX 15 67 1-5 05 FRG           Ann363449 26.5001 TERR RAM B25 1.70                                                                     —————\nBULL CASE: INITIATE RALLY & TREND 21EMA 46/30 2*” CLOSE ABOVE\nDBEAR CASE: SUSTAINED BREAK BELOW 21EMA                                                                                                               soRT TERM i210ms) ==>\n* NEWS: CPI COOLER THAN EXPECTED; WED: PPI THURS: RETAIL SALES                                                         630 NEUTRAL > UP\n+ TODAY'S KEYS: SPX vs 760042161 QAQvs21E  /SCOT RK vs 8EJ/2ET  SPXATR?D\nSOAYCT:U2/ =>U2/  8e12f 2erizd                                                                                            Weim TERM (50am) =\n* ACTION: 0 +0375 7581 SELL-OFF $7557 $7530 $7550                                                                  _          17125 NEDTRAL => UP\n*SPXO/N 7538-7569% 07571 030 7557-75811 WH 75267581\n*SPXATR: 1.15% SPK-038% 60/40 +0.29% GRO -0.57% TURBO                                                                       Lowa TERM (2008ma) =>    [\n* SECTORS:  6P5 USD XRT XHE JETS KRE ITB J 8Y% USD MEME REMX SMH GDX                                                              Dl\n* GRO HOLDINGS: SPYM,UPRQ,0D0G, HOOD, FTNT,TWLO,ADDT, LLYX.\n* GRO RVAB/REBAR: 1.06 (0435/4 82%) SEL OEtt AMD SOX. DRAKE TRA LET 00D TWLO O-TAMA TY\n* TURBO HOLDINGS: SPY84,PRO,TQQQ.0HYP IB, ETHA, LAB, 000G HOOD ADDTTWLO FTN\n* TURBO RVAB/REBAR 1.72 (-2.41%/-5.99%) SELL DRAM\n* BOTTOM LINE: =» MASSIVE VOLATILITY IN “Al STOCKS’ CONTINUES\n* THURS KEYS: SPXvs 7600/21€ QQQ vs 216/500 RZKvSBE/21€  SPKATRD\n>> SEPS00 KEY LEVELS <<<\n* 7621 (6/2 INTRADAY A-T-H}\nP7575 FRI: SPX BREAKOUT ON MEGA CAP STRENGTH; LEADERS QUIET\nP7572 TODAY: MASSIVE VOLATILITY IN ‘Al STOCKS’ CONTINUES\n37544 TUES: COOL CPIRPT, AT STOCKS BOUNCE; INDEXES COILING FOR A MOVE\n+7490 (16 21EMA) € 6/79 1 6/238 6/171 6/54 4/81\n*7454/7476(1 6 S0O/10WK} € 4/5 2/274 1/211 1/204\n* 6978/7004 [5 200D/40WK)_€ 5/127 5/8 SLOPE\n\n* EMAIL connor@revereasset.com                ney ere  Asset            Connor Bates\n\n* TWITTER {X}: @ConnorJBates_                                                                                                   Analyst/Assoclate PM\n\n* PHONE: (855) REAL-WEALTH / (855) 732-5932               M an a     e m e nt                      Email: Connor@RovereAssotcom\n\n* WEB SITE: revereasset.com|                                                                                                              Twister: @ConnorBotes..\n",
      "ocr_text_snippet": "® Preview Fie fot View Go Toots Window Help G @ + [] MC A © LC; FB A E @ Weds 508M . oc Do Dao WHAT'S THE MARKET TREND? evn “THE GROTECTION GAUGE\" 22 TALE OF THE TAPE ~ WEDNESDAY. JULY 15.2026 << *...",
      "output_kind": "whiteboard",
      "parsed_observations": [
        {
          "portfolio": "GRO",
          "metrics_raw": "HOLDINGS: SPYM,UPRQ,0D0G, HOOD, FTNT,TWLO,",
          "metric_1": null,
          "metric_2": null,
          "metric_scalar": null,
          "action_text": "ADD T, LLYX.",
          "bottom_line": "=» MASSIVE VOLATILITY IN \"AL STOCKS' CONTINUES THURS KEYS: SPXVS 7600/21€ QQQ VS 216/500 RZKVSBE/21€ SPKATRD SEPS00 KEY LEVELS <<< 7621 (6/2 INTRADAY A-T-H} P7575 FRI: SPX BREAKOUT ON MEGA CAP STRENGTH; LEADERS QUIET P7572 TODAY: MASSIVE VOLATILITY IN 'AL STOCKS' CONTINUES 37544 TUES: COOL CPIRPT, AT STOCKS BOUNCE; INDEXES COILING FOR A MOVE 7490 (16 21EMA) € 6/79 1 6/238 6/171 6/54 4/81 7454/7476(1 6 S0O/10WK} € 4/5 2/274 1/211 1/204 6978/7004 [5 200D/40WK)_€ 5/127 5/8 SLOPE EMAIL CONNOR@REVEREASSET.COM NEY ERE ASSET CONNOR BATES TWITTER {X}: @CONNORJBATES_ ANALYST/ASSOCLATE PM PHONE: (855) REAL-WEALTH / (855) 732-5932 M AN A E M E NT EMAIL: CONNOR@ROVEREASSOTCOM WEB SITE: REVEREASSET.COM TWISTER: @CONNORBOTES..",
          "parse_status": "ok",
          "issue_codes": [],
          "ocr_confidence": 61,
          "ocr_profile": "threshold"
        },
        {
          "portfolio": "TURBO",
          "metrics_raw": "HOLDINGS: SPY84,PRO,TQQQ.0HYP IB, ETHA, LAB, 000G HOOD",
          "metric_1": null,
          "metric_2": null,
          "metric_scalar": null,
          "action_text": "ADD TTWLO FTN",
          "bottom_line": "=» MASSIVE VOLATILITY IN \"AL STOCKS' CONTINUES THURS KEYS: SPXVS 7600/21€ QQQ VS 216/500 RZKVSBE/21€ SPKATRD SEPS00 KEY LEVELS <<< 7621 (6/2 INTRADAY A-T-H} P7575 FRI: SPX BREAKOUT ON MEGA CAP STRENGTH; LEADERS QUIET P7572 TODAY: MASSIVE VOLATILITY IN 'AL STOCKS' CONTINUES 37544 TUES: COOL CPIRPT, AT STOCKS BOUNCE; INDEXES COILING FOR A MOVE 7490 (16 21EMA) € 6/79 1 6/238 6/171 6/54 4/81 7454/7476(1 6 S0O/10WK} € 4/5 2/274 1/211 1/204 6978/7004 [5 200D/40WK)_€ 5/127 5/8 SLOPE EMAIL CONNOR@REVEREASSET.COM NEY ERE ASSET CONNOR BATES TWITTER {X}: @CONNORJBATES_ ANALYST/ASSOCLATE PM PHONE: (855) REAL-WEALTH / (855) 732-5932 M AN A E M E NT EMAIL: CONNOR@ROVEREASSOTCOM WEB SITE: REVEREASSET.COM TWISTER: @CONNORBOTES..",
          "parse_status": "ok",
          "issue_codes": [],
          "ocr_confidence": 61,
          "ocr_profile": "threshold"
        }
      ],
      "parsed_row_count": 2,
      "phash": "c291e06cd6d33cad",
      "prefilter_score": 1.82,
      "prefilter_stats": {
        "brightRatio": 0.42291666666666666,
        "darkRatio": 0.311875,
        "edgeRatio": 0.25697830542011163,
        "horizontalComparisons": 14151,
        "horizontalEdgeHits": 2386,
        "horizontalEdgeRatio": 0.16860999222669776,
        "meanLuma": 161.52305555555554,
        "stdDev": 91.78014428572243,
        "verticalComparisons": 14151,
        "verticalEdgeHits": 4887,
        "verticalEdgeRatio": 0.34534661861352556
      },
      "score": 114.94,
      "score_breakdown": {
        "chart_likeness": -5.868188058603131,
        "keyword_guard": 0,
        "ocr_confidence_bonus": 3.05,
        "pair_bonus": 4,
        "per_row_issues": 0,
        "per_row_metrics": 18,
        "text_density": 95.76
      },
      "screen_layout": "structured_whiteboard",
      "tickers": [
        "ETHA",
        "HOOD",
        "REMX",
        "SPYM"
      ],
      "timestamp": 240,
      "timestamp_hms": "00:04:00",
      "output_path": "C:\\Users\\admin\\Projects\\portfolio_analyzer_revere\\data\\video_scan_20260915\\ocr-20260915-backfill\\ocr-20260915-backfill\\screenshots\\20260715_ps_4.png"
    },
    {
      "confusion_with_nearby": [],
      "frame_index": 78,
      "frame_path": "C:\\Users\\admin\\Projects\\portfolio_analyzer_revere\\data\\video_scan_20260915\\ocr-20260915-backfill\\ocr-20260915-backfill\\ocr_probe\\frames\\20260715_20260715_ghinv97esmq_7f55ae61_whiteboard\\ocr\\ocr_000079.png",
      "is_intro_card": false,
      "issue_codes": [],
      "low_res_frame_path": null,
      "nearest_ffmpeg_keyframe_ts": 310.56,
      "observed_date": null,
      "ocr_confidence": 62,
      "ocr_profile": "threshold",
      "ocr_text": "# Preview Filo Eo view Go Tools Window Help                                             G © +    ® MC AO LC mm FT A BG Weds 50M\nB          BE Do        Baan                                                                                                       WHAT'S THE MARKET TREND?\nhs                                                                                                                             “THE GROTECTION GAUGE\"\n\n22 TALE OF THE TAPE ~ WEDNESDAY. JULY 15.2026 <<\n* MARKET STATE: UPTREND                                                                                                                                                                                 p—\n*STOINDEXESOT 14 RGBOT 54 NASI USD TNX/TVXA vs Sd                                                                                          <=]\n* SENTIMENT: VIX 15.67 1 05 9 FRG             ANB 36.3443 26.500.1 TERRY NAAM 5295 1.70                                                                                 —\nBULL CASE: INITIATE RALLY & TREND 21EMA 46/30 2\" CLOSE ABOVE\nFBEAR CASE: SUSTAINED BREAK BELOW 21€MA                                                                                                               sont Term (21ome) ==>                             4\n* NEWS: CPI COOLER THAN EXPECTED; WED: PPI THURS: RETAIL SALES                                                             630 NEUTRAL =» UP                   5 |\n* TODAY'S KEYS: SPX vs 76004216 QQQvs21E  /S00T R2Kvs BEJ/2IET  SPXATRZT\n*DAYCT:U2/ =>U2/ Belz e121                                                                                            Weim ERM (50am) =\n* ACTION: 040.375 17581 SELL-OFF $7557 $7530 17550                                            _       17125 NEUTRAL > UP\n*SPXO/N 7538-75691 07571 030 7557-75811 L/M 7526-7581\n*SPXATR: 115% SPX+0.38% 60/40 0.29% GRO -0.57% TURBO                                                                       Lowa TERM (2008ms) =>    IEE 3\n* SECTORS: 1 6P5 USD XRT XHE JETS KRE ITB 3 BY% USD MEME REMX SMH GDX                                                           75 nevtRAL => up\n* GRO HOLDINGS: SPYM,UPRO,000G, HOOD FTNT,TWLO,RDOT,LL¥YX\n* GRO RVAB/REBAR: 1.06 (-0.435%/-4,82%) SEL OEE AMD SOX! DRAM TRA LATE 000 TWO O-TRMH FHT\n* TURBO HOLDINGS: SPYR4PRO,TQQQ.0HYP IB, ETHA, LAB, 000G HOOD ADOT TWIO SINT\n* TURBO RVAB/REBAR: 1.72 (2 41%/5.99%) SELL DRAM\n* BOTTOM LINE: =» MASSIVE VOLATILITY IN ‘Al STOCKS’ CONTINUES\n* THURS KEYS: SPX vs 7600/21 QQQ VS 216/500 RZKVSSE/21E SPX ATR?\n>> S&PSO0 KEY LEVELS <<<\n* 7621 (6/2 INTRADAY A-T-H}\n7575 FRI: SPX BREAKOUT ON MEGA CAP STRENGTH; LEADERS QUIET\n97572 TODAY: MASSIVE VOLATILITY IN “Al STOCKS’ CONTINUES.\n27544 TUES: COOL CPIRPT, A1 STOCKS BOUNCE; INDEXFS COILING FOR A MOVE\n+7490 (16 21EMA) € 6/29 © 6/23 6/121 6/54 4/8\n*7454/7476(16 S00/10WK} € 4/84 2/274 1/214 1/204\n* 6978/7004 {15 200D/40WK]_€ 5/12 5/8 SLOPE\n\n* EMAIL: connor @revereasset.com                 ey ere  Asset             ConnorBates\n\n* TWITTER {X}: @ConnorJBates_                                                                                                   Analyst/associate PM\n\n* PHONE: (855) REAL-WEALTH / (855) 732-5932                 \\ 1  an a     e m e nt                      Email: Connor@RovoreAssoteom\n\n* WEB SITE: revereasset.com|                                                                                                                             Twitter @ConnorBots..\n",
      "ocr_text_snippet": "# Preview Filo Eo view Go Tools Window Help G © + ® MC AO LC mm FT A BG Weds 50M B BE Do Baan WHAT'S THE MARKET TREND? hs “THE GROTECTION GAUGE\" 22 TALE OF THE TAPE ~ WEDNESDAY. JULY 15.2026 << * M...",
      "output_kind": "whiteboard",
      "parsed_observations": [
        {
          "portfolio": "GRO",
          "metrics_raw": "HOLDINGS: SPYM,UPRO,000G, HOOD FTNT,TWLO,RDOT,LL¥YX",
          "metric_1": null,
          "metric_2": null,
          "metric_scalar": null,
          "action_text": null,
          "bottom_line": "=» MASSIVE VOLATILITY IN 'AL STOCKS' CONTINUES THURS KEYS: SPX VS 7600/21 QQQ VS 216/500 RZKVSSE/21E SPX ATR? S&PSO0 KEY LEVELS <<< 7621 (6/2 INTRADAY A-T-H} 7575 FRI: SPX BREAKOUT ON MEGA CAP STRENGTH; LEADERS QUIET 97572 TODAY: MASSIVE VOLATILITY IN \"AL STOCKS' CONTINUES. 27544 TUES: COOL CPIRPT, A1 STOCKS BOUNCE; INDEXFS COILING FOR A MOVE 7490 (16 21EMA) € 6/29 © 6/23 6/121 6/54 4/8 7454/7476(16 S00/10WK} € 4/84 2/274 1/214 1/204 6978/7004 {15 200D/40WK]_€ 5/12 5/8 SLOPE EMAIL: CONNOR @REVEREASSET.COM EY ERE ASSET CONNORBATES TWITTER {X}: @CONNORJBATES_ ANALYST/ASSOCIATE PM PHONE: (855) REAL-WEALTH / (855) 732-5932 \\ 1 AN A E M E NT EMAIL: CONNOR@ROVOREASSOTEOM WEB SITE: REVEREASSET.COM TWITTER @CONNORBOTS..",
          "parse_status": "ok",
          "issue_codes": [],
          "ocr_confidence": 62,
          "ocr_profile": "threshold"
        },
        {
          "portfolio": "TURBO",
          "metrics_raw": "HOLDINGS: SPYR4PRO,TQQQ.0HYP IB, ETHA, LAB, 000G HOOD ADOT TWIO SINT",
          "metric_1": null,
          "metric_2": null,
          "metric_scalar": null,
          "action_text": null,
          "bottom_line": "=» MASSIVE VOLATILITY IN 'AL STOCKS' CONTINUES THURS KEYS: SPX VS 7600/21 QQQ VS 216/500 RZKVSSE/21E SPX ATR? S&PSO0 KEY LEVELS <<< 7621 (6/2 INTRADAY A-T-H} 7575 FRI: SPX BREAKOUT ON MEGA CAP STRENGTH; LEADERS QUIET 97572 TODAY: MASSIVE VOLATILITY IN \"AL STOCKS' CONTINUES. 27544 TUES: COOL CPIRPT, A1 STOCKS BOUNCE; INDEXFS COILING FOR A MOVE 7490 (16 21EMA) € 6/29 © 6/23 6/121 6/54 4/8 7454/7476(16 S00/10WK} € 4/84 2/274 1/214 1/204 6978/7004 {15 200D/40WK]_€ 5/12 5/8 SLOPE EMAIL: CONNOR @REVEREASSET.COM EY ERE ASSET CONNORBATES TWITTER {X}: @CONNORJBATES_ ANALYST/ASSOCIATE PM PHONE: (855) REAL-WEALTH / (855) 732-5932 \\ 1 AN A E M E NT EMAIL: CONNOR@ROVOREASSOTEOM WEB SITE: REVEREASSET.COM TWITTER @CONNORBOTS..",
          "parse_status": "ok",
          "issue_codes": [],
          "ocr_confidence": 62,
          "ocr_profile": "threshold"
        }
      ],
      "parsed_row_count": 2,
      "phash": "c291e06cd6d33cad",
      "prefilter_score": 3.22,
      "prefilter_stats": {
        "brightRatio": 0.4397916666666667,
        "darkRatio": 0.3304861111111111,
        "edgeRatio": 0.23687371917178998,
        "horizontalComparisons": 14151,
        "horizontalEdgeHits": 2331,
        "horizontalEdgeRatio": 0.16472334110663558,
        "meanLuma": 159.72354166666668,
        "stdDev": 95.06490634304622,
        "verticalComparisons": 14151,
        "verticalEdgeHits": 4373,
        "verticalEdgeRatio": 0.3090240972369444
      },
      "score": 114.57,
      "score_breakdown": {
        "chart_likeness": -4.54918443201443,
        "keyword_guard": 0,
        "ocr_confidence_bonus": 3.1,
        "pair_bonus": 4,
        "per_row_issues": 0,
        "per_row_metrics": 16,
        "text_density": 96.02
      },
      "screen_layout": "structured_whiteboard",
      "tickers": [
        "BE",
        "ETHA",
        "HOOD",
        "REMX",
        "SPYM",
        "UPRO"
      ],
      "timestamp": 312,
      "timestamp_hms": "00:05:12",
      "output_path": "C:\\Users\\admin\\Projects\\portfolio_analyzer_revere\\data\\video_scan_20260915\\ocr-20260915-backfill\\ocr-20260915-backfill\\screenshots\\20260715_ps_5.png"
    },
    {
      "confusion_with_nearby": [],
      "frame_index": 12,
      "frame_path": "C:\\Users\\admin\\Projects\\portfolio_analyzer_revere\\data\\video_scan_20260915\\ocr-20260915-backfill\\ocr-20260915-backfill\\ocr_probe\\frames\\20260715_20260715_ghinv97esmq_7f55ae61_whiteboard\\ocr\\ocr_000013.png",
      "is_intro_card": true,
      "issue_codes": [
        "MISSING_METRIC_LINE",
        "MISSING_BOTTOM_LINE"
      ],
      "low_res_frame_path": null,
      "nearest_ffmpeg_keyframe_ts": 50,
      "observed_date": "20260715",
      "ocr_confidence": 65,
      "ocr_profile": "threshold",
      "ocr_text": "#  ZoomWorkplace Naoling View 0a Window Help                                                                           Go +       &     MC A ® 4 a FT A OE @ Wedul15 50IPM\nWHAT'S THE MARKET TREND?\n>>> THE REVERE ROUNDUP <<<                                                                                         T'S THE MARKET TREND?\noo “TE TREETR TUNE =22                                                                                              “THE GROTECTION GAUGE\"\n>>> DAILY MARKET INSIGHT <<<\n* YT, X, IG, TikTok: @REVEREASSET - PLS LIKE, SHARE+SUS                                                                                                                                                   I\nJ                                                                                         | <D]\n»>> WEDNESDAY, JULY 15, 2026 <<<                                                                                         [ence ||]\n* MARKET STATE: UPTREND                                                                                                              HRY TERS 21ume) mr                        +\n* WHAT HAPPENED TODAY?                                                                                                                    £30 NEUTRAL => UP.                a\n=> VOLATILITY IN THE ‘Al COMPLEX’ CONTINUES                                                                                              MEDIUM TERM (s08me) ==>\nT-12 -2.58%      3         8d\n:                                                                                                                             premr—\nMAGT +230%                                                                                             Lg      ome |W]\nRGS  -0.40%                                          *\nRAI100 -1.75%\nSPX +0.38%      RSP -0.22%                                                                                                       (+\nQoQ 0.27%      QQQE -0.41%\nDJIA +0.25%\nR2K  +0.44%                                                                                                            ’              k\n60/40 +0.25%\nGRO ~-0.56%\n* EMAIL: connor @revereasset.com                                     R e \\Y e T e    A S § et                            Connor Bates\n* TWITTER {X}: @ConnorJBates_                                                                                                                                          Anatyst/Associate PM\n* PHONE: (855) REAL-WEALTH / (855) 732-5932              M an a     e m e nt                      Email: Connor@RovoreAssotcom\n* WEB SITE: revereasset.com|                                                                                                                                  Twitter @ConnorBates.\n",
      "ocr_text_snippet": "# ZoomWorkplace Naoling View 0a Window Help Go + & MC A ® 4 a FT A OE @ Wedul15 50IPM WHAT'S THE MARKET TREND? >>> THE REVERE ROUNDUP <<< T'S THE MARKET TREND? oo “TE TREETR TUNE =22 “THE GROTECTIO...",
      "output_kind": "whiteboard",
      "parsed_observations": [
        {
          "portfolio": "GRO",
          "metrics_raw": null,
          "metric_1": null,
          "metric_2": null,
          "metric_scalar": null,
          "action_text": null,
          "bottom_line": null,
          "parse_status": "review",
          "issue_codes": [
            "MISSING_METRIC_LINE",
            "MISSING_BOTTOM_LINE"
          ],
          "ocr_confidence": 65,
          "ocr_profile": "threshold"
        },
        {
          "portfolio": "TURBO",
          "metrics_raw": null,
          "metric_1": null,
          "metric_2": null,
          "metric_scalar": null,
          "action_text": null,
          "bottom_line": null,
          "parse_status": "review",
          "issue_codes": [
            "MISSING_METRIC_LINE",
            "MISSING_BOTTOM_LINE"
          ],
          "ocr_confidence": 65,
          "ocr_profile": "threshold"
        }
      ],
      "parsed_row_count": 2,
      "phash": "c495e46c5b336cc5",
      "prefilter_score": 3.26,
      "prefilter_stats": {
        "brightRatio": 0.439375,
        "darkRatio": 0.3302083333333333,
        "edgeRatio": 0.23719171789979507,
        "horizontalComparisons": 14151,
        "horizontalEdgeHits": 2340,
        "horizontalEdgeRatio": 0.16535933856264576,
        "meanLuma": 159.78104166666665,
        "stdDev": 95.04238843229336,
        "verticalComparisons": 14151,
        "verticalEdgeHits": 4373,
        "verticalEdgeRatio": 0.3090240972369444
      },
      "score": 56.89,
      "score_breakdown": {
        "chart_likeness": -4.497867830474187,
        "keyword_guard": 0,
        "ocr_confidence_bonus": 3.25,
        "pair_bonus": 0,
        "per_row_issues": -8,
        "per_row_metrics": 0,
        "text_density": 66.14
      },
      "screen_layout": "dmi",
      "tickers": [],
      "timestamp": 48,
      "timestamp_hms": "00:00:48",
      "output_path": "C:\\Users\\admin\\Projects\\portfolio_analyzer_revere\\data\\video_scan_20260915\\ocr-20260915-backfill\\ocr-20260915-backfill\\screenshots\\20260715_ps_6.png"
    }
  ],
  "frame_count": 201,
  "frame_error_count": 0,
  "frame_errors": [],
  "max_captures_per_video": 3,
  "nearest_ffmpeg_keyframe_lookups_skipped": false,
  "nearest_ffmpeg_keyframe_pts_total": 161,
  "ocr_engine_metadata": {
    "tesseract_version": "6.0.1",
    "language": "eng",
    "dpi": 300,
    "psm": null,
    "preserve_interword_spaces": "1",
    "deskew": false
  },
  "ocr_frame_count": 60,
  "ocr_frame_width": 1280,
  "output_path": "C:\\Users\\admin\\Projects\\portfolio_analyzer_revere\\data\\video_scan_20260915\\ocr-20260915-backfill\\ocr-20260915-backfill\\screenshots\\20260715_ps_4.png",
  "prefilter_best_score": 17.39,
  "review_threshold": 4,
  "sample_frame_width": 640,
  "status": "done",
  "strong_threshold": 6,
  "top_candidate": {
    "confusion_with_nearby": [],
    "frame_index": 60,
    "frame_path": "C:\\Users\\admin\\Projects\\portfolio_analyzer_revere\\data\\video_scan_20260915\\ocr-20260915-backfill\\ocr-20260915-backfill\\ocr_probe\\frames\\20260715_20260715_ghinv97esmq_7f55ae61_whiteboard\\ocr\\ocr_000061.png",
    "is_intro_card": false,
    "issue_codes": [],
    "low_res_frame_path": null,
    "nearest_ffmpeg_keyframe_ts": 240.32,
    "observed_date": null,
    "ocr_confidence": 61,
    "ocr_profile": "threshold",
    "ocr_text": "® Preview Fie fot View Go Toots Window Help                                                                          G @ +       []     MC A © LC; FB A E @ Weds 508M\n.          oc Do        Dao                                                                                                       WHAT'S THE MARKET TREND?\nevn                                                                                                                             “THE GROTECTION GAUGE\"\n\n22 TALE OF THE TAPE ~ WEDNESDAY. JULY 15.2026 <<\n* MARKET STATE: UPTREND                                                                                                                                                                                 p—\n*STOINDEXESOT 14 RGBOA SU NASI USDA TNX/TYXE vs 5d                                                                                          | <D]\n* SENTIMENT: VIX 15 67 1-5 05 FRG           Ann363449 26.5001 TERR RAM B25 1.70                                                                     —————\nBULL CASE: INITIATE RALLY & TREND 21EMA 46/30 2*” CLOSE ABOVE\nDBEAR CASE: SUSTAINED BREAK BELOW 21EMA                                                                                                               soRT TERM i210ms) ==>\n* NEWS: CPI COOLER THAN EXPECTED; WED: PPI THURS: RETAIL SALES                                                         630 NEUTRAL > UP\n+ TODAY'S KEYS: SPX vs 760042161 QAQvs21E  /SCOT RK vs 8EJ/2ET  SPXATR?D\nSOAYCT:U2/ =>U2/  8e12f 2erizd                                                                                            Weim TERM (50am) =\n* ACTION: 0 +0375 7581 SELL-OFF $7557 $7530 $7550                                                                  _          17125 NEDTRAL => UP\n*SPXO/N 7538-7569% 07571 030 7557-75811 WH 75267581\n*SPXATR: 1.15% SPK-038% 60/40 +0.29% GRO -0.57% TURBO                                                                       Lowa TERM (2008ma) =>    [\n* SECTORS:  6P5 USD XRT XHE JETS KRE ITB J 8Y% USD MEME REMX SMH GDX                                                              Dl\n* GRO HOLDINGS: SPYM,UPRQ,0D0G, HOOD, FTNT,TWLO,ADDT, LLYX.\n* GRO RVAB/REBAR: 1.06 (0435/4 82%) SEL OEtt AMD SOX. DRAKE TRA LET 00D TWLO O-TAMA TY\n* TURBO HOLDINGS: SPY84,PRO,TQQQ.0HYP IB, ETHA, LAB, 000G HOOD ADDTTWLO FTN\n* TURBO RVAB/REBAR 1.72 (-2.41%/-5.99%) SELL DRAM\n* BOTTOM LINE: =» MASSIVE VOLATILITY IN “Al STOCKS’ CONTINUES\n* THURS KEYS: SPXvs 7600/21€ QQQ vs 216/500 RZKvSBE/21€  SPKATRD\n>> SEPS00 KEY LEVELS <<<\n* 7621 (6/2 INTRADAY A-T-H}\nP7575 FRI: SPX BREAKOUT ON MEGA CAP STRENGTH; LEADERS QUIET\nP7572 TODAY: MASSIVE VOLATILITY IN ‘Al STOCKS’ CONTINUES\n37544 TUES: COOL CPIRPT, AT STOCKS BOUNCE; INDEXES COILING FOR A MOVE\n+7490 (16 21EMA) € 6/79 1 6/238 6/171 6/54 4/81\n*7454/7476(1 6 S0O/10WK} € 4/5 2/274 1/211 1/204\n* 6978/7004 [5 200D/40WK)_€ 5/127 5/8 SLOPE\n\n* EMAIL connor@revereasset.com                ney ere  Asset            Connor Bates\n\n* TWITTER {X}: @ConnorJBates_                                                                                                   Analyst/Assoclate PM\n\n* PHONE: (855) REAL-WEALTH / (855) 732-5932               M an a     e m e nt                      Email: Connor@RovereAssotcom\n\n* WEB SITE: revereasset.com|                                                                                                              Twister: @ConnorBotes..\n",
    "ocr_text_snippet": "® Preview Fie fot View Go Toots Window Help G @ + [] MC A © LC; FB A E @ Weds 508M . oc Do Dao WHAT'S THE MARKET TREND? evn “THE GROTECTION GAUGE\" 22 TALE OF THE TAPE ~ WEDNESDAY. JULY 15.2026 << *...",
    "output_kind": "whiteboard",
    "parsed_observations": [
      {
        "portfolio": "GRO",
        "metrics_raw": "HOLDINGS: SPYM,UPRQ,0D0G, HOOD, FTNT,TWLO,",
        "metric_1": null,
        "metric_2": null,
        "metric_scalar": null,
        "action_text": "ADD T, LLYX.",
        "bottom_line": "=» MASSIVE VOLATILITY IN \"AL STOCKS' CONTINUES THURS KEYS: SPXVS 7600/21€ QQQ VS 216/500 RZKVSBE/21€ SPKATRD SEPS00 KEY LEVELS <<< 7621 (6/2 INTRADAY A-T-H} P7575 FRI: SPX BREAKOUT ON MEGA CAP STRENGTH; LEADERS QUIET P7572 TODAY: MASSIVE VOLATILITY IN 'AL STOCKS' CONTINUES 37544 TUES: COOL CPIRPT, AT STOCKS BOUNCE; INDEXES COILING FOR A MOVE 7490 (16 21EMA) € 6/79 1 6/238 6/171 6/54 4/81 7454/7476(1 6 S0O/10WK} € 4/5 2/274 1/211 1/204 6978/7004 [5 200D/40WK)_€ 5/127 5/8 SLOPE EMAIL CONNOR@REVEREASSET.COM NEY ERE ASSET CONNOR BATES TWITTER {X}: @CONNORJBATES_ ANALYST/ASSOCLATE PM PHONE: (855) REAL-WEALTH / (855) 732-5932 M AN A E M E NT EMAIL: CONNOR@ROVEREASSOTCOM WEB SITE: REVEREASSET.COM TWISTER: @CONNORBOTES..",
        "parse_status": "ok",
        "issue_codes": [],
        "ocr_confidence": 61,
        "ocr_profile": "threshold"
      },
      {
        "portfolio": "TURBO",
        "metrics_raw": "HOLDINGS: SPY84,PRO,TQQQ.0HYP IB, ETHA, LAB, 000G HOOD",
        "metric_1": null,
        "metric_2": null,
        "metric_scalar": null,
        "action_text": "ADD TTWLO FTN",
        "bottom_line": "=» MASSIVE VOLATILITY IN \"AL STOCKS' CONTINUES THURS KEYS: SPXVS 7600/21€ QQQ VS 216/500 RZKVSBE/21€ SPKATRD SEPS00 KEY LEVELS <<< 7621 (6/2 INTRADAY A-T-H} P7575 FRI: SPX BREAKOUT ON MEGA CAP STRENGTH; LEADERS QUIET P7572 TODAY: MASSIVE VOLATILITY IN 'AL STOCKS' CONTINUES 37544 TUES: COOL CPIRPT, AT STOCKS BOUNCE; INDEXES COILING FOR A MOVE 7490 (16 21EMA) € 6/79 1 6/238 6/171 6/54 4/81 7454/7476(1 6 S0O/10WK} € 4/5 2/274 1/211 1/204 6978/7004 [5 200D/40WK)_€ 5/127 5/8 SLOPE EMAIL CONNOR@REVEREASSET.COM NEY ERE ASSET CONNOR BATES TWITTER {X}: @CONNORJBATES_ ANALYST/ASSOCLATE PM PHONE: (855) REAL-WEALTH / (855) 732-5932 M AN A E M E NT EMAIL: CONNOR@ROVEREASSOTCOM WEB SITE: REVEREASSET.COM TWISTER: @CONNORBOTES..",
        "parse_status": "ok",
        "issue_codes": [],
        "ocr_confidence": 61,
        "ocr_profile": "threshold"
      }
    ],
    "parsed_row_count": 2,
    "phash": "c291e06cd6d33cad",
    "prefilter_score": 1.82,
    "prefilter_stats": {
      "brightRatio": 0.42291666666666666,
      "darkRatio": 0.311875,
      "edgeRatio": 0.25697830542011163,
      "horizontalComparisons": 14151,
      "horizontalEdgeHits": 2386,
      "horizontalEdgeRatio": 0.16860999222669776,
      "meanLuma": 161.52305555555554,
      "stdDev": 91.78014428572243,
      "verticalComparisons": 14151,
      "verticalEdgeHits": 4887,
      "verticalEdgeRatio": 0.34534661861352556
    },
    "score": 114.94,
    "score_breakdown": {
      "chart_likeness": -5.868188058603131,
      "keyword_guard": 0,
      "ocr_confidence_bonus": 3.05,
      "pair_bonus": 4,
      "per_row_issues": 0,
      "per_row_metrics": 18,
      "text_density": 95.76
    },
    "screen_layout": "structured_whiteboard",
    "tickers": [
      "ETHA",
      "HOOD",
      "REMX",
      "SPYM"
    ],
    "timestamp": 240,
    "timestamp_hms": "00:04:00"
  },
  "top_candidates": [
    {
      "confusion_with_nearby": [],
      "frame_index": 60,
      "frame_path": "C:\\Users\\admin\\Projects\\portfolio_analyzer_revere\\data\\video_scan_20260915\\ocr-20260915-backfill\\ocr-20260915-backfill\\ocr_probe\\frames\\20260715_20260715_ghinv97esmq_7f55ae61_whiteboard\\ocr\\ocr_000061.png",
      "is_intro_card": false,
      "issue_codes": [],
      "low_res_frame_path": null,
      "nearest_ffmpeg_keyframe_ts": null,
      "observed_date": null,
      "ocr_confidence": 61,
      "ocr_profile": "threshold",
      "ocr_text": "® Preview Fie fot View Go Toots Window Help                                                                          G @ +       []     MC A © LC; FB A E @ Weds 508M\n.          oc Do        Dao                                                                                                       WHAT'S THE MARKET TREND?\nevn                                                                                                                             “THE GROTECTION GAUGE\"\n\n22 TALE OF THE TAPE ~ WEDNESDAY. JULY 15.2026 <<\n* MARKET STATE: UPTREND                                                                                                                                                                                 p—\n*STOINDEXESOT 14 RGBOA SU NASI USDA TNX/TYXE vs 5d                                                                                          | <D]\n* SENTIMENT: VIX 15 67 1-5 05 FRG           Ann363449 26.5001 TERR RAM B25 1.70                                                                     —————\nBULL CASE: INITIATE RALLY & TREND 21EMA 46/30 2*” CLOSE ABOVE\nDBEAR CASE: SUSTAINED BREAK BELOW 21EMA                                                                                                               soRT TERM i210ms) ==>\n* NEWS: CPI COOLER THAN EXPECTED; WED: PPI THURS: RETAIL SALES                                                         630 NEUTRAL > UP\n+ TODAY'S KEYS: SPX vs 760042161 QAQvs21E  /SCOT RK vs 8EJ/2ET  SPXATR?D\nSOAYCT:U2/ =>U2/  8e12f 2erizd                                                                                            Weim TERM (50am) =\n* ACTION: 0 +0375 7581 SELL-OFF $7557 $7530 $7550                                                                  _          17125 NEDTRAL => UP\n*SPXO/N 7538-7569% 07571 030 7557-75811 WH 75267581\n*SPXATR: 1.15% SPK-038% 60/40 +0.29% GRO -0.57% TURBO                                                                       Lowa TERM (2008ma) =>    [\n* SECTORS:  6P5 USD XRT XHE JETS KRE ITB J 8Y% USD MEME REMX SMH GDX                                                              Dl\n* GRO HOLDINGS: SPYM,UPRQ,0D0G, HOOD, FTNT,TWLO,ADDT, LLYX.\n* GRO RVAB/REBAR: 1.06 (0435/4 82%) SEL OEtt AMD SOX. DRAKE TRA LET 00D TWLO O-TAMA TY\n* TURBO HOLDINGS: SPY84,PRO,TQQQ.0HYP IB, ETHA, LAB, 000G HOOD ADDTTWLO FTN\n* TURBO RVAB/REBAR 1.72 (-2.41%/-5.99%) SELL DRAM\n* BOTTOM LINE: =» MASSIVE VOLATILITY IN “Al STOCKS’ CONTINUES\n* THURS KEYS: SPXvs 7600/21€ QQQ vs 216/500 RZKvSBE/21€  SPKATRD\n>> SEPS00 KEY LEVELS <<<\n* 7621 (6/2 INTRADAY A-T-H}\nP7575 FRI: SPX BREAKOUT ON MEGA CAP STRENGTH; LEADERS QUIET\nP7572 TODAY: MASSIVE VOLATILITY IN ‘Al STOCKS’ CONTINUES\n37544 TUES: COOL CPIRPT, AT STOCKS BOUNCE; INDEXES COILING FOR A MOVE\n+7490 (16 21EMA) € 6/79 1 6/238 6/171 6/54 4/81\n*7454/7476(1 6 S0O/10WK} € 4/5 2/274 1/211 1/204\n* 6978/7004 [5 200D/40WK)_€ 5/127 5/8 SLOPE\n\n* EMAIL connor@revereasset.com                ney ere  Asset            Connor Bates\n\n* TWITTER {X}: @ConnorJBates_                                                                                                   Analyst/Assoclate PM\n\n* PHONE: (855) REAL-WEALTH / (855) 732-5932               M an a     e m e nt                      Email: Connor@RovereAssotcom\n\n* WEB SITE: revereasset.com|                                                                                                              Twister: @ConnorBotes..\n",
      "ocr_text_snippet": "® Preview Fie fot View Go Toots Window Help G @ + [] MC A © LC; FB A E @ Weds 508M . oc Do Dao WHAT'S THE MARKET TREND? evn “THE GROTECTION GAUGE\" 22 TALE OF THE TAPE ~ WEDNESDAY. JULY 15.2026 << *...",
      "output_kind": "whiteboard",
      "parsed_observations": [
        {
          "portfolio": "GRO",
          "metrics_raw": "HOLDINGS: SPYM,UPRQ,0D0G, HOOD, FTNT,TWLO,",
          "metric_1": null,
          "metric_2": null,
          "metric_scalar": null,
          "action_text": "ADD T, LLYX.",
          "bottom_line": "=» MASSIVE VOLATILITY IN \"AL STOCKS' CONTINUES THURS KEYS: SPXVS 7600/21€ QQQ VS 216/500 RZKVSBE/21€ SPKATRD SEPS00 KEY LEVELS <<< 7621 (6/2 INTRADAY A-T-H} P7575 FRI: SPX BREAKOUT ON MEGA CAP STRENGTH; LEADERS QUIET P7572 TODAY: MASSIVE VOLATILITY IN 'AL STOCKS' CONTINUES 37544 TUES: COOL CPIRPT, AT STOCKS BOUNCE; INDEXES COILING FOR A MOVE 7490 (16 21EMA) € 6/79 1 6/238 6/171 6/54 4/81 7454/7476(1 6 S0O/10WK} € 4/5 2/274 1/211 1/204 6978/7004 [5 200D/40WK)_€ 5/127 5/8 SLOPE EMAIL CONNOR@REVEREASSET.COM NEY ERE ASSET CONNOR BATES TWITTER {X}: @CONNORJBATES_ ANALYST/ASSOCLATE PM PHONE: (855) REAL-WEALTH / (855) 732-5932 M AN A E M E NT EMAIL: CONNOR@ROVEREASSOTCOM WEB SITE: REVEREASSET.COM TWISTER: @CONNORBOTES..",
          "parse_status": "ok",
          "issue_codes": [],
          "ocr_confidence": 61,
          "ocr_profile": "threshold"
        },
        {
          "portfolio": "TURBO",
          "metrics_raw": "HOLDINGS: SPY84,PRO,TQQQ.0HYP IB, ETHA, LAB, 000G HOOD",
          "metric_1": null,
          "metric_2": null,
          "metric_scalar": null,
          "action_text": "ADD TTWLO FTN",
          "bottom_line": "=» MASSIVE VOLATILITY IN \"AL STOCKS' CONTINUES THURS KEYS: SPXVS 7600/21€ QQQ VS 216/500 RZKVSBE/21€ SPKATRD SEPS00 KEY LEVELS <<< 7621 (6/2 INTRADAY A-T-H} P7575 FRI: SPX BREAKOUT ON MEGA CAP STRENGTH; LEADERS QUIET P7572 TODAY: MASSIVE VOLATILITY IN 'AL STOCKS' CONTINUES 37544 TUES: COOL CPIRPT, AT STOCKS BOUNCE; INDEXES COILING FOR A MOVE 7490 (16 21EMA) € 6/79 1 6/238 6/171 6/54 4/81 7454/7476(1 6 S0O/10WK} € 4/5 2/274 1/211 1/204 6978/7004 [5 200D/40WK)_€ 5/127 5/8 SLOPE EMAIL CONNOR@REVEREASSET.COM NEY ERE ASSET CONNOR BATES TWITTER {X}: @CONNORJBATES_ ANALYST/ASSOCLATE PM PHONE: (855) REAL-WEALTH / (855) 732-5932 M AN A E M E NT EMAIL: CONNOR@ROVEREASSOTCOM WEB SITE: REVEREASSET.COM TWISTER: @CONNORBOTES..",
          "parse_status": "ok",
          "issue_codes": [],
          "ocr_confidence": 61,
          "ocr_profile": "threshold"
        }
      ],
      "parsed_row_count": 2,
      "phash": "c291e06cd6d33cad",
      "prefilter_score": 1.82,
      "prefilter_stats": {
        "brightRatio": 0.42291666666666666,
        "darkRatio": 0.311875,
        "edgeRatio": 0.25697830542011163,
        "horizontalComparisons": 14151,
        "horizontalEdgeHits": 2386,
        "horizontalEdgeRatio": 0.16860999222669776,
        "meanLuma": 161.52305555555554,
        "stdDev": 91.78014428572243,
        "verticalComparisons": 14151,
        "verticalEdgeHits": 4887,
        "verticalEdgeRatio": 0.34534661861352556
      },
      "score": 114.94,
      "score_breakdown": {
        "chart_likeness": -5.868188058603131,
        "keyword_guard": 0,
        "ocr_confidence_bonus": 3.05,
        "pair_bonus": 4,
        "per_row_issues": 0,
        "per_row_metrics": 18,
        "text_density": 95.76
      },
      "screen_layout": "structured_whiteboard",
      "tickers": [
        "ETHA",
        "HOOD",
        "REMX",
        "SPYM"
      ],
      "timestamp": 240,
      "timestamp_hms": "00:04:00"
    },
    {
      "confusion_with_nearby": [],
      "frame_index": 66,
      "frame_path": "C:\\Users\\admin\\Projects\\portfolio_analyzer_revere\\data\\video_scan_20260915\\ocr-20260915-backfill\\ocr-20260915-backfill\\ocr_probe\\frames\\20260715_20260715_ghinv97esmq_7f55ae61_whiteboard\\ocr\\ocr_000067.png",
      "is_intro_card": false,
      "issue_codes": [],
      "low_res_frame_path": null,
      "nearest_ffmpeg_keyframe_ts": null,
      "observed_date": null,
      "ocr_confidence": 60,
      "ocr_profile": "threshold",
      "ocr_text": "® Preview fle Et view Go Tools window Hep                                                                G ® +      ® MC A ® 4 wm FAB @ Wedils 508M\n.      ey     Daan                                                                 WHAT'S THE MARKET TREND?\n\neon                                                                                   “THE GROTECTION GAUGE\"\n22 TALE OF THE TAPE — WEDNESDAY. JULY 15. 2026 <<\n* MARKET STATE: UPTREND                                                                                                                                                                                 p—\nSTOINDEXES OT 14 RGBOT SU NASI USDA TNX/TYXA vs 5d                                                         | <D]\n* SENTIMENT: ViX 15675 05 3: FAG         AAn363 44 26.5001 SEER mam 82.85 1.70                                                         —————\nBULL CASE: INITIATE RALLY & TREND 21EMA 46/30 27 CLOSE ABOVE\nDBEAR CASE: SUSTAINED BREAK BELOW 21EMA                                                                                                               ORT TERS i210me) mmo                             FY\n* NEWS: CPI COOLER THAN EXPECTED; WED:PPI THURS: RETAIL SALES                                                                 0 NEUTRAL Up |\n* TODAY'S KEYS: SPX vs 76004/21ET QQQvs21E  /S00T R2Kvs BEL /21ET   SPXATR2T\nSOAYCT:U2/ =U2/  Se12f 2e1zh                                                                               WDA TERM (503m) ==\n* ACTION: 040.375 17581 SELL-OFF $7557 $7530 17550                                           _      17128 HEDTRAL 5 UF\n*SPXO/N 7538-7569% 07571 030 7557-75811 W/H 7526-7581\n*SPXATR: 1.45% SPX +0.38% 60/40 0.29% GRO-0.57% TURBO                                                             Lowa TERM (2008ma) =>   IEEE 3\n* SECTORS: } BPS USD XRT XHE JETS KRE ITB J BY% USD MEME REMX SMH GDX                                                              J E—\n* GRO HOLDINGS: SPYM,UPRO,000G, HOOD FTNT.TWLO,RDDT, LL¥YX\n* GRO RVAB/REBAR: 1.06 (-0.439%/-4,825%) SE OE AMD SOKL DRAM TRAA LUT DOG TWO 0-08 FT\n+ TURBO HOLDINGS: SPYMLUPRO,TQQ,BHYP IT £THA LABLLDDOG HOOD ADOT, TWLOFTNT\n* TURBO RVAB/REBAR: 1.72 (.2.41%/-5.99%) SELL DRAM\n* BOTTOM LINE: » MASSIVE VOLATILITY IN “Al STOCKS’ CONTINUES.\n* THURS KEYS: SPX vs 7600/21€ QQQ US 216/500 RZKVSSE/21E  SPXATR\n>> SEPS00 KEY LEVELS <<\n* 7621 (6/2 INTRADAY A-T-H}\n$7575 FRI: SPX BREAKOUT ON MEGA CAP STRENGTH, LEADERS QUIET\n97572 TODAY: MASSIVE VOLATILITY IN “Al STOCKS’ CONTINUES.\n37544 TUES: COOL CPIRPT, AI STOCKS BOUNCE; INDEXES COILING FOR A MOVE\n+7490 (16 21EMA) € 6/23 © 6/23 6/171 6/54 4/8D_\n*7454/7476(1 6 S00/10WK} € 4/84 2/274 1/211 1/208\n* 6978/7004 {15 2000/40WK]_€ 5/121 5/8 SLOPED]\n\n* EMAIL: connor@revereasset.com                cy ere  Asset            Connor Bates\n\n* TWITTER (X): @ConnorJBates_                                                                                                   Analyst/Associate PM\n\n* PHONE: (855) REAL-WEALTH / (855) 732-5932               M an a     e m e nt                      Email: Connor@RovereAssotcom\n\n* WEB SITE: revereasset.com|                                                                                                                             Twister @ConnorBotes..\n",
      "ocr_text_snippet": "® Preview fle Et view Go Tools window Hep G ® + ® MC A ® 4 wm FAB @ Wedils 508M . ey Daan WHAT'S THE MARKET TREND? eon “THE GROTECTION GAUGE\" 22 TALE OF THE TAPE — WEDNESDAY. JULY 15. 2026 << * MAR...",
      "output_kind": "whiteboard",
      "parsed_observations": [
        {
          "portfolio": "GRO",
          "metrics_raw": "HOLDINGS: SPYM,UPRO,000G, HOOD FTNT.TWLO,RDDT, LL¥YX",
          "metric_1": null,
          "metric_2": null,
          "metric_scalar": null,
          "action_text": null,
          "bottom_line": "» MASSIVE VOLATILITY IN \"AL STOCKS' CONTINUES. THURS KEYS: SPX VS 7600/21€ QQQ US 216/500 RZKVSSE/21E SPXATR SEPS00 KEY LEVELS << 7621 (6/2 INTRADAY A-T-H} 7575 FRI: SPX BREAKOUT ON MEGA CAP STRENGTH, LEADERS QUIET 97572 TODAY: MASSIVE VOLATILITY IN \"AL STOCKS' CONTINUES. 37544 TUES: COOL CPIRPT, AI STOCKS BOUNCE; INDEXES COILING FOR A MOVE 7490 (16 21EMA) € 6/23 © 6/23 6/171 6/54 4/8D_ 7454/7476(1 6 S00/10WK} € 4/84 2/274 1/211 1/208 6978/7004 {15 2000/40WK]_€ 5/121 5/8 SLOPED] EMAIL: CONNOR@REVEREASSET.COM CY ERE ASSET CONNOR BATES TWITTER (X): @CONNORJBATES_ ANALYST/ASSOCIATE PM PHONE: (855) REAL-WEALTH / (855) 732-5932 M AN A E M E NT EMAIL: CONNOR@ROVEREASSOTCOM WEB SITE: REVEREASSET.COM TWISTER @CONNORBOTES..",
          "parse_status": "ok",
          "issue_codes": [],
          "ocr_confidence": 60,
          "ocr_profile": "threshold"
        },
        {
          "portfolio": "TURBO",
          "metrics_raw": "RVAB/REBAR: 1.72 (.2.41%/-5.99%)",
          "metric_1": null,
          "metric_2": null,
          "metric_scalar": null,
          "action_text": "SELL DRAM",
          "bottom_line": "» MASSIVE VOLATILITY IN \"AL STOCKS' CONTINUES. THURS KEYS: SPX VS 7600/21€ QQQ US 216/500 RZKVSSE/21E SPXATR SEPS00 KEY LEVELS << 7621 (6/2 INTRADAY A-T-H} 7575 FRI: SPX BREAKOUT ON MEGA CAP STRENGTH, LEADERS QUIET 97572 TODAY: MASSIVE VOLATILITY IN \"AL STOCKS' CONTINUES. 37544 TUES: COOL CPIRPT, AI STOCKS BOUNCE; INDEXES COILING FOR A MOVE 7490 (16 21EMA) € 6/23 © 6/23 6/171 6/54 4/8D_ 7454/7476(1 6 S00/10WK} € 4/84 2/274 1/211 1/208 6978/7004 {15 2000/40WK]_€ 5/121 5/8 SLOPED] EMAIL: CONNOR@REVEREASSET.COM CY ERE ASSET CONNOR BATES TWITTER (X): @CONNORJBATES_ ANALYST/ASSOCIATE PM PHONE: (855) REAL-WEALTH / (855) 732-5932 M AN A E M E NT EMAIL: CONNOR@ROVEREASSOTCOM WEB SITE: REVEREASSET.COM TWISTER @CONNORBOTES..",
          "parse_status": "ok",
          "issue_codes": [],
          "ocr_confidence": 60,
          "ocr_profile": "threshold"
        }
      ],
      "parsed_row_count": 2,
      "phash": "c291e06cd6d33cad",
      "prefilter_score": 1.7,
      "prefilter_stats": {
        "brightRatio": 0.42333333333333334,
        "darkRatio": 0.3113194444444444,
        "edgeRatio": 0.25644830754010317,
        "horizontalComparisons": 14151,
        "horizontalEdgeHits": 2365,
        "horizontalEdgeRatio": 0.167125998162674,
        "meanLuma": 161.53680555555556,
        "stdDev": 91.8015933099201,
        "verticalComparisons": 14151,
        "verticalEdgeHits": 4893,
        "verticalEdgeRatio": 0.3457706169175323
      },
      "score": 114.9,
      "score_breakdown": {
        "chart_likeness": -6,
        "keyword_guard": 0,
        "ocr_confidence_bonus": 3,
        "pair_bonus": 4,
        "per_row_issues": 0,
        "per_row_metrics": 18,
        "text_density": 95.9
      },
      "screen_layout": "structured_whiteboard",
      "tickers": [
        "HOOD",
        "REMX",
        "SPYM",
        "UPRO"
      ],
      "timestamp": 264,
      "timestamp_hms": "00:04:24"
    },
    {
      "confusion_with_nearby": [],
      "frame_index": 57,
      "frame_path": "C:\\Users\\admin\\Projects\\portfolio_analyzer_revere\\data\\video_scan_20260915\\ocr-20260915-backfill\\ocr-20260915-backfill\\ocr_probe\\frames\\20260715_20260715_ghinv97esmq_7f55ae61_whiteboard\\ocr\\ocr_000058.png",
      "is_intro_card": false,
      "issue_codes": [],
      "low_res_frame_path": null,
      "nearest_ffmpeg_keyframe_ts": null,
      "observed_date": null,
      "ocr_confidence": 61,
      "ocr_profile": "threshold",
      "ocr_text": "® Preview Fie fot View Go Toots Window Help                                                                          G @ +       []     MC A © LC; FB A E @ Weds 508M\n.          oc Do        Dao                                                                                                       WHAT'S THE MARKET TREND?\nevn                                                                                                                             “THE GROTECTION GAUGE\"\n\n22 TALE OF THE TAPE ~ WEDNESDAY. JULY 15.2026 <<\n* MARKET STATE: UPTREND                                                                                                                                                                                 p—\n*STOINDEXESOT 14 RGBOA SU NASI USDA TNX/TYXE vs 5d                                                                                          | <D]\n* SENTIMENT: VIX 15 67 1-5 05 FRG           Ann363449 26.5001 TERR RAM B25 1.70                                                                     —————\nBULL CASE: INITIATE RALLY & TREND 21EMA 46/30 2*” CLOSE ABOVE\nDBEAR CASE: SUSTAINED BREAK BELOW 21EMA                                                                                                               soRT TERM i210ms) ==>\n* NEWS: CPI COOLER THAN EXPECTED; WED: PPI THURS: RETAIL SALES                                                         630 NEUTRAL > UP\n+ TODAY'S KEYS: SPX vs 760042161 QAQvs21E  /SCOT RK vs 8EJ/2ET  SPXATR?D\nSOAYCT:U2/ =>U2/  8e12f 2erizd                                                                                            Weim TERM (50am) =\n* ACTION: 0 +0375 7581 SELL-OFF $7557 $7530 $7550                                                                  _          17125 NEDTRAL => UP\n*SPXO/N 7538-7569% 07571 030 7557-75811 WH 75267581\n*SPXATR: 1.15% SPK-038% 60/40 +0.29% GRO -0.57% TURBO                                                                       Lowa TERM (2008ma) =>    [\n* SECTORS:  6P5 USD XRT XHE JETS KRE ITB J 8Y% USD MEME REMX SMH GDX                                                              Dl\n* GRO HOLDINGS: SPYM,UPRQ,0D0G, HOOD, FTNT,TWLO,ADDT, LLYX.\n* GRO RVAB/REBAR: 1.06 (0435/4 82%) SEL OEtt AMD SOX. DRAKE TRA LET 00D TWLO O-TAMA TY\n* TURBO HOLDINGS: SPY84,PRO,TQQQ.0HYP IB, ETHA, LAB, 000G HOOD ADDTTWLO FTN\n* TURBO RVAB/REBAR 1.72 (-2.41%/-5.99%) SELL DRAM\n* BOTTOM LINE: =» MASSIVE VOLATILITY IN “Al STOCKS’ CONTINUES\n* THURS KEYS: SPXvs 7600/21€ QQQ vs 216/500 RZKvSBE/21€  SPKATRD\n>> SEPS00 KEY LEVELS <<<\n* 7621 (6/2 INTRADAY A-T-H}\nP7575 FRI: SPX BREAKOUT ON MEGA CAP STRENGTH; LEADERS QUIET\nP7572 TODAY: MASSIVE VOLATILITY IN ‘Al STOCKS’ CONTINUES\n37544 TUES: COOL CPIRPT, AT STOCKS BOUNCE; INDEXES COILING FOR A MOVE\n+7490 (16 21EMA) € 6/79 1 6/238 6/171 6/54 4/81\n*7454/7476(1 6 S0O/10WK} € 4/5 2/274 1/211 1/204\n* 6978/7004 [5 200D/40WK)_€ 5/127 5/8 SLOPE\n\n* EMAIL connor@revereasset.com                ney ere  Asset            Connor Bates\n\n* TWITTER {X}: @ConnorJBates_                                                                                                   Analyst/Assoclate PM\n\n* PHONE: (855) REAL-WEALTH / (855) 732-5932               M an a     e m e nt                      Email: Connor@RovereAssotcom\n\n* WEB SITE: revereasset.com|                                                                                                              Twister: @ConnorBotes..\n",
      "ocr_text_snippet": "® Preview Fie fot View Go Toots Window Help G @ + [] MC A © LC; FB A E @ Weds 508M . oc Do Dao WHAT'S THE MARKET TREND? evn “THE GROTECTION GAUGE\" 22 TALE OF THE TAPE ~ WEDNESDAY. JULY 15.2026 << *...",
      "output_kind": "whiteboard",
      "parsed_observations": [
        {
          "portfolio": "GRO",
          "metrics_raw": "HOLDINGS: SPYM,UPRQ,0D0G, HOOD, FTNT,TWLO,",
          "metric_1": null,
          "metric_2": null,
          "metric_scalar": null,
          "action_text": "ADD T, LLYX.",
          "bottom_line": "=» MASSIVE VOLATILITY IN \"AL STOCKS' CONTINUES THURS KEYS: SPXVS 7600/21€ QQQ VS 216/500 RZKVSBE/21€ SPKATRD SEPS00 KEY LEVELS <<< 7621 (6/2 INTRADAY A-T-H} P7575 FRI: SPX BREAKOUT ON MEGA CAP STRENGTH; LEADERS QUIET P7572 TODAY: MASSIVE VOLATILITY IN 'AL STOCKS' CONTINUES 37544 TUES: COOL CPIRPT, AT STOCKS BOUNCE; INDEXES COILING FOR A MOVE 7490 (16 21EMA) € 6/79 1 6/238 6/171 6/54 4/81 7454/7476(1 6 S0O/10WK} € 4/5 2/274 1/211 1/204 6978/7004 [5 200D/40WK)_€ 5/127 5/8 SLOPE EMAIL CONNOR@REVEREASSET.COM NEY ERE ASSET CONNOR BATES TWITTER {X}: @CONNORJBATES_ ANALYST/ASSOCLATE PM PHONE: (855) REAL-WEALTH / (855) 732-5932 M AN A E M E NT EMAIL: CONNOR@ROVEREASSOTCOM WEB SITE: REVEREASSET.COM TWISTER: @CONNORBOTES..",
          "parse_status": "ok",
          "issue_codes": [],
          "ocr_confidence": 61,
          "ocr_profile": "threshold"
        },
        {
          "portfolio": "TURBO",
          "metrics_raw": "HOLDINGS: SPY84,PRO,TQQQ.0HYP IB, ETHA, LAB, 000G HOOD",
          "metric_1": null,
          "metric_2": null,
          "metric_scalar": null,
          "action_text": "ADD TTWLO FTN",
          "bottom_line": "=» MASSIVE VOLATILITY IN \"AL STOCKS' CONTINUES THURS KEYS: SPXVS 7600/21€ QQQ VS 216/500 RZKVSBE/21€ SPKATRD SEPS00 KEY LEVELS <<< 7621 (6/2 INTRADAY A-T-H} P7575 FRI: SPX BREAKOUT ON MEGA CAP STRENGTH; LEADERS QUIET P7572 TODAY: MASSIVE VOLATILITY IN 'AL STOCKS' CONTINUES 37544 TUES: COOL CPIRPT, AT STOCKS BOUNCE; INDEXES COILING FOR A MOVE 7490 (16 21EMA) € 6/79 1 6/238 6/171 6/54 4/81 7454/7476(1 6 S0O/10WK} € 4/5 2/274 1/211 1/204 6978/7004 [5 200D/40WK)_€ 5/127 5/8 SLOPE EMAIL CONNOR@REVEREASSET.COM NEY ERE ASSET CONNOR BATES TWITTER {X}: @CONNORJBATES_ ANALYST/ASSOCLATE PM PHONE: (855) REAL-WEALTH / (855) 732-5932 M AN A E M E NT EMAIL: CONNOR@ROVEREASSOTCOM WEB SITE: REVEREASSET.COM TWISTER: @CONNORBOTES..",
          "parse_status": "ok",
          "issue_codes": [],
          "ocr_confidence": 61,
          "ocr_profile": "threshold"
        }
      ],
      "parsed_row_count": 2,
      "phash": "c291e06cd6d33cad",
      "prefilter_score": 1.77,
      "prefilter_stats": {
        "brightRatio": 0.4228472222222222,
        "darkRatio": 0.3115277777777778,
        "edgeRatio": 0.2569076390361105,
        "horizontalComparisons": 14151,
        "horizontalEdgeHits": 2380,
        "horizontalEdgeRatio": 0.16818599392269099,
        "meanLuma": 161.49256944444446,
        "stdDev": 91.78113428942522,
        "verticalComparisons": 14151,
        "verticalEdgeHits": 4891,
        "verticalEdgeRatio": 0.3456292841495301
      },
      "score": 114.89,
      "score_breakdown": {
        "chart_likeness": -5.917685831109138,
        "keyword_guard": 0,
        "ocr_confidence_bonus": 3.05,
        "pair_bonus": 4,
        "per_row_issues": 0,
        "per_row_metrics": 18,
        "text_density": 95.76
      },
      "screen_layout": "structured_whiteboard",
      "tickers": [
        "ETHA",
        "HOOD",
        "REMX",
        "SPYM"
      ],
      "timestamp": 228,
      "timestamp_hms": "00:03:48"
    },
    {
      "confusion_with_nearby": [],
      "frame_index": 78,
      "frame_path": "C:\\Users\\admin\\Projects\\portfolio_analyzer_revere\\data\\video_scan_20260915\\ocr-20260915-backfill\\ocr-20260915-backfill\\ocr_probe\\frames\\20260715_20260715_ghinv97esmq_7f55ae61_whiteboard\\ocr\\ocr_000079.png",
      "is_intro_card": false,
      "issue_codes": [],
      "low_res_frame_path": null,
      "nearest_ffmpeg_keyframe_ts": null,
      "observed_date": null,
      "ocr_confidence": 62,
      "ocr_profile": "threshold",
      "ocr_text": "# Preview Filo Eo view Go Tools Window Help                                             G © +    ® MC AO LC mm FT A BG Weds 50M\nB          BE Do        Baan                                                                                                       WHAT'S THE MARKET TREND?\nhs                                                                                                                             “THE GROTECTION GAUGE\"\n\n22 TALE OF THE TAPE ~ WEDNESDAY. JULY 15.2026 <<\n* MARKET STATE: UPTREND                                                                                                                                                                                 p—\n*STOINDEXESOT 14 RGBOT 54 NASI USD TNX/TVXA vs Sd                                                                                          <=]\n* SENTIMENT: VIX 15.67 1 05 9 FRG             ANB 36.3443 26.500.1 TERRY NAAM 5295 1.70                                                                                 —\nBULL CASE: INITIATE RALLY & TREND 21EMA 46/30 2\" CLOSE ABOVE\nFBEAR CASE: SUSTAINED BREAK BELOW 21€MA                                                                                                               sont Term (21ome) ==>                             4\n* NEWS: CPI COOLER THAN EXPECTED; WED: PPI THURS: RETAIL SALES                                                             630 NEUTRAL =» UP                   5 |\n* TODAY'S KEYS: SPX vs 76004216 QQQvs21E  /S00T R2Kvs BEJ/2IET  SPXATRZT\n*DAYCT:U2/ =>U2/ Belz e121                                                                                            Weim ERM (50am) =\n* ACTION: 040.375 17581 SELL-OFF $7557 $7530 17550                                            _       17125 NEUTRAL > UP\n*SPXO/N 7538-75691 07571 030 7557-75811 L/M 7526-7581\n*SPXATR: 115% SPX+0.38% 60/40 0.29% GRO -0.57% TURBO                                                                       Lowa TERM (2008ms) =>    IEE 3\n* SECTORS: 1 6P5 USD XRT XHE JETS KRE ITB 3 BY% USD MEME REMX SMH GDX                                                           75 nevtRAL => up\n* GRO HOLDINGS: SPYM,UPRO,000G, HOOD FTNT,TWLO,RDOT,LL¥YX\n* GRO RVAB/REBAR: 1.06 (-0.435%/-4,82%) SEL OEE AMD SOX! DRAM TRA LATE 000 TWO O-TRMH FHT\n* TURBO HOLDINGS: SPYR4PRO,TQQQ.0HYP IB, ETHA, LAB, 000G HOOD ADOT TWIO SINT\n* TURBO RVAB/REBAR: 1.72 (2 41%/5.99%) SELL DRAM\n* BOTTOM LINE: =» MASSIVE VOLATILITY IN ‘Al STOCKS’ CONTINUES\n* THURS KEYS: SPX vs 7600/21 QQQ VS 216/500 RZKVSSE/21E SPX ATR?\n>> S&PSO0 KEY LEVELS <<<\n* 7621 (6/2 INTRADAY A-T-H}\n7575 FRI: SPX BREAKOUT ON MEGA CAP STRENGTH; LEADERS QUIET\n97572 TODAY: MASSIVE VOLATILITY IN “Al STOCKS’ CONTINUES.\n27544 TUES: COOL CPIRPT, A1 STOCKS BOUNCE; INDEXFS COILING FOR A MOVE\n+7490 (16 21EMA) € 6/29 © 6/23 6/121 6/54 4/8\n*7454/7476(16 S00/10WK} € 4/84 2/274 1/214 1/204\n* 6978/7004 {15 200D/40WK]_€ 5/12 5/8 SLOPE\n\n* EMAIL: connor @revereasset.com                 ey ere  Asset             ConnorBates\n\n* TWITTER {X}: @ConnorJBates_                                                                                                   Analyst/associate PM\n\n* PHONE: (855) REAL-WEALTH / (855) 732-5932                 \\ 1  an a     e m e nt                      Email: Connor@RovoreAssoteom\n\n* WEB SITE: revereasset.com|                                                                                                                             Twitter @ConnorBots..\n",
      "ocr_text_snippet": "# Preview Filo Eo view Go Tools Window Help G © + ® MC AO LC mm FT A BG Weds 50M B BE Do Baan WHAT'S THE MARKET TREND? hs “THE GROTECTION GAUGE\" 22 TALE OF THE TAPE ~ WEDNESDAY. JULY 15.2026 << * M...",
      "output_kind": "whiteboard",
      "parsed_observations": [
        {
          "portfolio": "GRO",
          "metrics_raw": "HOLDINGS: SPYM,UPRO,000G, HOOD FTNT,TWLO,RDOT,LL¥YX",
          "metric_1": null,
          "metric_2": null,
          "metric_scalar": null,
          "action_text": null,
          "bottom_line": "=» MASSIVE VOLATILITY IN 'AL STOCKS' CONTINUES THURS KEYS: SPX VS 7600/21 QQQ VS 216/500 RZKVSSE/21E SPX ATR? S&PSO0 KEY LEVELS <<< 7621 (6/2 INTRADAY A-T-H} 7575 FRI: SPX BREAKOUT ON MEGA CAP STRENGTH; LEADERS QUIET 97572 TODAY: MASSIVE VOLATILITY IN \"AL STOCKS' CONTINUES. 27544 TUES: COOL CPIRPT, A1 STOCKS BOUNCE; INDEXFS COILING FOR A MOVE 7490 (16 21EMA) € 6/29 © 6/23 6/121 6/54 4/8 7454/7476(16 S00/10WK} € 4/84 2/274 1/214 1/204 6978/7004 {15 200D/40WK]_€ 5/12 5/8 SLOPE EMAIL: CONNOR @REVEREASSET.COM EY ERE ASSET CONNORBATES TWITTER {X}: @CONNORJBATES_ ANALYST/ASSOCIATE PM PHONE: (855) REAL-WEALTH / (855) 732-5932 \\ 1 AN A E M E NT EMAIL: CONNOR@ROVOREASSOTEOM WEB SITE: REVEREASSET.COM TWITTER @CONNORBOTS..",
          "parse_status": "ok",
          "issue_codes": [],
          "ocr_confidence": 62,
          "ocr_profile": "threshold"
        },
        {
          "portfolio": "TURBO",
          "metrics_raw": "HOLDINGS: SPYR4PRO,TQQQ.0HYP IB, ETHA, LAB, 000G HOOD ADOT TWIO SINT",
          "metric_1": null,
          "metric_2": null,
          "metric_scalar": null,
          "action_text": null,
          "bottom_line": "=» MASSIVE VOLATILITY IN 'AL STOCKS' CONTINUES THURS KEYS: SPX VS 7600/21 QQQ VS 216/500 RZKVSSE/21E SPX ATR? S&PSO0 KEY LEVELS <<< 7621 (6/2 INTRADAY A-T-H} 7575 FRI: SPX BREAKOUT ON MEGA CAP STRENGTH; LEADERS QUIET 97572 TODAY: MASSIVE VOLATILITY IN \"AL STOCKS' CONTINUES. 27544 TUES: COOL CPIRPT, A1 STOCKS BOUNCE; INDEXFS COILING FOR A MOVE 7490 (16 21EMA) € 6/29 © 6/23 6/121 6/54 4/8 7454/7476(16 S00/10WK} € 4/84 2/274 1/214 1/204 6978/7004 {15 200D/40WK]_€ 5/12 5/8 SLOPE EMAIL: CONNOR @REVEREASSET.COM EY ERE ASSET CONNORBATES TWITTER {X}: @CONNORJBATES_ ANALYST/ASSOCIATE PM PHONE: (855) REAL-WEALTH / (855) 732-5932 \\ 1 AN A E M E NT EMAIL: CONNOR@ROVOREASSOTEOM WEB SITE: REVEREASSET.COM TWITTER @CONNORBOTS..",
          "parse_status": "ok",
          "issue_codes": [],
          "ocr_confidence": 62,
          "ocr_profile": "threshold"
        }
      ],
      "parsed_row_count": 2,
      "phash": "c291e06cd6d33cad",
      "prefilter_score": 3.22,
      "prefilter_stats": {
        "brightRatio": 0.4397916666666667,
        "darkRatio": 0.3304861111111111,
        "edgeRatio": 0.23687371917178998,
        "horizontalComparisons": 14151,
        "horizontalEdgeHits": 2331,
        "horizontalEdgeRatio": 0.16472334110663558,
        "meanLuma": 159.72354166666668,
        "stdDev": 95.06490634304622,
        "verticalComparisons": 14151,
        "verticalEdgeHits": 4373,
        "verticalEdgeRatio": 0.3090240972369444
      },
      "score": 114.57,
      "score_breakdown": {
        "chart_likeness": -4.54918443201443,
        "keyword_guard": 0,
        "ocr_confidence_bonus": 3.1,
        "pair_bonus": 4,
        "per_row_issues": 0,
        "per_row_metrics": 16,
        "text_density": 96.02
      },
      "screen_layout": "structured_whiteboard",
      "tickers": [
        "BE",
        "ETHA",
        "HOOD",
        "REMX",
        "SPYM",
        "UPRO"
      ],
      "timestamp": 312,
      "timestamp_hms": "00:05:12"
    },
    {
      "confusion_with_nearby": [],
      "frame_index": 69,
      "frame_path": "C:\\Users\\admin\\Projects\\portfolio_analyzer_revere\\data\\video_scan_20260915\\ocr-20260915-backfill\\ocr-20260915-backfill\\ocr_probe\\frames\\20260715_20260715_ghinv97esmq_7f55ae61_whiteboard\\ocr\\ocr_000070.png",
      "is_intro_card": false,
      "issue_codes": [],
      "low_res_frame_path": null,
      "nearest_ffmpeg_keyframe_ts": null,
      "observed_date": "20260715",
      "ocr_confidence": 60,
      "ocr_profile": "threshold",
      "ocr_text": "® Preview Fie COR View Go Toots Window Help                                                                          G ® +       []     MC A © 4 om FQ OE @ Weds SOPH\nB          BE Do        Bao                                                                                                       WHAT'S THE MARKET TREND?\neon                                                                                                                             “THE GROTECTION GAUGE\"\n>> TALE OF THE TAPE — WEDNESDAY, JULY 15, 2026 <<\n* MARKET STATE: UPTREND                                                                                                                                                          TT a\n~STOINDEXESOT 14 RGBOT SU NASI USD TNX/IYXD vs 5d                                                                                          | <D]\n* SENTIMENT: VIX 15 675.05) FAG           ANE 36.3443 26.500.1 SERETY NAM 5295 1.70                                                                     —\nBULL CASE: INITIATE RALLY & TREND 21EMA 6/30 2\" CLOSE ABOVE\nDBEAR CASE: SUSTAINED BREAK BELOW 21€MA                                                                                                               ORT TERM (210m) mms    [\n* NEWS: CPI COOLER THAN EXPECTED; WED:PPI THURS: RETAIL SALES                                                                            6630 NEUTRAL > UP\n* TODAY'S KEYS: SPX vs 76004,/21E QAQvs20E  /SODT R2Xvs BEL/AET SPX ATR?T\nSOAYCT:UZ/ =U2/  8e12f 2ei1zt                                                                                            MeDtuw TERM (s00me) =>\n* ACTION: 0 40.37% 17581 SELL-OFF $7557 $7530 17550                                                                   _          17125 KETRAL ve UP\n*SPKO/N 7538-7569% 07571 030 7557-75811 WH 75267581\n*SPXATR: 118% SPX 40.38% 60/40+0.20% GRO-0.57% TURBO                                                                       Lowa TERM (2008s) =>    [\n* SECTORS: 1 BPS USD XRT XHE JETS KRE ITB J BY% USD MEME REMX SMH GDX                                                               1026 KEDTRAL -5 UF\n* GRO HOLDINGS: SPYM,UPRO,000G, HOOD, FTNT,TWLO,RDDT,LLYX\n* GRO RVAB/REBAR: 1.06 (-0.435%/-8,825) SEL GEL AMD SOKL DRAM TRA LET COG TWO 6-08 THT\n* TURBO HOLDINGS: SPYR4PRO,TQQQ.0HYP IB, THA, LAB), 000 HOOD ADOT TWLO FTN\n* TURBO RVAB/REBAR: 1.72 (2 41%/-5,99%) SELL DRAM\n* BOTTOM LINE: -» MASSIVE VOLATILITY IN “Al STOCKS’ CONTINUES\n* THURS KEYS: SPX vs 7600/21€ QQQ vs 216/500 R2ZKvSBE/21E  SPKATR?\n>> S&PSO0 KEY LEVELS <<<\n* 7621 (6/2 INTRADAY A-T-H}\nP7575 FRI: SPX BREAKOUT ON MFGA CAP STRENGTH; LEADERS QUIET\n$7572 TODAY: MASSIVE VOLATILITY IN “Al STOCKS’ CONTINUES.\n27544 TUES: COO CPIRP1, AI STOCKS BOUNCE; INDEXES COILING FOR A MOVE\n+7490 (16 21EMA) € 6/29 1 6/234 6/120 6/54 4/3 _\n*7454/7476(16_500/10WK} € 4/30 2/279 1/211 1/204\n* 6978/7004 {15 200D/40WK)_€ 5/12 5/8 SLOPE\n* EMAIL connor@revereasset.com                 1\\cyv ere  Asset             ConnorBates\n* TWITTER {X}: @Connor)Bates_                                                                                                   Anatyst/associate PM\n* PHONE: (855) REAL-WEALTH / (855) 732-5932               M an a     e m e nt                      Email: Connor@RovereAssotcom\n* WEB SITE: revereasset.com|                                                                                                              Twitter: @Connorbates\n",
      "ocr_text_snippet": "® Preview Fie COR View Go Toots Window Help G ® + [] MC A © 4 om FQ OE @ Weds SOPH B BE Do Bao WHAT'S THE MARKET TREND? eon “THE GROTECTION GAUGE\" >> TALE OF THE TAPE — WEDNESDAY, JULY 15, 2026 << ...",
      "output_kind": "whiteboard",
      "parsed_observations": [
        {
          "portfolio": "GRO",
          "metrics_raw": "HOLDINGS: SPYM,UPRO,000G, HOOD, FTNT,TWLO,RDDT,LLYX",
          "metric_1": null,
          "metric_2": null,
          "metric_scalar": null,
          "action_text": null,
          "bottom_line": "-» MASSIVE VOLATILITY IN \"AL STOCKS' CONTINUES THURS KEYS: SPX VS 7600/21€ QQQ VS 216/500 R2ZKVSBE/21E SPKATR? S&PSO0 KEY LEVELS <<< 7621 (6/2 INTRADAY A-T-H} P7575 FRI: SPX BREAKOUT ON MFGA CAP STRENGTH; LEADERS QUIET 7572 TODAY: MASSIVE VOLATILITY IN \"AL STOCKS' CONTINUES. 27544 TUES: COO CPIRP1, AI STOCKS BOUNCE; INDEXES COILING FOR A MOVE 7490 (16 21EMA) € 6/29 1 6/234 6/120 6/54 4/3 _ 7454/7476(16_500/10WK} € 4/30 2/279 1/211 1/204 6978/7004 {15 200D/40WK)_€ 5/12 5/8 SLOPE EMAIL CONNOR@REVEREASSET.COM 1\\CYV ERE ASSET CONNORBATES TWITTER {X}: @CONNOR)BATES_ ANATYST/ASSOCIATE PM PHONE: (855) REAL-WEALTH / (855) 732-5932 M AN A E M E NT EMAIL: CONNOR@ROVEREASSOTCOM WEB SITE: REVEREASSET.COM TWITTER: @CONNORBATES",
          "parse_status": "ok",
          "issue_codes": [],
          "ocr_confidence": 60,
          "ocr_profile": "threshold"
        },
        {
          "portfolio": "TURBO",
          "metrics_raw": "HOLDINGS: SPYR4PRO,TQQQ.0HYP IB, THA, LAB), 000 HOOD ADOT TWLO FTN",
          "metric_1": null,
          "metric_2": null,
          "metric_scalar": null,
          "action_text": null,
          "bottom_line": "-» MASSIVE VOLATILITY IN \"AL STOCKS' CONTINUES THURS KEYS: SPX VS 7600/21€ QQQ VS 216/500 R2ZKVSBE/21E SPKATR? S&PSO0 KEY LEVELS <<< 7621 (6/2 INTRADAY A-T-H} P7575 FRI: SPX BREAKOUT ON MFGA CAP STRENGTH; LEADERS QUIET 7572 TODAY: MASSIVE VOLATILITY IN \"AL STOCKS' CONTINUES. 27544 TUES: COO CPIRP1, AI STOCKS BOUNCE; INDEXES COILING FOR A MOVE 7490 (16 21EMA) € 6/29 1 6/234 6/120 6/54 4/3 _ 7454/7476(16_500/10WK} € 4/30 2/279 1/211 1/204 6978/7004 {15 200D/40WK)_€ 5/12 5/8 SLOPE EMAIL CONNOR@REVEREASSET.COM 1\\CYV ERE ASSET CONNORBATES TWITTER {X}: @CONNOR)BATES_ ANATYST/ASSOCIATE PM PHONE: (855) REAL-WEALTH / (855) 732-5932 M AN A E M E NT EMAIL: CONNOR@ROVEREASSOTCOM WEB SITE: REVEREASSET.COM TWITTER: @CONNORBATES",
          "parse_status": "ok",
          "issue_codes": [],
          "ocr_confidence": 60,
          "ocr_profile": "threshold"
        }
      ],
      "parsed_row_count": 2,
      "phash": "c291e06cd6d33cad",
      "prefilter_score": 1.77,
      "prefilter_stats": {
        "brightRatio": 0.4236111111111111,
        "darkRatio": 0.3115277777777778,
        "edgeRatio": 0.25666030669210654,
        "horizontalComparisons": 14151,
        "horizontalEdgeHits": 2375,
        "horizontalEdgeRatio": 0.16783266200268532,
        "meanLuma": 161.53090277777778,
        "stdDev": 91.75529209997457,
        "verticalComparisons": 14151,
        "verticalEdgeHits": 4889,
        "verticalEdgeRatio": 0.3454879513815278
      },
      "score": 114.18,
      "score_breakdown": {
        "chart_likeness": -5.942159578145926,
        "keyword_guard": 0,
        "ocr_confidence_bonus": 3,
        "pair_bonus": 4,
        "per_row_issues": 0,
        "per_row_metrics": 17,
        "text_density": 96.12
      },
      "screen_layout": "structured_whiteboard",
      "tickers": [
        "BE",
        "HOOD",
        "REMX",
        "SPYM",
        "UPRO"
      ],
      "timestamp": 276,
      "timestamp_hms": "00:04:36"
    }
  ],
  "top_rejected_candidates": [
    {
      "confusion_with_nearby": [],
      "frame_index": 0,
      "frame_path": "C:\\Users\\admin\\Projects\\portfolio_analyzer_revere\\data\\video_scan_20260915\\ocr-20260915-backfill\\ocr-20260915-backfill\\ocr_probe\\frames\\20260715_20260715_ghinv97esmq_7f55ae61_whiteboard\\ocr\\ocr_000001.png",
      "is_intro_card": false,
      "issue_codes": [
        "MISSING_METRIC_LINE",
        "MISSING_BOTTOM_LINE",
        "LOW_OCR_CONFIDENCE"
      ],
      "low_res_frame_path": null,
      "nearest_ffmpeg_keyframe_ts": 0,
      "observed_date": null,
      "ocr_confidence": 0,
      "ocr_profile": "threshold",
      "ocr_text": "",
      "ocr_text_snippet": "",
      "output_kind": "whiteboard",
      "parsed_observations": [
        {
          "portfolio": "GRO",
          "metrics_raw": null,
          "metric_1": null,
          "metric_2": null,
          "metric_scalar": null,
          "action_text": null,
          "bottom_line": null,
          "parse_status": "review",
          "issue_codes": [
            "MISSING_METRIC_LINE",
            "MISSING_BOTTOM_LINE",
            "LOW_OCR_CONFIDENCE"
          ],
          "ocr_confidence": 0,
          "ocr_profile": "threshold"
        },
        {
          "portfolio": "TURBO",
          "metrics_raw": null,
          "metric_1": null,
          "metric_2": null,
          "metric_scalar": null,
          "action_text": null,
          "bottom_line": null,
          "parse_status": "review",
          "issue_codes": [
            "MISSING_METRIC_LINE",
            "MISSING_BOTTOM_LINE",
            "LOW_OCR_CONFIDENCE"
          ],
          "ocr_confidence": 0,
          "ocr_profile": "threshold"
        }
      ],
      "parsed_row_count": 2,
      "phash": "0000000000000000",
      "prefilter_score": 3.29,
      "prefilter_stats": {
        "brightRatio": 0.43993055555555555,
        "darkRatio": 0.329375,
        "edgeRatio": 0.23722705109179562,
        "horizontalComparisons": 14151,
        "horizontalEdgeHits": 2342,
        "horizontalEdgeRatio": 0.165500671330648,
        "meanLuma": 159.82375,
        "stdDev": 95.04098848124978,
        "verticalComparisons": 14151,
        "verticalEdgeHits": 4372,
        "verticalEdgeRatio": 0.30895343085294324
      },
      "score": -16.48,
      "score_breakdown": {
        "chart_likeness": -4.483293403288089,
        "keyword_guard": 0,
        "ocr_confidence_bonus": 0,
        "pair_bonus": 0,
        "per_row_issues": -12,
        "per_row_metrics": 0,
        "text_density": 0
      },
      "screen_layout": "chart",
      "tickers": [],
      "timestamp": 0,
      "timestamp_hms": "00:00:00"
    },
    {
      "confusion_with_nearby": [],
      "frame_index": 45,
      "frame_path": "C:\\Users\\admin\\Projects\\portfolio_analyzer_revere\\data\\video_scan_20260915\\ocr-20260915-backfill\\ocr-20260915-backfill\\ocr_probe\\frames\\20260715_20260715_ghinv97esmq_7f55ae61_whiteboard\\ocr\\ocr_000046.png",
      "is_intro_card": false,
      "issue_codes": [
        "MISSING_METRIC_LINE",
        "MISSING_BOTTOM_LINE",
        "LOW_OCR_CONFIDENCE"
      ],
      "low_res_frame_path": null,
      "nearest_ffmpeg_keyframe_ts": 180.28,
      "observed_date": null,
      "ocr_confidence": 36,
      "ocr_profile": "threshold",
      "ocr_text": "# Safari Fie Eo view Mistory Bookmarks Window Help                         Go +   []  MC ® © & ma FQ 8- @ WedJul15 SOSPM\n[VP—\"      © Tow] we ey av me B mm. DEL 0\n$15.67\n© Choe Volatility Index                                                                                         x crow som\n© sow    .                                                         wom\ntoe ers PuET sn\nQs   Bee                                                    Sichatrs 1433)     M\n4     \\     ~\\    AY   f   PAY   a     aN         \\   IX\n~     .     NN,   S           .   AN Ne       .\n.\n«\nwe\n-      -                                  -\n|                   i\nall                               =\nol                    ae      I ad  il                 an\niil        )          om    wp ih                   Vo\n|\ncu VIB    wo    Tl  Lath   FR TS   ae   NT         »\noa     I   Li   is,   hb          |                    Trg     LAL TELE\npli   al   wh, ey    IRA                pe  LUT BE Cal (TRY\n#2     -       ol Ul                    Ps    od       )\npA                   ow\nES\nNy\novr\n[—\nwow mw wm uw mw om ow mem wm ow ow wm om om om ow ow wow\noa      [™     one      oo      ES     or (ER   nor      my     on      wn      ™\nPE    Reports   inter Asset Correlation 18 tems © Loses ot 26m £1 0ris2025                             omy - RE EA\na browse                       Cured Pronk Vowms Pes EPS   Vax atm SR    Core Man Comme\nmem Jee ee ew we    CTR Th BR Ton em mew WEE TUR ln ewe SD SER onl\nA              [3 0 ARKX  AR 1neovaben ETF   Te  wr  ager  ans     E)  was   -     3     -\noe\nMrs                EE   wg ow wow   Cw es   R   .   °   .   -\n-—                  .-\nBoom cowewss ww am nemo\n[E—\n© wow usommmom ws cn om      .       Co\n= tow zim         Bow vswwmeon ws ewe ow cc cc cc\n",
      "ocr_text_snippet": "# Safari Fie Eo view Mistory Bookmarks Window Help Go + [] MC ® © & ma FQ 8- @ WedJul15 SOSPM [VP—\" © Tow] we ey av me B mm. DEL 0 $15.67 © Choe Volatility Index x crow som © sow . wom toe ers PuET...",
      "output_kind": "whiteboard",
      "parsed_observations": [
        {
          "portfolio": "GRO",
          "metrics_raw": null,
          "metric_1": null,
          "metric_2": null,
          "metric_scalar": null,
          "action_text": null,
          "bottom_line": null,
          "parse_status": "review",
          "issue_codes": [
            "MISSING_METRIC_LINE",
            "MISSING_BOTTOM_LINE",
            "LOW_OCR_CONFIDENCE"
          ],
          "ocr_confidence": 36,
          "ocr_profile": "threshold"
        },
        {
          "portfolio": "TURBO",
          "metrics_raw": null,
          "metric_1": null,
          "metric_2": null,
          "metric_scalar": null,
          "action_text": null,
          "bottom_line": null,
          "parse_status": "review",
          "issue_codes": [
            "MISSING_METRIC_LINE",
            "MISSING_BOTTOM_LINE",
            "LOW_OCR_CONFIDENCE"
          ],
          "ocr_confidence": 36,
          "ocr_profile": "threshold"
        }
      ],
      "parsed_row_count": 2,
      "phash": "80760fb77b445cd8",
      "prefilter_score": 17.29,
      "prefilter_stats": {
        "brightRatio": 0.8469444444444445,
        "darkRatio": 0.029097222222222222,
        "edgeRatio": 0.12787082185004595,
        "horizontalComparisons": 14151,
        "horizontalEdgeHits": 1318,
        "horizontalEdgeRatio": 0.09313829411349021,
        "meanLuma": 234.69201388888888,
        "stdDev": 40.9904452633623,
        "verticalComparisons": 14151,
        "verticalEdgeHits": 2301,
        "verticalEdgeRatio": 0.16260334958660166
      },
      "score": -23.21,
      "score_breakdown": {
        "chart_likeness": -3.0124521243431026,
        "keyword_guard": -18,
        "ocr_confidence_bonus": 1.8,
        "pair_bonus": 0,
        "per_row_issues": -12,
        "per_row_metrics": 0,
        "text_density": 8
      },
      "screen_layout": "tale_of_the_tape",
      "tickers": [
        "BE"
      ],
      "timestamp": 180,
      "timestamp_hms": "00:03:00"
    },
    {
      "confusion_with_nearby": [],
      "frame_index": 162,
      "frame_path": "C:\\Users\\admin\\Projects\\portfolio_analyzer_revere\\data\\video_scan_20260915\\ocr-20260915-backfill\\ocr-20260915-backfill\\ocr_probe\\frames\\20260715_20260715_ghinv97esmq_7f55ae61_whiteboard\\ocr\\ocr_000163.png",
      "is_intro_card": false,
      "issue_codes": [
        "MISSING_METRIC_LINE",
        "MISSING_BOTTOM_LINE",
        "LOW_OCR_CONFIDENCE"
      ],
      "low_res_frame_path": null,
      "nearest_ffmpeg_keyframe_ts": 650.36,
      "observed_date": null,
      "ocr_confidence": 36,
      "ocr_profile": "threshold",
      "ocr_text": "# Saari Filo Edit viow Mistoy Bookmarks Window Help                         GG @ +   ®  MC @ © & a FT QA RG Wedll5S1IPM\nMarkersusos  o GEER     X oul | eeky ony sn «mss 4 Qmm- DGEt.@\n» Datadog Inc. Cl A                                                                         3265.08        $264.46\n2 Datadog Inc.                   room mn some vu ce mn S08, (28448\na OU JO -/ol- Sere occ ro NR]    mem gegen\nmm                  pom i Bie ARS TR er sn\nAEE IE IIE                             .           -           >    scene (32)     ©\n4                                                    mn\n[3   J          i”\n—    J\nwl     4   vadd 5\nies                                     a      Pr\nLN                                    i              E) y\nwe       aS                                 -\nAPR NT, we we 2              \"                 wim\n=                SUT        a      ee op                     en\noA                         SEAT  T bP Kg                                    a.\n80 Volume                                -  -                                  aw\n_    .——    n     B    -   -     }     or   ™       _   .-     -\nRC          -\noer      Nev     bee      oo     [     we EER  por     ay     Jun     -      r™\nScreens    Lat    Reports   21 over 21 List 21 items C uid G4 36 PMET 07157528                                   oy  2 EBA\nmem deme rem ew Eedme BETH WN ee WAG ORM ewe SoS\nFavoritos                 A        R   $s FIN    Foret Inc.         18455      13%   S087    232     ”»     7    ny     ra     A     a     % 12217 Foc\n or Crm   on    gr\nrn\ni\nCaos\neen         Pew mem me ae sw wx www A nw ww\n",
      "ocr_text_snippet": "# Saari Filo Edit viow Mistoy Bookmarks Window Help GG @ + ® MC @ © & a FT QA RG Wedll5S1IPM Markersusos o GEER X oul | eeky ony sn «mss 4 Qmm- DGEt.@ » Datadog Inc. Cl A 3265.08 $264.46 2 Datadog ...",
      "output_kind": "whiteboard",
      "parsed_observations": [
        {
          "portfolio": "GRO",
          "metrics_raw": null,
          "metric_1": null,
          "metric_2": null,
          "metric_scalar": null,
          "action_text": null,
          "bottom_line": null,
          "parse_status": "review",
          "issue_codes": [
            "MISSING_METRIC_LINE",
            "MISSING_BOTTOM_LINE",
            "LOW_OCR_CONFIDENCE"
          ],
          "ocr_confidence": 36,
          "ocr_profile": "threshold"
        },
        {
          "portfolio": "TURBO",
          "metrics_raw": null,
          "metric_1": null,
          "metric_2": null,
          "metric_scalar": null,
          "action_text": null,
          "bottom_line": null,
          "parse_status": "review",
          "issue_codes": [
            "MISSING_METRIC_LINE",
            "MISSING_BOTTOM_LINE",
            "LOW_OCR_CONFIDENCE"
          ],
          "ocr_confidence": 36,
          "ocr_profile": "threshold"
        }
      ],
      "parsed_row_count": 2,
      "phash": "806f133956097f9e",
      "prefilter_score": 15.54,
      "prefilter_stats": {
        "brightRatio": 0.8004861111111111,
        "darkRatio": 0.029236111111111112,
        "edgeRatio": 0.15465338138647444,
        "horizontalComparisons": 14151,
        "horizontalEdgeHits": 1611,
        "horizontalEdgeRatio": 0.1138435446258215,
        "meanLuma": 231.2501388888889,
        "stdDev": 41.79539199059352,
        "verticalComparisons": 14151,
        "verticalEdgeHits": 2766,
        "verticalEdgeRatio": 0.19546321814712742
      },
      "score": -23.23,
      "score_breakdown": {
        "chart_likeness": -3.0264614752554913,
        "keyword_guard": -18,
        "ocr_confidence_bonus": 1.8,
        "pair_bonus": 0,
        "per_row_issues": -12,
        "per_row_metrics": 0,
        "text_density": 8
      },
      "screen_layout": "tale_of_the_tape",
      "tickers": [],
      "timestamp": 648,
      "timestamp_hms": "00:10:48"
    },
    {
      "confusion_with_nearby": [],
      "frame_index": 24,
      "frame_path": "C:\\Users\\admin\\Projects\\portfolio_analyzer_revere\\data\\video_scan_20260915\\ocr-20260915-backfill\\ocr-20260915-backfill\\ocr_probe\\frames\\20260715_20260715_ghinv97esmq_7f55ae61_whiteboard\\ocr\\ocr_000025.png",
      "is_intro_card": false,
      "issue_codes": [
        "MISSING_METRIC_LINE",
        "MISSING_BOTTOM_LINE",
        "LOW_OCR_CONFIDENCE"
      ],
      "low_res_frame_path": null,
      "nearest_ffmpeg_keyframe_ts": 95.2,
      "observed_date": null,
      "ocr_confidence": 31,
      "ocr_profile": "threshold",
      "ocr_text": "# Sefer Fie Eat view ison  fookmares Widow Holp                         GG + © #40 4 mm PQA BO Weds 50a\n0.                                              wan\nMarkeTsusce ao [GED       x oul | Wey ow Ma - «vm 5 Qam- DGD\n~ Invesco QQQ Trust Series |                                                                  5717.96        ST17.74\nfasta iin                                          PODus WA WOmiAgW wai Mawcw 8    wz oom      cao steam\n& sen       © roowim       .                                           P50 0ue NA Ds AgSIoL SHILSISI 21 Dor TRA 249%        Aarti      ot 2.91778 23080\nvo     rogsyeie    am     mol 0302PMET OTE Loupe OY 0OPRE OP20ES\nswe Bomow    .   oA                 a         NI       y       Scraps 14233)     w\nha    NZ NA     [7A     7              NAN\nWW         4               VAY          on ff                        4       of                  »\nng        -\nFAR eR:\n‘       ¥    B     es\nFETA (TEC A\n=                .   [i      «                         ~\nv                                      ‘\n.          =\n.\nLt\nwor                         oe                       eo                                        hd\nSr          on        FO\n.     a a TT SNOT LRN\no  Ny  ag?  \" Lamy     ol\nlf     a       wos    A    Dk AT  ee                                      wo\n\"                                                           Lt\nvem    won                                                                                     we\n.             we      E™        —                   ™                         _—\nn          :                                          =      o-                                Po\n2m\n|        IA A                     mmm        Jil\nE)    wo a    EC    Ca    3    Ea]    w    at    wa    wa    =    I    »\nov       1\"         an        ro       -       =        oy        .        M         P»\nSoman    ts    fapors   Inter Asset Comelation 18 kame Cues 0x5 cf arisaon                               om - DE EA\na bn                                  Commi Pak hme Bess Ps     Vakm woes sR      Caro Maw Conn\nh              | ©     id     CO Tin em TB aie meee VEER MOR ON wom I SWS oem\n© Sma Alors                  Booey seme     157240   23 samen   mat    .    .   Py    B    .    .        .    |\nway Lis                 =         Bo 2 RP meespkowe. 229 02 sm oa      -     P—      -            °      .\nFovoten                  on         F200 eecODTwse. TOM nam a      -     wom      .           °      -      -\n= Ino Asset Corsiaion             [ER J ee    am am aw om    .    EE    .    .    .        .\n= 21 over 21 Lt            _—\n",
      "ocr_text_snippet": "# Sefer Fie Eat view ison fookmares Widow Holp GG + © #40 4 mm PQA BO Weds 50a 0. wan MarkeTsusce ao [GED x oul | Wey ow Ma - «vm 5 Qam- DGD ~ Invesco QQQ Trust Series | 5717.96 ST17.74 fasta iin P...",
      "output_kind": "whiteboard",
      "parsed_observations": [
        {
          "portfolio": "GRO",
          "metrics_raw": null,
          "metric_1": null,
          "metric_2": null,
          "metric_scalar": null,
          "action_text": null,
          "bottom_line": null,
          "parse_status": "review",
          "issue_codes": [
            "MISSING_METRIC_LINE",
            "MISSING_BOTTOM_LINE",
            "LOW_OCR_CONFIDENCE"
          ],
          "ocr_confidence": 31,
          "ocr_profile": "threshold"
        },
        {
          "portfolio": "TURBO",
          "metrics_raw": null,
          "metric_1": null,
          "metric_2": null,
          "metric_scalar": null,
          "action_text": null,
          "bottom_line": null,
          "parse_status": "review",
          "issue_codes": [
            "MISSING_METRIC_LINE",
            "MISSING_BOTTOM_LINE",
            "LOW_OCR_CONFIDENCE"
          ],
          "ocr_confidence": 31,
          "ocr_profile": "threshold"
        }
      ],
      "parsed_row_count": 2,
      "phash": "806d16397e407fd6",
      "prefilter_score": 17.26,
      "prefilter_stats": {
        "brightRatio": 0.7980555555555555,
        "darkRatio": 0.029097222222222222,
        "edgeRatio": 0.1421807646102749,
        "horizontalComparisons": 14151,
        "horizontalEdgeHits": 1492,
        "horizontalEdgeRatio": 0.10543424492968695,
        "meanLuma": 231.38625,
        "stdDev": 42.506883166059794,
        "verticalComparisons": 14151,
        "verticalEdgeHits": 2532,
        "verticalEdgeRatio": 0.17892728429086283
      },
      "score": -23.25,
      "score_breakdown": {
        "chart_likeness": -2.8002913970529715,
        "keyword_guard": -18,
        "ocr_confidence_bonus": 1.55,
        "pair_bonus": 0,
        "per_row_issues": -12,
        "per_row_metrics": 0,
        "text_density": 8
      },
      "screen_layout": "tale_of_the_tape",
      "tickers": [
        "CF"
      ],
      "timestamp": 96,
      "timestamp_hms": "00:01:36"
    },
    {
      "confusion_with_nearby": [],
      "frame_index": 51,
      "frame_path": "C:\\Users\\admin\\Projects\\portfolio_analyzer_revere\\data\\video_scan_20260915\\ocr-20260915-backfill\\ocr-20260915-backfill\\ocr_probe\\frames\\20260715_20260715_ghinv97esmq_7f55ae61_whiteboard\\ocr\\ocr_000052.png",
      "is_intro_card": false,
      "issue_codes": [
        "MISSING_METRIC_LINE",
        "MISSING_BOTTOM_LINE",
        "LOW_OCR_CONFIDENCE"
      ],
      "low_res_frame_path": null,
      "nearest_ffmpeg_keyframe_ts": 205.08,
      "observed_date": null,
      "ocr_confidence": 35,
      "ocr_profile": "threshold",
      "ocr_text": "# Sater Fie €0t view Mistry Bookmarks Window Help                         G & +   B AC AE 4 mF QB © Weds Sse\nMasersuRos a (QE)     © om wean down wn mem §                    EE ov: oct 0\n® Vanguard Total Bond Market ETF                                                                    $72.90          $72.82\n4 sum     @ hatin     :                                 [Piro vbedanigee irl iol co SA prs\nASAE EE - NU      ;                    3         fg              ra   Stocnasnes (133)     ©\nVad      ai   mS                NS   fr       WAN          os             »\nwo ATF         wo            ’\nNY oe sh! PAE Sgn, ar or ol    fg        i.            nN\nra !     or      JRE \"TR ae A         Wh ty,     ow\nnw          f   no      RA\n—\n—                      -     —-     a                pe.                  fie\n-                   ow                  N       _       ke                      zm\nELL er my mn  =\n=e      on      Nev     Dee      don      Fob     [CY      hor      Nay     on      au      ™\nSanaa | an    Report   Inter Assot Comelation 18#tams © Caves 013s 0 6101-15202                              om - DE BA&\nek El AL LR      CER OTE BR TE kh eres WEG UR AS eee dD SN SR\n& sma    fn ow owmera wm om wm om       . a.       .\nMy ts                 ha         ®   15 er     Shares Bitooin Truss ETF    88    063   B95    0      B      .     152      .      B      c      B\nFovorten            en      BO BO washes.  T@ ov an on    ©   w ae    .    .    e    R    .   |\ni= Iker Asset Corriaton           [J  won   Shares 20+ Your Traas.   saz   18  war   a       n   259           €\n",
      "ocr_text_snippet": "# Sater Fie €0t view Mistry Bookmarks Window Help G & + B AC AE 4 mF QB © Weds Sse MasersuRos a (QE) © om wean down wn mem § EE ov: oct 0 ® Vanguard Total Bond Market ETF $72.90 $72.82 4 sum @ hati...",
      "output_kind": "whiteboard",
      "parsed_observations": [
        {
          "portfolio": "GRO",
          "metrics_raw": null,
          "metric_1": null,
          "metric_2": null,
          "metric_scalar": null,
          "action_text": null,
          "bottom_line": null,
          "parse_status": "review",
          "issue_codes": [
            "MISSING_METRIC_LINE",
            "MISSING_BOTTOM_LINE",
            "LOW_OCR_CONFIDENCE"
          ],
          "ocr_confidence": 35,
          "ocr_profile": "threshold"
        },
        {
          "portfolio": "TURBO",
          "metrics_raw": null,
          "metric_1": null,
          "metric_2": null,
          "metric_scalar": null,
          "action_text": null,
          "bottom_line": null,
          "parse_status": "review",
          "issue_codes": [
            "MISSING_METRIC_LINE",
            "MISSING_BOTTOM_LINE",
            "LOW_OCR_CONFIDENCE"
          ],
          "ocr_confidence": 35,
          "ocr_profile": "threshold"
        }
      ],
      "parsed_row_count": 2,
      "phash": "8069162f5f407ef6",
      "prefilter_score": 15.46,
      "prefilter_stats": {
        "brightRatio": 0.7942361111111111,
        "darkRatio": 0.029166666666666667,
        "edgeRatio": 0.15437071585046994,
        "horizontalComparisons": 14151,
        "horizontalEdgeHits": 1587,
        "horizontalEdgeRatio": 0.11214755140979436,
        "meanLuma": 230.99541666666667,
        "stdDev": 41.76322120789674,
        "verticalComparisons": 14151,
        "verticalEdgeHits": 2782,
        "verticalEdgeRatio": 0.1965938802911455
      },
      "score": -23.53,
      "score_breakdown": {
        "chart_likeness": -3.275829471625851,
        "keyword_guard": -18,
        "ocr_confidence_bonus": 1.75,
        "pair_bonus": 0,
        "per_row_issues": -12,
        "per_row_metrics": 0,
        "text_density": 8
      },
      "screen_layout": "tale_of_the_tape",
      "tickers": [],
      "timestamp": 204,
      "timestamp_hms": "00:03:24"
    }
  ],
  "whiteboard_segments": [
    {
      "capture_count": 1,
      "end_ts": 48,
      "end_hms": "00:00:48",
      "is_intro_card": true,
      "layout": "dmi",
      "peak_frame_index": 12,
      "peak_score": 56.89,
      "start_hms": "00:00:48",
      "start_ts": 48
    },
    {
      "capture_count": 2,
      "end_ts": 312,
      "end_hms": "00:05:12",
      "is_intro_card": false,
      "layout": "structured_whiteboard",
      "peak_frame_index": 60,
      "peak_score": 114.94,
      "start_hms": "00:04:00",
      "start_ts": 240
    }
  ],
  "log_path": "C:\\Users\\admin\\Projects\\portfolio_analyzer_revere\\data\\video_scan_20260915\\ocr-20260915-backfill\\ocr-20260915-backfill\\ocr_probe\\logs\\20260715_20260715_ghinv97esmq_7f55ae61_whiteboard.json"
}
