# cmd: node tools/scanVideoWithOcr.js --video C:\Users\admin\Projects\portfolio_analyzer_revere\data\video_pipeline\downloads_hires\20260722_npmyd1aKE8o.mp4 --date 20260722 --output-root C:\Users\admin\Projects\portfolio_analyzer_revere\data\video_scan_20260915\ocr-20260915-backfill --run-tag ocr-20260915-backfill --ffmpeg-bin c:/Users/admin/AppData/Local/Microsoft/WinGet/Packages/Gyan.FFmpeg_Microsoft.Winget.Source_8wekyb3d8bbwe/ffmpeg-9.0.1-full_build/bin/ffmpeg.exe
[scan:whiteboard] ffprobe found 188 keyframe(s) for nearest-keyframe lookup
[scan:whiteboard] preflighting final whiteboard output extraction
[scan:whiteboard] extracting sample frames from C:\Users\admin\Projects\portfolio_analyzer_revere\data\video_pipeline\downloads_hires\20260722_npmyd1aKE8o.mp4
[scan:whiteboard] extracted 241 frame(s) at 0.25 fps with width 640; starting prefilter
[scan:whiteboard] prefilter 1/241 frames after 00:00:00; best prefilter 3.58 at 00:00:00
[scan:whiteboard] prefilter 10/241 frames after 00:00:00; best prefilter 3.64 at 00:00:16
[scan:whiteboard] prefilter 20/241 frames after 00:00:00; best prefilter 3.64 at 00:00:16
[scan:whiteboard] prefilter 30/241 frames after 00:00:00; best prefilter 18.97 at 00:01:52
[scan:whiteboard] prefilter 40/241 frames after 00:00:01; best prefilter 18.97 at 00:01:52
[scan:whiteboard] prefilter 50/241 frames after 00:00:01; best prefilter 18.97 at 00:01:52
[scan:whiteboard] prefilter 60/241 frames after 00:00:01; best prefilter 18.97 at 00:01:52
[scan:whiteboard] prefilter 70/241 frames after 00:00:01; best prefilter 18.97 at 00:01:52
[scan:whiteboard] prefilter 80/241 frames after 00:00:01; best prefilter 18.97 at 00:01:52
[scan:whiteboard] prefilter 90/241 frames after 00:00:01; best prefilter 18.97 at 00:01:52
[scan:whiteboard] prefilter 100/241 frames after 00:00:01; best prefilter 18.97 at 00:01:52
[scan:whiteboard] prefilter 110/241 frames after 00:00:02; best prefilter 18.97 at 00:01:52
[scan:whiteboard] prefilter 120/241 frames after 00:00:02; best prefilter 18.97 at 00:01:52
[scan:whiteboard] prefilter 130/241 frames after 00:00:02; best prefilter 18.97 at 00:01:52
[scan:whiteboard] prefilter 140/241 frames after 00:00:02; best prefilter 18.97 at 00:01:52
[scan:whiteboard] prefilter 150/241 frames after 00:00:02; best prefilter 18.97 at 00:01:52
[scan:whiteboard] prefilter 160/241 frames after 00:00:02; best prefilter 18.97 at 00:01:52
[scan:whiteboard] prefilter 170/241 frames after 00:00:02; best prefilter 18.97 at 00:01:52
[scan:whiteboard] prefilter 180/241 frames after 00:00:03; best prefilter 18.97 at 00:01:52
[scan:whiteboard] prefilter 190/241 frames after 00:00:03; best prefilter 18.97 at 00:01:52
[scan:whiteboard] prefilter 200/241 frames after 00:00:03; best prefilter 18.97 at 00:01:52
[scan:whiteboard] prefilter 210/241 frames after 00:00:03; best prefilter 18.97 at 00:01:52
[scan:whiteboard] prefilter 220/241 frames after 00:00:03; best prefilter 18.97 at 00:01:52
[scan:whiteboard] prefilter 230/241 frames after 00:00:03; best prefilter 18.97 at 00:01:52
[scan:whiteboard] prefilter 240/241 frames after 00:00:03; best prefilter 18.97 at 00:01:52
[scan:whiteboard] prefilter 241/241 frames after 00:00:03; best prefilter 18.97 at 00:01:52
[scan:whiteboard] prefilter kept 60/241 frame(s) for OCR; best prefilter 18.97 at 00:01:52
[scan:whiteboard] extracting OCR candidates from source video at width 1280
[scan:whiteboard] OCR 1/60 frames (1.7%) after 00:00:01; best score -16.04 at 00:00:00 (ocr 0.0)
[scan:whiteboard] OCR 10/60 frames (16.7%) after 00:00:43; best score 51.93 at 00:01:04 (ocr 63.0)
Image too small to scale!! (1x36 vs min width of 3)
Line cannot be recognized!!
[scan:whiteboard] OCR 20/60 frames (33.3%) after 00:01:58; best score 51.93 at 00:01:04 (ocr 63.0)
[scan:whiteboard] OCR 30/60 frames (50.0%) after 00:02:40; best score 116.70 at 00:07:28 (ocr 62.0)
[scan:whiteboard] OCR 40/60 frames (66.7%) after 00:04:01; best score 116.70 at 00:07:28 (ocr 62.0)
[scan:whiteboard] OCR 50/60 frames (83.3%) after 00:04:59; best score 116.70 at 00:07:28 (ocr 62.0)
Image too small to scale!! (1x36 vs min width of 3)
Line cannot be recognized!!
[scan:whiteboard] OCR 60/60 frames (100.0%) after 00:05:55; best score 116.70 at 00:07:28 (ocr 62.0)
{
  "date_key": "20260722",
  "output_kind": "whiteboard",
  "video_path": "C:\\Users\\admin\\Projects\\portfolio_analyzer_revere\\data\\video_pipeline\\downloads_hires\\20260722_npmyd1aKE8o.mp4",
  "captured_count": 3,
  "captures": [
    {
      "confusion_with_nearby": [],
      "frame_index": 112,
      "frame_path": "C:\\Users\\admin\\Projects\\portfolio_analyzer_revere\\data\\video_scan_20260915\\ocr-20260915-backfill\\ocr-20260915-backfill\\ocr_probe\\frames\\20260722_20260722_npmyd1ake8o_6c89c99a_whiteboard\\ocr\\ocr_000113.png",
      "is_intro_card": false,
      "issue_codes": [],
      "low_res_frame_path": null,
      "nearest_ffmpeg_keyframe_ts": 446.88,
      "observed_date": "20260722",
      "ocr_confidence": 62,
      "ocr_profile": "threshold",
      "ocr_text": "® Preiew fo ER View Go Toss Window Hep                                                                    G © wc 4906 LC ;m 7 Q BB © Wedli22 4360\n>> THE REVERE ROUNDUP <<<                                                          WHATS THE MARKET TREND?\n-_—                                                                                 \"THE GROTECTION GAUGE\n\ncect                                                                                                                      TT CTT\n>» TALE OF THE TAPE ~ WEDNESDAY, JULY 22, 2026 <<\n* MARKET STATE:                                                                                                                                     i\n*STOINDEXES 1+ AL RGBST 1 NASIE USD TNM/TYXA ved\n* SENTIMENT: VIX 35 83 ( 3 93: FRG       ANN 409206 22.243 STINET NAAIM 55.64 412.68                                  [SHORT TERM (21ama) =>  |          N\nPSULLCASE IN TIATE RALLY B TREND 21EMA €7/21 157 CLOSE ABOVE                                                                                a\nFBEAR CASE: SUSTAINED BREAK BELOW 21EMA\n* NEWS: WED £/A AFTER CLOSE: TSLA, GOOGL, THN, NOW, 18M THUR E/R AFTER CLOSE: INTC, MYL\n* TODAY'S KEYS: SPX vs ATHY /8E-21E-500 1 QQQvs 2264/7001  R2Kvs 30004 /21€3\n*DAYCT: U-1=>U-1/      Be: +2     le: +2                                                                                              YY           ET     —c                k=]\n* ACTION: 0-0.23% 17485 £7500 {7490 £7525                                                                          [LONG TERM (2008ma) ==>  []\n“SPXO/N 7470-75101 07497 030 7500-75151 L/W 7485-7525                                                               411026 NEUTRAL => up\n*SPXATR: 1.06% SPX -0.14% 60/40-0.07% GRO -0.23% TURBO -0.59%                                                                         =\n* SECTORS: 4 175 1151 COX COX C4A” STXX <b BY% USD REMX SETS SOFTWARE IGV CLOU SKYY\n* GRO HOLDINGS: SPYM,UPRO,LLY/LLYX,HPE, DELL\n* GRO RVAB/REBAR: 1.0: (.0.35%/4 13%) BUY HPE OELL SELL FTNT DOOG\n* TURBO HOLDINGS: SPYM,UPRO,BHYP,IBIF, ETHA,DDOG AMD\n* TURBO RVAB/REBAR: : 14 (.0.88%/-3.52%) SELLFTNTTWLO\n* BOTTOM LINE:                              SEO TOLI0, A NALS BUNCE, + SOFTWARE WEAK\n* THURS KEYS: SPX vs ATH/SE-21E-50D QQQVS 216/700  AZK vs 3000/21E\n2>> SBPS00 KEY LEVELS <<<\n* 7621 (6/2 INTRADAY A-T-H}\n7509 TUES: STRONG BOUNCE IN AI STOLLS; SPX RTGAINS XMA.\n$7499 TODAY:                          SEP LSIEIT AL NANTES ATUNCE, » SOFTWARE WEAK\n©7489 (D2 21EMA) € 7/210 TIP 6/291 6/234 6/127 6/54\n* 7470/7468(1 4 SOD/LOWK) € 7/211 7/174 6/290\n$7443 MON: INDEXES FADED THE GAP UP;\n+ 6995/7021 (14 200D/40WK) € 5/120 5/8 SLOPED                                     bY I                            t\n\n»]                                                   Connor Bates\nAnatyst/associate PM\n\n* PHONE: (855) REAL-WEALTH / (855) 732-5932             M a n a     e m e nt                     Email: Gonnor@Rovareassetcom\n* WEB SITE: revereasset.corm|                                                         g                                             Twitter: @ConnorBates_\n",
      "ocr_text_snippet": "® Preiew fo ER View Go Toss Window Hep G © wc 4906 LC ;m 7 Q BB © Wedli22 4360 >> THE REVERE ROUNDUP <<< WHATS THE MARKET TREND? -_— \"THE GROTECTION GAUGE cect TT CTT >» TALE OF THE TAPE ~ WEDNESDA...",
      "output_kind": "whiteboard",
      "parsed_observations": [
        {
          "portfolio": "GRO",
          "metrics_raw": "RVAB/REBAR: 1.0: (.0.35%/4 13%)",
          "metric_1": null,
          "metric_2": null,
          "metric_scalar": null,
          "action_text": "BUY HPE OELL SELL FTNT DOOG",
          "bottom_line": "SEO TOLI0, A NALS BUNCE, + SOFTWARE WEAK THURS KEYS: SPX VS ATH/SE-21E-50D QQQVS 216/700 AZK VS 3000/21E 2>> SBPS00 KEY LEVELS <<< 7621 (6/2 INTRADAY A-T-H} 7509 TUES: STRONG BOUNCE IN AI STOLLS; SPX RTGAINS XMA. 7499 TODAY: SEP LSIEIT AL NANTES ATUNCE, » SOFTWARE WEAK 7489 (D2 21EMA) € 7/210 TIP 6/291 6/234 6/127 6/54 7470/7468(1 4 SOD/LOWK) € 7/211 7/174 6/290 7443 MON: INDEXES FADED THE GAP UP; 6995/7021 (14 200D/40WK) € 5/120 5/8 SLOPED BY I T CONNOR BATES ANATYST/ASSOCIATE PM PHONE: (855) REAL-WEALTH / (855) 732-5932 M A N A E M E NT EMAIL: GONNOR@ROVAREASSETCOM WEB SITE: REVEREASSET.CORM G TWITTER: @CONNORBATES_",
          "parse_status": "ok",
          "issue_codes": [],
          "ocr_confidence": 62,
          "ocr_profile": "threshold"
        },
        {
          "portfolio": "TURBO",
          "metrics_raw": "RVAB/REBAR: : 14 (.0.88%/-3.52%)",
          "metric_1": null,
          "metric_2": null,
          "metric_scalar": null,
          "action_text": "SELL FTNTTWLO",
          "bottom_line": "SEO TOLI0, A NALS BUNCE, + SOFTWARE WEAK THURS KEYS: SPX VS ATH/SE-21E-50D QQQVS 216/700 AZK VS 3000/21E 2>> SBPS00 KEY LEVELS <<< 7621 (6/2 INTRADAY A-T-H} 7509 TUES: STRONG BOUNCE IN AI STOLLS; SPX RTGAINS XMA. 7499 TODAY: SEP LSIEIT AL NANTES ATUNCE, » SOFTWARE WEAK 7489 (D2 21EMA) € 7/210 TIP 6/291 6/234 6/127 6/54 7470/7468(1 4 SOD/LOWK) € 7/211 7/174 6/290 7443 MON: INDEXES FADED THE GAP UP; 6995/7021 (14 200D/40WK) € 5/120 5/8 SLOPED BY I T CONNOR BATES ANATYST/ASSOCIATE PM PHONE: (855) REAL-WEALTH / (855) 732-5932 M A N A E M E NT EMAIL: GONNOR@ROVAREASSETCOM WEB SITE: REVEREASSET.CORM G TWITTER: @CONNORBATES_",
          "parse_status": "ok",
          "issue_codes": [],
          "ocr_confidence": 62,
          "ocr_profile": "threshold"
        }
      ],
      "parsed_row_count": 2,
      "phash": "c695e068c7933ce9",
      "prefilter_score": 2.02,
      "prefilter_stats": {
        "brightRatio": 0.4257638888888889,
        "darkRatio": 0.3157638888888889,
        "edgeRatio": 0.2400183732598403,
        "horizontalComparisons": 14151,
        "horizontalEdgeHits": 2254,
        "horizontalEdgeRatio": 0.1592820295385485,
        "meanLuma": 160.10868055555557,
        "stdDev": 93.59900021535816,
        "verticalComparisons": 14151,
        "verticalEdgeHits": 4539,
        "verticalEdgeRatio": 0.32075471698113206
      },
      "score": 116.7,
      "score_breakdown": {
        "chart_likeness": -5.558358762852169,
        "keyword_guard": 0,
        "ocr_confidence_bonus": 3.1,
        "pair_bonus": 4,
        "per_row_issues": 0,
        "per_row_metrics": 20,
        "text_density": 95.16
      },
      "screen_layout": "structured_whiteboard",
      "tickers": [
        "BE",
        "DELL",
        "ETHA",
        "HPE",
        "INTC",
        "REMX",
        "SPYM",
        "TSLA",
        "UPRO"
      ],
      "timestamp": 448,
      "timestamp_hms": "00:07:28",
      "output_path": "C:\\Users\\admin\\Projects\\portfolio_analyzer_revere\\data\\video_scan_20260915\\ocr-20260915-backfill\\ocr-20260915-backfill\\screenshots\\20260722_ps_4.png"
    },
    {
      "confusion_with_nearby": [],
      "frame_index": 88,
      "frame_path": "C:\\Users\\admin\\Projects\\portfolio_analyzer_revere\\data\\video_scan_20260915\\ocr-20260915-backfill\\ocr-20260915-backfill\\ocr_probe\\frames\\20260722_20260722_npmyd1ake8o_6c89c99a_whiteboard\\ocr\\ocr_000089.png",
      "is_intro_card": false,
      "issue_codes": [],
      "low_res_frame_path": null,
      "nearest_ffmpeg_keyframe_ts": 353.76,
      "observed_date": "20260722",
      "ocr_confidence": 60,
      "ocr_profile": "threshold",
      "ocr_text": "® Preiew Fo Edt View Go Toor Window Hel                                                     GQ ®& Ac 900 LC m FQ B © Wd aur\n>>> THE REVERE ROUNDUP <<<                                                          TT TROT\n-_—                                                                                 ‘THE GROTECTION GAUGE\neon                                                                [oor]\n>> TALE OF THE TAPE ~ WEDNESDAY, JULY 22, 2026 <<\n* MARKET STATE:                                                                                                                                     i\n*SIOINDEXES1T  4LRGBST  1LNASIS USD  TNX/TYXD vs5d\n* SENTIMENT: IX 15.67 ( = 542} FRG       ANN 409306 22.243 STINE] NAAIM 55.64 412.69                               SHORT TERM (21ama) wes\nDULL CASE INTIATE RALLY & TREND 21EMA 7/21 1ST GLOSE ABOVE                                           a\nBEAR CASE: SUSTAINED BREAK BELOW 21EMA\n* NEWS: WED £/R AFTER CLOSE: TSLA, GOOG, TXN, NOW, 16M THUR E/A AFTER CLOSE: INTC, ML\n* TODAY'S KEYS: SPX vs ATHY /8€-21E-50DT QQQvs 21£4/7007  R2Kvs 30004 /21E4                                 —\n*DAYCR:Ud=>U1/  Ber+2  2lei+2                                                              \\       ay          k=]\n* ACTION: 0-0.23% 17425 £7500 $7890 $7525                                                                     Lona TERM 0vsma) ==>\n*SPXO/N 7470-75101 07457 030 750075151 L/H 7485-7525                                                 re we——\n*SPXATR: 1.06% SPX -0.14% 60/40-0.07% GRO -0.23% TURBO -0.59%\n# SECTORS: 595 3,50 GOIX COPX C144” Sx 4 BYX USD REMX IETS SOFTWARE 1GY CLOU SKYY\n* GRO HOLDINGS: SPYM,UPRO,LLY/LLYX,HPE, DELL\n* GRO RVAB/REBAR: 10° .0.95%/-4.18%) BUY HPEDELL SELL FTNT DOOG\n* TURBO HOLDINGS: SPYM,UPRO,BHYP.IBIT,ETHA.DDOG AMD\n* TURBO RVAB/REBAR: 1.11 (0.88%/-3.52%) SELL FINTTWAO\n* BOTTOM LINE:                         557 C0 180.4 NAMES BOUNCE, + SOFTWARE WEAK.\n* THURS KEYS: SPX vs ATH/SE-21E-50D QQQvs 21E/700  RZKvs 3000/21€\n>> SEPSD0 KEY LEVELS <<<\n* 7621 {6/2 INTRADAY A-T-H}\n$7509 TUES: STRONG BOUNCE IN AL STOCKS; SPX RTGARS MA\n$7495 TODAY:                      SES CUILED. AL NARS 2DURCEH, » SOFTWARE WEAK\n+7483 (1221EMA) € 7/217 TTL G01 6/234 127 6/54\n*7470/7468(14 SOD/10WK) € 70211 7/174 6/297\n$7443 MON: INDEXES FADED THE GAP UP;\n+ 6995/7021 (14 2000/40WK)_ € 5/121 5/5 SLOPED                      py                 t\n»)                                                   Connor Bates\nAnalyst/assaciate PM\n* PHONE: (855) REAL-WEALTH / (855) 732-5932             M a n a     e m e nt                     Email; Connor@RovareAssetcom\n* WEB SITE: revereasset.corm|                                                       g                                           Twitter: @ConnorBates_\n",
      "ocr_text_snippet": "® Preiew Fo Edt View Go Toor Window Hel GQ ®& Ac 900 LC m FQ B © Wd aur >>> THE REVERE ROUNDUP <<< TT TROT -_— ‘THE GROTECTION GAUGE eon [oor] >> TALE OF THE TAPE ~ WEDNESDAY, JULY 22, 2026 << * MA...",
      "output_kind": "whiteboard",
      "parsed_observations": [
        {
          "portfolio": "GRO",
          "metrics_raw": "RVAB/REBAR: 10° .0.95%/-4.18%)",
          "metric_1": null,
          "metric_2": null,
          "metric_scalar": null,
          "action_text": "BUY HPEDELL SELL FTNT DOOG",
          "bottom_line": "557 C0 180.4 NAMES BOUNCE, + SOFTWARE WEAK. THURS KEYS: SPX VS ATH/SE-21E-50D QQQVS 21E/700 RZKVS 3000/21€ SEPSD0 KEY LEVELS <<< 7621 {6/2 INTRADAY A-T-H} 7509 TUES: STRONG BOUNCE IN AL STOCKS; SPX RTGARS MA 7495 TODAY: SES CUILED. AL NARS 2DURCEH, » SOFTWARE WEAK 7483 (1221EMA) € 7/217 TTL G01 6/234 127 6/54 7470/7468(14 SOD/10WK) € 70211 7/174 6/297 7443 MON: INDEXES FADED THE GAP UP; 6995/7021 (14 2000/40WK)_ € 5/121 5/5 SLOPED PY T CONNOR BATES ANALYST/ASSACIATE PM PHONE: (855) REAL-WEALTH / (855) 732-5932 M A N A E M E NT EMAIL; CONNOR@ROVAREASSETCOM WEB SITE: REVEREASSET.CORM G TWITTER: @CONNORBATES_",
          "parse_status": "ok",
          "issue_codes": [],
          "ocr_confidence": 60,
          "ocr_profile": "threshold"
        },
        {
          "portfolio": "TURBO",
          "metrics_raw": "RVAB/REBAR: 1.11 (0.88%/-3.52%)",
          "metric_1": null,
          "metric_2": null,
          "metric_scalar": null,
          "action_text": "SELL FINTTWAO",
          "bottom_line": "557 C0 180.4 NAMES BOUNCE, + SOFTWARE WEAK. THURS KEYS: SPX VS ATH/SE-21E-50D QQQVS 21E/700 RZKVS 3000/21€ SEPSD0 KEY LEVELS <<< 7621 {6/2 INTRADAY A-T-H} 7509 TUES: STRONG BOUNCE IN AL STOCKS; SPX RTGARS MA 7495 TODAY: SES CUILED. AL NARS 2DURCEH, » SOFTWARE WEAK 7483 (1221EMA) € 7/217 TTL G01 6/234 127 6/54 7470/7468(14 SOD/10WK) € 70211 7/174 6/297 7443 MON: INDEXES FADED THE GAP UP; 6995/7021 (14 2000/40WK)_ € 5/121 5/5 SLOPED PY T CONNOR BATES ANALYST/ASSACIATE PM PHONE: (855) REAL-WEALTH / (855) 732-5932 M A N A E M E NT EMAIL; CONNOR@ROVAREASSETCOM WEB SITE: REVEREASSET.CORM G TWITTER: @CONNORBATES_",
          "parse_status": "ok",
          "issue_codes": [],
          "ocr_confidence": 60,
          "ocr_profile": "threshold"
        }
      ],
      "parsed_row_count": 2,
      "phash": "c695e068c7933ce9",
      "prefilter_score": 1.99,
      "prefilter_stats": {
        "brightRatio": 0.4257638888888889,
        "darkRatio": 0.31555555555555553,
        "edgeRatio": 0.23977104091583634,
        "horizontalComparisons": 14151,
        "horizontalEdgeHits": 2249,
        "horizontalEdgeRatio": 0.15892869761854286,
        "meanLuma": 160.11743055555556,
        "stdDev": 93.60125474917619,
        "verticalComparisons": 14151,
        "verticalEdgeHits": 4537,
        "verticalEdgeRatio": 0.3206133842131298
      },
      "score": 115.58,
      "score_breakdown": {
        "chart_likeness": -5.583370912483108,
        "keyword_guard": 0,
        "ocr_confidence_bonus": 3,
        "pair_bonus": 4,
        "per_row_issues": 0,
        "per_row_metrics": 20,
        "text_density": 94.16
      },
      "screen_layout": "structured_whiteboard",
      "tickers": [
        "DELL",
        "GOOG",
        "HPE",
        "INTC",
        "REMX",
        "SPYM",
        "TSLA",
        "UPRO"
      ],
      "timestamp": 352,
      "timestamp_hms": "00:05:52",
      "output_path": "C:\\Users\\admin\\Projects\\portfolio_analyzer_revere\\data\\video_scan_20260915\\ocr-20260915-backfill\\ocr-20260915-backfill\\screenshots\\20260722_ps_5.png"
    },
    {
      "confusion_with_nearby": [],
      "frame_index": 100,
      "frame_path": "C:\\Users\\admin\\Projects\\portfolio_analyzer_revere\\data\\video_scan_20260915\\ocr-20260915-backfill\\ocr-20260915-backfill\\ocr_probe\\frames\\20260722_20260722_npmyd1ake8o_6c89c99a_whiteboard\\ocr\\ocr_000101.png",
      "is_intro_card": true,
      "issue_codes": [],
      "low_res_frame_path": null,
      "nearest_ffmpeg_keyframe_ts": 400.96,
      "observed_date": "20260722",
      "ocr_confidence": 61,
      "ocr_profile": "threshold",
      "ocr_text": "® review Fie Eo View Go Tools Window Help                                                                    [=%      [2     Me 4 @ © & | FQ Br © Wedul22 £35PM\n>>> THE REVERE ROUNDUP <<<                                                          WHATS THE MARKET TREND?\n_—                                                                                 THE GROTECTION GAUGE’\na.                                                                                                                      (TC NE CE\n>» TALE OF THE TAPE ~ WEDNESDAY, JULY 22, 2026 <<                                                                                                                                           =\n* MARKET STATE:                                                                                                                                               ~\n*STOINDEXES 1t 44 RGEST 1 NASIY USD  TNK/TYXM vsS5d\n* SENTIMENT: IX 15 89 ( 3 5421 FRG           ANN a09 206 22.243 TIRE NAAIM 95.64 412.69                                                SHORT TERM (21ama) =e>  |\nDULL CASE INTIATE RALLY 8 TREND 21EMA  €7/21 157 GLOSE ABOVE                                                                    CC\nBEAR CASE: SUSTAINED BREAK BELOW 21EMA\n* NEWS: WED £/A AFTER CLOSE: TSLA, GOOGL, TKN, NOW, IBM THUR E/R AFTER CLOSE: INTC, MIL\n* TODAY'S KEYS: SPX vs ATHY /8E-21E-50DT QQQvs 2264/7001  R2Kvs 30004 /21E4                                                            —                wi\n*DAYCT:U-1=>U-1/  Ber+2  2lei+2                                                                          Y        ALA rT            k=]\n* ACTION: 0-0.23% 17485 £7500 $7490 $7525                                                                     Lon TERM (2008) =>  []\n*SPXO/N 7470-75100 ©7497 O30 7500-75151 L/H 7485-7525                                                               106 NewtRAL os on\n*SPXATR: 1.06% SPX -0.14% 60/40-0.07% GRO -0.23% TURBO -0.59%                                                                           =\n* SECTORS: 4 375 50 G:OX (OPK CHA” SUXK J BYR USD REMX JETS SOFTWARE IGV CLOU SKYY\n* GRO HOLDINGS: SPYM,UPRO,LLY/LLYX,HPE DELL\n* GRO RVAB/REBAR: 1.07 (.0.35%/-0.18%) BUY HPEDELL SELL FTNT DOOG\n* TURBO HOLDINGS: SPYM,UPRO,BHYP,IB(F,ETHA,DOOG AMD\n* TURBO RVAB/REBAR: 1. 14 [0.88%/-3.62%) SELLFTNTTWLO\n* BOTTOM UNE:                   $500 150, N46 EUATE, + SOFTWARE WEAK\n* THURS KEYS: SPX vs ATH/SE-21E-500 QQQYS 216/700 ZK vs 3000/21E\n22> SEPS00 KEY LEVELS <<<\n* 7621 {6/2 INTRADAY A-T-H}\n7509 TUFS: STRONG BOUNCE IN 41 STRCKS: SPX REGAINS KMA,\n$7499 TODAY:                           SEP CORED. AL NAMES A5UNCE, » SOFTWARE WEAK\n©7489 (P221EMA) € 7/210 T/T 6/291 6/234 6/121 6/51\n* 7470/7468(14 SOD/1OWK) € 7/211 7/174 6/791\n$7443 MON: INDEXES FADED THE GAP UP;\n* 6995/7021 (14 2000/40WK)_€ 5/121 5/8 SLOPED                                 » I                          t\n»]                                                   Connor Bates\nAnatyst/associate PM\n* PHONE: (855) REAL-WEALTH / (855) 732-5932              M a n a     e m e nt                      Email: Connor@RovareAssot.com\n* WEB SITE: revereasset.corm|                                                       g                                           Twitter: @ConnorBates_\n",
      "ocr_text_snippet": "® review Fie Eo View Go Tools Window Help [=% [2 Me 4 @ © & | FQ Br © Wedul22 £35PM >>> THE REVERE ROUNDUP <<< WHATS THE MARKET TREND? _— THE GROTECTION GAUGE’ a. (TC NE CE >» TALE OF THE TAPE ~ WE...",
      "output_kind": "whiteboard",
      "parsed_observations": [
        {
          "portfolio": "GRO",
          "metrics_raw": "RVAB/REBAR: 1.07 (.0.35%/-0.18%)",
          "metric_1": null,
          "metric_2": null,
          "metric_scalar": null,
          "action_text": "BUY HPEDELL SELL FTNT DOOG",
          "bottom_line": "$500 150, N46 EUATE, + SOFTWARE WEAK THURS KEYS: SPX VS ATH/SE-21E-500 QQQYS 216/700 ZK VS 3000/21E 22> SEPS00 KEY LEVELS <<< 7621 {6/2 INTRADAY A-T-H} 7509 TUFS: STRONG BOUNCE IN 41 STRCKS: SPX REGAINS KMA, 7499 TODAY: SEP CORED. AL NAMES A5UNCE, » SOFTWARE WEAK 7489 (P221EMA) € 7/210 T/T 6/291 6/234 6/121 6/51 7470/7468(14 SOD/1OWK) € 7/211 7/174 6/791 7443 MON: INDEXES FADED THE GAP UP; 6995/7021 (14 2000/40WK)_€ 5/121 5/8 SLOPED » I T CONNOR BATES ANATYST/ASSOCIATE PM PHONE: (855) REAL-WEALTH / (855) 732-5932 M A N A E M E NT EMAIL: CONNOR@ROVAREASSOT.COM WEB SITE: REVEREASSET.CORM G TWITTER: @CONNORBATES_",
          "parse_status": "ok",
          "issue_codes": [],
          "ocr_confidence": 61,
          "ocr_profile": "threshold"
        },
        {
          "portfolio": "TURBO",
          "metrics_raw": "RVAB/REBAR: 1. 14 [0.88%/-3.62%)",
          "metric_1": null,
          "metric_2": null,
          "metric_scalar": null,
          "action_text": "SELL FTNTTWLO",
          "bottom_line": "$500 150, N46 EUATE, + SOFTWARE WEAK THURS KEYS: SPX VS ATH/SE-21E-500 QQQYS 216/700 ZK VS 3000/21E 22> SEPS00 KEY LEVELS <<< 7621 {6/2 INTRADAY A-T-H} 7509 TUFS: STRONG BOUNCE IN 41 STRCKS: SPX REGAINS KMA, 7499 TODAY: SEP CORED. AL NAMES A5UNCE, » SOFTWARE WEAK 7489 (P221EMA) € 7/210 T/T 6/291 6/234 6/121 6/51 7470/7468(14 SOD/1OWK) € 7/211 7/174 6/791 7443 MON: INDEXES FADED THE GAP UP; 6995/7021 (14 2000/40WK)_€ 5/121 5/8 SLOPED » I T CONNOR BATES ANATYST/ASSOCIATE PM PHONE: (855) REAL-WEALTH / (855) 732-5932 M A N A E M E NT EMAIL: CONNOR@ROVAREASSOT.COM WEB SITE: REVEREASSET.CORM G TWITTER: @CONNORBATES_",
          "parse_status": "ok",
          "issue_codes": [],
          "ocr_confidence": 61,
          "ocr_profile": "threshold"
        }
      ],
      "parsed_row_count": 2,
      "phash": "c695e068c7933ce9",
      "prefilter_score": 2.06,
      "prefilter_stats": {
        "brightRatio": 0.4253472222222222,
        "darkRatio": 0.31583333333333335,
        "edgeRatio": 0.23966504133983463,
        "horizontalComparisons": 14151,
        "horizontalEdgeHits": 2256,
        "horizontalEdgeRatio": 0.15942336230655077,
        "meanLuma": 160.10729166666667,
        "stdDev": 93.61642529877162,
        "verticalComparisons": 14151,
        "verticalEdgeHits": 4527,
        "verticalEdgeRatio": 0.3199067203731185
      },
      "score": 112.58,
      "score_breakdown": {
        "chart_likeness": -5.505672134839896,
        "keyword_guard": 0,
        "ocr_confidence_bonus": 3.05,
        "pair_bonus": 4,
        "per_row_issues": 0,
        "per_row_metrics": 20,
        "text_density": 91.04
      },
      "screen_layout": "structured_whiteboard",
      "tickers": [
        "DELL",
        "ETHA",
        "HPE",
        "INTC",
        "REMX",
        "SPYM",
        "TSLA",
        "UPRO"
      ],
      "timestamp": 400,
      "timestamp_hms": "00:06:40",
      "output_path": "C:\\Users\\admin\\Projects\\portfolio_analyzer_revere\\data\\video_scan_20260915\\ocr-20260915-backfill\\ocr-20260915-backfill\\screenshots\\20260722_ps_6.png"
    }
  ],
  "frame_count": 241,
  "frame_error_count": 0,
  "frame_errors": [],
  "max_captures_per_video": 3,
  "nearest_ffmpeg_keyframe_lookups_skipped": false,
  "nearest_ffmpeg_keyframe_pts_total": 188,
  "ocr_engine_metadata": {
    "tesseract_version": "6.0.1",
    "language": "eng",
    "dpi": 300,
    "psm": null,
    "preserve_interword_spaces": "1",
    "deskew": false
  },
  "ocr_frame_count": 60,
  "ocr_frame_width": 1280,
  "output_path": "C:\\Users\\admin\\Projects\\portfolio_analyzer_revere\\data\\video_scan_20260915\\ocr-20260915-backfill\\ocr-20260915-backfill\\screenshots\\20260722_ps_4.png",
  "prefilter_best_score": 18.97,
  "review_threshold": 4,
  "sample_frame_width": 640,
  "status": "done",
  "strong_threshold": 6,
  "top_candidate": {
    "confusion_with_nearby": [],
    "frame_index": 112,
    "frame_path": "C:\\Users\\admin\\Projects\\portfolio_analyzer_revere\\data\\video_scan_20260915\\ocr-20260915-backfill\\ocr-20260915-backfill\\ocr_probe\\frames\\20260722_20260722_npmyd1ake8o_6c89c99a_whiteboard\\ocr\\ocr_000113.png",
    "is_intro_card": false,
    "issue_codes": [],
    "low_res_frame_path": null,
    "nearest_ffmpeg_keyframe_ts": 446.88,
    "observed_date": "20260722",
    "ocr_confidence": 62,
    "ocr_profile": "threshold",
    "ocr_text": "® Preiew fo ER View Go Toss Window Hep                                                                    G © wc 4906 LC ;m 7 Q BB © Wedli22 4360\n>> THE REVERE ROUNDUP <<<                                                          WHATS THE MARKET TREND?\n-_—                                                                                 \"THE GROTECTION GAUGE\n\ncect                                                                                                                      TT CTT\n>» TALE OF THE TAPE ~ WEDNESDAY, JULY 22, 2026 <<\n* MARKET STATE:                                                                                                                                     i\n*STOINDEXES 1+ AL RGBST 1 NASIE USD TNM/TYXA ved\n* SENTIMENT: VIX 35 83 ( 3 93: FRG       ANN 409206 22.243 STINET NAAIM 55.64 412.68                                  [SHORT TERM (21ama) =>  |          N\nPSULLCASE IN TIATE RALLY B TREND 21EMA €7/21 157 CLOSE ABOVE                                                                                a\nFBEAR CASE: SUSTAINED BREAK BELOW 21EMA\n* NEWS: WED £/A AFTER CLOSE: TSLA, GOOGL, THN, NOW, 18M THUR E/R AFTER CLOSE: INTC, MYL\n* TODAY'S KEYS: SPX vs ATHY /8E-21E-500 1 QQQvs 2264/7001  R2Kvs 30004 /21€3\n*DAYCT: U-1=>U-1/      Be: +2     le: +2                                                                                              YY           ET     —c                k=]\n* ACTION: 0-0.23% 17485 £7500 {7490 £7525                                                                          [LONG TERM (2008ma) ==>  []\n“SPXO/N 7470-75101 07497 030 7500-75151 L/W 7485-7525                                                               411026 NEUTRAL => up\n*SPXATR: 1.06% SPX -0.14% 60/40-0.07% GRO -0.23% TURBO -0.59%                                                                         =\n* SECTORS: 4 175 1151 COX COX C4A” STXX <b BY% USD REMX SETS SOFTWARE IGV CLOU SKYY\n* GRO HOLDINGS: SPYM,UPRO,LLY/LLYX,HPE, DELL\n* GRO RVAB/REBAR: 1.0: (.0.35%/4 13%) BUY HPE OELL SELL FTNT DOOG\n* TURBO HOLDINGS: SPYM,UPRO,BHYP,IBIF, ETHA,DDOG AMD\n* TURBO RVAB/REBAR: : 14 (.0.88%/-3.52%) SELLFTNTTWLO\n* BOTTOM LINE:                              SEO TOLI0, A NALS BUNCE, + SOFTWARE WEAK\n* THURS KEYS: SPX vs ATH/SE-21E-50D QQQVS 216/700  AZK vs 3000/21E\n2>> SBPS00 KEY LEVELS <<<\n* 7621 (6/2 INTRADAY A-T-H}\n7509 TUES: STRONG BOUNCE IN AI STOLLS; SPX RTGAINS XMA.\n$7499 TODAY:                          SEP LSIEIT AL NANTES ATUNCE, » SOFTWARE WEAK\n©7489 (D2 21EMA) € 7/210 TIP 6/291 6/234 6/127 6/54\n* 7470/7468(1 4 SOD/LOWK) € 7/211 7/174 6/290\n$7443 MON: INDEXES FADED THE GAP UP;\n+ 6995/7021 (14 200D/40WK) € 5/120 5/8 SLOPED                                     bY I                            t\n\n»]                                                   Connor Bates\nAnatyst/associate PM\n\n* PHONE: (855) REAL-WEALTH / (855) 732-5932             M a n a     e m e nt                     Email: Gonnor@Rovareassetcom\n* WEB SITE: revereasset.corm|                                                         g                                             Twitter: @ConnorBates_\n",
    "ocr_text_snippet": "® Preiew fo ER View Go Toss Window Hep G © wc 4906 LC ;m 7 Q BB © Wedli22 4360 >> THE REVERE ROUNDUP <<< WHATS THE MARKET TREND? -_— \"THE GROTECTION GAUGE cect TT CTT >» TALE OF THE TAPE ~ WEDNESDA...",
    "output_kind": "whiteboard",
    "parsed_observations": [
      {
        "portfolio": "GRO",
        "metrics_raw": "RVAB/REBAR: 1.0: (.0.35%/4 13%)",
        "metric_1": null,
        "metric_2": null,
        "metric_scalar": null,
        "action_text": "BUY HPE OELL SELL FTNT DOOG",
        "bottom_line": "SEO TOLI0, A NALS BUNCE, + SOFTWARE WEAK THURS KEYS: SPX VS ATH/SE-21E-50D QQQVS 216/700 AZK VS 3000/21E 2>> SBPS00 KEY LEVELS <<< 7621 (6/2 INTRADAY A-T-H} 7509 TUES: STRONG BOUNCE IN AI STOLLS; SPX RTGAINS XMA. 7499 TODAY: SEP LSIEIT AL NANTES ATUNCE, » SOFTWARE WEAK 7489 (D2 21EMA) € 7/210 TIP 6/291 6/234 6/127 6/54 7470/7468(1 4 SOD/LOWK) € 7/211 7/174 6/290 7443 MON: INDEXES FADED THE GAP UP; 6995/7021 (14 200D/40WK) € 5/120 5/8 SLOPED BY I T CONNOR BATES ANATYST/ASSOCIATE PM PHONE: (855) REAL-WEALTH / (855) 732-5932 M A N A E M E NT EMAIL: GONNOR@ROVAREASSETCOM WEB SITE: REVEREASSET.CORM G TWITTER: @CONNORBATES_",
        "parse_status": "ok",
        "issue_codes": [],
        "ocr_confidence": 62,
        "ocr_profile": "threshold"
      },
      {
        "portfolio": "TURBO",
        "metrics_raw": "RVAB/REBAR: : 14 (.0.88%/-3.52%)",
        "metric_1": null,
        "metric_2": null,
        "metric_scalar": null,
        "action_text": "SELL FTNTTWLO",
        "bottom_line": "SEO TOLI0, A NALS BUNCE, + SOFTWARE WEAK THURS KEYS: SPX VS ATH/SE-21E-50D QQQVS 216/700 AZK VS 3000/21E 2>> SBPS00 KEY LEVELS <<< 7621 (6/2 INTRADAY A-T-H} 7509 TUES: STRONG BOUNCE IN AI STOLLS; SPX RTGAINS XMA. 7499 TODAY: SEP LSIEIT AL NANTES ATUNCE, » SOFTWARE WEAK 7489 (D2 21EMA) € 7/210 TIP 6/291 6/234 6/127 6/54 7470/7468(1 4 SOD/LOWK) € 7/211 7/174 6/290 7443 MON: INDEXES FADED THE GAP UP; 6995/7021 (14 200D/40WK) € 5/120 5/8 SLOPED BY I T CONNOR BATES ANATYST/ASSOCIATE PM PHONE: (855) REAL-WEALTH / (855) 732-5932 M A N A E M E NT EMAIL: GONNOR@ROVAREASSETCOM WEB SITE: REVEREASSET.CORM G TWITTER: @CONNORBATES_",
        "parse_status": "ok",
        "issue_codes": [],
        "ocr_confidence": 62,
        "ocr_profile": "threshold"
      }
    ],
    "parsed_row_count": 2,
    "phash": "c695e068c7933ce9",
    "prefilter_score": 2.02,
    "prefilter_stats": {
      "brightRatio": 0.4257638888888889,
      "darkRatio": 0.3157638888888889,
      "edgeRatio": 0.2400183732598403,
      "horizontalComparisons": 14151,
      "horizontalEdgeHits": 2254,
      "horizontalEdgeRatio": 0.1592820295385485,
      "meanLuma": 160.10868055555557,
      "stdDev": 93.59900021535816,
      "verticalComparisons": 14151,
      "verticalEdgeHits": 4539,
      "verticalEdgeRatio": 0.32075471698113206
    },
    "score": 116.7,
    "score_breakdown": {
      "chart_likeness": -5.558358762852169,
      "keyword_guard": 0,
      "ocr_confidence_bonus": 3.1,
      "pair_bonus": 4,
      "per_row_issues": 0,
      "per_row_metrics": 20,
      "text_density": 95.16
    },
    "screen_layout": "structured_whiteboard",
    "tickers": [
      "BE",
      "DELL",
      "ETHA",
      "HPE",
      "INTC",
      "REMX",
      "SPYM",
      "TSLA",
      "UPRO"
    ],
    "timestamp": 448,
    "timestamp_hms": "00:07:28"
  },
  "top_candidates": [
    {
      "confusion_with_nearby": [],
      "frame_index": 112,
      "frame_path": "C:\\Users\\admin\\Projects\\portfolio_analyzer_revere\\data\\video_scan_20260915\\ocr-20260915-backfill\\ocr-20260915-backfill\\ocr_probe\\frames\\20260722_20260722_npmyd1ake8o_6c89c99a_whiteboard\\ocr\\ocr_000113.png",
      "is_intro_card": false,
      "issue_codes": [],
      "low_res_frame_path": null,
      "nearest_ffmpeg_keyframe_ts": null,
      "observed_date": "20260722",
      "ocr_confidence": 62,
      "ocr_profile": "threshold",
      "ocr_text": "® Preiew fo ER View Go Toss Window Hep                                                                    G © wc 4906 LC ;m 7 Q BB © Wedli22 4360\n>> THE REVERE ROUNDUP <<<                                                          WHATS THE MARKET TREND?\n-_—                                                                                 \"THE GROTECTION GAUGE\n\ncect                                                                                                                      TT CTT\n>» TALE OF THE TAPE ~ WEDNESDAY, JULY 22, 2026 <<\n* MARKET STATE:                                                                                                                                     i\n*STOINDEXES 1+ AL RGBST 1 NASIE USD TNM/TYXA ved\n* SENTIMENT: VIX 35 83 ( 3 93: FRG       ANN 409206 22.243 STINET NAAIM 55.64 412.68                                  [SHORT TERM (21ama) =>  |          N\nPSULLCASE IN TIATE RALLY B TREND 21EMA €7/21 157 CLOSE ABOVE                                                                                a\nFBEAR CASE: SUSTAINED BREAK BELOW 21EMA\n* NEWS: WED £/A AFTER CLOSE: TSLA, GOOGL, THN, NOW, 18M THUR E/R AFTER CLOSE: INTC, MYL\n* TODAY'S KEYS: SPX vs ATHY /8E-21E-500 1 QQQvs 2264/7001  R2Kvs 30004 /21€3\n*DAYCT: U-1=>U-1/      Be: +2     le: +2                                                                                              YY           ET     —c                k=]\n* ACTION: 0-0.23% 17485 £7500 {7490 £7525                                                                          [LONG TERM (2008ma) ==>  []\n“SPXO/N 7470-75101 07497 030 7500-75151 L/W 7485-7525                                                               411026 NEUTRAL => up\n*SPXATR: 1.06% SPX -0.14% 60/40-0.07% GRO -0.23% TURBO -0.59%                                                                         =\n* SECTORS: 4 175 1151 COX COX C4A” STXX <b BY% USD REMX SETS SOFTWARE IGV CLOU SKYY\n* GRO HOLDINGS: SPYM,UPRO,LLY/LLYX,HPE, DELL\n* GRO RVAB/REBAR: 1.0: (.0.35%/4 13%) BUY HPE OELL SELL FTNT DOOG\n* TURBO HOLDINGS: SPYM,UPRO,BHYP,IBIF, ETHA,DDOG AMD\n* TURBO RVAB/REBAR: : 14 (.0.88%/-3.52%) SELLFTNTTWLO\n* BOTTOM LINE:                              SEO TOLI0, A NALS BUNCE, + SOFTWARE WEAK\n* THURS KEYS: SPX vs ATH/SE-21E-50D QQQVS 216/700  AZK vs 3000/21E\n2>> SBPS00 KEY LEVELS <<<\n* 7621 (6/2 INTRADAY A-T-H}\n7509 TUES: STRONG BOUNCE IN AI STOLLS; SPX RTGAINS XMA.\n$7499 TODAY:                          SEP LSIEIT AL NANTES ATUNCE, » SOFTWARE WEAK\n©7489 (D2 21EMA) € 7/210 TIP 6/291 6/234 6/127 6/54\n* 7470/7468(1 4 SOD/LOWK) € 7/211 7/174 6/290\n$7443 MON: INDEXES FADED THE GAP UP;\n+ 6995/7021 (14 200D/40WK) € 5/120 5/8 SLOPED                                     bY I                            t\n\n»]                                                   Connor Bates\nAnatyst/associate PM\n\n* PHONE: (855) REAL-WEALTH / (855) 732-5932             M a n a     e m e nt                     Email: Gonnor@Rovareassetcom\n* WEB SITE: revereasset.corm|                                                         g                                             Twitter: @ConnorBates_\n",
      "ocr_text_snippet": "® Preiew fo ER View Go Toss Window Hep G © wc 4906 LC ;m 7 Q BB © Wedli22 4360 >> THE REVERE ROUNDUP <<< WHATS THE MARKET TREND? -_— \"THE GROTECTION GAUGE cect TT CTT >» TALE OF THE TAPE ~ WEDNESDA...",
      "output_kind": "whiteboard",
      "parsed_observations": [
        {
          "portfolio": "GRO",
          "metrics_raw": "RVAB/REBAR: 1.0: (.0.35%/4 13%)",
          "metric_1": null,
          "metric_2": null,
          "metric_scalar": null,
          "action_text": "BUY HPE OELL SELL FTNT DOOG",
          "bottom_line": "SEO TOLI0, A NALS BUNCE, + SOFTWARE WEAK THURS KEYS: SPX VS ATH/SE-21E-50D QQQVS 216/700 AZK VS 3000/21E 2>> SBPS00 KEY LEVELS <<< 7621 (6/2 INTRADAY A-T-H} 7509 TUES: STRONG BOUNCE IN AI STOLLS; SPX RTGAINS XMA. 7499 TODAY: SEP LSIEIT AL NANTES ATUNCE, » SOFTWARE WEAK 7489 (D2 21EMA) € 7/210 TIP 6/291 6/234 6/127 6/54 7470/7468(1 4 SOD/LOWK) € 7/211 7/174 6/290 7443 MON: INDEXES FADED THE GAP UP; 6995/7021 (14 200D/40WK) € 5/120 5/8 SLOPED BY I T CONNOR BATES ANATYST/ASSOCIATE PM PHONE: (855) REAL-WEALTH / (855) 732-5932 M A N A E M E NT EMAIL: GONNOR@ROVAREASSETCOM WEB SITE: REVEREASSET.CORM G TWITTER: @CONNORBATES_",
          "parse_status": "ok",
          "issue_codes": [],
          "ocr_confidence": 62,
          "ocr_profile": "threshold"
        },
        {
          "portfolio": "TURBO",
          "metrics_raw": "RVAB/REBAR: : 14 (.0.88%/-3.52%)",
          "metric_1": null,
          "metric_2": null,
          "metric_scalar": null,
          "action_text": "SELL FTNTTWLO",
          "bottom_line": "SEO TOLI0, A NALS BUNCE, + SOFTWARE WEAK THURS KEYS: SPX VS ATH/SE-21E-50D QQQVS 216/700 AZK VS 3000/21E 2>> SBPS00 KEY LEVELS <<< 7621 (6/2 INTRADAY A-T-H} 7509 TUES: STRONG BOUNCE IN AI STOLLS; SPX RTGAINS XMA. 7499 TODAY: SEP LSIEIT AL NANTES ATUNCE, » SOFTWARE WEAK 7489 (D2 21EMA) € 7/210 TIP 6/291 6/234 6/127 6/54 7470/7468(1 4 SOD/LOWK) € 7/211 7/174 6/290 7443 MON: INDEXES FADED THE GAP UP; 6995/7021 (14 200D/40WK) € 5/120 5/8 SLOPED BY I T CONNOR BATES ANATYST/ASSOCIATE PM PHONE: (855) REAL-WEALTH / (855) 732-5932 M A N A E M E NT EMAIL: GONNOR@ROVAREASSETCOM WEB SITE: REVEREASSET.CORM G TWITTER: @CONNORBATES_",
          "parse_status": "ok",
          "issue_codes": [],
          "ocr_confidence": 62,
          "ocr_profile": "threshold"
        }
      ],
      "parsed_row_count": 2,
      "phash": "c695e068c7933ce9",
      "prefilter_score": 2.02,
      "prefilter_stats": {
        "brightRatio": 0.4257638888888889,
        "darkRatio": 0.3157638888888889,
        "edgeRatio": 0.2400183732598403,
        "horizontalComparisons": 14151,
        "horizontalEdgeHits": 2254,
        "horizontalEdgeRatio": 0.1592820295385485,
        "meanLuma": 160.10868055555557,
        "stdDev": 93.59900021535816,
        "verticalComparisons": 14151,
        "verticalEdgeHits": 4539,
        "verticalEdgeRatio": 0.32075471698113206
      },
      "score": 116.7,
      "score_breakdown": {
        "chart_likeness": -5.558358762852169,
        "keyword_guard": 0,
        "ocr_confidence_bonus": 3.1,
        "pair_bonus": 4,
        "per_row_issues": 0,
        "per_row_metrics": 20,
        "text_density": 95.16
      },
      "screen_layout": "structured_whiteboard",
      "tickers": [
        "BE",
        "DELL",
        "ETHA",
        "HPE",
        "INTC",
        "REMX",
        "SPYM",
        "TSLA",
        "UPRO"
      ],
      "timestamp": 448,
      "timestamp_hms": "00:07:28"
    },
    {
      "confusion_with_nearby": [],
      "frame_index": 88,
      "frame_path": "C:\\Users\\admin\\Projects\\portfolio_analyzer_revere\\data\\video_scan_20260915\\ocr-20260915-backfill\\ocr-20260915-backfill\\ocr_probe\\frames\\20260722_20260722_npmyd1ake8o_6c89c99a_whiteboard\\ocr\\ocr_000089.png",
      "is_intro_card": false,
      "issue_codes": [],
      "low_res_frame_path": null,
      "nearest_ffmpeg_keyframe_ts": null,
      "observed_date": "20260722",
      "ocr_confidence": 60,
      "ocr_profile": "threshold",
      "ocr_text": "® Preiew Fo Edt View Go Toor Window Hel                                                     GQ ®& Ac 900 LC m FQ B © Wd aur\n>>> THE REVERE ROUNDUP <<<                                                          TT TROT\n-_—                                                                                 ‘THE GROTECTION GAUGE\neon                                                                [oor]\n>> TALE OF THE TAPE ~ WEDNESDAY, JULY 22, 2026 <<\n* MARKET STATE:                                                                                                                                     i\n*SIOINDEXES1T  4LRGBST  1LNASIS USD  TNX/TYXD vs5d\n* SENTIMENT: IX 15.67 ( = 542} FRG       ANN 409306 22.243 STINE] NAAIM 55.64 412.69                               SHORT TERM (21ama) wes\nDULL CASE INTIATE RALLY & TREND 21EMA 7/21 1ST GLOSE ABOVE                                           a\nBEAR CASE: SUSTAINED BREAK BELOW 21EMA\n* NEWS: WED £/R AFTER CLOSE: TSLA, GOOG, TXN, NOW, 16M THUR E/A AFTER CLOSE: INTC, ML\n* TODAY'S KEYS: SPX vs ATHY /8€-21E-50DT QQQvs 21£4/7007  R2Kvs 30004 /21E4                                 —\n*DAYCR:Ud=>U1/  Ber+2  2lei+2                                                              \\       ay          k=]\n* ACTION: 0-0.23% 17425 £7500 $7890 $7525                                                                     Lona TERM 0vsma) ==>\n*SPXO/N 7470-75101 07457 030 750075151 L/H 7485-7525                                                 re we——\n*SPXATR: 1.06% SPX -0.14% 60/40-0.07% GRO -0.23% TURBO -0.59%\n# SECTORS: 595 3,50 GOIX COPX C144” Sx 4 BYX USD REMX IETS SOFTWARE 1GY CLOU SKYY\n* GRO HOLDINGS: SPYM,UPRO,LLY/LLYX,HPE, DELL\n* GRO RVAB/REBAR: 10° .0.95%/-4.18%) BUY HPEDELL SELL FTNT DOOG\n* TURBO HOLDINGS: SPYM,UPRO,BHYP.IBIT,ETHA.DDOG AMD\n* TURBO RVAB/REBAR: 1.11 (0.88%/-3.52%) SELL FINTTWAO\n* BOTTOM LINE:                         557 C0 180.4 NAMES BOUNCE, + SOFTWARE WEAK.\n* THURS KEYS: SPX vs ATH/SE-21E-50D QQQvs 21E/700  RZKvs 3000/21€\n>> SEPSD0 KEY LEVELS <<<\n* 7621 {6/2 INTRADAY A-T-H}\n$7509 TUES: STRONG BOUNCE IN AL STOCKS; SPX RTGARS MA\n$7495 TODAY:                      SES CUILED. AL NARS 2DURCEH, » SOFTWARE WEAK\n+7483 (1221EMA) € 7/217 TTL G01 6/234 127 6/54\n*7470/7468(14 SOD/10WK) € 70211 7/174 6/297\n$7443 MON: INDEXES FADED THE GAP UP;\n+ 6995/7021 (14 2000/40WK)_ € 5/121 5/5 SLOPED                      py                 t\n»)                                                   Connor Bates\nAnalyst/assaciate PM\n* PHONE: (855) REAL-WEALTH / (855) 732-5932             M a n a     e m e nt                     Email; Connor@RovareAssetcom\n* WEB SITE: revereasset.corm|                                                       g                                           Twitter: @ConnorBates_\n",
      "ocr_text_snippet": "® Preiew Fo Edt View Go Toor Window Hel GQ ®& Ac 900 LC m FQ B © Wd aur >>> THE REVERE ROUNDUP <<< TT TROT -_— ‘THE GROTECTION GAUGE eon [oor] >> TALE OF THE TAPE ~ WEDNESDAY, JULY 22, 2026 << * MA...",
      "output_kind": "whiteboard",
      "parsed_observations": [
        {
          "portfolio": "GRO",
          "metrics_raw": "RVAB/REBAR: 10° .0.95%/-4.18%)",
          "metric_1": null,
          "metric_2": null,
          "metric_scalar": null,
          "action_text": "BUY HPEDELL SELL FTNT DOOG",
          "bottom_line": "557 C0 180.4 NAMES BOUNCE, + SOFTWARE WEAK. THURS KEYS: SPX VS ATH/SE-21E-50D QQQVS 21E/700 RZKVS 3000/21€ SEPSD0 KEY LEVELS <<< 7621 {6/2 INTRADAY A-T-H} 7509 TUES: STRONG BOUNCE IN AL STOCKS; SPX RTGARS MA 7495 TODAY: SES CUILED. AL NARS 2DURCEH, » SOFTWARE WEAK 7483 (1221EMA) € 7/217 TTL G01 6/234 127 6/54 7470/7468(14 SOD/10WK) € 70211 7/174 6/297 7443 MON: INDEXES FADED THE GAP UP; 6995/7021 (14 2000/40WK)_ € 5/121 5/5 SLOPED PY T CONNOR BATES ANALYST/ASSACIATE PM PHONE: (855) REAL-WEALTH / (855) 732-5932 M A N A E M E NT EMAIL; CONNOR@ROVAREASSETCOM WEB SITE: REVEREASSET.CORM G TWITTER: @CONNORBATES_",
          "parse_status": "ok",
          "issue_codes": [],
          "ocr_confidence": 60,
          "ocr_profile": "threshold"
        },
        {
          "portfolio": "TURBO",
          "metrics_raw": "RVAB/REBAR: 1.11 (0.88%/-3.52%)",
          "metric_1": null,
          "metric_2": null,
          "metric_scalar": null,
          "action_text": "SELL FINTTWAO",
          "bottom_line": "557 C0 180.4 NAMES BOUNCE, + SOFTWARE WEAK. THURS KEYS: SPX VS ATH/SE-21E-50D QQQVS 21E/700 RZKVS 3000/21€ SEPSD0 KEY LEVELS <<< 7621 {6/2 INTRADAY A-T-H} 7509 TUES: STRONG BOUNCE IN AL STOCKS; SPX RTGARS MA 7495 TODAY: SES CUILED. AL NARS 2DURCEH, » SOFTWARE WEAK 7483 (1221EMA) € 7/217 TTL G01 6/234 127 6/54 7470/7468(14 SOD/10WK) € 70211 7/174 6/297 7443 MON: INDEXES FADED THE GAP UP; 6995/7021 (14 2000/40WK)_ € 5/121 5/5 SLOPED PY T CONNOR BATES ANALYST/ASSACIATE PM PHONE: (855) REAL-WEALTH / (855) 732-5932 M A N A E M E NT EMAIL; CONNOR@ROVAREASSETCOM WEB SITE: REVEREASSET.CORM G TWITTER: @CONNORBATES_",
          "parse_status": "ok",
          "issue_codes": [],
          "ocr_confidence": 60,
          "ocr_profile": "threshold"
        }
      ],
      "parsed_row_count": 2,
      "phash": "c695e068c7933ce9",
      "prefilter_score": 1.99,
      "prefilter_stats": {
        "brightRatio": 0.4257638888888889,
        "darkRatio": 0.31555555555555553,
        "edgeRatio": 0.23977104091583634,
        "horizontalComparisons": 14151,
        "horizontalEdgeHits": 2249,
        "horizontalEdgeRatio": 0.15892869761854286,
        "meanLuma": 160.11743055555556,
        "stdDev": 93.60125474917619,
        "verticalComparisons": 14151,
        "verticalEdgeHits": 4537,
        "verticalEdgeRatio": 0.3206133842131298
      },
      "score": 115.58,
      "score_breakdown": {
        "chart_likeness": -5.583370912483108,
        "keyword_guard": 0,
        "ocr_confidence_bonus": 3,
        "pair_bonus": 4,
        "per_row_issues": 0,
        "per_row_metrics": 20,
        "text_density": 94.16
      },
      "screen_layout": "structured_whiteboard",
      "tickers": [
        "DELL",
        "GOOG",
        "HPE",
        "INTC",
        "REMX",
        "SPYM",
        "TSLA",
        "UPRO"
      ],
      "timestamp": 352,
      "timestamp_hms": "00:05:52"
    },
    {
      "confusion_with_nearby": [],
      "frame_index": 100,
      "frame_path": "C:\\Users\\admin\\Projects\\portfolio_analyzer_revere\\data\\video_scan_20260915\\ocr-20260915-backfill\\ocr-20260915-backfill\\ocr_probe\\frames\\20260722_20260722_npmyd1ake8o_6c89c99a_whiteboard\\ocr\\ocr_000101.png",
      "is_intro_card": true,
      "issue_codes": [],
      "low_res_frame_path": null,
      "nearest_ffmpeg_keyframe_ts": null,
      "observed_date": "20260722",
      "ocr_confidence": 61,
      "ocr_profile": "threshold",
      "ocr_text": "® review Fie Eo View Go Tools Window Help                                                                    [=%      [2     Me 4 @ © & | FQ Br © Wedul22 £35PM\n>>> THE REVERE ROUNDUP <<<                                                          WHATS THE MARKET TREND?\n_—                                                                                 THE GROTECTION GAUGE’\na.                                                                                                                      (TC NE CE\n>» TALE OF THE TAPE ~ WEDNESDAY, JULY 22, 2026 <<                                                                                                                                           =\n* MARKET STATE:                                                                                                                                               ~\n*STOINDEXES 1t 44 RGEST 1 NASIY USD  TNK/TYXM vsS5d\n* SENTIMENT: IX 15 89 ( 3 5421 FRG           ANN a09 206 22.243 TIRE NAAIM 95.64 412.69                                                SHORT TERM (21ama) =e>  |\nDULL CASE INTIATE RALLY 8 TREND 21EMA  €7/21 157 GLOSE ABOVE                                                                    CC\nBEAR CASE: SUSTAINED BREAK BELOW 21EMA\n* NEWS: WED £/A AFTER CLOSE: TSLA, GOOGL, TKN, NOW, IBM THUR E/R AFTER CLOSE: INTC, MIL\n* TODAY'S KEYS: SPX vs ATHY /8E-21E-50DT QQQvs 2264/7001  R2Kvs 30004 /21E4                                                            —                wi\n*DAYCT:U-1=>U-1/  Ber+2  2lei+2                                                                          Y        ALA rT            k=]\n* ACTION: 0-0.23% 17485 £7500 $7490 $7525                                                                     Lon TERM (2008) =>  []\n*SPXO/N 7470-75100 ©7497 O30 7500-75151 L/H 7485-7525                                                               106 NewtRAL os on\n*SPXATR: 1.06% SPX -0.14% 60/40-0.07% GRO -0.23% TURBO -0.59%                                                                           =\n* SECTORS: 4 375 50 G:OX (OPK CHA” SUXK J BYR USD REMX JETS SOFTWARE IGV CLOU SKYY\n* GRO HOLDINGS: SPYM,UPRO,LLY/LLYX,HPE DELL\n* GRO RVAB/REBAR: 1.07 (.0.35%/-0.18%) BUY HPEDELL SELL FTNT DOOG\n* TURBO HOLDINGS: SPYM,UPRO,BHYP,IB(F,ETHA,DOOG AMD\n* TURBO RVAB/REBAR: 1. 14 [0.88%/-3.62%) SELLFTNTTWLO\n* BOTTOM UNE:                   $500 150, N46 EUATE, + SOFTWARE WEAK\n* THURS KEYS: SPX vs ATH/SE-21E-500 QQQYS 216/700 ZK vs 3000/21E\n22> SEPS00 KEY LEVELS <<<\n* 7621 {6/2 INTRADAY A-T-H}\n7509 TUFS: STRONG BOUNCE IN 41 STRCKS: SPX REGAINS KMA,\n$7499 TODAY:                           SEP CORED. AL NAMES A5UNCE, » SOFTWARE WEAK\n©7489 (P221EMA) € 7/210 T/T 6/291 6/234 6/121 6/51\n* 7470/7468(14 SOD/1OWK) € 7/211 7/174 6/791\n$7443 MON: INDEXES FADED THE GAP UP;\n* 6995/7021 (14 2000/40WK)_€ 5/121 5/8 SLOPED                                 » I                          t\n»]                                                   Connor Bates\nAnatyst/associate PM\n* PHONE: (855) REAL-WEALTH / (855) 732-5932              M a n a     e m e nt                      Email: Connor@RovareAssot.com\n* WEB SITE: revereasset.corm|                                                       g                                           Twitter: @ConnorBates_\n",
      "ocr_text_snippet": "® review Fie Eo View Go Tools Window Help [=% [2 Me 4 @ © & | FQ Br © Wedul22 £35PM >>> THE REVERE ROUNDUP <<< WHATS THE MARKET TREND? _— THE GROTECTION GAUGE’ a. (TC NE CE >» TALE OF THE TAPE ~ WE...",
      "output_kind": "whiteboard",
      "parsed_observations": [
        {
          "portfolio": "GRO",
          "metrics_raw": "RVAB/REBAR: 1.07 (.0.35%/-0.18%)",
          "metric_1": null,
          "metric_2": null,
          "metric_scalar": null,
          "action_text": "BUY HPEDELL SELL FTNT DOOG",
          "bottom_line": "$500 150, N46 EUATE, + SOFTWARE WEAK THURS KEYS: SPX VS ATH/SE-21E-500 QQQYS 216/700 ZK VS 3000/21E 22> SEPS00 KEY LEVELS <<< 7621 {6/2 INTRADAY A-T-H} 7509 TUFS: STRONG BOUNCE IN 41 STRCKS: SPX REGAINS KMA, 7499 TODAY: SEP CORED. AL NAMES A5UNCE, » SOFTWARE WEAK 7489 (P221EMA) € 7/210 T/T 6/291 6/234 6/121 6/51 7470/7468(14 SOD/1OWK) € 7/211 7/174 6/791 7443 MON: INDEXES FADED THE GAP UP; 6995/7021 (14 2000/40WK)_€ 5/121 5/8 SLOPED » I T CONNOR BATES ANATYST/ASSOCIATE PM PHONE: (855) REAL-WEALTH / (855) 732-5932 M A N A E M E NT EMAIL: CONNOR@ROVAREASSOT.COM WEB SITE: REVEREASSET.CORM G TWITTER: @CONNORBATES_",
          "parse_status": "ok",
          "issue_codes": [],
          "ocr_confidence": 61,
          "ocr_profile": "threshold"
        },
        {
          "portfolio": "TURBO",
          "metrics_raw": "RVAB/REBAR: 1. 14 [0.88%/-3.62%)",
          "metric_1": null,
          "metric_2": null,
          "metric_scalar": null,
          "action_text": "SELL FTNTTWLO",
          "bottom_line": "$500 150, N46 EUATE, + SOFTWARE WEAK THURS KEYS: SPX VS ATH/SE-21E-500 QQQYS 216/700 ZK VS 3000/21E 22> SEPS00 KEY LEVELS <<< 7621 {6/2 INTRADAY A-T-H} 7509 TUFS: STRONG BOUNCE IN 41 STRCKS: SPX REGAINS KMA, 7499 TODAY: SEP CORED. AL NAMES A5UNCE, » SOFTWARE WEAK 7489 (P221EMA) € 7/210 T/T 6/291 6/234 6/121 6/51 7470/7468(14 SOD/1OWK) € 7/211 7/174 6/791 7443 MON: INDEXES FADED THE GAP UP; 6995/7021 (14 2000/40WK)_€ 5/121 5/8 SLOPED » I T CONNOR BATES ANATYST/ASSOCIATE PM PHONE: (855) REAL-WEALTH / (855) 732-5932 M A N A E M E NT EMAIL: CONNOR@ROVAREASSOT.COM WEB SITE: REVEREASSET.CORM G TWITTER: @CONNORBATES_",
          "parse_status": "ok",
          "issue_codes": [],
          "ocr_confidence": 61,
          "ocr_profile": "threshold"
        }
      ],
      "parsed_row_count": 2,
      "phash": "c695e068c7933ce9",
      "prefilter_score": 2.06,
      "prefilter_stats": {
        "brightRatio": 0.4253472222222222,
        "darkRatio": 0.31583333333333335,
        "edgeRatio": 0.23966504133983463,
        "horizontalComparisons": 14151,
        "horizontalEdgeHits": 2256,
        "horizontalEdgeRatio": 0.15942336230655077,
        "meanLuma": 160.10729166666667,
        "stdDev": 93.61642529877162,
        "verticalComparisons": 14151,
        "verticalEdgeHits": 4527,
        "verticalEdgeRatio": 0.3199067203731185
      },
      "score": 112.58,
      "score_breakdown": {
        "chart_likeness": -5.505672134839896,
        "keyword_guard": 0,
        "ocr_confidence_bonus": 3.05,
        "pair_bonus": 4,
        "per_row_issues": 0,
        "per_row_metrics": 20,
        "text_density": 91.04
      },
      "screen_layout": "structured_whiteboard",
      "tickers": [
        "DELL",
        "ETHA",
        "HPE",
        "INTC",
        "REMX",
        "SPYM",
        "TSLA",
        "UPRO"
      ],
      "timestamp": 400,
      "timestamp_hms": "00:06:40"
    },
    {
      "confusion_with_nearby": [],
      "frame_index": 92,
      "frame_path": "C:\\Users\\admin\\Projects\\portfolio_analyzer_revere\\data\\video_scan_20260915\\ocr-20260915-backfill\\ocr-20260915-backfill\\ocr_probe\\frames\\20260722_20260722_npmyd1ake8o_6c89c99a_whiteboard\\ocr\\ocr_000093.png",
      "is_intro_card": false,
      "issue_codes": [
        "LOW_OCR_CONFIDENCE"
      ],
      "low_res_frame_path": null,
      "nearest_ffmpeg_keyframe_ts": null,
      "observed_date": "20260722",
      "ocr_confidence": 59,
      "ocr_profile": "threshold",
      "ocr_text": "® Preview fio Et View Go Toa: Window Hep                                                                    G ® Ac 4906 Cm; 7 a B © Wedil22 435m\n>>> THE REVERE ROUNDUP <<<                                                          WHATS THE MARKET TREND?\n-_—                                                                                 \"THE GROTECTION GAUGE\nsch\n>» TALE OF THE TAPE ~ WEDNESDAY, JULY 22, 2026 <<                                                                                                                                           <\n* MARKET STATE:\n*STOINDEXES 1+ AL RGBST TU NASIL USD TNMTYXA ved\n* SENTIMENT: VIX 15 $0 ( 2 547.1 F&G           anxaas sae 224 EFF am gs 64 1268                                                suonT tEAM 21am) n> |        [<=\nBIULL CASE INTIATE RALLY 8 TREND 21EMA  €7/21 157 GLOSE ABOVE                                                                        FT\nBEAR CASE: SUSTAINED BREAK BELOW 21EMA\n* NEWS: WED £/R AFTER CLOSE: TSLA GOOGL TXN, NOW, BM THUR E/R AFTER CLOSE: INTC. MXL\n* TODAY'S KEYS: SPX vs ATHY /8E-21E-5001 QQQvs 2314/7007  R2Kvs 30004 /21E4                                                            —                 PE,              B\n*DAYCT: U-1=>U-1/      Be: +2     le: +2                                                                                                y           MAL Cedld     2]                k=]\n* ACTION: 0-0.23% 17485 17500 $7490 £7525                                                                                             Lona TER 00mm) =e\n“SPXO/N 7470-75101 07497 030 7500-75151 L/W 7485-7525                                                               rate Ew or oe\n*SPXATR: 1.06% SPX -0.14% 60/40-0.07% GRO -0.23% TURBO -0.59%                                                                         =\n* SECTORS: 4 55 151 COX COPY CA” 53x b BY% USD REMX IETS SOFTWARE IGV CLOU SKYY\n* GRO HOLDINGS: SPYM,UPRO,LLY/LLYX,HPE, DELL\n“ GRO RVAB/REBAR: 1.0: (:0.35%/¢ 13%) BUY HPE OELL SELL FTNT DOOG\n* TURBO HOLDINGS: SPYM,UPRO,BHYF,IBIF,ETHA,DDOG AMD\n* TURBO RVAB/REBAR: 1 14 (.0.88%/-3.52%) SELLFTNTTWLO\n* BOTTOM LINE:                           SRP LO LI0L A NAMES BUNCE, + SOFTWARE WEAK\n* THURS KEYS: SPX vs ATH/SE-21E-500 QQQvs 216/700 RZKvs 3000/21€\n2>> SEPS00 KEY LEVELS <<<\n#7621 (6/2 INTRADAY A-T-H}\n7509 TUES: STRONG BOUNCE IN Al STGCLS; SPX RTGAINS KIA:\n$7499 TODAY:                            SEP COREY AL NANTES AD UNCE » SOFTWARE WEAK\n©7489 (12 21EMA) € 7/2: 7A7) 6/291 6/23 6/121 6/54\n* 7470/746811 4 SOD/LOWK) € 7/211 174 629%\n$7443 MON: INDEXES FADED THE GAP UP;\n* 6995/7021 (1a 2000/40WK]_€ 5/121 5/8 SLOPED                                 » I                         t\n»]                                                   Connor Bates\nAnatyst/associate PM\n* PHONE: (855) REAL-WEALTH / (855) 732-5932             M a n a     e m e nt                     Email; Gonnor@RovareAssetcom\n* WEB SITE: revereasset.com|                                                       g                                           Twitter: @ConnorBates_\n",
      "ocr_text_snippet": "® Preview fio Et View Go Toa: Window Hep G ® Ac 4906 Cm; 7 a B © Wedil22 435m >>> THE REVERE ROUNDUP <<< WHATS THE MARKET TREND? -_— \"THE GROTECTION GAUGE sch >» TALE OF THE TAPE ~ WEDNESDAY, JULY ...",
      "output_kind": "whiteboard",
      "parsed_observations": [
        {
          "portfolio": "GRO",
          "metrics_raw": "RVAB/REBAR: 1.0: (:0.35%/¢ 13%)",
          "metric_1": null,
          "metric_2": null,
          "metric_scalar": null,
          "action_text": "BUY HPE OELL SELL FTNT DOOG",
          "bottom_line": "SRP LO LI0L A NAMES BUNCE, + SOFTWARE WEAK THURS KEYS: SPX VS ATH/SE-21E-500 QQQVS 216/700 RZKVS 3000/21€ 2>> SEPS00 KEY LEVELS <<< 7621 (6/2 INTRADAY A-T-H} 7509 TUES: STRONG BOUNCE IN AL STGCLS; SPX RTGAINS KIA: 7499 TODAY: SEP COREY AL NANTES AD UNCE » SOFTWARE WEAK 7489 (12 21EMA) € 7/2: 7A7) 6/291 6/23 6/121 6/54 7470/746811 4 SOD/LOWK) € 7/211 174 629% 7443 MON: INDEXES FADED THE GAP UP; 6995/7021 (1A 2000/40WK]_€ 5/121 5/8 SLOPED » I T CONNOR BATES ANATYST/ASSOCIATE PM PHONE: (855) REAL-WEALTH / (855) 732-5932 M A N A E M E NT EMAIL; GONNOR@ROVAREASSETCOM WEB SITE: REVEREASSET.COM G TWITTER: @CONNORBATES_",
          "parse_status": "review",
          "issue_codes": [
            "LOW_OCR_CONFIDENCE"
          ],
          "ocr_confidence": 59,
          "ocr_profile": "threshold"
        },
        {
          "portfolio": "TURBO",
          "metrics_raw": "RVAB/REBAR: 1 14 (.0.88%/-3.52%)",
          "metric_1": null,
          "metric_2": null,
          "metric_scalar": null,
          "action_text": "SELL FTNTTWLO",
          "bottom_line": "SRP LO LI0L A NAMES BUNCE, + SOFTWARE WEAK THURS KEYS: SPX VS ATH/SE-21E-500 QQQVS 216/700 RZKVS 3000/21€ 2>> SEPS00 KEY LEVELS <<< 7621 (6/2 INTRADAY A-T-H} 7509 TUES: STRONG BOUNCE IN AL STGCLS; SPX RTGAINS KIA: 7499 TODAY: SEP COREY AL NANTES AD UNCE » SOFTWARE WEAK 7489 (12 21EMA) € 7/2: 7A7) 6/291 6/23 6/121 6/54 7470/746811 4 SOD/LOWK) € 7/211 174 629% 7443 MON: INDEXES FADED THE GAP UP; 6995/7021 (1A 2000/40WK]_€ 5/121 5/8 SLOPED » I T CONNOR BATES ANATYST/ASSOCIATE PM PHONE: (855) REAL-WEALTH / (855) 732-5932 M A N A E M E NT EMAIL; GONNOR@ROVAREASSETCOM WEB SITE: REVEREASSET.COM G TWITTER: @CONNORBATES_",
          "parse_status": "review",
          "issue_codes": [
            "LOW_OCR_CONFIDENCE"
          ],
          "ocr_confidence": 59,
          "ocr_profile": "threshold"
        }
      ],
      "parsed_row_count": 2,
      "phash": "c695e068c7933ce9",
      "prefilter_score": 1.97,
      "prefilter_stats": {
        "brightRatio": 0.4254861111111111,
        "darkRatio": 0.31583333333333335,
        "edgeRatio": 0.2405130379478482,
        "horizontalComparisons": 14151,
        "horizontalEdgeHits": 2254,
        "horizontalEdgeRatio": 0.1592820295385485,
        "meanLuma": 160.10770833333333,
        "stdDev": 93.5957070865221,
        "verticalComparisons": 14151,
        "verticalEdgeHits": 4553,
        "verticalEdgeRatio": 0.32174404635714793
      },
      "score": 111.82,
      "score_breakdown": {
        "chart_likeness": -5.60511289871468,
        "keyword_guard": 0,
        "ocr_confidence_bonus": 2.95,
        "pair_bonus": 4,
        "per_row_issues": -4,
        "per_row_metrics": 20,
        "text_density": 94.48
      },
      "screen_layout": "structured_whiteboard",
      "tickers": [
        "BE",
        "DELL",
        "ETHA",
        "HPE",
        "REMX",
        "SPYM",
        "TER",
        "TSLA",
        "UPRO"
      ],
      "timestamp": 368,
      "timestamp_hms": "00:06:08"
    },
    {
      "confusion_with_nearby": [],
      "frame_index": 108,
      "frame_path": "C:\\Users\\admin\\Projects\\portfolio_analyzer_revere\\data\\video_scan_20260915\\ocr-20260915-backfill\\ocr-20260915-backfill\\ocr_probe\\frames\\20260722_20260722_npmyd1ake8o_6c89c99a_whiteboard\\ocr\\ocr_000109.png",
      "is_intro_card": true,
      "issue_codes": [],
      "low_res_frame_path": null,
      "nearest_ffmpeg_keyframe_ts": null,
      "observed_date": "20260722",
      "ocr_confidence": 61,
      "ocr_profile": "threshold",
      "ocr_text": "® review Fie Eo View Go Tools Window Help                                                                    [=%      [2     Me 4 @ © & | FQ Br © Wedul22 £35PM\n>>> THE REVERE ROUNDUP <<<                                                          WHATS THE MARKET TREND?\n-_—                                                                                 ‘THE GROTECTION GAUGE\not                                                                                                                      (TE CT\n>» TALE OF THE TAPE ~ WEDNESDAY, JULY 22, 2026 <<\n* MARKET STATE:                                                                                                                                               ~\n*STOINDEXES 1+ AL RGBST 1 NASIY USD TNWTYXA ved\n* SENTIMENT: IX 5.99 (2 55: FG           Arad sas 22.243 SEI aarw 5.64 12.69\nD5ULLCASE IN:TIATE RALLY B TREND 21TMA  €7/21 157 CLOSE ABOVE                                                                           =\nBEAR CASE: SUSTAINED BREAK BELOW 21EMA                                                                                                           —\n* NEWS: WED £/R AFTER CLOSE: TSLA, GOOGL TXN, NOW, BM THUR E/R AFTER CLOSE: INTC, MXL\n* TODAY'S KEVS: SPX vs ATH /8E-21E-50D1  QQQvs 2164/7001  R2Kvs 30004 /21E4.                                                            _                ;                  ~\n*DAYCT:U-1=>U-1/  Ber+2  2lei+2                                                                          Y        ay            k=]\n* ACTION: 0-0.23% 17485 $7500 $7490 $7525                                                                     Lon TERM (008m) =>  []\n“SPXO/N 7470-75101 07497 030 7500-75151 L/W 7485-7525                                                               orate newt or on\n*SPXATR: 1.06% SPX -0.14% 60/40-0.07% GRO -0.23% TURBO -0.59%                                                                           =\n* SECTORS: 4 375 50 G:OX COPX CHA” SUXK J BYR USD REMX JETS SOFTWARE IGV CLOU SKYY\n* GRO HOLDINGS: SPYM,UPRO,LLY/LLYX,HPE DELL\n* GRO RVAB/REBAR: 1.0: (.0.35%/¢ 18%) BUY HPE DELL SELL FTNT DOOG\n* TURBO HOLDINGS: SPYM,UPRO,BHYP,IB(F,ETHA,DDOG AMD\n* TURBO RVAB/REBAR: 1. 14 [0.88%/-3.62%) SELLFINTTWLO\n* BOTTOM UNE:                   $590 1501, HES FURIE, + SOFTWARE WEAK\n* THURS KEYS: SPX vs ATH/SE-21E-500 QQQYS 216/700  AZK vs 3000/21E\n2>> SEPS00 KEY LEVELS <c<\n* 7621 {6/2 INTRADAY A-T-H}\n7509 TUES: STRONG BIUNCE IN AI STOCKS; SPX RTGAINS XMA:\n$7499 TODAY:                           SEP CORED. AL NAMES A5UNCE, » SOFTWARE WEAK\n©7489 (12 21EMA) € 7/217 77) 6/251 6/233 6/121 6/54\n* 7470/7468114 SOD/LOWK) € 7/211 7/174 6/294\n$7443 MON: INDEXES FADED THE GAP UP;\n* 6995/7021 (1a 2000/40WK]_€ 5/121 5/8 SLOPED                       py                 t\nlL                                                   Connor Bates\nAnatyst/associate PM\n* PHONE: (855) REAL-WEALTH / (855) 732-5932              M a n a     e m e nt                      Email: Connor@RovareAssot.com\n* WEB SITE: revereasset.corm|                                                       g                                           Twitter: @ConnorBates_\n",
      "ocr_text_snippet": "® review Fie Eo View Go Tools Window Help [=% [2 Me 4 @ © & | FQ Br © Wedul22 £35PM >>> THE REVERE ROUNDUP <<< WHATS THE MARKET TREND? -_— ‘THE GROTECTION GAUGE ot (TE CT >» TALE OF THE TAPE ~ WEDN...",
      "output_kind": "whiteboard",
      "parsed_observations": [
        {
          "portfolio": "GRO",
          "metrics_raw": "RVAB/REBAR: 1.0: (.0.35%/¢ 18%)",
          "metric_1": null,
          "metric_2": null,
          "metric_scalar": null,
          "action_text": "BUY HPE DELL SELL FTNT DOOG",
          "bottom_line": "$590 1501, HES FURIE, + SOFTWARE WEAK THURS KEYS: SPX VS ATH/SE-21E-500 QQQYS 216/700 AZK VS 3000/21E 2>> SEPS00 KEY LEVELS <C< 7621 {6/2 INTRADAY A-T-H} 7509 TUES: STRONG BIUNCE IN AI STOCKS; SPX RTGAINS XMA: 7499 TODAY: SEP CORED. AL NAMES A5UNCE, » SOFTWARE WEAK 7489 (12 21EMA) € 7/217 77) 6/251 6/233 6/121 6/54 7470/7468114 SOD/LOWK) € 7/211 7/174 6/294 7443 MON: INDEXES FADED THE GAP UP; 6995/7021 (1A 2000/40WK]_€ 5/121 5/8 SLOPED PY T LL CONNOR BATES ANATYST/ASSOCIATE PM PHONE: (855) REAL-WEALTH / (855) 732-5932 M A N A E M E NT EMAIL: CONNOR@ROVAREASSOT.COM WEB SITE: REVEREASSET.CORM G TWITTER: @CONNORBATES_",
          "parse_status": "ok",
          "issue_codes": [],
          "ocr_confidence": 61,
          "ocr_profile": "threshold"
        },
        {
          "portfolio": "TURBO",
          "metrics_raw": "RVAB/REBAR: 1. 14 [0.88%/-3.62%)",
          "metric_1": null,
          "metric_2": null,
          "metric_scalar": null,
          "action_text": "SELL FINTTWLO",
          "bottom_line": "$590 1501, HES FURIE, + SOFTWARE WEAK THURS KEYS: SPX VS ATH/SE-21E-500 QQQYS 216/700 AZK VS 3000/21E 2>> SEPS00 KEY LEVELS <C< 7621 {6/2 INTRADAY A-T-H} 7509 TUES: STRONG BIUNCE IN AI STOCKS; SPX RTGAINS XMA: 7499 TODAY: SEP CORED. AL NAMES A5UNCE, » SOFTWARE WEAK 7489 (12 21EMA) € 7/217 77) 6/251 6/233 6/121 6/54 7470/7468114 SOD/LOWK) € 7/211 7/174 6/294 7443 MON: INDEXES FADED THE GAP UP; 6995/7021 (1A 2000/40WK]_€ 5/121 5/8 SLOPED PY T LL CONNOR BATES ANATYST/ASSOCIATE PM PHONE: (855) REAL-WEALTH / (855) 732-5932 M A N A E M E NT EMAIL: CONNOR@ROVAREASSOT.COM WEB SITE: REVEREASSET.CORM G TWITTER: @CONNORBATES_",
          "parse_status": "ok",
          "issue_codes": [],
          "ocr_confidence": 61,
          "ocr_profile": "threshold"
        }
      ],
      "parsed_row_count": 2,
      "phash": "c695e068c7933ce9",
      "prefilter_score": 1.92,
      "prefilter_stats": {
        "brightRatio": 0.425,
        "darkRatio": 0.31590277777777775,
        "edgeRatio": 0.24008903964384143,
        "horizontalComparisons": 14151,
        "horizontalEdgeHits": 2246,
        "horizontalEdgeRatio": 0.15871669846653946,
        "meanLuma": 160.12430555555557,
        "stdDev": 93.6025334611787,
        "verticalComparisons": 14151,
        "verticalEdgeHits": 4549,
        "verticalEdgeRatio": 0.3214613808211434
      },
      "score": 111.71,
      "score_breakdown": {
        "chart_likeness": -5.642658669492484,
        "keyword_guard": 0,
        "ocr_confidence_bonus": 3.05,
        "pair_bonus": 4,
        "per_row_issues": 0,
        "per_row_metrics": 20,
        "text_density": 90.3
      },
      "screen_layout": "structured_whiteboard",
      "tickers": [
        "DELL",
        "ETHA",
        "HPE",
        "INTC",
        "REMX",
        "SPYM",
        "TSLA",
        "UPRO"
      ],
      "timestamp": 432,
      "timestamp_hms": "00:07:12"
    }
  ],
  "top_rejected_candidates": [
    {
      "confusion_with_nearby": [],
      "frame_index": 0,
      "frame_path": "C:\\Users\\admin\\Projects\\portfolio_analyzer_revere\\data\\video_scan_20260915\\ocr-20260915-backfill\\ocr-20260915-backfill\\ocr_probe\\frames\\20260722_20260722_npmyd1ake8o_6c89c99a_whiteboard\\ocr\\ocr_000001.png",
      "is_intro_card": false,
      "issue_codes": [
        "MISSING_METRIC_LINE",
        "MISSING_BOTTOM_LINE",
        "LOW_OCR_CONFIDENCE"
      ],
      "low_res_frame_path": null,
      "nearest_ffmpeg_keyframe_ts": 0,
      "observed_date": null,
      "ocr_confidence": 0,
      "ocr_profile": "threshold",
      "ocr_text": "",
      "ocr_text_snippet": "",
      "output_kind": "whiteboard",
      "parsed_observations": [
        {
          "portfolio": "GRO",
          "metrics_raw": null,
          "metric_1": null,
          "metric_2": null,
          "metric_scalar": null,
          "action_text": null,
          "bottom_line": null,
          "parse_status": "review",
          "issue_codes": [
            "MISSING_METRIC_LINE",
            "MISSING_BOTTOM_LINE",
            "LOW_OCR_CONFIDENCE"
          ],
          "ocr_confidence": 0,
          "ocr_profile": "threshold"
        },
        {
          "portfolio": "TURBO",
          "metrics_raw": null,
          "metric_1": null,
          "metric_2": null,
          "metric_scalar": null,
          "action_text": null,
          "bottom_line": null,
          "parse_status": "review",
          "issue_codes": [
            "MISSING_METRIC_LINE",
            "MISSING_BOTTOM_LINE",
            "LOW_OCR_CONFIDENCE"
          ],
          "ocr_confidence": 0,
          "ocr_profile": "threshold"
        }
      ],
      "parsed_row_count": 2,
      "phash": "0000000000000000",
      "prefilter_score": 3.58,
      "prefilter_stats": {
        "brightRatio": 0.4340277777777778,
        "darkRatio": 0.3340972222222222,
        "edgeRatio": 0.23171507313970743,
        "horizontalComparisons": 14151,
        "horizontalEdgeHits": 2335,
        "horizontalEdgeRatio": 0.1650060066426401,
        "meanLuma": 158.61104166666667,
        "stdDev": 95.1077329358276,
        "verticalComparisons": 14151,
        "verticalEdgeHits": 4223,
        "verticalEdgeRatio": 0.2984241396367748
      },
      "score": -16.04,
      "score_breakdown": {
        "chart_likeness": -4.0417781474736625,
        "keyword_guard": 0,
        "ocr_confidence_bonus": 0,
        "pair_bonus": 0,
        "per_row_issues": -12,
        "per_row_metrics": 0,
        "text_density": 0
      },
      "screen_layout": "chart",
      "tickers": [],
      "timestamp": 0,
      "timestamp_hms": "00:00:00"
    },
    {
      "confusion_with_nearby": [],
      "frame_index": 80,
      "frame_path": "C:\\Users\\admin\\Projects\\portfolio_analyzer_revere\\data\\video_scan_20260915\\ocr-20260915-backfill\\ocr-20260915-backfill\\ocr_probe\\frames\\20260722_20260722_npmyd1ake8o_6c89c99a_whiteboard\\ocr\\ocr_000081.png",
      "is_intro_card": false,
      "issue_codes": [
        "MISSING_METRIC_LINE",
        "MISSING_BOTTOM_LINE",
        "LOW_OCR_CONFIDENCE"
      ],
      "low_res_frame_path": null,
      "nearest_ffmpeg_keyframe_ts": 317.76,
      "observed_date": null,
      "ocr_confidence": 38,
      "ocr_profile": "threshold",
      "ocr_text": "# Sear Filo Edit view Mistoy Bookmarks Window Help                          [=1   &  ae 4 @ © 4 | FT A RB @ Wed? £34PM\nMarersURce o [3 10    x [ony Wey Moos tMe 2m 0 Dam. OG. 0\n~ State Street SPDR S&P Biotech ETF                                                                 $151.90         $152.11\n|» Stato Stree                          woes ma mmr oar         as1.90    2\nah mm                    om mem oe REE gmremi\nDo DE wal now awn\n—    .    PRE LE                    .               \\ Sen 14239    w\nas,            Corvus;          Yi       AN       IN,         fi      \\          ,           \\,\nmoan Ems                     :       7         -       i\nwe meme\not\ngt                                   i.\nx4 wos an  - foouingingiod                                            ot          wo\nmom mewn                                     prt,\n:                                                 Ta\n1]\nTT S—\nmeme WT illest ny   Pa                    «\nwe mw MT ML    a    io   Tali       A\n Pl gr  pad em iE   ee Lo      me        .\nnp       ees               ELT Ei Co              IE\nEY (oS         a Pou NaN                               pa\nEri  Le et                                         ™\npo                                                                         a\nIl     I      | !           |       i     | I     I                l                  :\nTn AOA Tr\nLEH LCR EL CL TL\n1     oa      Wow     ose      an     Fo    =      I”     Mey     an     w      I\"\nP—    uu mem Inter Asset Comrolation 19Hems © tsi ot1py crores                             om - DEE A\ni oe     Com be ems wm opm tm mm mS men MAE MOR 20 een Ero om\nTT TR hw mmm we ee\nea Aes Corton      |   Boe mx cmewvmems. as 06   . om   .   .   .   .   .   .   .   .\n= 21 over 21 Liat               »                                                        1\n",
      "ocr_text_snippet": "# Sear Filo Edit view Mistoy Bookmarks Window Help [=1 & ae 4 @ © 4 | FT A RB @ Wed? £34PM MarersURce o [3 10 x [ony Wey Moos tMe 2m 0 Dam. OG. 0 ~ State Street SPDR S&P Biotech ETF $151.90 $152.11...",
      "output_kind": "whiteboard",
      "parsed_observations": [
        {
          "portfolio": "GRO",
          "metrics_raw": null,
          "metric_1": null,
          "metric_2": null,
          "metric_scalar": null,
          "action_text": null,
          "bottom_line": null,
          "parse_status": "review",
          "issue_codes": [
            "MISSING_METRIC_LINE",
            "MISSING_BOTTOM_LINE",
            "LOW_OCR_CONFIDENCE"
          ],
          "ocr_confidence": 38,
          "ocr_profile": "threshold"
        },
        {
          "portfolio": "TURBO",
          "metrics_raw": null,
          "metric_1": null,
          "metric_2": null,
          "metric_scalar": null,
          "action_text": null,
          "bottom_line": null,
          "parse_status": "review",
          "issue_codes": [
            "MISSING_METRIC_LINE",
            "MISSING_BOTTOM_LINE",
            "LOW_OCR_CONFIDENCE"
          ],
          "ocr_confidence": 38,
          "ocr_profile": "threshold"
        }
      ],
      "parsed_row_count": 2,
      "phash": "804c1d2fd6c1f6cb",
      "prefilter_score": 16.66,
      "prefilter_stats": {
        "brightRatio": 0.7853472222222222,
        "darkRatio": 0.03881944444444444,
        "edgeRatio": 0.1563493746025016,
        "horizontalComparisons": 14151,
        "horizontalEdgeHits": 1605,
        "horizontalEdgeRatio": 0.11341954632181471,
        "meanLuma": 228.74069444444444,
        "stdDev": 45.50785627615391,
        "verticalComparisons": 14151,
        "verticalEdgeHits": 2820,
        "verticalEdgeRatio": 0.19927920288318846
      },
      "score": -23.42,
      "score_breakdown": {
        "chart_likeness": -3.317189137193603,
        "keyword_guard": -18,
        "ocr_confidence_bonus": 1.9,
        "pair_bonus": 0,
        "per_row_issues": -12,
        "per_row_metrics": 0,
        "text_density": 8
      },
      "screen_layout": "tale_of_the_tape",
      "tickers": [
        "BE",
        "PL"
      ],
      "timestamp": 320,
      "timestamp_hms": "00:05:20"
    },
    {
      "confusion_with_nearby": [],
      "frame_index": 196,
      "frame_path": "C:\\Users\\admin\\Projects\\portfolio_analyzer_revere\\data\\video_scan_20260915\\ocr-20260915-backfill\\ocr-20260915-backfill\\ocr_probe\\frames\\20260722_20260722_npmyd1ake8o_6c89c99a_whiteboard\\ocr\\ocr_000197.png",
      "is_intro_card": false,
      "issue_codes": [
        "MISSING_METRIC_LINE",
        "MISSING_BOTTOM_LINE",
        "LOW_OCR_CONFIDENCE"
      ],
      "low_res_frame_path": null,
      "nearest_ffmpeg_keyframe_ts": 785.76,
      "observed_date": null,
      "ocr_confidence": 41,
      "ocr_profile": "threshold",
      "ocr_text": "# Setar File Edit view History Bookmarks Window  Meip                           G   [Cc]  Me 4 QO & mF A BG Wed? 461PM\nMasmersures o (RI     x [our vey wr ae ~ mm GO                    Er ove - Dot\n» Roundhill Meme Stock ETF                                                                          $7.70           $7.70\nFT EA SN        ry SONY      ers\n{invasa Ou) 15) % Chg % Cha £25 Rasy   Rap— di   CRN. / SS   Ne A Ny         No\n220    on     . dmeanrsmang 8 7      of                            v                        VANS    /            2»\n= ow    Pisani\nTon EE\nor EET\nzon BE\nPe   LE Tired                                    ET\nfl    ,                                    Ba  fk,\n\"1 a    -.        A.           oo ve 1)  1 gh      \"0\nil)              efi fuer 89             eel    Raga)  4, ¢     PY              .    h\n“a    -    way          RE          way      .\nhog,     »      2) I TE.     a    re                   1\n[Ti        AP ey                       ¥\nvy   Lt  od        ks       a    Ki                             [3         *\n180 vous           T                           ro                          a\nli       |            | I Ii           I      i       |            i               |              =\nmt A           =\nsee.    oa      Nov.    one     ey     fo    ER    ror     oy     on     mM     [™\npo—    wu | Repo   Inter Asset Correlation 19 Hems © uusies 0s 1 PY £7 57222025                            OM - TS EEA\noe     or hs wm wm  COR Tm Mm TEL WR eee WAR OR 5 eee SOW SW\n                                       2]    wo Tex      CBOE 30 Your Tromsur.      $147     033       0°     017\n—         -\nEE      |   Bowe mx cmeveTes. 65 06   sm   .   .   .   .   .   .   .   .\n= 29 over 21 Liat             x                                                  1\n",
      "ocr_text_snippet": "# Setar File Edit view History Bookmarks Window Meip G [Cc] Me 4 QO & mF A BG Wed? 461PM Masmersures o (RI x [our vey wr ae ~ mm GO Er ove - Dot » Roundhill Meme Stock ETF $7.70 $7.70 FT EA SN ry S...",
      "output_kind": "whiteboard",
      "parsed_observations": [
        {
          "portfolio": "GRO",
          "metrics_raw": null,
          "metric_1": null,
          "metric_2": null,
          "metric_scalar": null,
          "action_text": null,
          "bottom_line": null,
          "parse_status": "review",
          "issue_codes": [
            "MISSING_METRIC_LINE",
            "MISSING_BOTTOM_LINE",
            "LOW_OCR_CONFIDENCE"
          ],
          "ocr_confidence": 41,
          "ocr_profile": "threshold"
        },
        {
          "portfolio": "TURBO",
          "metrics_raw": null,
          "metric_1": null,
          "metric_2": null,
          "metric_scalar": null,
          "action_text": null,
          "bottom_line": null,
          "parse_status": "review",
          "issue_codes": [
            "MISSING_METRIC_LINE",
            "MISSING_BOTTOM_LINE",
            "LOW_OCR_CONFIDENCE"
          ],
          "ocr_confidence": 41,
          "ocr_profile": "threshold"
        }
      ],
      "parsed_row_count": 2,
      "phash": "806c1dbb969257d6",
      "prefilter_score": 15.84,
      "prefilter_stats": {
        "brightRatio": 0.8111805555555556,
        "darkRatio": 0.03902777777777778,
        "edgeRatio": 0.15320472051445128,
        "horizontalComparisons": 14151,
        "horizontalEdgeHits": 1532,
        "horizontalEdgeRatio": 0.10826090028973218,
        "meanLuma": 230.79861111111111,
        "stdDev": 44.74575707090856,
        "verticalComparisons": 14151,
        "verticalEdgeHits": 2804,
        "verticalEdgeRatio": 0.19814854073917038
      },
      "score": -23.75,
      "score_breakdown": {
        "chart_likeness": -3.804162508739118,
        "keyword_guard": -18,
        "ocr_confidence_bonus": 2.05,
        "pair_bonus": 0,
        "per_row_issues": -12,
        "per_row_metrics": 0,
        "text_density": 8
      },
      "screen_layout": "tale_of_the_tape",
      "tickers": [
        "BE"
      ],
      "timestamp": 784,
      "timestamp_hms": "00:13:04"
    },
    {
      "confusion_with_nearby": [],
      "frame_index": 180,
      "frame_path": "C:\\Users\\admin\\Projects\\portfolio_analyzer_revere\\data\\video_scan_20260915\\ocr-20260915-backfill\\ocr-20260915-backfill\\ocr_probe\\frames\\20260722_20260722_npmyd1ake8o_6c89c99a_whiteboard\\ocr\\ocr_000181.png",
      "is_intro_card": false,
      "issue_codes": [
        "MISSING_METRIC_LINE",
        "MISSING_BOTTOM_LINE",
        "LOW_OCR_CONFIDENCE"
      ],
      "low_res_frame_path": null,
      "nearest_ffmpeg_keyframe_ts": 720,
      "observed_date": null,
      "ocr_confidence": 34,
      "ocr_profile": "threshold",
      "ocr_text": "# Sari Fie Eo view History Bookmarks Window Help                           G   ® nc HQ © 4 |m FQ OE @ Wedli22 £30PM\nMareTsURcE o (EE      x [ony Wey Moos Mav 2m 0 QMme. OG O\n# Nebius Group N.V. Cl A                                                                           $221.06         $218.16\nr——           rss mst ns sc can ome en sonemowe  Wssan wwc suse cimesn     rs ct ee\n—     © tom    Perio                   oom ovina totais iio omen ‘tan     orn     i\nmo                   oT ents crore trie casos oven otha ees view\nEL A A     ps   Pe FN SNA PN    aad    =\nBW xt XE crvnar   PS   4    \\    CA NY 5    Nf Nf —       \\: ff Sy    -    _\nEE  7 J   J        7     f       v     —       i\nJ 0B HN EON GMonnRSRMG 93      d                                      ’\nToa eens ow\nToa A coemnew w\nfle\nBE, 9 NOI mime                                                      id                 =\nTGS eens or                                   me JW\nta 9 tn {\nAY             -\nEL YAY\nThaw ML\n=)    ba NTT    Rh         he\nN                   A                ET A        ir gs\n5                        4                    Jy        NM.                 o2.       .\nme   “saa                 \"~         [1    oy   ob   Ra           4   -   [3\ncolin al          so        Fo  i\n(te     a  “i,     wu        rh      a ot?)                                  -\nder  DIANA ly be PASI\n.-.               Fo  res   =A       =  Le\nF.                       i.                                   a\nol ED og og ot        =\na a LL\nso      oat      Nov     oe      r™     Fo     WER    ™      ay     an      ™      ™\nservers.    we Repo   Inter Asset Correlation 19 lems © ussaies 04 1 Fi £701 222i                             om - ST EBA\na     CoM ee ww we OTERO MG eee WI UR ews So SR\n                  123  wo Tex   CBOE 30 Yur Troms.   $147  03   3  017\nJR\n= 21 over 21 Lint               »                                                        1\n",
      "ocr_text_snippet": "# Sari Fie Eo view History Bookmarks Window Help G ® nc HQ © 4 |m FQ OE @ Wedli22 £30PM MareTsURcE o (EE x [ony Wey Moos Mav 2m 0 QMme. OG O # Nebius Group N.V. Cl A $221.06 $218.16 r—— rss mst ns ...",
      "output_kind": "whiteboard",
      "parsed_observations": [
        {
          "portfolio": "GRO",
          "metrics_raw": null,
          "metric_1": null,
          "metric_2": null,
          "metric_scalar": null,
          "action_text": null,
          "bottom_line": null,
          "parse_status": "review",
          "issue_codes": [
            "MISSING_METRIC_LINE",
            "MISSING_BOTTOM_LINE",
            "LOW_OCR_CONFIDENCE"
          ],
          "ocr_confidence": 34,
          "ocr_profile": "threshold"
        },
        {
          "portfolio": "TURBO",
          "metrics_raw": null,
          "metric_1": null,
          "metric_2": null,
          "metric_scalar": null,
          "action_text": null,
          "bottom_line": null,
          "parse_status": "review",
          "issue_codes": [
            "MISSING_METRIC_LINE",
            "MISSING_BOTTOM_LINE",
            "LOW_OCR_CONFIDENCE"
          ],
          "ocr_confidence": 34,
          "ocr_profile": "threshold"
        }
      ],
      "parsed_row_count": 2,
      "phash": "804c172bdec157cf",
      "prefilter_score": 16.1,
      "prefilter_stats": {
        "brightRatio": 0.7790277777777778,
        "darkRatio": 0.03895833333333333,
        "edgeRatio": 0.1607306904105717,
        "horizontalComparisons": 14151,
        "horizontalEdgeHits": 1635,
        "horizontalEdgeRatio": 0.11553953784184863,
        "meanLuma": 228.65243055555555,
        "stdDev": 45.11705563719979,
        "verticalComparisons": 14151,
        "verticalEdgeHits": 2914,
        "verticalEdgeRatio": 0.20592184297929475
      },
      "score": -23.82,
      "score_breakdown": {
        "chart_likeness": -3.5223578814642202,
        "keyword_guard": -18,
        "ocr_confidence_bonus": 1.7,
        "pair_bonus": 0,
        "per_row_issues": -12,
        "per_row_metrics": 0,
        "text_density": 8
      },
      "screen_layout": "tale_of_the_tape",
      "tickers": [
        "BE",
        "TAN"
      ],
      "timestamp": 720,
      "timestamp_hms": "00:12:00"
    },
    {
      "confusion_with_nearby": [],
      "frame_index": 128,
      "frame_path": "C:\\Users\\admin\\Projects\\portfolio_analyzer_revere\\data\\video_scan_20260915\\ocr-20260915-backfill\\ocr-20260915-backfill\\ocr_probe\\frames\\20260722_20260722_npmyd1ake8o_6c89c99a_whiteboard\\ocr\\ocr_000129.png",
      "is_intro_card": false,
      "issue_codes": [
        "MISSING_METRIC_LINE",
        "MISSING_BOTTOM_LINE",
        "LOW_OCR_CONFIDENCE"
      ],
      "low_res_frame_path": null,
      "nearest_ffmpeg_keyframe_ts": 513.92,
      "observed_date": null,
      "ocr_confidence": 32,
      "ocr_profile": "threshold",
      "ocr_text": "# Setar Kio Edit view History Bookmarks Wingow Help                            [=3   ®  Me 4 @ © 4 mF A Be @ wedl22 £37PM\nMarxsTSURCE a [BY     x [Duy wey Meosty tae. umm ©                  EE cme oto\n# International Business Machines Corp.                                                               $210.26         $205.77\n2 Internationa |              FFU WU. Ad     oo 2577\nwma       mm         on weds STA J WC, 7     am me\nperian           eben mam om A ram sm\nCosme              Nsw om Bom                               p     Stocnssis 143.3)    M\nERC J- rel SNe UU SERNA NF eh TY 4 SU VN WY ASN 4 NE i WY A SR\nCEE    (Na       FOWIINW WV N       »\nmn momen |              -   —\nHe 1215 She WU epg Camiue 16h                  J i Bats |\nTre wm me a me mere            J   TEE             fle\n;                mn        AC  “py pen ry hc\nos                          ry FU Vo SPP        W      [LIK     FM,           .    3             had\nNica         wi     -    —   [5         x.       en Mf\noi   .         f i y                       Vil          L           «\nme a sy A       ,        {                   oh Vo     \\      f    i     :\nly hho  Zp      Hop           2 lon af   =        -\ni»       LAL          Zt                          i #1,        2am\narn [of            BB                     [ a\na]          i                                            Wr mn  hy       b ran\n3            Te                                   Cass                          TE          *\nprow                                                          —              ”\nEe\"          EY          kd           -              i.       Ee                   ET\nhahah LL\na a mm \"a\" me” he” a” ar me mE mem\nservers.    we Repos   Inter Asset Correlation 19 Hems ©  ussiea bs 11 fu £T0722028                             om - EE BA\n= poe     ew me ww Em TE OME TE MD ees WE CR ew SRL SE\nCrm a TR mw tm ceEmvewwemwr. ser om eo eo... -\n-          ES\n= 21 over 21 List               kd                                                        1\n",
      "ocr_text_snippet": "# Setar Kio Edit view History Bookmarks Wingow Help [=3 ® Me 4 @ © 4 mF A Be @ wedl22 £37PM MarxsTSURCE a [BY x [Duy wey Meosty tae. umm © EE cme oto # International Business Machines Corp. $210.26...",
      "output_kind": "whiteboard",
      "parsed_observations": [
        {
          "portfolio": "GRO",
          "metrics_raw": null,
          "metric_1": null,
          "metric_2": null,
          "metric_scalar": null,
          "action_text": null,
          "bottom_line": null,
          "parse_status": "review",
          "issue_codes": [
            "MISSING_METRIC_LINE",
            "MISSING_BOTTOM_LINE",
            "LOW_OCR_CONFIDENCE"
          ],
          "ocr_confidence": 32,
          "ocr_profile": "threshold"
        },
        {
          "portfolio": "TURBO",
          "metrics_raw": null,
          "metric_1": null,
          "metric_2": null,
          "metric_scalar": null,
          "action_text": null,
          "bottom_line": null,
          "parse_status": "review",
          "issue_codes": [
            "MISSING_METRIC_LINE",
            "MISSING_BOTTOM_LINE",
            "LOW_OCR_CONFIDENCE"
          ],
          "ocr_confidence": 32,
          "ocr_profile": "threshold"
        }
      ],
      "parsed_row_count": 2,
      "phash": "8078066fdd63479b",
      "prefilter_score": 15.94,
      "prefilter_stats": {
        "brightRatio": 0.784375,
        "darkRatio": 0.03895833333333333,
        "edgeRatio": 0.16164935340258638,
        "horizontalComparisons": 14151,
        "horizontalEdgeHits": 1652,
        "horizontalEdgeRatio": 0.11674086636986786,
        "meanLuma": 229.24305555555554,
        "stdDev": 45.02114264551741,
        "verticalComparisons": 14151,
        "verticalEdgeHits": 2923,
        "verticalEdgeRatio": 0.20655784043530492
      },
      "score": -23.84,
      "score_breakdown": {
        "chart_likeness": -3.4381207799231657,
        "keyword_guard": -18,
        "ocr_confidence_bonus": 1.6,
        "pair_bonus": 0,
        "per_row_issues": -12,
        "per_row_metrics": 0,
        "text_density": 8
      },
      "screen_layout": "tale_of_the_tape",
      "tickers": [
        "BE"
      ],
      "timestamp": 512,
      "timestamp_hms": "00:08:32"
    }
  ],
  "whiteboard_segments": [
    {
      "capture_count": 3,
      "end_ts": 448,
      "end_hms": "00:07:28",
      "is_intro_card": false,
      "layout": "structured_whiteboard",
      "peak_frame_index": 112,
      "peak_score": 116.7,
      "start_hms": "00:05:52",
      "start_ts": 352
    }
  ],
  "log_path": "C:\\Users\\admin\\Projects\\portfolio_analyzer_revere\\data\\video_scan_20260915\\ocr-20260915-backfill\\ocr-20260915-backfill\\ocr_probe\\logs\\20260722_20260722_npmyd1ake8o_6c89c99a_whiteboard.json"
}
