# cmd: node tools/scanVideoWithOcr.js --video C:\Users\admin\Projects\portfolio_analyzer_revere\data\video_pipeline\downloads_hires\20260605_a7zObEZlEEM.mp4 --date 20260605 --output-root C:\Users\admin\Projects\portfolio_analyzer_revere\data\video_scan_20260915\ocr-20260915-backfill --run-tag ocr-20260915-backfill --ffmpeg-bin c:/Users/admin/AppData/Local/Microsoft/WinGet/Packages/Gyan.FFmpeg_Microsoft.Winget.Source_8wekyb3d8bbwe/ffmpeg-9.0.1-full_build/bin/ffmpeg.exe
[scan:whiteboard] ffprobe found 724 keyframe(s) for nearest-keyframe lookup
[scan:whiteboard] preflighting final whiteboard output extraction
[scan:whiteboard] extracting sample frames from C:\Users\admin\Projects\portfolio_analyzer_revere\data\video_pipeline\downloads_hires\20260605_a7zObEZlEEM.mp4
[scan:whiteboard] extracted 1050 frame(s) at 0.25 fps with width 640; starting prefilter
[scan:whiteboard] prefilter 1/1050 frames after 00:00:00; best prefilter -17.22 at 00:00:00
[scan:whiteboard] prefilter 10/1050 frames after 00:00:00; best prefilter -11.61 at 00:00:32
[scan:whiteboard] prefilter 20/1050 frames after 00:00:00; best prefilter -11.33 at 00:01:16
[scan:whiteboard] prefilter 30/1050 frames after 00:00:00; best prefilter -11.27 at 00:01:44
[scan:whiteboard] prefilter 40/1050 frames after 00:00:00; best prefilter -11.27 at 00:01:44
[scan:whiteboard] prefilter 50/1050 frames after 00:00:01; best prefilter -11.27 at 00:01:44
[scan:whiteboard] prefilter 60/1050 frames after 00:00:01; best prefilter -11.21 at 00:03:28
[scan:whiteboard] prefilter 70/1050 frames after 00:00:01; best prefilter -11.21 at 00:03:28
[scan:whiteboard] prefilter 80/1050 frames after 00:00:01; best prefilter -11.21 at 00:03:28
[scan:whiteboard] prefilter 90/1050 frames after 00:00:01; best prefilter -11.21 at 00:03:28
[scan:whiteboard] prefilter 100/1050 frames after 00:00:02; best prefilter -11.21 at 00:03:28
[scan:whiteboard] prefilter 110/1050 frames after 00:00:02; best prefilter -11.21 at 00:03:28
[scan:whiteboard] prefilter 120/1050 frames after 00:00:03; best prefilter -11.21 at 00:03:28
[scan:whiteboard] prefilter 130/1050 frames after 00:00:03; best prefilter -11.21 at 00:03:28
[scan:whiteboard] prefilter 140/1050 frames after 00:00:04; best prefilter -11.04 at 00:08:56
[scan:whiteboard] prefilter 150/1050 frames after 00:00:04; best prefilter -10.84 at 00:09:44
[scan:whiteboard] prefilter 160/1050 frames after 00:00:05; best prefilter -10.59 at 00:10:20
[scan:whiteboard] prefilter 170/1050 frames after 00:00:05; best prefilter -10.52 at 00:10:52
[scan:whiteboard] prefilter 180/1050 frames after 00:00:05; best prefilter -10.52 at 00:10:52
[scan:whiteboard] prefilter 190/1050 frames after 00:00:06; best prefilter -10.52 at 00:10:52
[scan:whiteboard] prefilter 200/1050 frames after 00:00:06; best prefilter -10.52 at 00:10:52
[scan:whiteboard] prefilter 210/1050 frames after 00:00:07; best prefilter -10.52 at 00:10:52
[scan:whiteboard] prefilter 220/1050 frames after 00:00:07; best prefilter -10.52 at 00:10:52
[scan:whiteboard] prefilter 230/1050 frames after 00:00:08; best prefilter -10.52 at 00:10:52
[scan:whiteboard] prefilter 240/1050 frames after 00:00:08; best prefilter -10.52 at 00:10:52
[scan:whiteboard] prefilter 250/1050 frames after 00:00:08; best prefilter -10.52 at 00:10:52
[scan:whiteboard] prefilter 260/1050 frames after 00:00:09; best prefilter 15.17 at 00:17:12
[scan:whiteboard] prefilter 270/1050 frames after 00:00:09; best prefilter 15.17 at 00:17:12
[scan:whiteboard] prefilter 280/1050 frames after 00:00:10; best prefilter 15.17 at 00:17:12
[scan:whiteboard] prefilter 290/1050 frames after 00:00:10; best prefilter 15.17 at 00:17:12
[scan:whiteboard] prefilter 300/1050 frames after 00:00:10; best prefilter 18.56 at 00:19:40
[scan:whiteboard] prefilter 310/1050 frames after 00:00:11; best prefilter 20.55 at 00:20:24
[scan:whiteboard] prefilter 320/1050 frames after 00:00:11; best prefilter 20.55 at 00:20:24
[scan:whiteboard] prefilter 330/1050 frames after 00:00:11; best prefilter 21.31 at 00:21:20
[scan:whiteboard] prefilter 340/1050 frames after 00:00:12; best prefilter 21.31 at 00:21:20
[scan:whiteboard] prefilter 350/1050 frames after 00:00:12; best prefilter 21.31 at 00:21:20
[scan:whiteboard] prefilter 360/1050 frames after 00:00:13; best prefilter 21.31 at 00:21:20
[scan:whiteboard] prefilter 370/1050 frames after 00:00:13; best prefilter 21.31 at 00:21:20
[scan:whiteboard] prefilter 380/1050 frames after 00:00:13; best prefilter 21.31 at 00:21:20
[scan:whiteboard] prefilter 390/1050 frames after 00:00:14; best prefilter 21.31 at 00:21:20
[scan:whiteboard] prefilter 400/1050 frames after 00:00:14; best prefilter 21.31 at 00:21:20
[scan:whiteboard] prefilter 410/1050 frames after 00:00:15; best prefilter 21.31 at 00:21:20
[scan:whiteboard] prefilter 420/1050 frames after 00:00:15; best prefilter 21.31 at 00:21:20
[scan:whiteboard] prefilter 430/1050 frames after 00:00:15; best prefilter 21.31 at 00:21:20
[scan:whiteboard] prefilter 440/1050 frames after 00:00:16; best prefilter 21.31 at 00:21:20
[scan:whiteboard] prefilter 450/1050 frames after 00:00:16; best prefilter 21.31 at 00:21:20
[scan:whiteboard] prefilter 460/1050 frames after 00:00:16; best prefilter 21.31 at 00:21:20
[scan:whiteboard] prefilter 470/1050 frames after 00:00:17; best prefilter 21.31 at 00:21:20
[scan:whiteboard] prefilter 480/1050 frames after 00:00:17; best prefilter 21.31 at 00:21:20
[scan:whiteboard] prefilter 490/1050 frames after 00:00:18; best prefilter 21.31 at 00:21:20
[scan:whiteboard] prefilter 500/1050 frames after 00:00:18; best prefilter 21.31 at 00:21:20
[scan:whiteboard] prefilter 510/1050 frames after 00:00:18; best prefilter 21.31 at 00:21:20
[scan:whiteboard] prefilter 520/1050 frames after 00:00:19; best prefilter 21.31 at 00:21:20
[scan:whiteboard] prefilter 530/1050 frames after 00:00:19; best prefilter 21.31 at 00:21:20
[scan:whiteboard] prefilter 540/1050 frames after 00:00:19; best prefilter 21.31 at 00:21:20
[scan:whiteboard] prefilter 550/1050 frames after 00:00:20; best prefilter 21.31 at 00:21:20
[scan:whiteboard] prefilter 560/1050 frames after 00:00:20; best prefilter 21.31 at 00:21:20
[scan:whiteboard] prefilter 570/1050 frames after 00:00:21; best prefilter 21.31 at 00:21:20
[scan:whiteboard] prefilter 580/1050 frames after 00:00:21; best prefilter 21.31 at 00:21:20
[scan:whiteboard] prefilter 590/1050 frames after 00:00:21; best prefilter 21.31 at 00:21:20
[scan:whiteboard] prefilter 600/1050 frames after 00:00:22; best prefilter 21.31 at 00:21:20
[scan:whiteboard] prefilter 610/1050 frames after 00:00:22; best prefilter 21.31 at 00:21:20
[scan:whiteboard] prefilter 620/1050 frames after 00:00:23; best prefilter 21.31 at 00:21:20
[scan:whiteboard] prefilter 630/1050 frames after 00:00:23; best prefilter 21.31 at 00:21:20
[scan:whiteboard] prefilter 640/1050 frames after 00:00:23; best prefilter 21.31 at 00:21:20
[scan:whiteboard] prefilter 650/1050 frames after 00:00:24; best prefilter 21.31 at 00:21:20
[scan:whiteboard] prefilter 660/1050 frames after 00:00:24; best prefilter 21.31 at 00:21:20
[scan:whiteboard] prefilter 670/1050 frames after 00:00:25; best prefilter 21.31 at 00:21:20
[scan:whiteboard] prefilter 680/1050 frames after 00:00:25; best prefilter 21.31 at 00:21:20
[scan:whiteboard] prefilter 690/1050 frames after 00:00:25; best prefilter 21.31 at 00:21:20
[scan:whiteboard] prefilter 700/1050 frames after 00:00:26; best prefilter 21.31 at 00:21:20
[scan:whiteboard] prefilter 710/1050 frames after 00:00:26; best prefilter 21.31 at 00:21:20
[scan:whiteboard] prefilter 720/1050 frames after 00:00:26; best prefilter 21.31 at 00:21:20
[scan:whiteboard] prefilter 730/1050 frames after 00:00:27; best prefilter 21.31 at 00:21:20
[scan:whiteboard] prefilter 740/1050 frames after 00:00:27; best prefilter 21.31 at 00:21:20
[scan:whiteboard] prefilter 750/1050 frames after 00:00:28; best prefilter 21.31 at 00:21:20
[scan:whiteboard] prefilter 760/1050 frames after 00:00:28; best prefilter 21.31 at 00:21:20
[scan:whiteboard] prefilter 770/1050 frames after 00:00:28; best prefilter 21.31 at 00:21:20
[scan:whiteboard] prefilter 780/1050 frames after 00:00:29; best prefilter 21.31 at 00:21:20
[scan:whiteboard] prefilter 790/1050 frames after 00:00:29; best prefilter 21.31 at 00:21:20
[scan:whiteboard] prefilter 800/1050 frames after 00:00:29; best prefilter 21.31 at 00:21:20
[scan:whiteboard] prefilter 810/1050 frames after 00:00:30; best prefilter 21.31 at 00:21:20
[scan:whiteboard] prefilter 820/1050 frames after 00:00:30; best prefilter 21.31 at 00:21:20
[scan:whiteboard] prefilter 830/1050 frames after 00:00:31; best prefilter 21.31 at 00:21:20
[scan:whiteboard] prefilter 840/1050 frames after 00:00:31; best prefilter 21.31 at 00:21:20
[scan:whiteboard] prefilter 850/1050 frames after 00:00:31; best prefilter 21.31 at 00:21:20
[scan:whiteboard] prefilter 860/1050 frames after 00:00:32; best prefilter 21.31 at 00:21:20
[scan:whiteboard] prefilter 870/1050 frames after 00:00:32; best prefilter 21.31 at 00:21:20
[scan:whiteboard] prefilter 880/1050 frames after 00:00:32; best prefilter 21.31 at 00:21:20
[scan:whiteboard] prefilter 890/1050 frames after 00:00:33; best prefilter 21.31 at 00:21:20
[scan:whiteboard] prefilter 900/1050 frames after 00:00:33; best prefilter 21.31 at 00:21:20
[scan:whiteboard] prefilter 910/1050 frames after 00:00:34; best prefilter 21.31 at 00:21:20
[scan:whiteboard] prefilter 920/1050 frames after 00:00:34; best prefilter 21.31 at 00:21:20
[scan:whiteboard] prefilter 930/1050 frames after 00:00:34; best prefilter 21.31 at 00:21:20
[scan:whiteboard] prefilter 940/1050 frames after 00:00:35; best prefilter 21.31 at 00:21:20
[scan:whiteboard] prefilter 950/1050 frames after 00:00:35; best prefilter 21.31 at 00:21:20
[scan:whiteboard] prefilter 960/1050 frames after 00:00:35; best prefilter 21.31 at 00:21:20
[scan:whiteboard] prefilter 970/1050 frames after 00:00:36; best prefilter 21.31 at 00:21:20
[scan:whiteboard] prefilter 980/1050 frames after 00:00:36; best prefilter 21.31 at 00:21:20
[scan:whiteboard] prefilter 990/1050 frames after 00:00:36; best prefilter 21.31 at 00:21:20
[scan:whiteboard] prefilter 1000/1050 frames after 00:00:37; best prefilter 21.31 at 00:21:20
[scan:whiteboard] prefilter 1010/1050 frames after 00:00:37; best prefilter 21.31 at 00:21:20
[scan:whiteboard] prefilter 1020/1050 frames after 00:00:38; best prefilter 21.31 at 00:21:20
[scan:whiteboard] prefilter 1030/1050 frames after 00:00:38; best prefilter 21.31 at 00:21:20
[scan:whiteboard] prefilter 1040/1050 frames after 00:00:38; best prefilter 21.31 at 00:21:20
[scan:whiteboard] prefilter 1050/1050 frames after 00:00:39; best prefilter 21.31 at 00:21:20
[scan:whiteboard] prefilter kept 60/1050 frame(s) for OCR; best prefilter 21.31 at 00:21:20
[scan:whiteboard] extracting OCR candidates from source video at width 1280
[scan:whiteboard] OCR 1/60 frames (1.7%) after 00:00:06; best score -12.00 at 00:00:00 (ocr 0.0)
[scan:whiteboard] OCR 10/60 frames (16.7%) after 00:00:56; best score -12.00 at 00:00:00 (ocr 0.0)
Image too small to scale!! (2x36 vs min width of 3)
Line cannot be recognized!!
[scan:whiteboard] OCR 20/60 frames (33.3%) after 00:02:25; best score -12.00 at 00:00:00 (ocr 0.0)
[scan:whiteboard] OCR 30/60 frames (50.0%) after 00:05:06; best score -12.00 at 00:00:00 (ocr 0.0)
[scan:whiteboard] OCR 40/60 frames (66.7%) after 00:07:46; best score -12.00 at 00:00:00 (ocr 0.0)
[scan:whiteboard] OCR 50/60 frames (83.3%) after 00:11:42; best score -12.00 at 00:00:00 (ocr 0.0)
[scan:whiteboard] OCR 60/60 frames (100.0%) after 00:13:36; best score -12.00 at 00:00:00 (ocr 0.0)
{
  "date_key": "20260605",
  "output_kind": "whiteboard",
  "video_path": "C:\\Users\\admin\\Projects\\portfolio_analyzer_revere\\data\\video_pipeline\\downloads_hires\\20260605_a7zObEZlEEM.mp4",
  "captured_count": 0,
  "captures": [],
  "frame_count": 1050,
  "frame_error_count": 0,
  "frame_errors": [],
  "nearest_ffmpeg_keyframe_lookups_skipped": false,
  "nearest_ffmpeg_keyframe_pts_total": 724,
  "ocr_engine_metadata": {
    "tesseract_version": "6.0.1",
    "language": "eng",
    "dpi": 300,
    "psm": null,
    "preserve_interword_spaces": "1",
    "deskew": false
  },
  "ocr_frame_count": 60,
  "ocr_frame_width": 1280,
  "prefilter_best_score": 21.31,
  "sample_frame_width": 640,
  "status": "no_match",
  "top_candidate": {
    "confusion_with_nearby": [],
    "frame_index": 119,
    "frame_path": "C:\\Users\\admin\\Projects\\portfolio_analyzer_revere\\data\\video_scan_20260915\\ocr-20260915-backfill\\ocr-20260915-backfill\\ocr_probe\\frames\\20260605_20260605_a7zobezleem_9cc31699_whiteboard\\ocr\\ocr_000120.png",
    "is_intro_card": false,
    "issue_codes": [
      "MISSING_METRIC_LINE",
      "MISSING_BOTTOM_LINE",
      "LOW_OCR_CONFIDENCE"
    ],
    "low_res_frame_path": null,
    "nearest_ffmpeg_keyframe_ts": 476.0756,
    "observed_date": null,
    "ocr_confidence": 0,
    "ocr_profile": "threshold",
    "ocr_text": "",
    "ocr_text_snippet": "",
    "output_kind": "whiteboard",
    "parsed_observations": [
      {
        "portfolio": "GRO",
        "metrics_raw": null,
        "metric_1": null,
        "metric_2": null,
        "metric_scalar": null,
        "action_text": null,
        "bottom_line": null,
        "parse_status": "review",
        "issue_codes": [
          "MISSING_METRIC_LINE",
          "MISSING_BOTTOM_LINE",
          "LOW_OCR_CONFIDENCE"
        ],
        "ocr_confidence": 0,
        "ocr_profile": "threshold"
      },
      {
        "portfolio": "TURBO",
        "metrics_raw": null,
        "metric_1": null,
        "metric_2": null,
        "metric_scalar": null,
        "action_text": null,
        "bottom_line": null,
        "parse_status": "review",
        "issue_codes": [
          "MISSING_METRIC_LINE",
          "MISSING_BOTTOM_LINE",
          "LOW_OCR_CONFIDENCE"
        ],
        "ocr_confidence": 0,
        "ocr_profile": "threshold"
      }
    ],
    "parsed_row_count": 2,
    "phash": "ad6948d27a2da5d1",
    "prefilter_score": -12.41,
    "prefilter_stats": {
      "brightRatio": 0.00875,
      "darkRatio": 0.2909027777777778,
      "edgeRatio": 0.1377641156102042,
      "horizontalComparisons": 14151,
      "horizontalEdgeHits": 2269,
      "horizontalEdgeRatio": 0.16034202529856548,
      "meanLuma": 115.44,
      "stdDev": 47.538499134911696,
      "verticalComparisons": 14151,
      "verticalEdgeHits": 1630,
      "verticalEdgeRatio": 0.11518620592184298
    },
    "score": -11.9,
    "score_breakdown": {
      "chart_likeness": 0.09517819880440248,
      "keyword_guard": 0,
      "ocr_confidence_bonus": 0,
      "pair_bonus": 0,
      "per_row_issues": -12,
      "per_row_metrics": 0,
      "text_density": 0
    },
    "screen_layout": "chart",
    "tickers": [],
    "timestamp": 476,
    "timestamp_hms": "00:07:56"
  },
  "top_candidates": [
    {
      "confusion_with_nearby": [],
      "frame_index": 119,
      "frame_path": "C:\\Users\\admin\\Projects\\portfolio_analyzer_revere\\data\\video_scan_20260915\\ocr-20260915-backfill\\ocr-20260915-backfill\\ocr_probe\\frames\\20260605_20260605_a7zobezleem_9cc31699_whiteboard\\ocr\\ocr_000120.png",
      "is_intro_card": false,
      "issue_codes": [
        "MISSING_METRIC_LINE",
        "MISSING_BOTTOM_LINE",
        "LOW_OCR_CONFIDENCE"
      ],
      "low_res_frame_path": null,
      "nearest_ffmpeg_keyframe_ts": null,
      "observed_date": null,
      "ocr_confidence": 0,
      "ocr_profile": "threshold",
      "ocr_text": "",
      "ocr_text_snippet": "",
      "output_kind": "whiteboard",
      "parsed_observations": [
        {
          "portfolio": "GRO",
          "metrics_raw": null,
          "metric_1": null,
          "metric_2": null,
          "metric_scalar": null,
          "action_text": null,
          "bottom_line": null,
          "parse_status": "review",
          "issue_codes": [
            "MISSING_METRIC_LINE",
            "MISSING_BOTTOM_LINE",
            "LOW_OCR_CONFIDENCE"
          ],
          "ocr_confidence": 0,
          "ocr_profile": "threshold"
        },
        {
          "portfolio": "TURBO",
          "metrics_raw": null,
          "metric_1": null,
          "metric_2": null,
          "metric_scalar": null,
          "action_text": null,
          "bottom_line": null,
          "parse_status": "review",
          "issue_codes": [
            "MISSING_METRIC_LINE",
            "MISSING_BOTTOM_LINE",
            "LOW_OCR_CONFIDENCE"
          ],
          "ocr_confidence": 0,
          "ocr_profile": "threshold"
        }
      ],
      "parsed_row_count": 2,
      "phash": "ad6948d27a2da5d1",
      "prefilter_score": -12.41,
      "prefilter_stats": {
        "brightRatio": 0.00875,
        "darkRatio": 0.2909027777777778,
        "edgeRatio": 0.1377641156102042,
        "horizontalComparisons": 14151,
        "horizontalEdgeHits": 2269,
        "horizontalEdgeRatio": 0.16034202529856548,
        "meanLuma": 115.44,
        "stdDev": 47.538499134911696,
        "verticalComparisons": 14151,
        "verticalEdgeHits": 1630,
        "verticalEdgeRatio": 0.11518620592184298
      },
      "score": -11.9,
      "score_breakdown": {
        "chart_likeness": 0.09517819880440248,
        "keyword_guard": 0,
        "ocr_confidence_bonus": 0,
        "pair_bonus": 0,
        "per_row_issues": -12,
        "per_row_metrics": 0,
        "text_density": 0
      },
      "screen_layout": "chart",
      "tickers": [],
      "timestamp": 476,
      "timestamp_hms": "00:07:56"
    },
    {
      "confusion_with_nearby": [],
      "frame_index": 1003,
      "frame_path": "C:\\Users\\admin\\Projects\\portfolio_analyzer_revere\\data\\video_scan_20260915\\ocr-20260915-backfill\\ocr-20260915-backfill\\ocr_probe\\frames\\20260605_20260605_a7zobezleem_9cc31699_whiteboard\\ocr\\ocr_001004.png",
      "is_intro_card": false,
      "issue_codes": [
        "MISSING_METRIC_LINE",
        "MISSING_BOTTOM_LINE",
        "LOW_OCR_CONFIDENCE"
      ],
      "low_res_frame_path": null,
      "nearest_ffmpeg_keyframe_ts": null,
      "observed_date": null,
      "ocr_confidence": 0,
      "ocr_profile": "threshold",
      "ocr_text": "",
      "ocr_text_snippet": "",
      "output_kind": "whiteboard",
      "parsed_observations": [
        {
          "portfolio": "GRO",
          "metrics_raw": null,
          "metric_1": null,
          "metric_2": null,
          "metric_scalar": null,
          "action_text": null,
          "bottom_line": null,
          "parse_status": "review",
          "issue_codes": [
            "MISSING_METRIC_LINE",
            "MISSING_BOTTOM_LINE",
            "LOW_OCR_CONFIDENCE"
          ],
          "ocr_confidence": 0,
          "ocr_profile": "threshold"
        },
        {
          "portfolio": "TURBO",
          "metrics_raw": null,
          "metric_1": null,
          "metric_2": null,
          "metric_scalar": null,
          "action_text": null,
          "bottom_line": null,
          "parse_status": "review",
          "issue_codes": [
            "MISSING_METRIC_LINE",
            "MISSING_BOTTOM_LINE",
            "LOW_OCR_CONFIDENCE"
          ],
          "ocr_confidence": 0,
          "ocr_profile": "threshold"
        }
      ],
      "parsed_row_count": 2,
      "phash": "ad694ad27a0da595",
      "prefilter_score": -11.34,
      "prefilter_stats": {
        "brightRatio": 0.0034027777777777776,
        "darkRatio": 0.27,
        "edgeRatio": 0.12663416013002615,
        "horizontalComparisons": 14151,
        "horizontalEdgeHits": 2012,
        "horizontalEdgeRatio": 0.1421807646102749,
        "meanLuma": 116.97416666666666,
        "stdDev": 46.90115817540593,
        "verticalComparisons": 14151,
        "verticalEdgeHits": 1572,
        "verticalEdgeRatio": 0.1110875556497774
      },
      "score": -12,
      "score_breakdown": {
        "chart_likeness": 0,
        "keyword_guard": 0,
        "ocr_confidence_bonus": 0,
        "pair_bonus": 0,
        "per_row_issues": -12,
        "per_row_metrics": 0,
        "text_density": 0
      },
      "screen_layout": "chart",
      "tickers": [],
      "timestamp": 4012,
      "timestamp_hms": "01:06:52"
    },
    {
      "confusion_with_nearby": [],
      "frame_index": 187,
      "frame_path": "C:\\Users\\admin\\Projects\\portfolio_analyzer_revere\\data\\video_scan_20260915\\ocr-20260915-backfill\\ocr-20260915-backfill\\ocr_probe\\frames\\20260605_20260605_a7zobezleem_9cc31699_whiteboard\\ocr\\ocr_000188.png",
      "is_intro_card": false,
      "issue_codes": [
        "MISSING_METRIC_LINE",
        "MISSING_BOTTOM_LINE",
        "LOW_OCR_CONFIDENCE"
      ],
      "low_res_frame_path": null,
      "nearest_ffmpeg_keyframe_ts": null,
      "observed_date": null,
      "ocr_confidence": 0,
      "ocr_profile": "threshold",
      "ocr_text": "",
      "ocr_text_snippet": "",
      "output_kind": "whiteboard",
      "parsed_observations": [
        {
          "portfolio": "GRO",
          "metrics_raw": null,
          "metric_1": null,
          "metric_2": null,
          "metric_scalar": null,
          "action_text": null,
          "bottom_line": null,
          "parse_status": "review",
          "issue_codes": [
            "MISSING_METRIC_LINE",
            "MISSING_BOTTOM_LINE",
            "LOW_OCR_CONFIDENCE"
          ],
          "ocr_confidence": 0,
          "ocr_profile": "threshold"
        },
        {
          "portfolio": "TURBO",
          "metrics_raw": null,
          "metric_1": null,
          "metric_2": null,
          "metric_scalar": null,
          "action_text": null,
          "bottom_line": null,
          "parse_status": "review",
          "issue_codes": [
            "MISSING_METRIC_LINE",
            "MISSING_BOTTOM_LINE",
            "LOW_OCR_CONFIDENCE"
          ],
          "ocr_confidence": 0,
          "ocr_profile": "threshold"
        }
      ],
      "parsed_row_count": 2,
      "phash": "ad6949d25a2da5b1",
      "prefilter_score": -11.13,
      "prefilter_stats": {
        "brightRatio": 0.009791666666666667,
        "darkRatio": 0.30451388888888886,
        "edgeRatio": 0.12776482227404423,
        "horizontalComparisons": 14151,
        "horizontalEdgeHits": 2053,
        "horizontalEdgeRatio": 0.14507808635432126,
        "meanLuma": 116.69493055555556,
        "stdDev": 50.19577424523414,
        "verticalComparisons": 14151,
        "verticalEdgeHits": 1563,
        "verticalEdgeRatio": 0.11045155819376723
      },
      "score": -12,
      "score_breakdown": {
        "chart_likeness": 0,
        "keyword_guard": 0,
        "ocr_confidence_bonus": 0,
        "pair_bonus": 0,
        "per_row_issues": -12,
        "per_row_metrics": 0,
        "text_density": 0
      },
      "screen_layout": "chart",
      "tickers": [],
      "timestamp": 748,
      "timestamp_hms": "00:12:28"
    },
    {
      "confusion_with_nearby": [],
      "frame_index": 170,
      "frame_path": "C:\\Users\\admin\\Projects\\portfolio_analyzer_revere\\data\\video_scan_20260915\\ocr-20260915-backfill\\ocr-20260915-backfill\\ocr_probe\\frames\\20260605_20260605_a7zobezleem_9cc31699_whiteboard\\ocr\\ocr_000171.png",
      "is_intro_card": false,
      "issue_codes": [
        "MISSING_METRIC_LINE",
        "MISSING_BOTTOM_LINE",
        "LOW_OCR_CONFIDENCE"
      ],
      "low_res_frame_path": null,
      "nearest_ffmpeg_keyframe_ts": null,
      "observed_date": null,
      "ocr_confidence": 0,
      "ocr_profile": "threshold",
      "ocr_text": "",
      "ocr_text_snippet": "",
      "output_kind": "whiteboard",
      "parsed_observations": [
        {
          "portfolio": "GRO",
          "metrics_raw": null,
          "metric_1": null,
          "metric_2": null,
          "metric_scalar": null,
          "action_text": null,
          "bottom_line": null,
          "parse_status": "review",
          "issue_codes": [
            "MISSING_METRIC_LINE",
            "MISSING_BOTTOM_LINE",
            "LOW_OCR_CONFIDENCE"
          ],
          "ocr_confidence": 0,
          "ocr_profile": "threshold"
        },
        {
          "portfolio": "TURBO",
          "metrics_raw": null,
          "metric_1": null,
          "metric_2": null,
          "metric_scalar": null,
          "action_text": null,
          "bottom_line": null,
          "parse_status": "review",
          "issue_codes": [
            "MISSING_METRIC_LINE",
            "MISSING_BOTTOM_LINE",
            "LOW_OCR_CONFIDENCE"
          ],
          "ocr_confidence": 0,
          "ocr_profile": "threshold"
        }
      ],
      "parsed_row_count": 2,
      "phash": "ad6948d27b0da595",
      "prefilter_score": -11.46,
      "prefilter_stats": {
        "brightRatio": 0.0022222222222222222,
        "darkRatio": 0.32652777777777775,
        "edgeRatio": 0.12907215037806516,
        "horizontalComparisons": 14151,
        "horizontalEdgeHits": 2057,
        "horizontalEdgeRatio": 0.14536075189032577,
        "meanLuma": 112.90125,
        "stdDev": 48.4224735312225,
        "verticalComparisons": 14151,
        "verticalEdgeHits": 1596,
        "verticalEdgeRatio": 0.11278354886580454
      },
      "score": -12,
      "score_breakdown": {
        "chart_likeness": 0,
        "keyword_guard": 0,
        "ocr_confidence_bonus": 0,
        "pair_bonus": 0,
        "per_row_issues": -12,
        "per_row_metrics": 0,
        "text_density": 0
      },
      "screen_layout": "chart",
      "tickers": [],
      "timestamp": 680,
      "timestamp_hms": "00:11:20"
    },
    {
      "confusion_with_nearby": [],
      "frame_index": 85,
      "frame_path": "C:\\Users\\admin\\Projects\\portfolio_analyzer_revere\\data\\video_scan_20260915\\ocr-20260915-backfill\\ocr-20260915-backfill\\ocr_probe\\frames\\20260605_20260605_a7zobezleem_9cc31699_whiteboard\\ocr\\ocr_000086.png",
      "is_intro_card": false,
      "issue_codes": [
        "MISSING_METRIC_LINE",
        "MISSING_BOTTOM_LINE",
        "LOW_OCR_CONFIDENCE"
      ],
      "low_res_frame_path": null,
      "nearest_ffmpeg_keyframe_ts": null,
      "observed_date": null,
      "ocr_confidence": 0,
      "ocr_profile": "threshold",
      "ocr_text": "",
      "ocr_text_snippet": "",
      "output_kind": "whiteboard",
      "parsed_observations": [
        {
          "portfolio": "GRO",
          "metrics_raw": null,
          "metric_1": null,
          "metric_2": null,
          "metric_scalar": null,
          "action_text": null,
          "bottom_line": null,
          "parse_status": "review",
          "issue_codes": [
            "MISSING_METRIC_LINE",
            "MISSING_BOTTOM_LINE",
            "LOW_OCR_CONFIDENCE"
          ],
          "ocr_confidence": 0,
          "ocr_profile": "threshold"
        },
        {
          "portfolio": "TURBO",
          "metrics_raw": null,
          "metric_1": null,
          "metric_2": null,
          "metric_scalar": null,
          "action_text": null,
          "bottom_line": null,
          "parse_status": "review",
          "issue_codes": [
            "MISSING_METRIC_LINE",
            "MISSING_BOTTOM_LINE",
            "LOW_OCR_CONFIDENCE"
          ],
          "ocr_confidence": 0,
          "ocr_profile": "threshold"
        }
      ],
      "parsed_row_count": 2,
      "phash": "ad6948927b2da5d1",
      "prefilter_score": -11.75,
      "prefilter_stats": {
        "brightRatio": 0.02326388888888889,
        "darkRatio": 0.26708333333333334,
        "edgeRatio": 0.13274680234612396,
        "horizontalComparisons": 14151,
        "horizontalEdgeHits": 2115,
        "horizontalEdgeRatio": 0.14945940216239134,
        "meanLuma": 120.73493055555555,
        "stdDev": 49.533289332311774,
        "verticalComparisons": 14151,
        "verticalEdgeHits": 1642,
        "verticalEdgeRatio": 0.11603420252985655
      },
      "score": -12,
      "score_breakdown": {
        "chart_likeness": 0,
        "keyword_guard": 0,
        "ocr_confidence_bonus": 0,
        "pair_bonus": 0,
        "per_row_issues": -12,
        "per_row_metrics": 0,
        "text_density": 0
      },
      "screen_layout": "chart",
      "tickers": [],
      "timestamp": 340,
      "timestamp_hms": "00:05:40"
    }
  ],
  "top_rejected_candidates": [
    {
      "confusion_with_nearby": [],
      "frame_index": 119,
      "frame_path": "C:\\Users\\admin\\Projects\\portfolio_analyzer_revere\\data\\video_scan_20260915\\ocr-20260915-backfill\\ocr-20260915-backfill\\ocr_probe\\frames\\20260605_20260605_a7zobezleem_9cc31699_whiteboard\\ocr\\ocr_000120.png",
      "is_intro_card": false,
      "issue_codes": [
        "MISSING_METRIC_LINE",
        "MISSING_BOTTOM_LINE",
        "LOW_OCR_CONFIDENCE"
      ],
      "low_res_frame_path": null,
      "nearest_ffmpeg_keyframe_ts": 476.0756,
      "observed_date": null,
      "ocr_confidence": 0,
      "ocr_profile": "threshold",
      "ocr_text": "",
      "ocr_text_snippet": "",
      "output_kind": "whiteboard",
      "parsed_observations": [
        {
          "portfolio": "GRO",
          "metrics_raw": null,
          "metric_1": null,
          "metric_2": null,
          "metric_scalar": null,
          "action_text": null,
          "bottom_line": null,
          "parse_status": "review",
          "issue_codes": [
            "MISSING_METRIC_LINE",
            "MISSING_BOTTOM_LINE",
            "LOW_OCR_CONFIDENCE"
          ],
          "ocr_confidence": 0,
          "ocr_profile": "threshold"
        },
        {
          "portfolio": "TURBO",
          "metrics_raw": null,
          "metric_1": null,
          "metric_2": null,
          "metric_scalar": null,
          "action_text": null,
          "bottom_line": null,
          "parse_status": "review",
          "issue_codes": [
            "MISSING_METRIC_LINE",
            "MISSING_BOTTOM_LINE",
            "LOW_OCR_CONFIDENCE"
          ],
          "ocr_confidence": 0,
          "ocr_profile": "threshold"
        }
      ],
      "parsed_row_count": 2,
      "phash": "ad6948d27a2da5d1",
      "prefilter_score": -12.41,
      "prefilter_stats": {
        "brightRatio": 0.00875,
        "darkRatio": 0.2909027777777778,
        "edgeRatio": 0.1377641156102042,
        "horizontalComparisons": 14151,
        "horizontalEdgeHits": 2269,
        "horizontalEdgeRatio": 0.16034202529856548,
        "meanLuma": 115.44,
        "stdDev": 47.538499134911696,
        "verticalComparisons": 14151,
        "verticalEdgeHits": 1630,
        "verticalEdgeRatio": 0.11518620592184298
      },
      "score": -11.9,
      "score_breakdown": {
        "chart_likeness": 0.09517819880440248,
        "keyword_guard": 0,
        "ocr_confidence_bonus": 0,
        "pair_bonus": 0,
        "per_row_issues": -12,
        "per_row_metrics": 0,
        "text_density": 0
      },
      "screen_layout": "chart",
      "tickers": [],
      "timestamp": 476,
      "timestamp_hms": "00:07:56"
    },
    {
      "confusion_with_nearby": [],
      "frame_index": 1003,
      "frame_path": "C:\\Users\\admin\\Projects\\portfolio_analyzer_revere\\data\\video_scan_20260915\\ocr-20260915-backfill\\ocr-20260915-backfill\\ocr_probe\\frames\\20260605_20260605_a7zobezleem_9cc31699_whiteboard\\ocr\\ocr_001004.png",
      "is_intro_card": false,
      "issue_codes": [
        "MISSING_METRIC_LINE",
        "MISSING_BOTTOM_LINE",
        "LOW_OCR_CONFIDENCE"
      ],
      "low_res_frame_path": null,
      "nearest_ffmpeg_keyframe_ts": 4011.4074,
      "observed_date": null,
      "ocr_confidence": 0,
      "ocr_profile": "threshold",
      "ocr_text": "",
      "ocr_text_snippet": "",
      "output_kind": "whiteboard",
      "parsed_observations": [
        {
          "portfolio": "GRO",
          "metrics_raw": null,
          "metric_1": null,
          "metric_2": null,
          "metric_scalar": null,
          "action_text": null,
          "bottom_line": null,
          "parse_status": "review",
          "issue_codes": [
            "MISSING_METRIC_LINE",
            "MISSING_BOTTOM_LINE",
            "LOW_OCR_CONFIDENCE"
          ],
          "ocr_confidence": 0,
          "ocr_profile": "threshold"
        },
        {
          "portfolio": "TURBO",
          "metrics_raw": null,
          "metric_1": null,
          "metric_2": null,
          "metric_scalar": null,
          "action_text": null,
          "bottom_line": null,
          "parse_status": "review",
          "issue_codes": [
            "MISSING_METRIC_LINE",
            "MISSING_BOTTOM_LINE",
            "LOW_OCR_CONFIDENCE"
          ],
          "ocr_confidence": 0,
          "ocr_profile": "threshold"
        }
      ],
      "parsed_row_count": 2,
      "phash": "ad694ad27a0da595",
      "prefilter_score": -11.34,
      "prefilter_stats": {
        "brightRatio": 0.0034027777777777776,
        "darkRatio": 0.27,
        "edgeRatio": 0.12663416013002615,
        "horizontalComparisons": 14151,
        "horizontalEdgeHits": 2012,
        "horizontalEdgeRatio": 0.1421807646102749,
        "meanLuma": 116.97416666666666,
        "stdDev": 46.90115817540593,
        "verticalComparisons": 14151,
        "verticalEdgeHits": 1572,
        "verticalEdgeRatio": 0.1110875556497774
      },
      "score": -12,
      "score_breakdown": {
        "chart_likeness": 0,
        "keyword_guard": 0,
        "ocr_confidence_bonus": 0,
        "pair_bonus": 0,
        "per_row_issues": -12,
        "per_row_metrics": 0,
        "text_density": 0
      },
      "screen_layout": "chart",
      "tickers": [],
      "timestamp": 4012,
      "timestamp_hms": "01:06:52"
    },
    {
      "confusion_with_nearby": [],
      "frame_index": 187,
      "frame_path": "C:\\Users\\admin\\Projects\\portfolio_analyzer_revere\\data\\video_scan_20260915\\ocr-20260915-backfill\\ocr-20260915-backfill\\ocr_probe\\frames\\20260605_20260605_a7zobezleem_9cc31699_whiteboard\\ocr\\ocr_000188.png",
      "is_intro_card": false,
      "issue_codes": [
        "MISSING_METRIC_LINE",
        "MISSING_BOTTOM_LINE",
        "LOW_OCR_CONFIDENCE"
      ],
      "low_res_frame_path": null,
      "nearest_ffmpeg_keyframe_ts": 748.3476,
      "observed_date": null,
      "ocr_confidence": 0,
      "ocr_profile": "threshold",
      "ocr_text": "",
      "ocr_text_snippet": "",
      "output_kind": "whiteboard",
      "parsed_observations": [
        {
          "portfolio": "GRO",
          "metrics_raw": null,
          "metric_1": null,
          "metric_2": null,
          "metric_scalar": null,
          "action_text": null,
          "bottom_line": null,
          "parse_status": "review",
          "issue_codes": [
            "MISSING_METRIC_LINE",
            "MISSING_BOTTOM_LINE",
            "LOW_OCR_CONFIDENCE"
          ],
          "ocr_confidence": 0,
          "ocr_profile": "threshold"
        },
        {
          "portfolio": "TURBO",
          "metrics_raw": null,
          "metric_1": null,
          "metric_2": null,
          "metric_scalar": null,
          "action_text": null,
          "bottom_line": null,
          "parse_status": "review",
          "issue_codes": [
            "MISSING_METRIC_LINE",
            "MISSING_BOTTOM_LINE",
            "LOW_OCR_CONFIDENCE"
          ],
          "ocr_confidence": 0,
          "ocr_profile": "threshold"
        }
      ],
      "parsed_row_count": 2,
      "phash": "ad6949d25a2da5b1",
      "prefilter_score": -11.13,
      "prefilter_stats": {
        "brightRatio": 0.009791666666666667,
        "darkRatio": 0.30451388888888886,
        "edgeRatio": 0.12776482227404423,
        "horizontalComparisons": 14151,
        "horizontalEdgeHits": 2053,
        "horizontalEdgeRatio": 0.14507808635432126,
        "meanLuma": 116.69493055555556,
        "stdDev": 50.19577424523414,
        "verticalComparisons": 14151,
        "verticalEdgeHits": 1563,
        "verticalEdgeRatio": 0.11045155819376723
      },
      "score": -12,
      "score_breakdown": {
        "chart_likeness": 0,
        "keyword_guard": 0,
        "ocr_confidence_bonus": 0,
        "pair_bonus": 0,
        "per_row_issues": -12,
        "per_row_metrics": 0,
        "text_density": 0
      },
      "screen_layout": "chart",
      "tickers": [],
      "timestamp": 748,
      "timestamp_hms": "00:12:28"
    },
    {
      "confusion_with_nearby": [],
      "frame_index": 170,
      "frame_path": "C:\\Users\\admin\\Projects\\portfolio_analyzer_revere\\data\\video_scan_20260915\\ocr-20260915-backfill\\ocr-20260915-backfill\\ocr_probe\\frames\\20260605_20260605_a7zobezleem_9cc31699_whiteboard\\ocr\\ocr_000171.png",
      "is_intro_card": false,
      "issue_codes": [
        "MISSING_METRIC_LINE",
        "MISSING_BOTTOM_LINE",
        "LOW_OCR_CONFIDENCE"
      ],
      "low_res_frame_path": null,
      "nearest_ffmpeg_keyframe_ts": 679.3787,
      "observed_date": null,
      "ocr_confidence": 0,
      "ocr_profile": "threshold",
      "ocr_text": "",
      "ocr_text_snippet": "",
      "output_kind": "whiteboard",
      "parsed_observations": [
        {
          "portfolio": "GRO",
          "metrics_raw": null,
          "metric_1": null,
          "metric_2": null,
          "metric_scalar": null,
          "action_text": null,
          "bottom_line": null,
          "parse_status": "review",
          "issue_codes": [
            "MISSING_METRIC_LINE",
            "MISSING_BOTTOM_LINE",
            "LOW_OCR_CONFIDENCE"
          ],
          "ocr_confidence": 0,
          "ocr_profile": "threshold"
        },
        {
          "portfolio": "TURBO",
          "metrics_raw": null,
          "metric_1": null,
          "metric_2": null,
          "metric_scalar": null,
          "action_text": null,
          "bottom_line": null,
          "parse_status": "review",
          "issue_codes": [
            "MISSING_METRIC_LINE",
            "MISSING_BOTTOM_LINE",
            "LOW_OCR_CONFIDENCE"
          ],
          "ocr_confidence": 0,
          "ocr_profile": "threshold"
        }
      ],
      "parsed_row_count": 2,
      "phash": "ad6948d27b0da595",
      "prefilter_score": -11.46,
      "prefilter_stats": {
        "brightRatio": 0.0022222222222222222,
        "darkRatio": 0.32652777777777775,
        "edgeRatio": 0.12907215037806516,
        "horizontalComparisons": 14151,
        "horizontalEdgeHits": 2057,
        "horizontalEdgeRatio": 0.14536075189032577,
        "meanLuma": 112.90125,
        "stdDev": 48.4224735312225,
        "verticalComparisons": 14151,
        "verticalEdgeHits": 1596,
        "verticalEdgeRatio": 0.11278354886580454
      },
      "score": -12,
      "score_breakdown": {
        "chart_likeness": 0,
        "keyword_guard": 0,
        "ocr_confidence_bonus": 0,
        "pair_bonus": 0,
        "per_row_issues": -12,
        "per_row_metrics": 0,
        "text_density": 0
      },
      "screen_layout": "chart",
      "tickers": [],
      "timestamp": 680,
      "timestamp_hms": "00:11:20"
    },
    {
      "confusion_with_nearby": [],
      "frame_index": 85,
      "frame_path": "C:\\Users\\admin\\Projects\\portfolio_analyzer_revere\\data\\video_scan_20260915\\ocr-20260915-backfill\\ocr-20260915-backfill\\ocr_probe\\frames\\20260605_20260605_a7zobezleem_9cc31699_whiteboard\\ocr\\ocr_000086.png",
      "is_intro_card": false,
      "issue_codes": [
        "MISSING_METRIC_LINE",
        "MISSING_BOTTOM_LINE",
        "LOW_OCR_CONFIDENCE"
      ],
      "low_res_frame_path": null,
      "nearest_ffmpeg_keyframe_ts": 342.5422,
      "observed_date": null,
      "ocr_confidence": 0,
      "ocr_profile": "threshold",
      "ocr_text": "",
      "ocr_text_snippet": "",
      "output_kind": "whiteboard",
      "parsed_observations": [
        {
          "portfolio": "GRO",
          "metrics_raw": null,
          "metric_1": null,
          "metric_2": null,
          "metric_scalar": null,
          "action_text": null,
          "bottom_line": null,
          "parse_status": "review",
          "issue_codes": [
            "MISSING_METRIC_LINE",
            "MISSING_BOTTOM_LINE",
            "LOW_OCR_CONFIDENCE"
          ],
          "ocr_confidence": 0,
          "ocr_profile": "threshold"
        },
        {
          "portfolio": "TURBO",
          "metrics_raw": null,
          "metric_1": null,
          "metric_2": null,
          "metric_scalar": null,
          "action_text": null,
          "bottom_line": null,
          "parse_status": "review",
          "issue_codes": [
            "MISSING_METRIC_LINE",
            "MISSING_BOTTOM_LINE",
            "LOW_OCR_CONFIDENCE"
          ],
          "ocr_confidence": 0,
          "ocr_profile": "threshold"
        }
      ],
      "parsed_row_count": 2,
      "phash": "ad6948927b2da5d1",
      "prefilter_score": -11.75,
      "prefilter_stats": {
        "brightRatio": 0.02326388888888889,
        "darkRatio": 0.26708333333333334,
        "edgeRatio": 0.13274680234612396,
        "horizontalComparisons": 14151,
        "horizontalEdgeHits": 2115,
        "horizontalEdgeRatio": 0.14945940216239134,
        "meanLuma": 120.73493055555555,
        "stdDev": 49.533289332311774,
        "verticalComparisons": 14151,
        "verticalEdgeHits": 1642,
        "verticalEdgeRatio": 0.11603420252985655
      },
      "score": -12,
      "score_breakdown": {
        "chart_likeness": 0,
        "keyword_guard": 0,
        "ocr_confidence_bonus": 0,
        "pair_bonus": 0,
        "per_row_issues": -12,
        "per_row_metrics": 0,
        "text_density": 0
      },
      "screen_layout": "chart",
      "tickers": [],
      "timestamp": 340,
      "timestamp_hms": "00:05:40"
    }
  ],
  "whiteboard_segments": [],
  "log_path": "C:\\Users\\admin\\Projects\\portfolio_analyzer_revere\\data\\video_scan_20260915\\ocr-20260915-backfill\\ocr-20260915-backfill\\ocr_probe\\logs\\20260605_20260605_a7zobezleem_9cc31699_whiteboard.json"
}
