# cmd: node tools/scanVideoWithOcr.js --video C:\Users\admin\Projects\portfolio_analyzer_revere\data\video_pipeline\downloads_hires\20260710_eg4f-Uin0hQ.mp4 --date 20260710 --output-root C:\Users\admin\Projects\portfolio_analyzer_revere\data\video_scan_20260915\ocr-20260915-backfill --run-tag ocr-20260915-backfill --ffmpeg-bin c:/Users/admin/AppData/Local/Microsoft/WinGet/Packages/Gyan.FFmpeg_Microsoft.Winget.Source_8wekyb3d8bbwe/ffmpeg-9.0.1-full_build/bin/ffmpeg.exe
[scan:whiteboard] ffprobe found 384 keyframe(s) for nearest-keyframe lookup
[scan:whiteboard] preflighting final whiteboard output extraction
[scan:whiteboard] extracting sample frames from C:\Users\admin\Projects\portfolio_analyzer_revere\data\video_pipeline\downloads_hires\20260710_eg4f-Uin0hQ.mp4
[scan:whiteboard] extracted 556 frame(s) at 0.25 fps with width 640; starting prefilter
[scan:whiteboard] prefilter 1/556 frames after 00:00:00; best prefilter -24.49 at 00:00:00
[scan:whiteboard] prefilter 10/556 frames after 00:00:00; best prefilter 21.71 at 00:00:36
[scan:whiteboard] prefilter 20/556 frames after 00:00:00; best prefilter 21.99 at 00:01:04
[scan:whiteboard] prefilter 30/556 frames after 00:00:00; best prefilter 21.99 at 00:01:04
[scan:whiteboard] prefilter 40/556 frames after 00:00:00; best prefilter 22.01 at 00:02:32
[scan:whiteboard] prefilter 50/556 frames after 00:00:01; best prefilter 22.01 at 00:02:32
[scan:whiteboard] prefilter 60/556 frames after 00:00:01; best prefilter 22.01 at 00:02:32
[scan:whiteboard] prefilter 70/556 frames after 00:00:01; best prefilter 22.01 at 00:02:32
[scan:whiteboard] prefilter 80/556 frames after 00:00:01; best prefilter 22.01 at 00:02:32
[scan:whiteboard] prefilter 90/556 frames after 00:00:01; best prefilter 22.01 at 00:02:32
[scan:whiteboard] prefilter 100/556 frames after 00:00:01; best prefilter 22.01 at 00:02:32
[scan:whiteboard] prefilter 110/556 frames after 00:00:01; best prefilter 22.01 at 00:02:32
[scan:whiteboard] prefilter 120/556 frames after 00:00:01; best prefilter 22.01 at 00:02:32
[scan:whiteboard] prefilter 130/556 frames after 00:00:01; best prefilter 22.01 at 00:02:32
[scan:whiteboard] prefilter 140/556 frames after 00:00:02; best prefilter 22.01 at 00:02:32
[scan:whiteboard] prefilter 150/556 frames after 00:00:02; best prefilter 22.01 at 00:02:32
[scan:whiteboard] prefilter 160/556 frames after 00:00:02; best prefilter 22.01 at 00:02:32
[scan:whiteboard] prefilter 170/556 frames after 00:00:02; best prefilter 22.01 at 00:02:32
[scan:whiteboard] prefilter 180/556 frames after 00:00:02; best prefilter 22.01 at 00:02:32
[scan:whiteboard] prefilter 190/556 frames after 00:00:02; best prefilter 22.01 at 00:02:32
[scan:whiteboard] prefilter 200/556 frames after 00:00:02; best prefilter 22.01 at 00:02:32
[scan:whiteboard] prefilter 210/556 frames after 00:00:02; best prefilter 22.01 at 00:02:32
[scan:whiteboard] prefilter 220/556 frames after 00:00:02; best prefilter 22.01 at 00:02:32
[scan:whiteboard] prefilter 230/556 frames after 00:00:03; best prefilter 22.01 at 00:02:32
[scan:whiteboard] prefilter 240/556 frames after 00:00:03; best prefilter 24.14 at 00:15:48
[scan:whiteboard] prefilter 250/556 frames after 00:00:03; best prefilter 24.14 at 00:15:48
[scan:whiteboard] prefilter 260/556 frames after 00:00:03; best prefilter 24.14 at 00:15:48
[scan:whiteboard] prefilter 270/556 frames after 00:00:03; best prefilter 24.14 at 00:15:48
[scan:whiteboard] prefilter 280/556 frames after 00:00:03; best prefilter 24.14 at 00:15:48
[scan:whiteboard] prefilter 290/556 frames after 00:00:03; best prefilter 24.14 at 00:15:48
[scan:whiteboard] prefilter 300/556 frames after 00:00:03; best prefilter 24.14 at 00:15:48
[scan:whiteboard] prefilter 310/556 frames after 00:00:03; best prefilter 24.14 at 00:15:48
[scan:whiteboard] prefilter 320/556 frames after 00:00:04; best prefilter 24.14 at 00:15:48
[scan:whiteboard] prefilter 330/556 frames after 00:00:04; best prefilter 24.14 at 00:15:48
[scan:whiteboard] prefilter 340/556 frames after 00:00:04; best prefilter 24.14 at 00:15:48
[scan:whiteboard] prefilter 350/556 frames after 00:00:04; best prefilter 25.80 at 00:23:04
[scan:whiteboard] prefilter 360/556 frames after 00:00:04; best prefilter 28.07 at 00:23:56
[scan:whiteboard] prefilter 370/556 frames after 00:00:04; best prefilter 29.04 at 00:24:08
[scan:whiteboard] prefilter 380/556 frames after 00:00:04; best prefilter 29.04 at 00:24:08
[scan:whiteboard] prefilter 390/556 frames after 00:00:04; best prefilter 29.04 at 00:24:08
[scan:whiteboard] prefilter 400/556 frames after 00:00:04; best prefilter 29.04 at 00:24:08
[scan:whiteboard] prefilter 410/556 frames after 00:00:05; best prefilter 29.04 at 00:24:08
[scan:whiteboard] prefilter 420/556 frames after 00:00:05; best prefilter 29.04 at 00:24:08
[scan:whiteboard] prefilter 430/556 frames after 00:00:05; best prefilter 29.04 at 00:24:08
[scan:whiteboard] prefilter 440/556 frames after 00:00:05; best prefilter 29.04 at 00:24:08
[scan:whiteboard] prefilter 450/556 frames after 00:00:05; best prefilter 29.04 at 00:24:08
[scan:whiteboard] prefilter 460/556 frames after 00:00:05; best prefilter 29.04 at 00:24:08
[scan:whiteboard] prefilter 470/556 frames after 00:00:05; best prefilter 29.04 at 00:24:08
[scan:whiteboard] prefilter 480/556 frames after 00:00:05; best prefilter 29.04 at 00:24:08
[scan:whiteboard] prefilter 490/556 frames after 00:00:05; best prefilter 29.04 at 00:24:08
[scan:whiteboard] prefilter 500/556 frames after 00:00:05; best prefilter 29.04 at 00:24:08
[scan:whiteboard] prefilter 510/556 frames after 00:00:06; best prefilter 29.04 at 00:24:08
[scan:whiteboard] prefilter 520/556 frames after 00:00:06; best prefilter 29.04 at 00:24:08
[scan:whiteboard] prefilter 530/556 frames after 00:00:06; best prefilter 29.04 at 00:24:08
[scan:whiteboard] prefilter 540/556 frames after 00:00:06; best prefilter 29.04 at 00:24:08
[scan:whiteboard] prefilter 550/556 frames after 00:00:06; best prefilter 29.04 at 00:24:08
[scan:whiteboard] prefilter 556/556 frames after 00:00:06; best prefilter 29.04 at 00:24:08
[scan:whiteboard] prefilter kept 60/556 frame(s) for OCR; best prefilter 29.04 at 00:24:08
[scan:whiteboard] extracting OCR candidates from source video at width 1280
[scan:whiteboard] OCR 1/60 frames (1.7%) after 00:00:02; best score -12.00 at 00:00:00 (ocr 0.0)
[scan:whiteboard] OCR 10/60 frames (16.7%) after 00:00:26; best score -12.00 at 00:00:00 (ocr 0.0)
[scan:whiteboard] OCR 20/60 frames (33.3%) after 00:00:49; best score -12.00 at 00:00:00 (ocr 0.0)
[scan:whiteboard] OCR 30/60 frames (50.0%) after 00:01:22; best score -12.00 at 00:00:00 (ocr 0.0)
[scan:whiteboard] OCR 40/60 frames (66.7%) after 00:02:19; best score -12.00 at 00:00:00 (ocr 0.0)
[scan:whiteboard] OCR 50/60 frames (83.3%) after 00:03:23; best score -12.00 at 00:00:00 (ocr 0.0)
[scan:whiteboard] OCR 60/60 frames (100.0%) after 00:04:27; best score -12.00 at 00:00:00 (ocr 0.0)
{
  "date_key": "20260710",
  "output_kind": "whiteboard",
  "video_path": "C:\\Users\\admin\\Projects\\portfolio_analyzer_revere\\data\\video_pipeline\\downloads_hires\\20260710_eg4f-Uin0hQ.mp4",
  "captured_count": 0,
  "captures": [],
  "frame_count": 556,
  "frame_error_count": 0,
  "frame_errors": [],
  "nearest_ffmpeg_keyframe_lookups_skipped": false,
  "nearest_ffmpeg_keyframe_pts_total": 384,
  "ocr_engine_metadata": {
    "tesseract_version": "6.0.1",
    "language": "eng",
    "dpi": 300,
    "psm": null,
    "preserve_interword_spaces": "1",
    "deskew": false
  },
  "ocr_frame_count": 60,
  "ocr_frame_width": 1280,
  "prefilter_best_score": 29.04,
  "sample_frame_width": 640,
  "status": "no_match",
  "top_candidate": {
    "confusion_with_nearby": [],
    "frame_index": 0,
    "frame_path": "C:\\Users\\admin\\Projects\\portfolio_analyzer_revere\\data\\video_scan_20260915\\ocr-20260915-backfill\\ocr-20260915-backfill\\ocr_probe\\frames\\20260710_20260710_eg4f-uin0hq_a789bbbf_whiteboard\\ocr\\ocr_000001.png",
    "is_intro_card": false,
    "issue_codes": [
      "MISSING_METRIC_LINE",
      "MISSING_BOTTOM_LINE",
      "LOW_OCR_CONFIDENCE"
    ],
    "low_res_frame_path": null,
    "nearest_ffmpeg_keyframe_ts": 0,
    "observed_date": null,
    "ocr_confidence": 0,
    "ocr_profile": "threshold",
    "ocr_text": "",
    "ocr_text_snippet": "",
    "output_kind": "whiteboard",
    "parsed_observations": [
      {
        "portfolio": "GRO",
        "metrics_raw": null,
        "metric_1": null,
        "metric_2": null,
        "metric_scalar": null,
        "action_text": null,
        "bottom_line": null,
        "parse_status": "review",
        "issue_codes": [
          "MISSING_METRIC_LINE",
          "MISSING_BOTTOM_LINE",
          "LOW_OCR_CONFIDENCE"
        ],
        "ocr_confidence": 0,
        "ocr_profile": "threshold"
      },
      {
        "portfolio": "TURBO",
        "metrics_raw": null,
        "metric_1": null,
        "metric_2": null,
        "metric_scalar": null,
        "action_text": null,
        "bottom_line": null,
        "parse_status": "review",
        "issue_codes": [
          "MISSING_METRIC_LINE",
          "MISSING_BOTTOM_LINE",
          "LOW_OCR_CONFIDENCE"
        ],
        "ocr_confidence": 0,
        "ocr_profile": "threshold"
      }
    ],
    "parsed_row_count": 2,
    "phash": "d12937fe4d8a302e",
    "prefilter_score": -24.49,
    "prefilter_stats": {
      "brightRatio": 0,
      "darkRatio": 0.7749305555555556,
      "edgeRatio": 0.003957317504063317,
      "horizontalComparisons": 14151,
      "horizontalEdgeHits": 56,
      "horizontalEdgeRatio": 0.003957317504063317,
      "meanLuma": 73.160625,
      "stdDev": 35.07803946042527,
      "verticalComparisons": 14151,
      "verticalEdgeHits": 56,
      "verticalEdgeRatio": 0.003957317504063317
    },
    "score": -12,
    "score_breakdown": {
      "chart_likeness": 0,
      "keyword_guard": 0,
      "ocr_confidence_bonus": 0,
      "pair_bonus": 0,
      "per_row_issues": -12,
      "per_row_metrics": 0,
      "text_density": 0
    },
    "screen_layout": "chart",
    "tickers": [],
    "timestamp": 0,
    "timestamp_hms": "00:00:00"
  },
  "top_candidates": [
    {
      "confusion_with_nearby": [],
      "frame_index": 0,
      "frame_path": "C:\\Users\\admin\\Projects\\portfolio_analyzer_revere\\data\\video_scan_20260915\\ocr-20260915-backfill\\ocr-20260915-backfill\\ocr_probe\\frames\\20260710_20260710_eg4f-uin0hq_a789bbbf_whiteboard\\ocr\\ocr_000001.png",
      "is_intro_card": false,
      "issue_codes": [
        "MISSING_METRIC_LINE",
        "MISSING_BOTTOM_LINE",
        "LOW_OCR_CONFIDENCE"
      ],
      "low_res_frame_path": null,
      "nearest_ffmpeg_keyframe_ts": null,
      "observed_date": null,
      "ocr_confidence": 0,
      "ocr_profile": "threshold",
      "ocr_text": "",
      "ocr_text_snippet": "",
      "output_kind": "whiteboard",
      "parsed_observations": [
        {
          "portfolio": "GRO",
          "metrics_raw": null,
          "metric_1": null,
          "metric_2": null,
          "metric_scalar": null,
          "action_text": null,
          "bottom_line": null,
          "parse_status": "review",
          "issue_codes": [
            "MISSING_METRIC_LINE",
            "MISSING_BOTTOM_LINE",
            "LOW_OCR_CONFIDENCE"
          ],
          "ocr_confidence": 0,
          "ocr_profile": "threshold"
        },
        {
          "portfolio": "TURBO",
          "metrics_raw": null,
          "metric_1": null,
          "metric_2": null,
          "metric_scalar": null,
          "action_text": null,
          "bottom_line": null,
          "parse_status": "review",
          "issue_codes": [
            "MISSING_METRIC_LINE",
            "MISSING_BOTTOM_LINE",
            "LOW_OCR_CONFIDENCE"
          ],
          "ocr_confidence": 0,
          "ocr_profile": "threshold"
        }
      ],
      "parsed_row_count": 2,
      "phash": "d12937fe4d8a302e",
      "prefilter_score": -24.49,
      "prefilter_stats": {
        "brightRatio": 0,
        "darkRatio": 0.7749305555555556,
        "edgeRatio": 0.003957317504063317,
        "horizontalComparisons": 14151,
        "horizontalEdgeHits": 56,
        "horizontalEdgeRatio": 0.003957317504063317,
        "meanLuma": 73.160625,
        "stdDev": 35.07803946042527,
        "verticalComparisons": 14151,
        "verticalEdgeHits": 56,
        "verticalEdgeRatio": 0.003957317504063317
      },
      "score": -12,
      "score_breakdown": {
        "chart_likeness": 0,
        "keyword_guard": 0,
        "ocr_confidence_bonus": 0,
        "pair_bonus": 0,
        "per_row_issues": -12,
        "per_row_metrics": 0,
        "text_density": 0
      },
      "screen_layout": "chart",
      "tickers": [],
      "timestamp": 0,
      "timestamp_hms": "00:00:00"
    },
    {
      "confusion_with_nearby": [],
      "frame_index": 360,
      "frame_path": "C:\\Users\\admin\\Projects\\portfolio_analyzer_revere\\data\\video_scan_20260915\\ocr-20260915-backfill\\ocr-20260915-backfill\\ocr_probe\\frames\\20260710_20260710_eg4f-uin0hq_a789bbbf_whiteboard\\ocr\\ocr_000361.png",
      "is_intro_card": false,
      "issue_codes": [
        "MISSING_METRIC_LINE",
        "MISSING_BOTTOM_LINE",
        "LOW_OCR_CONFIDENCE"
      ],
      "low_res_frame_path": null,
      "nearest_ffmpeg_keyframe_ts": null,
      "observed_date": null,
      "ocr_confidence": 41,
      "ocr_profile": "threshold",
      "ocr_text": "MarcaTsUrces co (EE      x Duy Weakly out     Comes go»             [iene | Paws - OG ©\nkf FP CoreWeave Inc. Cl A                                              CRWY (S16761964' vo 16519451 29 19. +114% trom prvotind0 days $138.29\na sow Hoe                                       Pe NE   80\n-                                                             /      ”         i          B\nMh,\ni      ho\nj        NV\nod\n|         :    !     3                                    I       oo                 3\n|                |    |                                  0\nI\n{                                             coon              {     (infil I iv.\n|                                CA A Nw\nry           »     'S 2B items CO wens AMET Ln                         Ors - EBA]\n",
      "ocr_text_snippet": "MarcaTsUrces co (EE x Duy Weakly out Comes go» [iene | Paws - OG © kf FP CoreWeave Inc. Cl A CRWY (S16761964' vo 16519451 29 19. +114% trom prvotind0 days $138.29 a sow Hoe Pe NE 80 - / ” i B Mh, i...",
      "output_kind": "whiteboard",
      "parsed_observations": [
        {
          "portfolio": "GRO",
          "metrics_raw": null,
          "metric_1": null,
          "metric_2": null,
          "metric_scalar": null,
          "action_text": null,
          "bottom_line": null,
          "parse_status": "review",
          "issue_codes": [
            "MISSING_METRIC_LINE",
            "MISSING_BOTTOM_LINE",
            "LOW_OCR_CONFIDENCE"
          ],
          "ocr_confidence": 41,
          "ocr_profile": "threshold"
        },
        {
          "portfolio": "TURBO",
          "metrics_raw": null,
          "metric_1": null,
          "metric_2": null,
          "metric_scalar": null,
          "action_text": null,
          "bottom_line": null,
          "parse_status": "review",
          "issue_codes": [
            "MISSING_METRIC_LINE",
            "MISSING_BOTTOM_LINE",
            "LOW_OCR_CONFIDENCE"
          ],
          "ocr_confidence": 41,
          "ocr_profile": "threshold"
        }
      ],
      "parsed_row_count": 2,
      "phash": "c05a5aaab5a22f7a",
      "prefilter_score": 28.05,
      "prefilter_stats": {
        "brightRatio": 0.7488194444444445,
        "darkRatio": 0.081875,
        "edgeRatio": 0.13214613808211434,
        "horizontalComparisons": 14151,
        "horizontalEdgeHits": 1579,
        "horizontalEdgeRatio": 0.11158222033778531,
        "meanLuma": 221.36215277777777,
        "stdDev": 60.02359048582485,
        "verticalComparisons": 14151,
        "verticalEdgeHits": 2161,
        "verticalEdgeRatio": 0.15271005582644337
      },
      "score": -20.4,
      "score_breakdown": {
        "chart_likeness": -0.4481833874839456,
        "keyword_guard": -18,
        "ocr_confidence_bonus": 2.05,
        "pair_bonus": 0,
        "per_row_issues": -12,
        "per_row_metrics": 0,
        "text_density": 8
      },
      "screen_layout": "unknown_text",
      "tickers": [],
      "timestamp": 1440,
      "timestamp_hms": "00:24:00"
    },
    {
      "confusion_with_nearby": [],
      "frame_index": 369,
      "frame_path": "C:\\Users\\admin\\Projects\\portfolio_analyzer_revere\\data\\video_scan_20260915\\ocr-20260915-backfill\\ocr-20260915-backfill\\ocr_probe\\frames\\20260710_20260710_eg4f-uin0hq_a789bbbf_whiteboard\\ocr\\ocr_000370.png",
      "is_intro_card": false,
      "issue_codes": [
        "MISSING_METRIC_LINE",
        "MISSING_BOTTOM_LINE",
        "LOW_OCR_CONFIDENCE"
      ],
      "low_res_frame_path": null,
      "nearest_ffmpeg_keyframe_ts": null,
      "observed_date": null,
      "ocr_confidence": 34,
      "ocr_profile": "threshold",
      "ocr_text": "he        -\nMarkersUres (ER       x oan Weeky Monty      ews @ >               [oer ] Paws - DE ©\nk FP CoreWeave nc. CIA                                                        CRAY S720 4M. Wo 2426435 M117% ~W0O% fompvoiin Zo days $154.90\nLO                                             Pas   =\ni                                                                             -                2\n.                                                                        \\\n‘|                                                                                                 [i\n-                                                                                     =) I    -\n|    w\nan\n| HE\"\nj        -\n[AR\n|            !    Fy                                              | i       w\n|              t                                       + Il     ol    i\nShag? ih]\n]                                                         El       ©       Ei       3       1\"       n       “       x     egg © Na   LT]\nL                           son    =      wr      ae (Tyr Wem,”   an\nLists.                    i        C26 items CO wan UTANDT ToC Loa                                            orn    == sa\n",
      "ocr_text_snippet": "he - MarkersUres (ER x oan Weeky Monty ews @ > [oer ] Paws - DE © k FP CoreWeave nc. CIA CRAY S720 4M. Wo 2426435 M117% ~W0O% fompvoiin Zo days $154.90 LO Pas = i - 2 . \\ ‘| [i - =) I - | w an | HE...",
      "output_kind": "whiteboard",
      "parsed_observations": [
        {
          "portfolio": "GRO",
          "metrics_raw": null,
          "metric_1": null,
          "metric_2": null,
          "metric_scalar": null,
          "action_text": null,
          "bottom_line": null,
          "parse_status": "review",
          "issue_codes": [
            "MISSING_METRIC_LINE",
            "MISSING_BOTTOM_LINE",
            "LOW_OCR_CONFIDENCE"
          ],
          "ocr_confidence": 34,
          "ocr_profile": "threshold"
        },
        {
          "portfolio": "TURBO",
          "metrics_raw": null,
          "metric_1": null,
          "metric_2": null,
          "metric_scalar": null,
          "action_text": null,
          "bottom_line": null,
          "parse_status": "review",
          "issue_codes": [
            "MISSING_METRIC_LINE",
            "MISSING_BOTTOM_LINE",
            "LOW_OCR_CONFIDENCE"
          ],
          "ocr_confidence": 34,
          "ocr_profile": "threshold"
        }
      ],
      "parsed_row_count": 2,
      "phash": "c05a5aaab5a6367a",
      "prefilter_score": 29.03,
      "prefilter_stats": {
        "brightRatio": 0.7618055555555555,
        "darkRatio": 0.08138888888888889,
        "edgeRatio": 0.12225284432195604,
        "horizontalComparisons": 14151,
        "horizontalEdgeHits": 1471,
        "horizontalEdgeRatio": 0.1039502508656632,
        "meanLuma": 222.24305555555554,
        "stdDev": 59.72008276206617,
        "verticalComparisons": 14151,
        "verticalEdgeHits": 1989,
        "verticalEdgeRatio": 0.1405554377782489
      },
      "score": -20.57,
      "score_breakdown": {
        "chart_likeness": -0.2678457808013608,
        "keyword_guard": -18,
        "ocr_confidence_bonus": 1.7,
        "pair_bonus": 0,
        "per_row_issues": -12,
        "per_row_metrics": 0,
        "text_density": 8
      },
      "screen_layout": "unknown_text",
      "tickers": [],
      "timestamp": 1476,
      "timestamp_hms": "00:24:36"
    },
    {
      "confusion_with_nearby": [],
      "frame_index": 351,
      "frame_path": "C:\\Users\\admin\\Projects\\portfolio_analyzer_revere\\data\\video_scan_20260915\\ocr-20260915-backfill\\ocr-20260915-backfill\\ocr_probe\\frames\\20260710_20260710_eg4f-uin0hq_a789bbbf_whiteboard\\ocr\\ocr_000352.png",
      "is_intro_card": false,
      "issue_codes": [
        "MISSING_METRIC_LINE",
        "MISSING_BOTTOM_LINE",
        "LOW_OCR_CONFIDENCE"
      ],
      "low_res_frame_path": null,
      "nearest_ffmpeg_keyframe_ts": null,
      "observed_date": null,
      "ocr_confidence": 37,
      "ocr_profile": "threshold",
      "ocr_text": "Markersures < (EIR     Xx Duh Werk Mom We ~ «70%            Er Haren - DE ©\nkK = Space Exploration Technologies Corp. «..                                                                                              $148.71\nfis vrei                                                               53 0s arg ws       wn                     sex peaan 227\nPO     © vara     .                                       0a $V SACRA Mam Cao $2027      Vol 20648 784 7 85°.\nJ                           »        Ons ok Hp  UAT. TBmARS MA Le Unt 1706 PNET 00I\nEE             ER a                        Sarat win    ©\nBove ers es san common 1                                       _   »\n(Dee)  B %Cho  %Cha EPs Ramg   YY\nIEEE TI TO Sk   M\nWO 000 NA RA mes any 5\nJ am Na mA eat |\nWGK KA NA fees ree m0\nFTES VARA on di                                                   @\nws am SC Barwon Samay WA\nWs 0B 5 hn wesc heen\nWhe QW ecm ox\nECF CT]   ve  PE NABSXSP)                                                      I\n       EX\n0\n«\nusr\n|     wr\n1\n-           i       0 «\nI           \" ll       M\nThs\ncou                              J\n7   0\nom\nTED ZHANG                  oo\n-                                                      vs cng\nPortfolio Manager, Revere Asset                                  rm 5% 00\nTo Margo\np—    Las    e—.   2021 TUB <<< 2BMtems © vu iT                       ore - EE EA\n",
      "ocr_text_snippet": "Markersures < (EIR Xx Duh Werk Mom We ~ «70% Er Haren - DE © kK = Space Exploration Technologies Corp. «.. $148.71 fis vrei 53 0s arg ws wn sex peaan 227 PO © vara . 0a $V SACRA Mam Cao $2027 Vol 2...",
      "output_kind": "whiteboard",
      "parsed_observations": [
        {
          "portfolio": "GRO",
          "metrics_raw": null,
          "metric_1": null,
          "metric_2": null,
          "metric_scalar": null,
          "action_text": null,
          "bottom_line": null,
          "parse_status": "review",
          "issue_codes": [
            "MISSING_METRIC_LINE",
            "MISSING_BOTTOM_LINE",
            "LOW_OCR_CONFIDENCE"
          ],
          "ocr_confidence": 37,
          "ocr_profile": "threshold"
        },
        {
          "portfolio": "TURBO",
          "metrics_raw": null,
          "metric_1": null,
          "metric_2": null,
          "metric_scalar": null,
          "action_text": null,
          "bottom_line": null,
          "parse_status": "review",
          "issue_codes": [
            "MISSING_METRIC_LINE",
            "MISSING_BOTTOM_LINE",
            "LOW_OCR_CONFIDENCE"
          ],
          "ocr_confidence": 37,
          "ocr_profile": "threshold"
        }
      ],
      "parsed_row_count": 2,
      "phash": "803a6daa7ea5256d",
      "prefilter_score": 25.3,
      "prefilter_stats": {
        "brightRatio": 0.7397916666666666,
        "darkRatio": 0.08263888888888889,
        "edgeRatio": 0.15080206345841282,
        "horizontalComparisons": 14151,
        "horizontalEdgeHits": 1729,
        "horizontalEdgeRatio": 0.12218217793795491,
        "meanLuma": 220.48493055555556,
        "stdDev": 59.63440743974584,
        "verticalComparisons": 14151,
        "verticalEdgeHits": 2539,
        "verticalEdgeRatio": 0.17942194897887076
      },
      "score": -21.41,
      "score_breakdown": {
        "chart_likeness": -1.259070520873987,
        "keyword_guard": -18,
        "ocr_confidence_bonus": 1.85,
        "pair_bonus": 0,
        "per_row_issues": -12,
        "per_row_metrics": 0,
        "text_density": 8
      },
      "screen_layout": "tale_of_the_tape",
      "tickers": [],
      "timestamp": 1404,
      "timestamp_hms": "00:23:24"
    },
    {
      "confusion_with_nearby": [],
      "frame_index": 396,
      "frame_path": "C:\\Users\\admin\\Projects\\portfolio_analyzer_revere\\data\\video_scan_20260915\\ocr-20260915-backfill\\ocr-20260915-backfill\\ocr_probe\\frames\\20260710_20260710_eg4f-uin0hq_a789bbbf_whiteboard\\ocr\\ocr_000397.png",
      "is_intro_card": false,
      "issue_codes": [
        "MISSING_METRIC_LINE",
        "MISSING_BOTTOM_LINE",
        "LOW_OCR_CONFIDENCE"
      ],
      "low_res_frame_path": null,
      "nearest_ffmpeg_keyframe_ts": null,
      "observed_date": null,
      "ocr_confidence": 40,
      "ocr_profile": "threshold",
      "ocr_text": "MARKET SURGE |     x  Duty Weekly Mom 30Mn~  < 71028 [3             Emre Qaws + DG &\nkK = Space Exploration Technologies Corp. wr                                                                                              $149.05\nJott Steen toy                                                                   Pr ——        “a                      Spex 1931 30s:\n£ sun      © rowan     .                                          00s Aso ADRMSTH awrCao $2027       Vol 217 413 4819.\nf                                                 O52 Wk gr   HI. DOAK WA LU 179 PET al\noe             EEA EA                         berm tian 1    ®\nBY ve ers err sees Comoran 1                                         =   »\n(Dec)  5) %Cha “Cha [PS Rauwyg   :    i\nBl oe om kn mR she  M\nHN 00 NA RA piesa 2\nHam NA RA puemnsheee nm\nW200 NA NA Cements. 8\nWAN NA RA ame                                                         EY\nWAU ie ame sae NA                     »\n2025      am         Fi Saks Growth Hata 0%\nWhe 4% ogame ox\nFA Bh hr\n|        FE\nww\n«\na Rn\nI   3    «\nvo\n~                      i               \"0.\nI                                o I       «\nbr                                    S                           :\nn  f     hd\n|           Aa                       cove                                  {\n3             Tn.               3    E)    ou    £2)   ox    7   or    3   El    2  EJ  EK)\no             [2  J           Fob       Mar        Apr        ry        dun      Jul\na Ene dune 202850              EPs Due es\ni     4    p                        an      -      we      -      ere.\n|                        [                      68      £3      NA      NA     Salen (B85), % Chg\n=            =     et an\nree    =           TTB RRS 26 Moms © ous © 200110 di                       ory - EE BA\n",
      "ocr_text_snippet": "MARKET SURGE | x Duty Weekly Mom 30Mn~ < 71028 [3 Emre Qaws + DG & kK = Space Exploration Technologies Corp. wr $149.05 Jott Steen toy Pr —— “a Spex 1931 30s: £ sun © rowan . 00s Aso ADRMSTH awrCao...",
      "output_kind": "whiteboard",
      "parsed_observations": [
        {
          "portfolio": "GRO",
          "metrics_raw": null,
          "metric_1": null,
          "metric_2": null,
          "metric_scalar": null,
          "action_text": null,
          "bottom_line": null,
          "parse_status": "review",
          "issue_codes": [
            "MISSING_METRIC_LINE",
            "MISSING_BOTTOM_LINE",
            "LOW_OCR_CONFIDENCE"
          ],
          "ocr_confidence": 40,
          "ocr_profile": "threshold"
        },
        {
          "portfolio": "TURBO",
          "metrics_raw": null,
          "metric_1": null,
          "metric_2": null,
          "metric_scalar": null,
          "action_text": null,
          "bottom_line": null,
          "parse_status": "review",
          "issue_codes": [
            "MISSING_METRIC_LINE",
            "MISSING_BOTTOM_LINE",
            "LOW_OCR_CONFIDENCE"
          ],
          "ocr_confidence": 40,
          "ocr_profile": "threshold"
        }
      ],
      "parsed_row_count": 2,
      "phash": "c05a5bb2b6a46e6a",
      "prefilter_score": 24.78,
      "prefilter_stats": {
        "brightRatio": 0.7388194444444445,
        "darkRatio": 0.08236111111111111,
        "edgeRatio": 0.15316938732245072,
        "horizontalComparisons": 14151,
        "horizontalEdgeHits": 1728,
        "horizontalEdgeRatio": 0.12211151155395378,
        "meanLuma": 220.58166666666668,
        "stdDev": 59.51456868793651,
        "verticalComparisons": 14151,
        "verticalEdgeHits": 2607,
        "verticalEdgeRatio": 0.18422726309094764
      },
      "score": -21.56,
      "score_breakdown": {
        "chart_likeness": -1.5558643708779307,
        "keyword_guard": -18,
        "ocr_confidence_bonus": 2,
        "pair_bonus": 0,
        "per_row_issues": -12,
        "per_row_metrics": 0,
        "text_density": 8
      },
      "screen_layout": "tale_of_the_tape",
      "tickers": [],
      "timestamp": 1584,
      "timestamp_hms": "00:26:24"
    }
  ],
  "top_rejected_candidates": [
    {
      "confusion_with_nearby": [],
      "frame_index": 0,
      "frame_path": "C:\\Users\\admin\\Projects\\portfolio_analyzer_revere\\data\\video_scan_20260915\\ocr-20260915-backfill\\ocr-20260915-backfill\\ocr_probe\\frames\\20260710_20260710_eg4f-uin0hq_a789bbbf_whiteboard\\ocr\\ocr_000001.png",
      "is_intro_card": false,
      "issue_codes": [
        "MISSING_METRIC_LINE",
        "MISSING_BOTTOM_LINE",
        "LOW_OCR_CONFIDENCE"
      ],
      "low_res_frame_path": null,
      "nearest_ffmpeg_keyframe_ts": 0,
      "observed_date": null,
      "ocr_confidence": 0,
      "ocr_profile": "threshold",
      "ocr_text": "",
      "ocr_text_snippet": "",
      "output_kind": "whiteboard",
      "parsed_observations": [
        {
          "portfolio": "GRO",
          "metrics_raw": null,
          "metric_1": null,
          "metric_2": null,
          "metric_scalar": null,
          "action_text": null,
          "bottom_line": null,
          "parse_status": "review",
          "issue_codes": [
            "MISSING_METRIC_LINE",
            "MISSING_BOTTOM_LINE",
            "LOW_OCR_CONFIDENCE"
          ],
          "ocr_confidence": 0,
          "ocr_profile": "threshold"
        },
        {
          "portfolio": "TURBO",
          "metrics_raw": null,
          "metric_1": null,
          "metric_2": null,
          "metric_scalar": null,
          "action_text": null,
          "bottom_line": null,
          "parse_status": "review",
          "issue_codes": [
            "MISSING_METRIC_LINE",
            "MISSING_BOTTOM_LINE",
            "LOW_OCR_CONFIDENCE"
          ],
          "ocr_confidence": 0,
          "ocr_profile": "threshold"
        }
      ],
      "parsed_row_count": 2,
      "phash": "d12937fe4d8a302e",
      "prefilter_score": -24.49,
      "prefilter_stats": {
        "brightRatio": 0,
        "darkRatio": 0.7749305555555556,
        "edgeRatio": 0.003957317504063317,
        "horizontalComparisons": 14151,
        "horizontalEdgeHits": 56,
        "horizontalEdgeRatio": 0.003957317504063317,
        "meanLuma": 73.160625,
        "stdDev": 35.07803946042527,
        "verticalComparisons": 14151,
        "verticalEdgeHits": 56,
        "verticalEdgeRatio": 0.003957317504063317
      },
      "score": -12,
      "score_breakdown": {
        "chart_likeness": 0,
        "keyword_guard": 0,
        "ocr_confidence_bonus": 0,
        "pair_bonus": 0,
        "per_row_issues": -12,
        "per_row_metrics": 0,
        "text_density": 0
      },
      "screen_layout": "chart",
      "tickers": [],
      "timestamp": 0,
      "timestamp_hms": "00:00:00"
    },
    {
      "confusion_with_nearby": [],
      "frame_index": 360,
      "frame_path": "C:\\Users\\admin\\Projects\\portfolio_analyzer_revere\\data\\video_scan_20260915\\ocr-20260915-backfill\\ocr-20260915-backfill\\ocr_probe\\frames\\20260710_20260710_eg4f-uin0hq_a789bbbf_whiteboard\\ocr\\ocr_000361.png",
      "is_intro_card": false,
      "issue_codes": [
        "MISSING_METRIC_LINE",
        "MISSING_BOTTOM_LINE",
        "LOW_OCR_CONFIDENCE"
      ],
      "low_res_frame_path": null,
      "nearest_ffmpeg_keyframe_ts": 1439.8384,
      "observed_date": null,
      "ocr_confidence": 41,
      "ocr_profile": "threshold",
      "ocr_text": "MarcaTsUrces co (EE      x Duy Weakly out     Comes go»             [iene | Paws - OG ©\nkf FP CoreWeave Inc. Cl A                                              CRWY (S16761964' vo 16519451 29 19. +114% trom prvotind0 days $138.29\na sow Hoe                                       Pe NE   80\n-                                                             /      ”         i          B\nMh,\ni      ho\nj        NV\nod\n|         :    !     3                                    I       oo                 3\n|                |    |                                  0\nI\n{                                             coon              {     (infil I iv.\n|                                CA A Nw\nry           »     'S 2B items CO wens AMET Ln                         Ors - EBA]\n",
      "ocr_text_snippet": "MarcaTsUrces co (EE x Duy Weakly out Comes go» [iene | Paws - OG © kf FP CoreWeave Inc. Cl A CRWY (S16761964' vo 16519451 29 19. +114% trom prvotind0 days $138.29 a sow Hoe Pe NE 80 - / ” i B Mh, i...",
      "output_kind": "whiteboard",
      "parsed_observations": [
        {
          "portfolio": "GRO",
          "metrics_raw": null,
          "metric_1": null,
          "metric_2": null,
          "metric_scalar": null,
          "action_text": null,
          "bottom_line": null,
          "parse_status": "review",
          "issue_codes": [
            "MISSING_METRIC_LINE",
            "MISSING_BOTTOM_LINE",
            "LOW_OCR_CONFIDENCE"
          ],
          "ocr_confidence": 41,
          "ocr_profile": "threshold"
        },
        {
          "portfolio": "TURBO",
          "metrics_raw": null,
          "metric_1": null,
          "metric_2": null,
          "metric_scalar": null,
          "action_text": null,
          "bottom_line": null,
          "parse_status": "review",
          "issue_codes": [
            "MISSING_METRIC_LINE",
            "MISSING_BOTTOM_LINE",
            "LOW_OCR_CONFIDENCE"
          ],
          "ocr_confidence": 41,
          "ocr_profile": "threshold"
        }
      ],
      "parsed_row_count": 2,
      "phash": "c05a5aaab5a22f7a",
      "prefilter_score": 28.05,
      "prefilter_stats": {
        "brightRatio": 0.7488194444444445,
        "darkRatio": 0.081875,
        "edgeRatio": 0.13214613808211434,
        "horizontalComparisons": 14151,
        "horizontalEdgeHits": 1579,
        "horizontalEdgeRatio": 0.11158222033778531,
        "meanLuma": 221.36215277777777,
        "stdDev": 60.02359048582485,
        "verticalComparisons": 14151,
        "verticalEdgeHits": 2161,
        "verticalEdgeRatio": 0.15271005582644337
      },
      "score": -20.4,
      "score_breakdown": {
        "chart_likeness": -0.4481833874839456,
        "keyword_guard": -18,
        "ocr_confidence_bonus": 2.05,
        "pair_bonus": 0,
        "per_row_issues": -12,
        "per_row_metrics": 0,
        "text_density": 8
      },
      "screen_layout": "unknown_text",
      "tickers": [],
      "timestamp": 1440,
      "timestamp_hms": "00:24:00"
    },
    {
      "confusion_with_nearby": [],
      "frame_index": 369,
      "frame_path": "C:\\Users\\admin\\Projects\\portfolio_analyzer_revere\\data\\video_scan_20260915\\ocr-20260915-backfill\\ocr-20260915-backfill\\ocr_probe\\frames\\20260710_20260710_eg4f-uin0hq_a789bbbf_whiteboard\\ocr\\ocr_000370.png",
      "is_intro_card": false,
      "issue_codes": [
        "MISSING_METRIC_LINE",
        "MISSING_BOTTOM_LINE",
        "LOW_OCR_CONFIDENCE"
      ],
      "low_res_frame_path": null,
      "nearest_ffmpeg_keyframe_ts": 1474.6732,
      "observed_date": null,
      "ocr_confidence": 34,
      "ocr_profile": "threshold",
      "ocr_text": "he        -\nMarkersUres (ER       x oan Weeky Monty      ews @ >               [oer ] Paws - DE ©\nk FP CoreWeave nc. CIA                                                        CRAY S720 4M. Wo 2426435 M117% ~W0O% fompvoiin Zo days $154.90\nLO                                             Pas   =\ni                                                                             -                2\n.                                                                        \\\n‘|                                                                                                 [i\n-                                                                                     =) I    -\n|    w\nan\n| HE\"\nj        -\n[AR\n|            !    Fy                                              | i       w\n|              t                                       + Il     ol    i\nShag? ih]\n]                                                         El       ©       Ei       3       1\"       n       “       x     egg © Na   LT]\nL                           son    =      wr      ae (Tyr Wem,”   an\nLists.                    i        C26 items CO wan UTANDT ToC Loa                                            orn    == sa\n",
      "ocr_text_snippet": "he - MarkersUres (ER x oan Weeky Monty ews @ > [oer ] Paws - DE © k FP CoreWeave nc. CIA CRAY S720 4M. Wo 2426435 M117% ~W0O% fompvoiin Zo days $154.90 LO Pas = i - 2 . \\ ‘| [i - =) I - | w an | HE...",
      "output_kind": "whiteboard",
      "parsed_observations": [
        {
          "portfolio": "GRO",
          "metrics_raw": null,
          "metric_1": null,
          "metric_2": null,
          "metric_scalar": null,
          "action_text": null,
          "bottom_line": null,
          "parse_status": "review",
          "issue_codes": [
            "MISSING_METRIC_LINE",
            "MISSING_BOTTOM_LINE",
            "LOW_OCR_CONFIDENCE"
          ],
          "ocr_confidence": 34,
          "ocr_profile": "threshold"
        },
        {
          "portfolio": "TURBO",
          "metrics_raw": null,
          "metric_1": null,
          "metric_2": null,
          "metric_scalar": null,
          "action_text": null,
          "bottom_line": null,
          "parse_status": "review",
          "issue_codes": [
            "MISSING_METRIC_LINE",
            "MISSING_BOTTOM_LINE",
            "LOW_OCR_CONFIDENCE"
          ],
          "ocr_confidence": 34,
          "ocr_profile": "threshold"
        }
      ],
      "parsed_row_count": 2,
      "phash": "c05a5aaab5a6367a",
      "prefilter_score": 29.03,
      "prefilter_stats": {
        "brightRatio": 0.7618055555555555,
        "darkRatio": 0.08138888888888889,
        "edgeRatio": 0.12225284432195604,
        "horizontalComparisons": 14151,
        "horizontalEdgeHits": 1471,
        "horizontalEdgeRatio": 0.1039502508656632,
        "meanLuma": 222.24305555555554,
        "stdDev": 59.72008276206617,
        "verticalComparisons": 14151,
        "verticalEdgeHits": 1989,
        "verticalEdgeRatio": 0.1405554377782489
      },
      "score": -20.57,
      "score_breakdown": {
        "chart_likeness": -0.2678457808013608,
        "keyword_guard": -18,
        "ocr_confidence_bonus": 1.7,
        "pair_bonus": 0,
        "per_row_issues": -12,
        "per_row_metrics": 0,
        "text_density": 8
      },
      "screen_layout": "unknown_text",
      "tickers": [],
      "timestamp": 1476,
      "timestamp_hms": "00:24:36"
    },
    {
      "confusion_with_nearby": [],
      "frame_index": 351,
      "frame_path": "C:\\Users\\admin\\Projects\\portfolio_analyzer_revere\\data\\video_scan_20260915\\ocr-20260915-backfill\\ocr-20260915-backfill\\ocr_probe\\frames\\20260710_20260710_eg4f-uin0hq_a789bbbf_whiteboard\\ocr\\ocr_000352.png",
      "is_intro_card": false,
      "issue_codes": [
        "MISSING_METRIC_LINE",
        "MISSING_BOTTOM_LINE",
        "LOW_OCR_CONFIDENCE"
      ],
      "low_res_frame_path": null,
      "nearest_ffmpeg_keyframe_ts": 1405.0036,
      "observed_date": null,
      "ocr_confidence": 37,
      "ocr_profile": "threshold",
      "ocr_text": "Markersures < (EIR     Xx Duh Werk Mom We ~ «70%            Er Haren - DE ©\nkK = Space Exploration Technologies Corp. «..                                                                                              $148.71\nfis vrei                                                               53 0s arg ws       wn                     sex peaan 227\nPO     © vara     .                                       0a $V SACRA Mam Cao $2027      Vol 20648 784 7 85°.\nJ                           »        Ons ok Hp  UAT. TBmARS MA Le Unt 1706 PNET 00I\nEE             ER a                        Sarat win    ©\nBove ers es san common 1                                       _   »\n(Dee)  B %Cho  %Cha EPs Ramg   YY\nIEEE TI TO Sk   M\nWO 000 NA RA mes any 5\nJ am Na mA eat |\nWGK KA NA fees ree m0\nFTES VARA on di                                                   @\nws am SC Barwon Samay WA\nWs 0B 5 hn wesc heen\nWhe QW ecm ox\nECF CT]   ve  PE NABSXSP)                                                      I\n       EX\n0\n«\nusr\n|     wr\n1\n-           i       0 «\nI           \" ll       M\nThs\ncou                              J\n7   0\nom\nTED ZHANG                  oo\n-                                                      vs cng\nPortfolio Manager, Revere Asset                                  rm 5% 00\nTo Margo\np—    Las    e—.   2021 TUB <<< 2BMtems © vu iT                       ore - EE EA\n",
      "ocr_text_snippet": "Markersures < (EIR Xx Duh Werk Mom We ~ «70% Er Haren - DE © kK = Space Exploration Technologies Corp. «.. $148.71 fis vrei 53 0s arg ws wn sex peaan 227 PO © vara . 0a $V SACRA Mam Cao $2027 Vol 2...",
      "output_kind": "whiteboard",
      "parsed_observations": [
        {
          "portfolio": "GRO",
          "metrics_raw": null,
          "metric_1": null,
          "metric_2": null,
          "metric_scalar": null,
          "action_text": null,
          "bottom_line": null,
          "parse_status": "review",
          "issue_codes": [
            "MISSING_METRIC_LINE",
            "MISSING_BOTTOM_LINE",
            "LOW_OCR_CONFIDENCE"
          ],
          "ocr_confidence": 37,
          "ocr_profile": "threshold"
        },
        {
          "portfolio": "TURBO",
          "metrics_raw": null,
          "metric_1": null,
          "metric_2": null,
          "metric_scalar": null,
          "action_text": null,
          "bottom_line": null,
          "parse_status": "review",
          "issue_codes": [
            "MISSING_METRIC_LINE",
            "MISSING_BOTTOM_LINE",
            "LOW_OCR_CONFIDENCE"
          ],
          "ocr_confidence": 37,
          "ocr_profile": "threshold"
        }
      ],
      "parsed_row_count": 2,
      "phash": "803a6daa7ea5256d",
      "prefilter_score": 25.3,
      "prefilter_stats": {
        "brightRatio": 0.7397916666666666,
        "darkRatio": 0.08263888888888889,
        "edgeRatio": 0.15080206345841282,
        "horizontalComparisons": 14151,
        "horizontalEdgeHits": 1729,
        "horizontalEdgeRatio": 0.12218217793795491,
        "meanLuma": 220.48493055555556,
        "stdDev": 59.63440743974584,
        "verticalComparisons": 14151,
        "verticalEdgeHits": 2539,
        "verticalEdgeRatio": 0.17942194897887076
      },
      "score": -21.41,
      "score_breakdown": {
        "chart_likeness": -1.259070520873987,
        "keyword_guard": -18,
        "ocr_confidence_bonus": 1.85,
        "pair_bonus": 0,
        "per_row_issues": -12,
        "per_row_metrics": 0,
        "text_density": 8
      },
      "screen_layout": "tale_of_the_tape",
      "tickers": [],
      "timestamp": 1404,
      "timestamp_hms": "00:23:24"
    },
    {
      "confusion_with_nearby": [],
      "frame_index": 396,
      "frame_path": "C:\\Users\\admin\\Projects\\portfolio_analyzer_revere\\data\\video_scan_20260915\\ocr-20260915-backfill\\ocr-20260915-backfill\\ocr_probe\\frames\\20260710_20260710_eg4f-uin0hq_a789bbbf_whiteboard\\ocr\\ocr_000397.png",
      "is_intro_card": false,
      "issue_codes": [
        "MISSING_METRIC_LINE",
        "MISSING_BOTTOM_LINE",
        "LOW_OCR_CONFIDENCE"
      ],
      "low_res_frame_path": null,
      "nearest_ffmpeg_keyframe_ts": 1584.9834,
      "observed_date": null,
      "ocr_confidence": 40,
      "ocr_profile": "threshold",
      "ocr_text": "MARKET SURGE |     x  Duty Weekly Mom 30Mn~  < 71028 [3             Emre Qaws + DG &\nkK = Space Exploration Technologies Corp. wr                                                                                              $149.05\nJott Steen toy                                                                   Pr ——        “a                      Spex 1931 30s:\n£ sun      © rowan     .                                          00s Aso ADRMSTH awrCao $2027       Vol 217 413 4819.\nf                                                 O52 Wk gr   HI. DOAK WA LU 179 PET al\noe             EEA EA                         berm tian 1    ®\nBY ve ers err sees Comoran 1                                         =   »\n(Dec)  5) %Cha “Cha [PS Rauwyg   :    i\nBl oe om kn mR she  M\nHN 00 NA RA piesa 2\nHam NA RA puemnsheee nm\nW200 NA NA Cements. 8\nWAN NA RA ame                                                         EY\nWAU ie ame sae NA                     »\n2025      am         Fi Saks Growth Hata 0%\nWhe 4% ogame ox\nFA Bh hr\n|        FE\nww\n«\na Rn\nI   3    «\nvo\n~                      i               \"0.\nI                                o I       «\nbr                                    S                           :\nn  f     hd\n|           Aa                       cove                                  {\n3             Tn.               3    E)    ou    £2)   ox    7   or    3   El    2  EJ  EK)\no             [2  J           Fob       Mar        Apr        ry        dun      Jul\na Ene dune 202850              EPs Due es\ni     4    p                        an      -      we      -      ere.\n|                        [                      68      £3      NA      NA     Salen (B85), % Chg\n=            =     et an\nree    =           TTB RRS 26 Moms © ous © 200110 di                       ory - EE BA\n",
      "ocr_text_snippet": "MARKET SURGE | x Duty Weekly Mom 30Mn~ < 71028 [3 Emre Qaws + DG & kK = Space Exploration Technologies Corp. wr $149.05 Jott Steen toy Pr —— “a Spex 1931 30s: £ sun © rowan . 00s Aso ADRMSTH awrCao...",
      "output_kind": "whiteboard",
      "parsed_observations": [
        {
          "portfolio": "GRO",
          "metrics_raw": null,
          "metric_1": null,
          "metric_2": null,
          "metric_scalar": null,
          "action_text": null,
          "bottom_line": null,
          "parse_status": "review",
          "issue_codes": [
            "MISSING_METRIC_LINE",
            "MISSING_BOTTOM_LINE",
            "LOW_OCR_CONFIDENCE"
          ],
          "ocr_confidence": 40,
          "ocr_profile": "threshold"
        },
        {
          "portfolio": "TURBO",
          "metrics_raw": null,
          "metric_1": null,
          "metric_2": null,
          "metric_scalar": null,
          "action_text": null,
          "bottom_line": null,
          "parse_status": "review",
          "issue_codes": [
            "MISSING_METRIC_LINE",
            "MISSING_BOTTOM_LINE",
            "LOW_OCR_CONFIDENCE"
          ],
          "ocr_confidence": 40,
          "ocr_profile": "threshold"
        }
      ],
      "parsed_row_count": 2,
      "phash": "c05a5bb2b6a46e6a",
      "prefilter_score": 24.78,
      "prefilter_stats": {
        "brightRatio": 0.7388194444444445,
        "darkRatio": 0.08236111111111111,
        "edgeRatio": 0.15316938732245072,
        "horizontalComparisons": 14151,
        "horizontalEdgeHits": 1728,
        "horizontalEdgeRatio": 0.12211151155395378,
        "meanLuma": 220.58166666666668,
        "stdDev": 59.51456868793651,
        "verticalComparisons": 14151,
        "verticalEdgeHits": 2607,
        "verticalEdgeRatio": 0.18422726309094764
      },
      "score": -21.56,
      "score_breakdown": {
        "chart_likeness": -1.5558643708779307,
        "keyword_guard": -18,
        "ocr_confidence_bonus": 2,
        "pair_bonus": 0,
        "per_row_issues": -12,
        "per_row_metrics": 0,
        "text_density": 8
      },
      "screen_layout": "tale_of_the_tape",
      "tickers": [],
      "timestamp": 1584,
      "timestamp_hms": "00:26:24"
    }
  ],
  "whiteboard_segments": [],
  "log_path": "C:\\Users\\admin\\Projects\\portfolio_analyzer_revere\\data\\video_scan_20260915\\ocr-20260915-backfill\\ocr-20260915-backfill\\ocr_probe\\logs\\20260710_20260710_eg4f-uin0hq_a789bbbf_whiteboard.json"
}
