# cmd: node tools/scanVideoWithOcr.js --video C:\Users\admin\Projects\portfolio_analyzer_revere\data\video_pipeline\downloads_hires\20260622_R9a-JmoQDLE.mp4 --date 20260622 --output-root C:\Users\admin\Projects\portfolio_analyzer_revere\data\video_scan_20260915\ocr-20260915-backfill --run-tag ocr-20260915-backfill --ffmpeg-bin c:/Users/admin/AppData/Local/Microsoft/WinGet/Packages/Gyan.FFmpeg_Microsoft.Winget.Source_8wekyb3d8bbwe/ffmpeg-9.0.1-full_build/bin/ffmpeg.exe
[scan:whiteboard] ffprobe found 162 keyframe(s) for nearest-keyframe lookup
[scan:whiteboard] preflighting final whiteboard output extraction
[scan:whiteboard] extracting sample frames from C:\Users\admin\Projects\portfolio_analyzer_revere\data\video_pipeline\downloads_hires\20260622_R9a-JmoQDLE.mp4
[scan:whiteboard] extracted 205 frame(s) at 0.25 fps with width 640; starting prefilter
[scan:whiteboard] prefilter 1/205 frames after 00:00:00; best prefilter 3.69 at 00:00:00
[scan:whiteboard] prefilter 10/205 frames after 00:00:00; best prefilter 3.69 at 00:00:00
[scan:whiteboard] prefilter 20/205 frames after 00:00:01; best prefilter 17.52 at 00:01:16
[scan:whiteboard] prefilter 30/205 frames after 00:00:01; best prefilter 17.93 at 00:01:48
[scan:whiteboard] prefilter 40/205 frames after 00:00:02; best prefilter 17.93 at 00:01:48
[scan:whiteboard] prefilter 50/205 frames after 00:00:02; best prefilter 19.68 at 00:03:08
[scan:whiteboard] prefilter 60/205 frames after 00:00:03; best prefilter 19.68 at 00:03:08
[scan:whiteboard] prefilter 70/205 frames after 00:00:04; best prefilter 19.68 at 00:03:08
[scan:whiteboard] prefilter 80/205 frames after 00:00:04; best prefilter 19.68 at 00:03:08
[scan:whiteboard] prefilter 90/205 frames after 00:00:04; best prefilter 19.68 at 00:03:08
[scan:whiteboard] prefilter 100/205 frames after 00:00:05; best prefilter 19.68 at 00:03:08
[scan:whiteboard] prefilter 110/205 frames after 00:00:05; best prefilter 19.68 at 00:03:08
[scan:whiteboard] prefilter 120/205 frames after 00:00:06; best prefilter 19.68 at 00:03:08
[scan:whiteboard] prefilter 130/205 frames after 00:00:06; best prefilter 19.68 at 00:03:08
[scan:whiteboard] prefilter 140/205 frames after 00:00:07; best prefilter 19.68 at 00:03:08
[scan:whiteboard] prefilter 150/205 frames after 00:00:07; best prefilter 19.68 at 00:03:08
[scan:whiteboard] prefilter 160/205 frames after 00:00:08; best prefilter 19.68 at 00:03:08
[scan:whiteboard] prefilter 170/205 frames after 00:00:08; best prefilter 19.68 at 00:03:08
[scan:whiteboard] prefilter 180/205 frames after 00:00:09; best prefilter 19.68 at 00:03:08
[scan:whiteboard] prefilter 190/205 frames after 00:00:09; best prefilter 19.68 at 00:03:08
[scan:whiteboard] prefilter 200/205 frames after 00:00:10; best prefilter 19.68 at 00:03:08
[scan:whiteboard] prefilter 205/205 frames after 00:00:10; best prefilter 19.68 at 00:03:08
[scan:whiteboard] prefilter kept 60/205 frame(s) for OCR; best prefilter 19.68 at 00:03:08
[scan:whiteboard] extracting OCR candidates from source video at width 1280
[scan:whiteboard] OCR 1/60 frames (1.7%) after 00:00:02; best score -15.81 at 00:00:00 (ocr 0.0)
[scan:whiteboard] OCR 10/60 frames (16.7%) after 00:01:48; best score 55.26 at 00:00:12 (ocr 62.0)
Image too small to scale!! (2x36 vs min width of 3)
Line cannot be recognized!!
Image too small to scale!! (2x36 vs min width of 3)
Line cannot be recognized!!
[scan:whiteboard] OCR 20/60 frames (33.3%) after 00:05:37; best score 55.26 at 00:00:12 (ocr 62.0)
[scan:whiteboard] OCR 30/60 frames (50.0%) after 00:08:54; best score 106.84 at 00:05:24 (ocr 63.0)
Image too small to scale!! (2x36 vs min width of 3)
Line cannot be recognized!!
[scan:whiteboard] OCR 40/60 frames (66.7%) after 00:12:12; best score 106.84 at 00:05:24 (ocr 63.0)
Image too small to scale!! (2x36 vs min width of 3)
Line cannot be recognized!!
Image too small to scale!! (2x36 vs min width of 3)
Line cannot be recognized!!
Image too small to scale!! (2x36 vs min width of 3)
Line cannot be recognized!!
[scan:whiteboard] OCR 50/60 frames (83.3%) after 00:15:39; best score 106.84 at 00:05:24 (ocr 63.0)
Image too small to scale!! (2x36 vs min width of 3)
Line cannot be recognized!!
Image too small to scale!! (2x36 vs min width of 3)
Line cannot be recognized!!
Image too small to scale!! (2x36 vs min width of 3)
Line cannot be recognized!!
Image too small to scale!! (2x36 vs min width of 3)
Line cannot be recognized!!
[scan:whiteboard] OCR 60/60 frames (100.0%) after 00:19:12; best score 106.84 at 00:05:24 (ocr 63.0)
{
  "date_key": "20260622",
  "output_kind": "whiteboard",
  "video_path": "C:\\Users\\admin\\Projects\\portfolio_analyzer_revere\\data\\video_pipeline\\downloads_hires\\20260622_R9a-JmoQDLE.mp4",
  "captured_count": 3,
  "captures": [
    {
      "confusion_with_nearby": [],
      "frame_index": 84,
      "frame_path": "C:\\Users\\admin\\Projects\\portfolio_analyzer_revere\\data\\video_scan_20260915\\ocr-20260915-backfill\\ocr-20260915-backfill\\ocr_probe\\frames\\20260622_20260622_r9a-jmoqdle_26ee82f4_whiteboard\\ocr\\ocr_000085.png",
      "is_intro_card": false,
      "issue_codes": [],
      "low_res_frame_path": null,
      "nearest_ffmpeg_keyframe_ts": 333.92,
      "observed_date": "20260622",
      "ocr_confidence": 63,
      "ocr_profile": "threshold",
      "ocr_text": "® Preview io C8 ew Go Toot Window Hel                                                           G +         Me WH ¥ @O® L Mm FT QE © Nonin22asomm\nes n\n2» TALE OF THE TAPE - MONDAY, JUNE 22, 2026 <<\n* MARKET STATE: UPTREND (6/15)                                                                                                             Ny\n*STOINDEXESOT  34RGB7T OJ NASIT USD™ TNK/TYX _ vsSd                                                           WHAT'S THE MARKET TREND?\n* SENTIMENT: VIX 17 520-3.22151 FRG            aam365 5.0 24.121 FTIR] naam 92.8041255                                                                     \"THE GROTECTION GAUGE\"\nBULL CASE: INITIATE RALLY & TREND 21EMA €6/15\nBEAR CASE: SUSTAINED BREAK BELOW 21EMA\n* NEWS: WED AH: SMU EARNINGS, THURS: PCE                                                                                                                       i.    |<\n« TODAY'SKEYS: SPX vs BET/21ET  QQQvsBET/21ET RK vsBET/21E1                                                                                     MARKET LEADERS                               1]\n*DAYCT:Ul=> Be: +2f 2:50\n* ACTION:          47530      47860 4 7cbs $7490                                                                    [swoRT TeRmM 210ma) mer\n“SPXO/N 7444-75071 07501 030 7500-75281 L/H 7460-7530                                                                )                                  -\n*SPXATR: 1.27%4 SPX-0.37% 60/40-0.14% GRO         TURBO 0.23%                                                           eT                       :\n* SECTORS: 1 BPS USD XB: REMX KRE TAN SOXX J BY9% USD UFO CLOU MAGS HACK                                                           (eoiom TERM (s0sme) eo\n* GRO HOLDINGS: 5PYM,UPRO.5PXL.GHLLYX,WGML.CRDO.FTTMRVLNBIS BE (NTC HOOD                                                                    _\n* GRO RVAB/REBAR: © ¢0(-2.31%/-7.02%) BUY HOOD ADD to FINT SELLDOCN D-TRIM BE CRDO                           3      a ——\n* TURBO HOLDINGS: SPY UPROLLABU.BE. MAVLLFROG.DDOG INTC NOK                                                                                                       LONG TERM (200sms) we>    Lo]\n* TURBO RVAB/REBAR: : 3: (-3.16%/6 40%) BUY NOK ADD 10 FROG SELL WOLF\n« BOTTOM UNE:                                                                                                                      $11026 KEUTRAL => UP.\n* TUES KEYS: SPX ve BE/21E QQQvs 8E/21E  R2K vs BE/21E\n22> S&PS00 KEY LEVELS <<<\n*7621 (6/2 INTRADAY A-T-H)\nP7511 TUES: SEMIS AND TECH GIVE BACK MONDAY'S GAINS, DOW ATH\n753 THURS: POST FOMC BOOST TRON IRAN WAR MOU\n+7436 (17 EMA) € 6/12 2 6/59 4/81 _ 2/274 2/254 4124 2/61\n* 7328/7405 118 SOD/10WK] € 4/81 2/274 1/211 1/204\n* 6307/6939 (15 2000/40WK)_€ 5/121 5/8 SLOPED\nNO w0.01%   UREBO-0.23%\n.        .                                                         R\nEMAIL: connor@revereasset.com                                           e V e I e    A S S et                            Connor Bates\n\n* TWITTER {X): @ConnorJBates_                                                                                                Analyst/Aszociate PM\n\n* PHONE: (855) REAL-WEALTH / (855) 732-5932              \\ 1  a n a     e m e nt                     Email; Connor@RevereAsset com\n\n* WEB SITE: revereasset.com                                                                                                    Twitter: @Cennergates—\n",
      "ocr_text_snippet": "® Preview io C8 ew Go Toot Window Hel G + Me WH ¥ @O® L Mm FT QE © Nonin22asomm es n 2» TALE OF THE TAPE - MONDAY, JUNE 22, 2026 << * MARKET STATE: UPTREND (6/15) Ny *STOINDEXESOT 34RGB7T OJ NASIT ...",
      "output_kind": "whiteboard",
      "parsed_observations": [
        {
          "portfolio": "GRO",
          "metrics_raw": "HOLDINGS: 5PYM,UPRO.5PXL.GHLLYX,WGML.CRDO.FTTMRVLNBIS BE (NTC HOOD _",
          "metric_1": null,
          "metric_2": null,
          "metric_scalar": null,
          "action_text": null,
          "bottom_line": "$11026 KEUTRAL => UP. TUES KEYS: SPX VE BE/21E QQQVS 8E/21E R2K VS BE/21E 22> S&PS00 KEY LEVELS <<< 7621 (6/2 INTRADAY A-T-H) P7511 TUES: SEMIS AND TECH GIVE BACK MONDAY'S GAINS, DOW ATH 753 THURS: POST FOMC BOOST TRON IRAN WAR MOU 7436 (17 EMA) € 6/12 2 6/59 4/81 _ 2/274 2/254 4124 2/61 7328/7405 118 SOD/10WK] € 4/81 2/274 1/211 1/204 6307/6939 (15 2000/40WK)_€ 5/121 5/8 SLOPED NO W0.01% UREBO-0.23% R EMAIL: CONNOR@REVEREASSET.COM E V E I E A S S ET CONNOR BATES TWITTER {X): @CONNORJBATES_ ANALYST/ASZOCIATE PM PHONE: (855) REAL-WEALTH / (855) 732-5932 \\ 1 A N A E M E NT EMAIL; CONNOR@REVEREASSET COM WEB SITE: REVEREASSET.COM TWITTER: @CENNERGATES-",
          "parse_status": "ok",
          "issue_codes": [],
          "ocr_confidence": 63,
          "ocr_profile": "threshold"
        },
        {
          "portfolio": "TURBO",
          "metrics_raw": "HOLDINGS: SPY UPROLLABU.BE. MAVLLFROG.DDOG INTC NOK LONG TERM (200SMS) WE> LO]",
          "metric_1": null,
          "metric_2": null,
          "metric_scalar": null,
          "action_text": null,
          "bottom_line": "$11026 KEUTRAL => UP. TUES KEYS: SPX VE BE/21E QQQVS 8E/21E R2K VS BE/21E 22> S&PS00 KEY LEVELS <<< 7621 (6/2 INTRADAY A-T-H) P7511 TUES: SEMIS AND TECH GIVE BACK MONDAY'S GAINS, DOW ATH 753 THURS: POST FOMC BOOST TRON IRAN WAR MOU 7436 (17 EMA) € 6/12 2 6/59 4/81 _ 2/274 2/254 4124 2/61 7328/7405 118 SOD/10WK] € 4/81 2/274 1/211 1/204 6307/6939 (15 2000/40WK)_€ 5/121 5/8 SLOPED NO W0.01% UREBO-0.23% R EMAIL: CONNOR@REVEREASSET.COM E V E I E A S S ET CONNOR BATES TWITTER {X): @CONNORJBATES_ ANALYST/ASZOCIATE PM PHONE: (855) REAL-WEALTH / (855) 732-5932 \\ 1 A N A E M E NT EMAIL; CONNOR@REVEREASSET COM WEB SITE: REVEREASSET.COM TWITTER: @CENNERGATES-",
          "parse_status": "ok",
          "issue_codes": [],
          "ocr_confidence": 63,
          "ocr_profile": "threshold"
        }
      ],
      "parsed_row_count": 2,
      "phash": "c091a52f5ed27c87",
      "prefilter_score": 2.47,
      "prefilter_stats": {
        "brightRatio": 0.44305555555555554,
        "darkRatio": 0.2947222222222222,
        "edgeRatio": 0.2508656632040139,
        "horizontalComparisons": 14151,
        "horizontalEdgeHits": 2335,
        "horizontalEdgeRatio": 0.1650060066426401,
        "meanLuma": 165.93979166666668,
        "stdDev": 90.89819503745773,
        "verticalComparisons": 14151,
        "verticalEdgeHits": 4765,
        "verticalEdgeRatio": 0.3367253197653876
      },
      "score": 106.84,
      "score_breakdown": {
        "chart_likeness": -5.792629143431684,
        "keyword_guard": 0,
        "ocr_confidence_bonus": 3.15,
        "pair_bonus": 4,
        "per_row_issues": 0,
        "per_row_metrics": 16,
        "text_density": 89.48
      },
      "screen_layout": "structured_whiteboard",
      "tickers": [
        "BE",
        "HOOD",
        "INTC",
        "REMX",
        "TAN"
      ],
      "timestamp": 336,
      "timestamp_hms": "00:05:36",
      "output_path": "C:\\Users\\admin\\Projects\\portfolio_analyzer_revere\\data\\video_scan_20260915\\ocr-20260915-backfill\\ocr-20260915-backfill\\screenshots\\20260622_ps_4.png"
    },
    {
      "confusion_with_nearby": [],
      "frame_index": 60,
      "frame_path": "C:\\Users\\admin\\Projects\\portfolio_analyzer_revere\\data\\video_scan_20260915\\ocr-20260915-backfill\\ocr-20260915-backfill\\ocr_probe\\frames\\20260622_20260622_r9a-jmoqdle_26ee82f4_whiteboard\\ocr\\ocr_000061.png",
      "is_intro_card": false,
      "issue_codes": [],
      "low_res_frame_path": null,
      "nearest_ffmpeg_keyframe_ts": 240.8,
      "observed_date": "20260622",
      "ocr_confidence": 63,
      "ocr_profile": "threshold",
      "ocr_text": "® Preview Fo Est view Go Too Window Hep                                                    G +        AC AH KOO Lom FQ B® Mena\n°:\n2> TALE OF THE TAPE - MONDAY, JUNE 22, 2026 <<\n* MARKET STATE: UPTREND (6/15)                                                                                                             .\n*STOINDEXESOT  34RGB2T 04 NASIT USD TNK/TYX _ vsSd                                               WHAT'S THE MARKET TREND?\n© SENTIMENT: Vi 7 321-3 2711 £6          aan 30.505.0 20.1021 JPET ad s2.000 12.55                                                        *THE GROTECTION GAUGE\"\nDBULL CASE: INITIATE RALLY & TREND 21EMA €6/15\nYBEAR CASE: SUSTAINED BREAK BELOW 21EMA\n* NEWS: WED AH: SMU EARNINGS, THURS: PCE                                                                                                              —    LD]\n+ TODAY'S KEYS: SPX vs 8E 1/2167 QQQVsSET/21ET  R2Kvs BET/21ED                                                     MARKET LEADERS                    Ll]\n*DAYCT:U-1=> ge: +2 21e: +67\n* ACTION:          17530      $7860 1 7265 $7490                                                                    oR TERM 20m) nem\n“SPXO/N 7444-75071 07501 030 7500-75281 L/H 7460-7530                                                                                             ]\n*SPXATR: 1.27%1 SPX -0.37% 60/40-0.14% GRO       TURBO 0.23%                                              em ————\n* SECTORS: BPS USD XB1 REMX KRE TAN SOXX 4 BY% USD UFO CLOU MAGS HACK                                                          [MEIUM TERM (00a) ae  lL ]\n* GRO HOLDINGS: 5PYM,UPRO,5PXL.GHALYK GM) CRDO.FTVT,MRVLLNBIS BE (NTC.HOOD                                                                    _\n* GRO RVAB/REBAR: © ¢0(-2 31%/-7 02%) BUY HOOD ADD to FTNT SELL DOCN D-TRIM BE CRD                                     i —\n* TURBO HOLDINGS: SPY, UPROLLABU BE. MAVLLFROG.DDOG INTC NOK                                                                                                             LONG TERM (200me) war    []\n* TURBO RVAB/REBAR: : 3: (-3.16%/6.40%) BUY NOK ADO ta FROG SELL WOLF\n« BOTTOM UNE:                                                                                                                          4010126 NEUTRAL => UP\n* TUES KEYS: SPX vs 8E/21E QQQvs 86/21E R2K vs BE/21E\n22> SBP500 KEY LEVELS <<<\n#7621 (6/2 INTRADAY ATH}\nP7511 TUES: SEMIS AND TECH GIVE BACK MONDAYS GAINS, DOW ATH\n3/500 THURS: POST-FOMC BCOST TRON RAK WAR MOU\n+7486 (17 20EMA) € 6/12 2 6/58 4/81 _ 2/274 2/254 12d 2/64\n*7328/7405(T 18 SOD/IOWK) € 2/84 2/274 1/211 1/204\n* 6907/6939 {15 2000/40WK)_€ 5/i2F 5/8 SLOPED\nRO “+0015    OREO -0.23%\n.       .                                                  R\nEMAIL: connor@revereasset.com                                      ev e I e   As S et                         Conner Bates\n\n* TWITTER {X}: @ConnorJBates_                                                                                                Analyst/Associate PM\n\n* PHONE: (855) REAL-WEALTH / (855) 732-5932              \\ 1  a n a     e m e nt                    Email; Connor@RevereAsset com\n\n* WEB SITE: revereasset.com                                                                                                    Twitter @Cennergates—\n",
      "ocr_text_snippet": "® Preview Fo Est view Go Too Window Hep G + AC AH KOO Lom FQ B® Mena °: 2> TALE OF THE TAPE - MONDAY, JUNE 22, 2026 << * MARKET STATE: UPTREND (6/15) . *STOINDEXESOT 34RGB2T 04 NASIT USD TNK/TYX _ ...",
      "output_kind": "whiteboard",
      "parsed_observations": [
        {
          "portfolio": "GRO",
          "metrics_raw": "HOLDINGS: 5PYM,UPRO,5PXL.GHALYK GM) CRDO.FTVT,MRVLLNBIS BE (NTC.HOOD _",
          "metric_1": null,
          "metric_2": null,
          "metric_scalar": null,
          "action_text": null,
          "bottom_line": "4010126 NEUTRAL => UP TUES KEYS: SPX VS 8E/21E QQQVS 86/21E R2K VS BE/21E 22> SBP500 KEY LEVELS <<< 7621 (6/2 INTRADAY ATH} P7511 TUES: SEMIS AND TECH GIVE BACK MONDAYS GAINS, DOW ATH 3/500 THURS: POST-FOMC BCOST TRON RAK WAR MOU 7486 (17 20EMA) € 6/12 2 6/58 4/81 _ 2/274 2/254 12D 2/64 7328/7405(T 18 SOD/IOWK) € 2/84 2/274 1/211 1/204 6907/6939 {15 2000/40WK)_€ 5/I2F 5/8 SLOPED RO \"+0015 OREO -0.23% R EMAIL: CONNOR@REVEREASSET.COM EV E I E AS S ET CONNER BATES TWITTER {X}: @CONNORJBATES_ ANALYST/ASSOCIATE PM PHONE: (855) REAL-WEALTH / (855) 732-5932 \\ 1 A N A E M E NT EMAIL; CONNOR@REVEREASSET COM WEB SITE: REVEREASSET.COM TWITTER @CENNERGATES-",
          "parse_status": "ok",
          "issue_codes": [],
          "ocr_confidence": 63,
          "ocr_profile": "threshold"
        },
        {
          "portfolio": "TURBO",
          "metrics_raw": "HOLDINGS: SPY, UPROLLABU BE. MAVLLFROG.DDOG INTC NOK LONG TERM (200ME) WAR []",
          "metric_1": null,
          "metric_2": null,
          "metric_scalar": null,
          "action_text": null,
          "bottom_line": "4010126 NEUTRAL => UP TUES KEYS: SPX VS 8E/21E QQQVS 86/21E R2K VS BE/21E 22> SBP500 KEY LEVELS <<< 7621 (6/2 INTRADAY ATH} P7511 TUES: SEMIS AND TECH GIVE BACK MONDAYS GAINS, DOW ATH 3/500 THURS: POST-FOMC BCOST TRON RAK WAR MOU 7486 (17 20EMA) € 6/12 2 6/58 4/81 _ 2/274 2/254 12D 2/64 7328/7405(T 18 SOD/IOWK) € 2/84 2/274 1/211 1/204 6907/6939 {15 2000/40WK)_€ 5/I2F 5/8 SLOPED RO \"+0015 OREO -0.23% R EMAIL: CONNOR@REVEREASSET.COM EV E I E AS S ET CONNER BATES TWITTER {X}: @CONNORJBATES_ ANALYST/ASSOCIATE PM PHONE: (855) REAL-WEALTH / (855) 732-5932 \\ 1 A N A E M E NT EMAIL; CONNOR@REVEREASSET COM WEB SITE: REVEREASSET.COM TWITTER @CENNERGATES-",
          "parse_status": "ok",
          "issue_codes": [],
          "ocr_confidence": 63,
          "ocr_profile": "threshold"
        }
      ],
      "parsed_row_count": 2,
      "phash": "c091a52f5ed27c87",
      "prefilter_score": 2.49,
      "prefilter_stats": {
        "brightRatio": 0.44277777777777777,
        "darkRatio": 0.2947916666666667,
        "edgeRatio": 0.25167832662002687,
        "horizontalComparisons": 14151,
        "horizontalEdgeHits": 2346,
        "horizontalEdgeRatio": 0.16578333686665253,
        "meanLuma": 165.95152777777778,
        "stdDev": 90.9280370854966,
        "verticalComparisons": 14151,
        "verticalEdgeHits": 4777,
        "verticalEdgeRatio": 0.33757331637340116
      },
      "score": 106.47,
      "score_breakdown": {
        "chart_likeness": -5.763154318977611,
        "keyword_guard": 0,
        "ocr_confidence_bonus": 3.15,
        "pair_bonus": 4,
        "per_row_issues": 0,
        "per_row_metrics": 16,
        "text_density": 89.08
      },
      "screen_layout": "structured_whiteboard",
      "tickers": [
        "BE",
        "HOOD",
        "INTC",
        "REMX",
        "TAN",
        "UPRO"
      ],
      "timestamp": 240,
      "timestamp_hms": "00:04:00",
      "output_path": "C:\\Users\\admin\\Projects\\portfolio_analyzer_revere\\data\\video_scan_20260915\\ocr-20260915-backfill\\ocr-20260915-backfill\\screenshots\\20260622_ps_5.png"
    },
    {
      "confusion_with_nearby": [],
      "frame_index": 72,
      "frame_path": "C:\\Users\\admin\\Projects\\portfolio_analyzer_revere\\data\\video_scan_20260915\\ocr-20260915-backfill\\ocr-20260915-backfill\\ocr_probe\\frames\\20260622_20260622_r9a-jmoqdle_26ee82f4_whiteboard\\ocr\\ocr_000073.png",
      "is_intro_card": false,
      "issue_codes": [],
      "low_res_frame_path": null,
      "nearest_ffmpeg_keyframe_ts": 288,
      "observed_date": "20260622",
      "ocr_confidence": 63,
      "ocr_profile": "threshold",
      "ocr_text": "® Preview Fo C8 ew Go Toot Window Hel                                                    G+        PC A WOO 4 mM FT QB © Moun asm\nean\n2» TALE OF THE TAPE - MONDAY, JUNE 22, 2026 <<\n* MARKET STATE: UPTREND (6/15)                                                                                                             .\n*STOINDEKESOT 34 RGB7T OJ NASIT USD™ TNK/TYX _ vsSd                                               WHAT'S THE MARKET TREND?\n* SENTIMENT: VIX 17 520-3.22151 FRG            aan36 5.0 24.121 FTIR] naam 928341255                                                                   \"THE GROTECTION GAUGE\"\nDBULL CASE: INITIATE RALLY & TREND 21EMA €6/15\nBEAR CASE: SUSTAINED BREAK BELOW 21EMA\n* NEWS: WED AH: SMU EARNINGS, THURS: PCE                                                                                                              i.    |<\n«TODAY'S KEYS: SPX vs BE T/21ET  QQQvsBET/21ET RK vsBET/21E1                                                     MARKET LEADERS                    |]\n*DAYCT:Ul=> Be: +2f 2:50\n* ACTION:          47530      47860 4 7cbs $7490                                                                    [smo Term 2rema) ner\n“SPXO/N 744475071 07501 030 7500-75281 L/H 7460-7530                                                        )                              -\n*SPXATR: 1.27%4 SPX-0.37% 60/40-0.14% GRO     TURBO 0.23%                                    eT              :\n* SECTORS: 1 BPS USD XB: REMX KRE TAN SOXX J BY% USD UFO CLOU MAGS HACK                                                           (eoiom TERM (s0sme) eo\n* GRO HOLDINGS: 5PYM,UPRO.5PXL.GHLLYXWGML.CRDO.FTTMRVLNBIS BE NTC HOOD                                                                                         _                                           \"\n* GRO RVAB/REBAR: © ¢0(-2.31%/-7.02%) BUY HOOD ADD to FINT SELLDOCN D-TRIM BE CRDO                              3       i ———\n* TURBO HOLDINGS: SPY UPROLLABU.BE. MAVLLFROG.DDOG INTC NOK                                                                                                             LONG TERM (200sms) we>    [1]\n* TURBO RVAB/REBAR: : 3: (-3.16%/6 40%) BUY NOK ADD 10 FROG SELL WOLF                                                  20 NEUTRAL -\n« BOTTOM UNE:                                                                                                           1025 KEVTRAL => UP\n* TUES KEYS: SPX ve BE/21E QQQvs 8E/21E  R2K vs BE/21E\n25> SBP500 KEY LEVELS <<<\n* 7621 (6/2 INTRADAY A-T-H)\nP7511 TUES: SEMIS AND TECH GIVE BACK MONDAY'S GAINS, DOW ATH\n753 THURS: POST FOMC BOOST TRON IRAN WAR MOU\n+7436 (17 21EMA) € 6/12 2 6/59 4/81 _ 2/274 2/254 4124 2/61\n*7328/7405( 118 SOD/10WK] € 4/81 2/274 1/211 1/204\n* 6307/6939 (15 2000/40WK) € 5/121 5/8 SLOPED\nNO WrD01%   OREOT-0.23%\n\n* EMAIL: connor @revereasset.com                              |  ev e I e   As S et                       Connor Bates\n\n* TWITTER {X): @ConnorJBates_                                                                                                Anatyst/Aszociate PM\n\n* PHONE: (855) REAL-WEALTH / (855) 732-5932              \\ 1  a n a     e m e nt                     Email; Connor@RevereAsset com\n\n* WEB SITE: revereasset.com                                                                                                    Twitter: @Cennergates.\n",
      "ocr_text_snippet": "® Preview Fo C8 ew Go Toot Window Hel G+ PC A WOO 4 mM FT QB © Moun asm ean 2» TALE OF THE TAPE - MONDAY, JUNE 22, 2026 << * MARKET STATE: UPTREND (6/15) . *STOINDEKESOT 34 RGB7T OJ NASIT USD™ TNK/...",
      "output_kind": "whiteboard",
      "parsed_observations": [
        {
          "portfolio": "GRO",
          "metrics_raw": "HOLDINGS: 5PYM,UPRO.5PXL.GHLLYXWGML.CRDO.FTTMRVLNBIS BE NTC HOOD _ \"",
          "metric_1": null,
          "metric_2": null,
          "metric_scalar": null,
          "action_text": null,
          "bottom_line": "1025 KEVTRAL => UP TUES KEYS: SPX VE BE/21E QQQVS 8E/21E R2K VS BE/21E 25> SBP500 KEY LEVELS <<< 7621 (6/2 INTRADAY A-T-H) P7511 TUES: SEMIS AND TECH GIVE BACK MONDAY'S GAINS, DOW ATH 753 THURS: POST FOMC BOOST TRON IRAN WAR MOU 7436 (17 21EMA) € 6/12 2 6/59 4/81 _ 2/274 2/254 4124 2/61 7328/7405( 118 SOD/10WK] € 4/81 2/274 1/211 1/204 6307/6939 (15 2000/40WK) € 5/121 5/8 SLOPED NO WRD01% OREOT-0.23% EMAIL: CONNOR @REVEREASSET.COM EV E I E AS S ET CONNOR BATES TWITTER {X): @CONNORJBATES_ ANATYST/ASZOCIATE PM PHONE: (855) REAL-WEALTH / (855) 732-5932 \\ 1 A N A E M E NT EMAIL; CONNOR@REVEREASSET COM WEB SITE: REVEREASSET.COM TWITTER: @CENNERGATES.",
          "parse_status": "ok",
          "issue_codes": [],
          "ocr_confidence": 63,
          "ocr_profile": "threshold"
        },
        {
          "portfolio": "TURBO",
          "metrics_raw": "HOLDINGS: SPY UPROLLABU.BE. MAVLLFROG.DDOG INTC NOK LONG TERM (200SMS) WE> [1]",
          "metric_1": null,
          "metric_2": null,
          "metric_scalar": null,
          "action_text": null,
          "bottom_line": "1025 KEVTRAL => UP TUES KEYS: SPX VE BE/21E QQQVS 8E/21E R2K VS BE/21E 25> SBP500 KEY LEVELS <<< 7621 (6/2 INTRADAY A-T-H) P7511 TUES: SEMIS AND TECH GIVE BACK MONDAY'S GAINS, DOW ATH 753 THURS: POST FOMC BOOST TRON IRAN WAR MOU 7436 (17 21EMA) € 6/12 2 6/59 4/81 _ 2/274 2/254 4124 2/61 7328/7405( 118 SOD/10WK] € 4/81 2/274 1/211 1/204 6307/6939 (15 2000/40WK) € 5/121 5/8 SLOPED NO WRD01% OREOT-0.23% EMAIL: CONNOR @REVEREASSET.COM EV E I E AS S ET CONNOR BATES TWITTER {X): @CONNORJBATES_ ANATYST/ASZOCIATE PM PHONE: (855) REAL-WEALTH / (855) 732-5932 \\ 1 A N A E M E NT EMAIL; CONNOR@REVEREASSET COM WEB SITE: REVEREASSET.COM TWITTER: @CENNERGATES.",
          "parse_status": "ok",
          "issue_codes": [],
          "ocr_confidence": 63,
          "ocr_profile": "threshold"
        }
      ],
      "parsed_row_count": 2,
      "phash": "c091a52f5ed27c87",
      "prefilter_score": 2.46,
      "prefilter_stats": {
        "brightRatio": 0.4429166666666667,
        "darkRatio": 0.2947222222222222,
        "edgeRatio": 0.25075966362801216,
        "horizontalComparisons": 14151,
        "horizontalEdgeHits": 2333,
        "horizontalEdgeRatio": 0.16486467387463782,
        "meanLuma": 165.93881944444445,
        "stdDev": 90.895333236431,
        "verticalComparisons": 14151,
        "verticalEdgeHits": 4764,
        "verticalEdgeRatio": 0.33665465338138645
      },
      "score": 106.21,
      "score_breakdown": {
        "chart_likeness": -5.801837131391668,
        "keyword_guard": 0,
        "ocr_confidence_bonus": 3.15,
        "pair_bonus": 4,
        "per_row_issues": 0,
        "per_row_metrics": 17,
        "text_density": 87.86
      },
      "screen_layout": "structured_whiteboard",
      "tickers": [
        "BE",
        "HOOD",
        "INTC",
        "REMX",
        "TAN"
      ],
      "timestamp": 288,
      "timestamp_hms": "00:04:48",
      "output_path": "C:\\Users\\admin\\Projects\\portfolio_analyzer_revere\\data\\video_scan_20260915\\ocr-20260915-backfill\\ocr-20260915-backfill\\screenshots\\20260622_ps_6.png"
    }
  ],
  "frame_count": 205,
  "frame_error_count": 0,
  "frame_errors": [],
  "max_captures_per_video": 3,
  "nearest_ffmpeg_keyframe_lookups_skipped": false,
  "nearest_ffmpeg_keyframe_pts_total": 162,
  "ocr_engine_metadata": {
    "tesseract_version": "6.0.1",
    "language": "eng",
    "dpi": 300,
    "psm": null,
    "preserve_interword_spaces": "1",
    "deskew": false
  },
  "ocr_frame_count": 60,
  "ocr_frame_width": 1280,
  "output_path": "C:\\Users\\admin\\Projects\\portfolio_analyzer_revere\\data\\video_scan_20260915\\ocr-20260915-backfill\\ocr-20260915-backfill\\screenshots\\20260622_ps_4.png",
  "prefilter_best_score": 19.68,
  "review_threshold": 4,
  "sample_frame_width": 640,
  "status": "done",
  "strong_threshold": 6,
  "top_candidate": {
    "confusion_with_nearby": [],
    "frame_index": 84,
    "frame_path": "C:\\Users\\admin\\Projects\\portfolio_analyzer_revere\\data\\video_scan_20260915\\ocr-20260915-backfill\\ocr-20260915-backfill\\ocr_probe\\frames\\20260622_20260622_r9a-jmoqdle_26ee82f4_whiteboard\\ocr\\ocr_000085.png",
    "is_intro_card": false,
    "issue_codes": [],
    "low_res_frame_path": null,
    "nearest_ffmpeg_keyframe_ts": 333.92,
    "observed_date": "20260622",
    "ocr_confidence": 63,
    "ocr_profile": "threshold",
    "ocr_text": "® Preview io C8 ew Go Toot Window Hel                                                           G +         Me WH ¥ @O® L Mm FT QE © Nonin22asomm\nes n\n2» TALE OF THE TAPE - MONDAY, JUNE 22, 2026 <<\n* MARKET STATE: UPTREND (6/15)                                                                                                             Ny\n*STOINDEXESOT  34RGB7T OJ NASIT USD™ TNK/TYX _ vsSd                                                           WHAT'S THE MARKET TREND?\n* SENTIMENT: VIX 17 520-3.22151 FRG            aam365 5.0 24.121 FTIR] naam 92.8041255                                                                     \"THE GROTECTION GAUGE\"\nBULL CASE: INITIATE RALLY & TREND 21EMA €6/15\nBEAR CASE: SUSTAINED BREAK BELOW 21EMA\n* NEWS: WED AH: SMU EARNINGS, THURS: PCE                                                                                                                       i.    |<\n« TODAY'SKEYS: SPX vs BET/21ET  QQQvsBET/21ET RK vsBET/21E1                                                                                     MARKET LEADERS                               1]\n*DAYCT:Ul=> Be: +2f 2:50\n* ACTION:          47530      47860 4 7cbs $7490                                                                    [swoRT TeRmM 210ma) mer\n“SPXO/N 7444-75071 07501 030 7500-75281 L/H 7460-7530                                                                )                                  -\n*SPXATR: 1.27%4 SPX-0.37% 60/40-0.14% GRO         TURBO 0.23%                                                           eT                       :\n* SECTORS: 1 BPS USD XB: REMX KRE TAN SOXX J BY9% USD UFO CLOU MAGS HACK                                                           (eoiom TERM (s0sme) eo\n* GRO HOLDINGS: 5PYM,UPRO.5PXL.GHLLYX,WGML.CRDO.FTTMRVLNBIS BE (NTC HOOD                                                                    _\n* GRO RVAB/REBAR: © ¢0(-2.31%/-7.02%) BUY HOOD ADD to FINT SELLDOCN D-TRIM BE CRDO                           3      a ——\n* TURBO HOLDINGS: SPY UPROLLABU.BE. MAVLLFROG.DDOG INTC NOK                                                                                                       LONG TERM (200sms) we>    Lo]\n* TURBO RVAB/REBAR: : 3: (-3.16%/6 40%) BUY NOK ADD 10 FROG SELL WOLF\n« BOTTOM UNE:                                                                                                                      $11026 KEUTRAL => UP.\n* TUES KEYS: SPX ve BE/21E QQQvs 8E/21E  R2K vs BE/21E\n22> S&PS00 KEY LEVELS <<<\n*7621 (6/2 INTRADAY A-T-H)\nP7511 TUES: SEMIS AND TECH GIVE BACK MONDAY'S GAINS, DOW ATH\n753 THURS: POST FOMC BOOST TRON IRAN WAR MOU\n+7436 (17 EMA) € 6/12 2 6/59 4/81 _ 2/274 2/254 4124 2/61\n* 7328/7405 118 SOD/10WK] € 4/81 2/274 1/211 1/204\n* 6307/6939 (15 2000/40WK)_€ 5/121 5/8 SLOPED\nNO w0.01%   UREBO-0.23%\n.        .                                                         R\nEMAIL: connor@revereasset.com                                           e V e I e    A S S et                            Connor Bates\n\n* TWITTER {X): @ConnorJBates_                                                                                                Analyst/Aszociate PM\n\n* PHONE: (855) REAL-WEALTH / (855) 732-5932              \\ 1  a n a     e m e nt                     Email; Connor@RevereAsset com\n\n* WEB SITE: revereasset.com                                                                                                    Twitter: @Cennergates—\n",
    "ocr_text_snippet": "® Preview io C8 ew Go Toot Window Hel G + Me WH ¥ @O® L Mm FT QE © Nonin22asomm es n 2» TALE OF THE TAPE - MONDAY, JUNE 22, 2026 << * MARKET STATE: UPTREND (6/15) Ny *STOINDEXESOT 34RGB7T OJ NASIT ...",
    "output_kind": "whiteboard",
    "parsed_observations": [
      {
        "portfolio": "GRO",
        "metrics_raw": "HOLDINGS: 5PYM,UPRO.5PXL.GHLLYX,WGML.CRDO.FTTMRVLNBIS BE (NTC HOOD _",
        "metric_1": null,
        "metric_2": null,
        "metric_scalar": null,
        "action_text": null,
        "bottom_line": "$11026 KEUTRAL => UP. TUES KEYS: SPX VE BE/21E QQQVS 8E/21E R2K VS BE/21E 22> S&PS00 KEY LEVELS <<< 7621 (6/2 INTRADAY A-T-H) P7511 TUES: SEMIS AND TECH GIVE BACK MONDAY'S GAINS, DOW ATH 753 THURS: POST FOMC BOOST TRON IRAN WAR MOU 7436 (17 EMA) € 6/12 2 6/59 4/81 _ 2/274 2/254 4124 2/61 7328/7405 118 SOD/10WK] € 4/81 2/274 1/211 1/204 6307/6939 (15 2000/40WK)_€ 5/121 5/8 SLOPED NO W0.01% UREBO-0.23% R EMAIL: CONNOR@REVEREASSET.COM E V E I E A S S ET CONNOR BATES TWITTER {X): @CONNORJBATES_ ANALYST/ASZOCIATE PM PHONE: (855) REAL-WEALTH / (855) 732-5932 \\ 1 A N A E M E NT EMAIL; CONNOR@REVEREASSET COM WEB SITE: REVEREASSET.COM TWITTER: @CENNERGATES-",
        "parse_status": "ok",
        "issue_codes": [],
        "ocr_confidence": 63,
        "ocr_profile": "threshold"
      },
      {
        "portfolio": "TURBO",
        "metrics_raw": "HOLDINGS: SPY UPROLLABU.BE. MAVLLFROG.DDOG INTC NOK LONG TERM (200SMS) WE> LO]",
        "metric_1": null,
        "metric_2": null,
        "metric_scalar": null,
        "action_text": null,
        "bottom_line": "$11026 KEUTRAL => UP. TUES KEYS: SPX VE BE/21E QQQVS 8E/21E R2K VS BE/21E 22> S&PS00 KEY LEVELS <<< 7621 (6/2 INTRADAY A-T-H) P7511 TUES: SEMIS AND TECH GIVE BACK MONDAY'S GAINS, DOW ATH 753 THURS: POST FOMC BOOST TRON IRAN WAR MOU 7436 (17 EMA) € 6/12 2 6/59 4/81 _ 2/274 2/254 4124 2/61 7328/7405 118 SOD/10WK] € 4/81 2/274 1/211 1/204 6307/6939 (15 2000/40WK)_€ 5/121 5/8 SLOPED NO W0.01% UREBO-0.23% R EMAIL: CONNOR@REVEREASSET.COM E V E I E A S S ET CONNOR BATES TWITTER {X): @CONNORJBATES_ ANALYST/ASZOCIATE PM PHONE: (855) REAL-WEALTH / (855) 732-5932 \\ 1 A N A E M E NT EMAIL; CONNOR@REVEREASSET COM WEB SITE: REVEREASSET.COM TWITTER: @CENNERGATES-",
        "parse_status": "ok",
        "issue_codes": [],
        "ocr_confidence": 63,
        "ocr_profile": "threshold"
      }
    ],
    "parsed_row_count": 2,
    "phash": "c091a52f5ed27c87",
    "prefilter_score": 2.47,
    "prefilter_stats": {
      "brightRatio": 0.44305555555555554,
      "darkRatio": 0.2947222222222222,
      "edgeRatio": 0.2508656632040139,
      "horizontalComparisons": 14151,
      "horizontalEdgeHits": 2335,
      "horizontalEdgeRatio": 0.1650060066426401,
      "meanLuma": 165.93979166666668,
      "stdDev": 90.89819503745773,
      "verticalComparisons": 14151,
      "verticalEdgeHits": 4765,
      "verticalEdgeRatio": 0.3367253197653876
    },
    "score": 106.84,
    "score_breakdown": {
      "chart_likeness": -5.792629143431684,
      "keyword_guard": 0,
      "ocr_confidence_bonus": 3.15,
      "pair_bonus": 4,
      "per_row_issues": 0,
      "per_row_metrics": 16,
      "text_density": 89.48
    },
    "screen_layout": "structured_whiteboard",
    "tickers": [
      "BE",
      "HOOD",
      "INTC",
      "REMX",
      "TAN"
    ],
    "timestamp": 336,
    "timestamp_hms": "00:05:36"
  },
  "top_candidates": [
    {
      "confusion_with_nearby": [],
      "frame_index": 84,
      "frame_path": "C:\\Users\\admin\\Projects\\portfolio_analyzer_revere\\data\\video_scan_20260915\\ocr-20260915-backfill\\ocr-20260915-backfill\\ocr_probe\\frames\\20260622_20260622_r9a-jmoqdle_26ee82f4_whiteboard\\ocr\\ocr_000085.png",
      "is_intro_card": false,
      "issue_codes": [],
      "low_res_frame_path": null,
      "nearest_ffmpeg_keyframe_ts": null,
      "observed_date": "20260622",
      "ocr_confidence": 63,
      "ocr_profile": "threshold",
      "ocr_text": "® Preview io C8 ew Go Toot Window Hel                                                           G +         Me WH ¥ @O® L Mm FT QE © Nonin22asomm\nes n\n2» TALE OF THE TAPE - MONDAY, JUNE 22, 2026 <<\n* MARKET STATE: UPTREND (6/15)                                                                                                             Ny\n*STOINDEXESOT  34RGB7T OJ NASIT USD™ TNK/TYX _ vsSd                                                           WHAT'S THE MARKET TREND?\n* SENTIMENT: VIX 17 520-3.22151 FRG            aam365 5.0 24.121 FTIR] naam 92.8041255                                                                     \"THE GROTECTION GAUGE\"\nBULL CASE: INITIATE RALLY & TREND 21EMA €6/15\nBEAR CASE: SUSTAINED BREAK BELOW 21EMA\n* NEWS: WED AH: SMU EARNINGS, THURS: PCE                                                                                                                       i.    |<\n« TODAY'SKEYS: SPX vs BET/21ET  QQQvsBET/21ET RK vsBET/21E1                                                                                     MARKET LEADERS                               1]\n*DAYCT:Ul=> Be: +2f 2:50\n* ACTION:          47530      47860 4 7cbs $7490                                                                    [swoRT TeRmM 210ma) mer\n“SPXO/N 7444-75071 07501 030 7500-75281 L/H 7460-7530                                                                )                                  -\n*SPXATR: 1.27%4 SPX-0.37% 60/40-0.14% GRO         TURBO 0.23%                                                           eT                       :\n* SECTORS: 1 BPS USD XB: REMX KRE TAN SOXX J BY9% USD UFO CLOU MAGS HACK                                                           (eoiom TERM (s0sme) eo\n* GRO HOLDINGS: 5PYM,UPRO.5PXL.GHLLYX,WGML.CRDO.FTTMRVLNBIS BE (NTC HOOD                                                                    _\n* GRO RVAB/REBAR: © ¢0(-2.31%/-7.02%) BUY HOOD ADD to FINT SELLDOCN D-TRIM BE CRDO                           3      a ——\n* TURBO HOLDINGS: SPY UPROLLABU.BE. MAVLLFROG.DDOG INTC NOK                                                                                                       LONG TERM (200sms) we>    Lo]\n* TURBO RVAB/REBAR: : 3: (-3.16%/6 40%) BUY NOK ADD 10 FROG SELL WOLF\n« BOTTOM UNE:                                                                                                                      $11026 KEUTRAL => UP.\n* TUES KEYS: SPX ve BE/21E QQQvs 8E/21E  R2K vs BE/21E\n22> S&PS00 KEY LEVELS <<<\n*7621 (6/2 INTRADAY A-T-H)\nP7511 TUES: SEMIS AND TECH GIVE BACK MONDAY'S GAINS, DOW ATH\n753 THURS: POST FOMC BOOST TRON IRAN WAR MOU\n+7436 (17 EMA) € 6/12 2 6/59 4/81 _ 2/274 2/254 4124 2/61\n* 7328/7405 118 SOD/10WK] € 4/81 2/274 1/211 1/204\n* 6307/6939 (15 2000/40WK)_€ 5/121 5/8 SLOPED\nNO w0.01%   UREBO-0.23%\n.        .                                                         R\nEMAIL: connor@revereasset.com                                           e V e I e    A S S et                            Connor Bates\n\n* TWITTER {X): @ConnorJBates_                                                                                                Analyst/Aszociate PM\n\n* PHONE: (855) REAL-WEALTH / (855) 732-5932              \\ 1  a n a     e m e nt                     Email; Connor@RevereAsset com\n\n* WEB SITE: revereasset.com                                                                                                    Twitter: @Cennergates—\n",
      "ocr_text_snippet": "® Preview io C8 ew Go Toot Window Hel G + Me WH ¥ @O® L Mm FT QE © Nonin22asomm es n 2» TALE OF THE TAPE - MONDAY, JUNE 22, 2026 << * MARKET STATE: UPTREND (6/15) Ny *STOINDEXESOT 34RGB7T OJ NASIT ...",
      "output_kind": "whiteboard",
      "parsed_observations": [
        {
          "portfolio": "GRO",
          "metrics_raw": "HOLDINGS: 5PYM,UPRO.5PXL.GHLLYX,WGML.CRDO.FTTMRVLNBIS BE (NTC HOOD _",
          "metric_1": null,
          "metric_2": null,
          "metric_scalar": null,
          "action_text": null,
          "bottom_line": "$11026 KEUTRAL => UP. TUES KEYS: SPX VE BE/21E QQQVS 8E/21E R2K VS BE/21E 22> S&PS00 KEY LEVELS <<< 7621 (6/2 INTRADAY A-T-H) P7511 TUES: SEMIS AND TECH GIVE BACK MONDAY'S GAINS, DOW ATH 753 THURS: POST FOMC BOOST TRON IRAN WAR MOU 7436 (17 EMA) € 6/12 2 6/59 4/81 _ 2/274 2/254 4124 2/61 7328/7405 118 SOD/10WK] € 4/81 2/274 1/211 1/204 6307/6939 (15 2000/40WK)_€ 5/121 5/8 SLOPED NO W0.01% UREBO-0.23% R EMAIL: CONNOR@REVEREASSET.COM E V E I E A S S ET CONNOR BATES TWITTER {X): @CONNORJBATES_ ANALYST/ASZOCIATE PM PHONE: (855) REAL-WEALTH / (855) 732-5932 \\ 1 A N A E M E NT EMAIL; CONNOR@REVEREASSET COM WEB SITE: REVEREASSET.COM TWITTER: @CENNERGATES-",
          "parse_status": "ok",
          "issue_codes": [],
          "ocr_confidence": 63,
          "ocr_profile": "threshold"
        },
        {
          "portfolio": "TURBO",
          "metrics_raw": "HOLDINGS: SPY UPROLLABU.BE. MAVLLFROG.DDOG INTC NOK LONG TERM (200SMS) WE> LO]",
          "metric_1": null,
          "metric_2": null,
          "metric_scalar": null,
          "action_text": null,
          "bottom_line": "$11026 KEUTRAL => UP. TUES KEYS: SPX VE BE/21E QQQVS 8E/21E R2K VS BE/21E 22> S&PS00 KEY LEVELS <<< 7621 (6/2 INTRADAY A-T-H) P7511 TUES: SEMIS AND TECH GIVE BACK MONDAY'S GAINS, DOW ATH 753 THURS: POST FOMC BOOST TRON IRAN WAR MOU 7436 (17 EMA) € 6/12 2 6/59 4/81 _ 2/274 2/254 4124 2/61 7328/7405 118 SOD/10WK] € 4/81 2/274 1/211 1/204 6307/6939 (15 2000/40WK)_€ 5/121 5/8 SLOPED NO W0.01% UREBO-0.23% R EMAIL: CONNOR@REVEREASSET.COM E V E I E A S S ET CONNOR BATES TWITTER {X): @CONNORJBATES_ ANALYST/ASZOCIATE PM PHONE: (855) REAL-WEALTH / (855) 732-5932 \\ 1 A N A E M E NT EMAIL; CONNOR@REVEREASSET COM WEB SITE: REVEREASSET.COM TWITTER: @CENNERGATES-",
          "parse_status": "ok",
          "issue_codes": [],
          "ocr_confidence": 63,
          "ocr_profile": "threshold"
        }
      ],
      "parsed_row_count": 2,
      "phash": "c091a52f5ed27c87",
      "prefilter_score": 2.47,
      "prefilter_stats": {
        "brightRatio": 0.44305555555555554,
        "darkRatio": 0.2947222222222222,
        "edgeRatio": 0.2508656632040139,
        "horizontalComparisons": 14151,
        "horizontalEdgeHits": 2335,
        "horizontalEdgeRatio": 0.1650060066426401,
        "meanLuma": 165.93979166666668,
        "stdDev": 90.89819503745773,
        "verticalComparisons": 14151,
        "verticalEdgeHits": 4765,
        "verticalEdgeRatio": 0.3367253197653876
      },
      "score": 106.84,
      "score_breakdown": {
        "chart_likeness": -5.792629143431684,
        "keyword_guard": 0,
        "ocr_confidence_bonus": 3.15,
        "pair_bonus": 4,
        "per_row_issues": 0,
        "per_row_metrics": 16,
        "text_density": 89.48
      },
      "screen_layout": "structured_whiteboard",
      "tickers": [
        "BE",
        "HOOD",
        "INTC",
        "REMX",
        "TAN"
      ],
      "timestamp": 336,
      "timestamp_hms": "00:05:36"
    },
    {
      "confusion_with_nearby": [],
      "frame_index": 81,
      "frame_path": "C:\\Users\\admin\\Projects\\portfolio_analyzer_revere\\data\\video_scan_20260915\\ocr-20260915-backfill\\ocr-20260915-backfill\\ocr_probe\\frames\\20260622_20260622_r9a-jmoqdle_26ee82f4_whiteboard\\ocr\\ocr_000082.png",
      "is_intro_card": false,
      "issue_codes": [],
      "low_res_frame_path": null,
      "nearest_ffmpeg_keyframe_ts": null,
      "observed_date": "20260622",
      "ocr_confidence": 63,
      "ocr_profile": "threshold",
      "ocr_text": "® Preview io C8 ew Go Toot Window Hel                                                           G +         Me WH ¥ @O® L Mm FT QE © Nonin22asomm\nes n\n2» TALE OF THE TAPE - MONDAY, JUNE 22, 2026 <<\n* MARKET STATE: UPTREND (6/15)                                                                                                             Ny\n*STOINDEXESOT  34RGB7T OJ NASIT USD™ TNK/TYX _ vsSd                                                           WHAT'S THE MARKET TREND?\n* SENTIMENT: VIX 17 520-3.22151 FRG            aam365 5.0 24.121 FTIR] naam 92.8041255                                                                     \"THE GROTECTION GAUGE\"\nBULL CASE: INITIATE RALLY & TREND 21EMA €6/15\nBEAR CASE: SUSTAINED BREAK BELOW 21EMA\n* NEWS: WED AH: SMU EARNINGS, THURS: PCE                                                                                                                       i.    |<\n« TODAY'SKEYS: SPX vs BET/21ET  QQQvsBET/21ET RK vsBET/21E1                                                                                     MARKET LEADERS                               1]\n*DAYCT:Ul=> Be: +2f 2:50\n* ACTION:          47530      47860 4 7cbs $7490                                                                    [swoRT TeRmM 210ma) mer\n“SPXO/N 7444-75071 07501 030 7500-75281 L/H 7460-7530                                                                )                                  -\n*SPXATR: 1.27%4 SPX-0.37% 60/40-0.14% GRO         TURBO 0.23%                                                           eT                       :\n* SECTORS: 1 BPS USD XB: REMX KRE TAN SOXX J BY9% USD UFO CLOU MAGS HACK                                                           (eoiom TERM (s0sme) eo\n* GRO HOLDINGS: 5PYM,UPRO.5PXL.GHLLYX,WGML.CRDO.FTTMRVLNBIS BE (NTC HOOD                                                                    _\n* GRO RVAB/REBAR: © ¢0(-2.31%/-7.02%) BUY HOOD ADD to FINT SELLDOCN D-TRIM BE CRDO                           3      a ——\n* TURBO HOLDINGS: SPY UPROLLABU.BE. MAVLLFROG.DDOG INTC NOK                                                                                                       LONG TERM (200sms) we>    Lo]\n* TURBO RVAB/REBAR: : 3: (-3.16%/6 40%) BUY NOK ADD 10 FROG SELL WOLF\n« BOTTOM UNE:                                                                                                                      $11026 KEUTRAL => UP.\n* TUES KEYS: SPX ve BE/21E QQQvs 8E/21E  R2K vs BE/21E\n22> S&PS00 KEY LEVELS <<<\n*7621 (6/2 INTRADAY A-T-H)\nP7511 TUES: SEMIS AND TECH GIVE BACK MONDAY'S GAINS, DOW ATH\n753 THURS: POST FOMC BOOST TRON IRAN WAR MOU\n+7436 (17 EMA) € 6/12 2 6/59 4/81 _ 2/274 2/254 4124 2/61\n* 7328/7405 118 SOD/10WK] € 4/81 2/274 1/211 1/204\n* 6307/6939 (15 2000/40WK)_€ 5/121 5/8 SLOPED\nNO w0.01%   UREBO-0.23%\n.        .                                                         R\nEMAIL: connor@revereasset.com                                           e V e I e    A S S et                            Connor Bates\n\n* TWITTER {X): @ConnorJBates_                                                                                                Analyst/Aszociate PM\n\n* PHONE: (855) REAL-WEALTH / (855) 732-5932              \\ 1  a n a     e m e nt                     Email; Connor@RevereAsset com\n\n* WEB SITE: revereasset.com                                                                                                    Twitter: @Cennergates—\n",
      "ocr_text_snippet": "® Preview io C8 ew Go Toot Window Hel G + Me WH ¥ @O® L Mm FT QE © Nonin22asomm es n 2» TALE OF THE TAPE - MONDAY, JUNE 22, 2026 << * MARKET STATE: UPTREND (6/15) Ny *STOINDEXESOT 34RGB7T OJ NASIT ...",
      "output_kind": "whiteboard",
      "parsed_observations": [
        {
          "portfolio": "GRO",
          "metrics_raw": "HOLDINGS: 5PYM,UPRO.5PXL.GHLLYX,WGML.CRDO.FTTMRVLNBIS BE (NTC HOOD _",
          "metric_1": null,
          "metric_2": null,
          "metric_scalar": null,
          "action_text": null,
          "bottom_line": "$11026 KEUTRAL => UP. TUES KEYS: SPX VE BE/21E QQQVS 8E/21E R2K VS BE/21E 22> S&PS00 KEY LEVELS <<< 7621 (6/2 INTRADAY A-T-H) P7511 TUES: SEMIS AND TECH GIVE BACK MONDAY'S GAINS, DOW ATH 753 THURS: POST FOMC BOOST TRON IRAN WAR MOU 7436 (17 EMA) € 6/12 2 6/59 4/81 _ 2/274 2/254 4124 2/61 7328/7405 118 SOD/10WK] € 4/81 2/274 1/211 1/204 6307/6939 (15 2000/40WK)_€ 5/121 5/8 SLOPED NO W0.01% UREBO-0.23% R EMAIL: CONNOR@REVEREASSET.COM E V E I E A S S ET CONNOR BATES TWITTER {X): @CONNORJBATES_ ANALYST/ASZOCIATE PM PHONE: (855) REAL-WEALTH / (855) 732-5932 \\ 1 A N A E M E NT EMAIL; CONNOR@REVEREASSET COM WEB SITE: REVEREASSET.COM TWITTER: @CENNERGATES-",
          "parse_status": "ok",
          "issue_codes": [],
          "ocr_confidence": 63,
          "ocr_profile": "threshold"
        },
        {
          "portfolio": "TURBO",
          "metrics_raw": "HOLDINGS: SPY UPROLLABU.BE. MAVLLFROG.DDOG INTC NOK LONG TERM (200SMS) WE> LO]",
          "metric_1": null,
          "metric_2": null,
          "metric_scalar": null,
          "action_text": null,
          "bottom_line": "$11026 KEUTRAL => UP. TUES KEYS: SPX VE BE/21E QQQVS 8E/21E R2K VS BE/21E 22> S&PS00 KEY LEVELS <<< 7621 (6/2 INTRADAY A-T-H) P7511 TUES: SEMIS AND TECH GIVE BACK MONDAY'S GAINS, DOW ATH 753 THURS: POST FOMC BOOST TRON IRAN WAR MOU 7436 (17 EMA) € 6/12 2 6/59 4/81 _ 2/274 2/254 4124 2/61 7328/7405 118 SOD/10WK] € 4/81 2/274 1/211 1/204 6307/6939 (15 2000/40WK)_€ 5/121 5/8 SLOPED NO W0.01% UREBO-0.23% R EMAIL: CONNOR@REVEREASSET.COM E V E I E A S S ET CONNOR BATES TWITTER {X): @CONNORJBATES_ ANALYST/ASZOCIATE PM PHONE: (855) REAL-WEALTH / (855) 732-5932 \\ 1 A N A E M E NT EMAIL; CONNOR@REVEREASSET COM WEB SITE: REVEREASSET.COM TWITTER: @CENNERGATES-",
          "parse_status": "ok",
          "issue_codes": [],
          "ocr_confidence": 63,
          "ocr_profile": "threshold"
        }
      ],
      "parsed_row_count": 2,
      "phash": "c091a52f5ed27c87",
      "prefilter_score": 2.47,
      "prefilter_stats": {
        "brightRatio": 0.44305555555555554,
        "darkRatio": 0.2947222222222222,
        "edgeRatio": 0.2508656632040139,
        "horizontalComparisons": 14151,
        "horizontalEdgeHits": 2335,
        "horizontalEdgeRatio": 0.1650060066426401,
        "meanLuma": 165.93979166666668,
        "stdDev": 90.89819503745773,
        "verticalComparisons": 14151,
        "verticalEdgeHits": 4765,
        "verticalEdgeRatio": 0.3367253197653876
      },
      "score": 106.84,
      "score_breakdown": {
        "chart_likeness": -5.792629143431684,
        "keyword_guard": 0,
        "ocr_confidence_bonus": 3.15,
        "pair_bonus": 4,
        "per_row_issues": 0,
        "per_row_metrics": 16,
        "text_density": 89.48
      },
      "screen_layout": "structured_whiteboard",
      "tickers": [
        "BE",
        "HOOD",
        "INTC",
        "REMX",
        "TAN"
      ],
      "timestamp": 324,
      "timestamp_hms": "00:05:24"
    },
    {
      "confusion_with_nearby": [],
      "frame_index": 60,
      "frame_path": "C:\\Users\\admin\\Projects\\portfolio_analyzer_revere\\data\\video_scan_20260915\\ocr-20260915-backfill\\ocr-20260915-backfill\\ocr_probe\\frames\\20260622_20260622_r9a-jmoqdle_26ee82f4_whiteboard\\ocr\\ocr_000061.png",
      "is_intro_card": false,
      "issue_codes": [],
      "low_res_frame_path": null,
      "nearest_ffmpeg_keyframe_ts": null,
      "observed_date": "20260622",
      "ocr_confidence": 63,
      "ocr_profile": "threshold",
      "ocr_text": "® Preview Fo Est view Go Too Window Hep                                                    G +        AC AH KOO Lom FQ B® Mena\n°:\n2> TALE OF THE TAPE - MONDAY, JUNE 22, 2026 <<\n* MARKET STATE: UPTREND (6/15)                                                                                                             .\n*STOINDEXESOT  34RGB2T 04 NASIT USD TNK/TYX _ vsSd                                               WHAT'S THE MARKET TREND?\n© SENTIMENT: Vi 7 321-3 2711 £6          aan 30.505.0 20.1021 JPET ad s2.000 12.55                                                        *THE GROTECTION GAUGE\"\nDBULL CASE: INITIATE RALLY & TREND 21EMA €6/15\nYBEAR CASE: SUSTAINED BREAK BELOW 21EMA\n* NEWS: WED AH: SMU EARNINGS, THURS: PCE                                                                                                              —    LD]\n+ TODAY'S KEYS: SPX vs 8E 1/2167 QQQVsSET/21ET  R2Kvs BET/21ED                                                     MARKET LEADERS                    Ll]\n*DAYCT:U-1=> ge: +2 21e: +67\n* ACTION:          17530      $7860 1 7265 $7490                                                                    oR TERM 20m) nem\n“SPXO/N 7444-75071 07501 030 7500-75281 L/H 7460-7530                                                                                             ]\n*SPXATR: 1.27%1 SPX -0.37% 60/40-0.14% GRO       TURBO 0.23%                                              em ————\n* SECTORS: BPS USD XB1 REMX KRE TAN SOXX 4 BY% USD UFO CLOU MAGS HACK                                                          [MEIUM TERM (00a) ae  lL ]\n* GRO HOLDINGS: 5PYM,UPRO,5PXL.GHALYK GM) CRDO.FTVT,MRVLLNBIS BE (NTC.HOOD                                                                    _\n* GRO RVAB/REBAR: © ¢0(-2 31%/-7 02%) BUY HOOD ADD to FTNT SELL DOCN D-TRIM BE CRD                                     i —\n* TURBO HOLDINGS: SPY, UPROLLABU BE. MAVLLFROG.DDOG INTC NOK                                                                                                             LONG TERM (200me) war    []\n* TURBO RVAB/REBAR: : 3: (-3.16%/6.40%) BUY NOK ADO ta FROG SELL WOLF\n« BOTTOM UNE:                                                                                                                          4010126 NEUTRAL => UP\n* TUES KEYS: SPX vs 8E/21E QQQvs 86/21E R2K vs BE/21E\n22> SBP500 KEY LEVELS <<<\n#7621 (6/2 INTRADAY ATH}\nP7511 TUES: SEMIS AND TECH GIVE BACK MONDAYS GAINS, DOW ATH\n3/500 THURS: POST-FOMC BCOST TRON RAK WAR MOU\n+7486 (17 20EMA) € 6/12 2 6/58 4/81 _ 2/274 2/254 12d 2/64\n*7328/7405(T 18 SOD/IOWK) € 2/84 2/274 1/211 1/204\n* 6907/6939 {15 2000/40WK)_€ 5/i2F 5/8 SLOPED\nRO “+0015    OREO -0.23%\n.       .                                                  R\nEMAIL: connor@revereasset.com                                      ev e I e   As S et                         Conner Bates\n\n* TWITTER {X}: @ConnorJBates_                                                                                                Analyst/Associate PM\n\n* PHONE: (855) REAL-WEALTH / (855) 732-5932              \\ 1  a n a     e m e nt                    Email; Connor@RevereAsset com\n\n* WEB SITE: revereasset.com                                                                                                    Twitter @Cennergates—\n",
      "ocr_text_snippet": "® Preview Fo Est view Go Too Window Hep G + AC AH KOO Lom FQ B® Mena °: 2> TALE OF THE TAPE - MONDAY, JUNE 22, 2026 << * MARKET STATE: UPTREND (6/15) . *STOINDEXESOT 34RGB2T 04 NASIT USD TNK/TYX _ ...",
      "output_kind": "whiteboard",
      "parsed_observations": [
        {
          "portfolio": "GRO",
          "metrics_raw": "HOLDINGS: 5PYM,UPRO,5PXL.GHALYK GM) CRDO.FTVT,MRVLLNBIS BE (NTC.HOOD _",
          "metric_1": null,
          "metric_2": null,
          "metric_scalar": null,
          "action_text": null,
          "bottom_line": "4010126 NEUTRAL => UP TUES KEYS: SPX VS 8E/21E QQQVS 86/21E R2K VS BE/21E 22> SBP500 KEY LEVELS <<< 7621 (6/2 INTRADAY ATH} P7511 TUES: SEMIS AND TECH GIVE BACK MONDAYS GAINS, DOW ATH 3/500 THURS: POST-FOMC BCOST TRON RAK WAR MOU 7486 (17 20EMA) € 6/12 2 6/58 4/81 _ 2/274 2/254 12D 2/64 7328/7405(T 18 SOD/IOWK) € 2/84 2/274 1/211 1/204 6907/6939 {15 2000/40WK)_€ 5/I2F 5/8 SLOPED RO \"+0015 OREO -0.23% R EMAIL: CONNOR@REVEREASSET.COM EV E I E AS S ET CONNER BATES TWITTER {X}: @CONNORJBATES_ ANALYST/ASSOCIATE PM PHONE: (855) REAL-WEALTH / (855) 732-5932 \\ 1 A N A E M E NT EMAIL; CONNOR@REVEREASSET COM WEB SITE: REVEREASSET.COM TWITTER @CENNERGATES-",
          "parse_status": "ok",
          "issue_codes": [],
          "ocr_confidence": 63,
          "ocr_profile": "threshold"
        },
        {
          "portfolio": "TURBO",
          "metrics_raw": "HOLDINGS: SPY, UPROLLABU BE. MAVLLFROG.DDOG INTC NOK LONG TERM (200ME) WAR []",
          "metric_1": null,
          "metric_2": null,
          "metric_scalar": null,
          "action_text": null,
          "bottom_line": "4010126 NEUTRAL => UP TUES KEYS: SPX VS 8E/21E QQQVS 86/21E R2K VS BE/21E 22> SBP500 KEY LEVELS <<< 7621 (6/2 INTRADAY ATH} P7511 TUES: SEMIS AND TECH GIVE BACK MONDAYS GAINS, DOW ATH 3/500 THURS: POST-FOMC BCOST TRON RAK WAR MOU 7486 (17 20EMA) € 6/12 2 6/58 4/81 _ 2/274 2/254 12D 2/64 7328/7405(T 18 SOD/IOWK) € 2/84 2/274 1/211 1/204 6907/6939 {15 2000/40WK)_€ 5/I2F 5/8 SLOPED RO \"+0015 OREO -0.23% R EMAIL: CONNOR@REVEREASSET.COM EV E I E AS S ET CONNER BATES TWITTER {X}: @CONNORJBATES_ ANALYST/ASSOCIATE PM PHONE: (855) REAL-WEALTH / (855) 732-5932 \\ 1 A N A E M E NT EMAIL; CONNOR@REVEREASSET COM WEB SITE: REVEREASSET.COM TWITTER @CENNERGATES-",
          "parse_status": "ok",
          "issue_codes": [],
          "ocr_confidence": 63,
          "ocr_profile": "threshold"
        }
      ],
      "parsed_row_count": 2,
      "phash": "c091a52f5ed27c87",
      "prefilter_score": 2.49,
      "prefilter_stats": {
        "brightRatio": 0.44277777777777777,
        "darkRatio": 0.2947916666666667,
        "edgeRatio": 0.25167832662002687,
        "horizontalComparisons": 14151,
        "horizontalEdgeHits": 2346,
        "horizontalEdgeRatio": 0.16578333686665253,
        "meanLuma": 165.95152777777778,
        "stdDev": 90.9280370854966,
        "verticalComparisons": 14151,
        "verticalEdgeHits": 4777,
        "verticalEdgeRatio": 0.33757331637340116
      },
      "score": 106.47,
      "score_breakdown": {
        "chart_likeness": -5.763154318977611,
        "keyword_guard": 0,
        "ocr_confidence_bonus": 3.15,
        "pair_bonus": 4,
        "per_row_issues": 0,
        "per_row_metrics": 16,
        "text_density": 89.08
      },
      "screen_layout": "structured_whiteboard",
      "tickers": [
        "BE",
        "HOOD",
        "INTC",
        "REMX",
        "TAN",
        "UPRO"
      ],
      "timestamp": 240,
      "timestamp_hms": "00:04:00"
    },
    {
      "confusion_with_nearby": [],
      "frame_index": 72,
      "frame_path": "C:\\Users\\admin\\Projects\\portfolio_analyzer_revere\\data\\video_scan_20260915\\ocr-20260915-backfill\\ocr-20260915-backfill\\ocr_probe\\frames\\20260622_20260622_r9a-jmoqdle_26ee82f4_whiteboard\\ocr\\ocr_000073.png",
      "is_intro_card": false,
      "issue_codes": [],
      "low_res_frame_path": null,
      "nearest_ffmpeg_keyframe_ts": null,
      "observed_date": "20260622",
      "ocr_confidence": 63,
      "ocr_profile": "threshold",
      "ocr_text": "® Preview Fo C8 ew Go Toot Window Hel                                                    G+        PC A WOO 4 mM FT QB © Moun asm\nean\n2» TALE OF THE TAPE - MONDAY, JUNE 22, 2026 <<\n* MARKET STATE: UPTREND (6/15)                                                                                                             .\n*STOINDEKESOT 34 RGB7T OJ NASIT USD™ TNK/TYX _ vsSd                                               WHAT'S THE MARKET TREND?\n* SENTIMENT: VIX 17 520-3.22151 FRG            aan36 5.0 24.121 FTIR] naam 928341255                                                                   \"THE GROTECTION GAUGE\"\nDBULL CASE: INITIATE RALLY & TREND 21EMA €6/15\nBEAR CASE: SUSTAINED BREAK BELOW 21EMA\n* NEWS: WED AH: SMU EARNINGS, THURS: PCE                                                                                                              i.    |<\n«TODAY'S KEYS: SPX vs BE T/21ET  QQQvsBET/21ET RK vsBET/21E1                                                     MARKET LEADERS                    |]\n*DAYCT:Ul=> Be: +2f 2:50\n* ACTION:          47530      47860 4 7cbs $7490                                                                    [smo Term 2rema) ner\n“SPXO/N 744475071 07501 030 7500-75281 L/H 7460-7530                                                        )                              -\n*SPXATR: 1.27%4 SPX-0.37% 60/40-0.14% GRO     TURBO 0.23%                                    eT              :\n* SECTORS: 1 BPS USD XB: REMX KRE TAN SOXX J BY% USD UFO CLOU MAGS HACK                                                           (eoiom TERM (s0sme) eo\n* GRO HOLDINGS: 5PYM,UPRO.5PXL.GHLLYXWGML.CRDO.FTTMRVLNBIS BE NTC HOOD                                                                                         _                                           \"\n* GRO RVAB/REBAR: © ¢0(-2.31%/-7.02%) BUY HOOD ADD to FINT SELLDOCN D-TRIM BE CRDO                              3       i ———\n* TURBO HOLDINGS: SPY UPROLLABU.BE. MAVLLFROG.DDOG INTC NOK                                                                                                             LONG TERM (200sms) we>    [1]\n* TURBO RVAB/REBAR: : 3: (-3.16%/6 40%) BUY NOK ADD 10 FROG SELL WOLF                                                  20 NEUTRAL -\n« BOTTOM UNE:                                                                                                           1025 KEVTRAL => UP\n* TUES KEYS: SPX ve BE/21E QQQvs 8E/21E  R2K vs BE/21E\n25> SBP500 KEY LEVELS <<<\n* 7621 (6/2 INTRADAY A-T-H)\nP7511 TUES: SEMIS AND TECH GIVE BACK MONDAY'S GAINS, DOW ATH\n753 THURS: POST FOMC BOOST TRON IRAN WAR MOU\n+7436 (17 21EMA) € 6/12 2 6/59 4/81 _ 2/274 2/254 4124 2/61\n*7328/7405( 118 SOD/10WK] € 4/81 2/274 1/211 1/204\n* 6307/6939 (15 2000/40WK) € 5/121 5/8 SLOPED\nNO WrD01%   OREOT-0.23%\n\n* EMAIL: connor @revereasset.com                              |  ev e I e   As S et                       Connor Bates\n\n* TWITTER {X): @ConnorJBates_                                                                                                Anatyst/Aszociate PM\n\n* PHONE: (855) REAL-WEALTH / (855) 732-5932              \\ 1  a n a     e m e nt                     Email; Connor@RevereAsset com\n\n* WEB SITE: revereasset.com                                                                                                    Twitter: @Cennergates.\n",
      "ocr_text_snippet": "® Preview Fo C8 ew Go Toot Window Hel G+ PC A WOO 4 mM FT QB © Moun asm ean 2» TALE OF THE TAPE - MONDAY, JUNE 22, 2026 << * MARKET STATE: UPTREND (6/15) . *STOINDEKESOT 34 RGB7T OJ NASIT USD™ TNK/...",
      "output_kind": "whiteboard",
      "parsed_observations": [
        {
          "portfolio": "GRO",
          "metrics_raw": "HOLDINGS: 5PYM,UPRO.5PXL.GHLLYXWGML.CRDO.FTTMRVLNBIS BE NTC HOOD _ \"",
          "metric_1": null,
          "metric_2": null,
          "metric_scalar": null,
          "action_text": null,
          "bottom_line": "1025 KEVTRAL => UP TUES KEYS: SPX VE BE/21E QQQVS 8E/21E R2K VS BE/21E 25> SBP500 KEY LEVELS <<< 7621 (6/2 INTRADAY A-T-H) P7511 TUES: SEMIS AND TECH GIVE BACK MONDAY'S GAINS, DOW ATH 753 THURS: POST FOMC BOOST TRON IRAN WAR MOU 7436 (17 21EMA) € 6/12 2 6/59 4/81 _ 2/274 2/254 4124 2/61 7328/7405( 118 SOD/10WK] € 4/81 2/274 1/211 1/204 6307/6939 (15 2000/40WK) € 5/121 5/8 SLOPED NO WRD01% OREOT-0.23% EMAIL: CONNOR @REVEREASSET.COM EV E I E AS S ET CONNOR BATES TWITTER {X): @CONNORJBATES_ ANATYST/ASZOCIATE PM PHONE: (855) REAL-WEALTH / (855) 732-5932 \\ 1 A N A E M E NT EMAIL; CONNOR@REVEREASSET COM WEB SITE: REVEREASSET.COM TWITTER: @CENNERGATES.",
          "parse_status": "ok",
          "issue_codes": [],
          "ocr_confidence": 63,
          "ocr_profile": "threshold"
        },
        {
          "portfolio": "TURBO",
          "metrics_raw": "HOLDINGS: SPY UPROLLABU.BE. MAVLLFROG.DDOG INTC NOK LONG TERM (200SMS) WE> [1]",
          "metric_1": null,
          "metric_2": null,
          "metric_scalar": null,
          "action_text": null,
          "bottom_line": "1025 KEVTRAL => UP TUES KEYS: SPX VE BE/21E QQQVS 8E/21E R2K VS BE/21E 25> SBP500 KEY LEVELS <<< 7621 (6/2 INTRADAY A-T-H) P7511 TUES: SEMIS AND TECH GIVE BACK MONDAY'S GAINS, DOW ATH 753 THURS: POST FOMC BOOST TRON IRAN WAR MOU 7436 (17 21EMA) € 6/12 2 6/59 4/81 _ 2/274 2/254 4124 2/61 7328/7405( 118 SOD/10WK] € 4/81 2/274 1/211 1/204 6307/6939 (15 2000/40WK) € 5/121 5/8 SLOPED NO WRD01% OREOT-0.23% EMAIL: CONNOR @REVEREASSET.COM EV E I E AS S ET CONNOR BATES TWITTER {X): @CONNORJBATES_ ANATYST/ASZOCIATE PM PHONE: (855) REAL-WEALTH / (855) 732-5932 \\ 1 A N A E M E NT EMAIL; CONNOR@REVEREASSET COM WEB SITE: REVEREASSET.COM TWITTER: @CENNERGATES.",
          "parse_status": "ok",
          "issue_codes": [],
          "ocr_confidence": 63,
          "ocr_profile": "threshold"
        }
      ],
      "parsed_row_count": 2,
      "phash": "c091a52f5ed27c87",
      "prefilter_score": 2.46,
      "prefilter_stats": {
        "brightRatio": 0.4429166666666667,
        "darkRatio": 0.2947222222222222,
        "edgeRatio": 0.25075966362801216,
        "horizontalComparisons": 14151,
        "horizontalEdgeHits": 2333,
        "horizontalEdgeRatio": 0.16486467387463782,
        "meanLuma": 165.93881944444445,
        "stdDev": 90.895333236431,
        "verticalComparisons": 14151,
        "verticalEdgeHits": 4764,
        "verticalEdgeRatio": 0.33665465338138645
      },
      "score": 106.21,
      "score_breakdown": {
        "chart_likeness": -5.801837131391668,
        "keyword_guard": 0,
        "ocr_confidence_bonus": 3.15,
        "pair_bonus": 4,
        "per_row_issues": 0,
        "per_row_metrics": 17,
        "text_density": 87.86
      },
      "screen_layout": "structured_whiteboard",
      "tickers": [
        "BE",
        "HOOD",
        "INTC",
        "REMX",
        "TAN"
      ],
      "timestamp": 288,
      "timestamp_hms": "00:04:48"
    },
    {
      "confusion_with_nearby": [],
      "frame_index": 69,
      "frame_path": "C:\\Users\\admin\\Projects\\portfolio_analyzer_revere\\data\\video_scan_20260915\\ocr-20260915-backfill\\ocr-20260915-backfill\\ocr_probe\\frames\\20260622_20260622_r9a-jmoqdle_26ee82f4_whiteboard\\ocr\\ocr_000070.png",
      "is_intro_card": false,
      "issue_codes": [],
      "low_res_frame_path": null,
      "nearest_ffmpeg_keyframe_ts": null,
      "observed_date": "20260622",
      "ocr_confidence": 63,
      "ocr_profile": "threshold",
      "ocr_text": "® Preview Fo C8 ew Go Toot Window Hel                                                    G+        PC A WOO 4 mM FT QB © Moun asm\nean\n2» TALE OF THE TAPE - MONDAY, JUNE 22, 2026 <<\n* MARKET STATE: UPTREND (6/15)                                                                                                             .\n*STOINDEKESOT 34 RGB7T OJ NASIT USD™ TNK/TYX _ vsSd                                               WHAT'S THE MARKET TREND?\n* SENTIMENT: VIX 17 520-3.22151 FRG            aan36 5.0 24.121 FTIR] naam 928341255                                                                   \"THE GROTECTION GAUGE\"\nDBULL CASE: INITIATE RALLY & TREND 21EMA €6/15\nBEAR CASE: SUSTAINED BREAK BELOW 21EMA\n* NEWS: WED AH: SMU EARNINGS, THURS: PCE                                                                                                              i.    |<\n«TODAY'S KEYS: SPX vs BE T/21ET  QQQvsBET/21ET RK vsBET/21E1                                                     MARKET LEADERS                    |]\n*DAYCT:Ul=> Be: +2f 2:50\n* ACTION:          47530      47860 4 7cbs $7490                                                                    [smo Term 2rema) ner\n“SPXO/N 744475071 07501 030 7500-75281 L/H 7460-7530                                                        )                              -\n*SPXATR: 1.27%4 SPX-0.37% 60/40-0.14% GRO     TURBO 0.23%                                    eT              :\n* SECTORS: 1 BPS USD XB: REMX KRE TAN SOXX J BY% USD UFO CLOU MAGS HACK                                                           (eoiom TERM (s0sme) eo\n* GRO HOLDINGS: 5PYM,UPRO.5PXL.GHLLYXWGML.CRDO.FTTMRVLNBIS BE NTC HOOD                                                                                         _                                           \"\n* GRO RVAB/REBAR: © ¢0(-2.31%/-7.02%) BUY HOOD ADD to FINT SELLDOCN D-TRIM BE CRDO                              3       i ———\n* TURBO HOLDINGS: SPY UPROLLABU.BE. MAVLLFROG.DDOG INTC NOK                                                                                                             LONG TERM (200sms) we>    [1]\n* TURBO RVAB/REBAR: : 3: (-3.16%/6 40%) BUY NOK ADD 10 FROG SELL WOLF                                                  20 NEUTRAL -\n« BOTTOM UNE:                                                                                                           1025 KEVTRAL => UP\n* TUES KEYS: SPX ve BE/21E QQQvs 8E/21E  R2K vs BE/21E\n25> SBP500 KEY LEVELS <<<\n* 7621 (6/2 INTRADAY A-T-H)\nP7511 TUES: SEMIS AND TECH GIVE BACK MONDAY'S GAINS, DOW ATH\n753 THURS: POST FOMC BOOST TRON IRAN WAR MOU\n+7436 (17 21EMA) € 6/12 2 6/59 4/81 _ 2/274 2/254 4124 2/61\n*7328/7405( 118 SOD/10WK] € 4/81 2/274 1/211 1/204\n* 6307/6939 (15 2000/40WK) € 5/121 5/8 SLOPED\nNO WrD01%   OREOT-0.23%\n\n* EMAIL: connor @revereasset.com                              |  ev e I e   As S et                       Connor Bates\n\n* TWITTER {X): @ConnorJBates_                                                                                                Anatyst/Aszociate PM\n\n* PHONE: (855) REAL-WEALTH / (855) 732-5932              \\ 1  a n a     e m e nt                     Email; Connor@RevereAsset com\n\n* WEB SITE: revereasset.com                                                                                                    Twitter: @Cennergates.\n",
      "ocr_text_snippet": "® Preview Fo C8 ew Go Toot Window Hel G+ PC A WOO 4 mM FT QB © Moun asm ean 2» TALE OF THE TAPE - MONDAY, JUNE 22, 2026 << * MARKET STATE: UPTREND (6/15) . *STOINDEKESOT 34 RGB7T OJ NASIT USD™ TNK/...",
      "output_kind": "whiteboard",
      "parsed_observations": [
        {
          "portfolio": "GRO",
          "metrics_raw": "HOLDINGS: 5PYM,UPRO.5PXL.GHLLYXWGML.CRDO.FTTMRVLNBIS BE NTC HOOD _ \"",
          "metric_1": null,
          "metric_2": null,
          "metric_scalar": null,
          "action_text": null,
          "bottom_line": "1025 KEVTRAL => UP TUES KEYS: SPX VE BE/21E QQQVS 8E/21E R2K VS BE/21E 25> SBP500 KEY LEVELS <<< 7621 (6/2 INTRADAY A-T-H) P7511 TUES: SEMIS AND TECH GIVE BACK MONDAY'S GAINS, DOW ATH 753 THURS: POST FOMC BOOST TRON IRAN WAR MOU 7436 (17 21EMA) € 6/12 2 6/59 4/81 _ 2/274 2/254 4124 2/61 7328/7405( 118 SOD/10WK] € 4/81 2/274 1/211 1/204 6307/6939 (15 2000/40WK) € 5/121 5/8 SLOPED NO WRD01% OREOT-0.23% EMAIL: CONNOR @REVEREASSET.COM EV E I E AS S ET CONNOR BATES TWITTER {X): @CONNORJBATES_ ANATYST/ASZOCIATE PM PHONE: (855) REAL-WEALTH / (855) 732-5932 \\ 1 A N A E M E NT EMAIL; CONNOR@REVEREASSET COM WEB SITE: REVEREASSET.COM TWITTER: @CENNERGATES.",
          "parse_status": "ok",
          "issue_codes": [],
          "ocr_confidence": 63,
          "ocr_profile": "threshold"
        },
        {
          "portfolio": "TURBO",
          "metrics_raw": "HOLDINGS: SPY UPROLLABU.BE. MAVLLFROG.DDOG INTC NOK LONG TERM (200SMS) WE> [1]",
          "metric_1": null,
          "metric_2": null,
          "metric_scalar": null,
          "action_text": null,
          "bottom_line": "1025 KEVTRAL => UP TUES KEYS: SPX VE BE/21E QQQVS 8E/21E R2K VS BE/21E 25> SBP500 KEY LEVELS <<< 7621 (6/2 INTRADAY A-T-H) P7511 TUES: SEMIS AND TECH GIVE BACK MONDAY'S GAINS, DOW ATH 753 THURS: POST FOMC BOOST TRON IRAN WAR MOU 7436 (17 21EMA) € 6/12 2 6/59 4/81 _ 2/274 2/254 4124 2/61 7328/7405( 118 SOD/10WK] € 4/81 2/274 1/211 1/204 6307/6939 (15 2000/40WK) € 5/121 5/8 SLOPED NO WRD01% OREOT-0.23% EMAIL: CONNOR @REVEREASSET.COM EV E I E AS S ET CONNOR BATES TWITTER {X): @CONNORJBATES_ ANATYST/ASZOCIATE PM PHONE: (855) REAL-WEALTH / (855) 732-5932 \\ 1 A N A E M E NT EMAIL; CONNOR@REVEREASSET COM WEB SITE: REVEREASSET.COM TWITTER: @CENNERGATES.",
          "parse_status": "ok",
          "issue_codes": [],
          "ocr_confidence": 63,
          "ocr_profile": "threshold"
        }
      ],
      "parsed_row_count": 2,
      "phash": "c091a52f5ed27c87",
      "prefilter_score": 2.46,
      "prefilter_stats": {
        "brightRatio": 0.4429166666666667,
        "darkRatio": 0.2947222222222222,
        "edgeRatio": 0.25075966362801216,
        "horizontalComparisons": 14151,
        "horizontalEdgeHits": 2333,
        "horizontalEdgeRatio": 0.16486467387463782,
        "meanLuma": 165.93881944444445,
        "stdDev": 90.895333236431,
        "verticalComparisons": 14151,
        "verticalEdgeHits": 4764,
        "verticalEdgeRatio": 0.33665465338138645
      },
      "score": 106.21,
      "score_breakdown": {
        "chart_likeness": -5.801837131391668,
        "keyword_guard": 0,
        "ocr_confidence_bonus": 3.15,
        "pair_bonus": 4,
        "per_row_issues": 0,
        "per_row_metrics": 17,
        "text_density": 87.86
      },
      "screen_layout": "structured_whiteboard",
      "tickers": [
        "BE",
        "HOOD",
        "INTC",
        "REMX",
        "TAN"
      ],
      "timestamp": 276,
      "timestamp_hms": "00:04:36"
    }
  ],
  "top_rejected_candidates": [
    {
      "confusion_with_nearby": [],
      "frame_index": 117,
      "frame_path": "C:\\Users\\admin\\Projects\\portfolio_analyzer_revere\\data\\video_scan_20260915\\ocr-20260915-backfill\\ocr-20260915-backfill\\ocr_probe\\frames\\20260622_20260622_r9a-jmoqdle_26ee82f4_whiteboard\\ocr\\ocr_000118.png",
      "is_intro_card": false,
      "issue_codes": [
        "MISSING_METRIC_LINE",
        "MISSING_BOTTOM_LINE",
        "LOW_OCR_CONFIDENCE"
      ],
      "low_res_frame_path": null,
      "nearest_ffmpeg_keyframe_ts": 468,
      "observed_date": null,
      "ocr_confidence": 32,
      "ocr_profile": "threshold",
      "ocr_text": "# Seer Fie £61 view History Bookmanis Window Help                        a +    PC B® XN © OD Lom FT QB @ Moun a52PW\n.s                                                  da ese\nMamwarsUrer o [JED      x [omy weedy Moony tue om @ Gam. OB: 0\n~ Teradyns, inc.                                                                                 4456.62         457.00\nCox Semone Eas 2045                                  ou       NA Oma esse Mane Hess     [Deere     Ton Cmonn-daon\nPS,     _ oan ahr maa srs sac pio. Goa Own ARTE 300m Arg SAME 31 oa ARR 736%     nw ian     320m 07\nrichie                wo    A Rg UA 00 San BHR Nsom otis DASE PUT SAINI Lo Us 0409 100727500\nconas               EE TE a TN NN oY     0\nHu Es En sue Corning ®           —                                      M\nBo wom iN Coan\nWa am mm mee\nDro AB am an beesnmen or                                        .\nTSW IN ucamRs Rat 8                                an       in\nWR 4 BN Gprsrmeg W                                            oe\nWOR I omens sw                             K     I        -\nX32 UNE came sey Bh                                           wh   [I Jy) me\nWE 3 TN I Suey CroutiRe 0%                       ar     ony   IT\nTre Te ame on seme                              Pa    wa    pa\nThe am el ON Emcee                            ely     i”        1\nitd    bm?          -\nW     [RV\ntr          V                                                      «\nROL   _   v\nvor    gy   we\nra et Wl     ws\nz   rset      -              »                 +                      100\npy                 =               -                  Son\ncons\n180 vole.         -       a                 Ere               RN                    ho\nmw                             Ii       “hit        \"      mi  -                      EE\n00 0 00 gic Te         ~\nEE Th J Ta tr Je A a SR Mt J a a PY\n        ™       -       on        or      ae       Pr       =       sor       oy      an       PM        I\nSows law    Reports   21 0var 21 List 21ftoms © pans 043300 EX 08222026                                om - OD REQ\n[EE    Be oma ee     C Chm Sm lm Ton aap ww WHE) OR AT mvrew BN cvs\nTe fy ae maw we te mm tw ow ® om a 8 ew mon\n= inc Asset Comiation             R  & wic   ott Corp       14004    ste 122m   65s    ©   »   0s   a    3   [    ECT) J\n» 2tomeztia\nPIT Sr e—      wr    we em me ow ww A   Ae ow awmeo\n= TURBO. 12 Lesdar nt\n",
      "ocr_text_snippet": "# Seer Fie £61 view History Bookmanis Window Help a + PC B® XN © OD Lom FT QB @ Moun a52PW .s da ese MamwarsUrer o [JED x [omy weedy Moony tue om @ Gam. OB: 0 ~ Teradyns, inc. 4456.62 457.00 Cox Se...",
      "output_kind": "whiteboard",
      "parsed_observations": [
        {
          "portfolio": "GRO",
          "metrics_raw": null,
          "metric_1": null,
          "metric_2": null,
          "metric_scalar": null,
          "action_text": null,
          "bottom_line": null,
          "parse_status": "review",
          "issue_codes": [
            "MISSING_METRIC_LINE",
            "MISSING_BOTTOM_LINE",
            "LOW_OCR_CONFIDENCE"
          ],
          "ocr_confidence": 32,
          "ocr_profile": "threshold"
        },
        {
          "portfolio": "TURBO",
          "metrics_raw": "HOLDINGS: 12 LESDAR NT",
          "metric_1": null,
          "metric_2": null,
          "metric_scalar": null,
          "action_text": null,
          "bottom_line": null,
          "parse_status": "review",
          "issue_codes": [
            "MISSING_BOTTOM_LINE",
            "LOW_OCR_CONFIDENCE"
          ],
          "ocr_confidence": 32,
          "ocr_profile": "threshold"
        }
      ],
      "parsed_row_count": 2,
      "phash": "80681c39770777d7",
      "prefilter_score": 16.84,
      "prefilter_stats": {
        "brightRatio": 0.7763888888888889,
        "darkRatio": 0.039375,
        "edgeRatio": 0.1560313758744965,
        "horizontalComparisons": 14151,
        "horizontalEdgeHits": 1564,
        "horizontalEdgeRatio": 0.11052222457776835,
        "meanLuma": 226.50590277777778,
        "stdDev": 48.924869768082964,
        "verticalComparisons": 14151,
        "verticalEdgeHits": 2852,
        "verticalEdgeRatio": 0.20154052717122464
      },
      "score": -15.18,
      "score_breakdown": {
        "chart_likeness": -3.7778166061764527,
        "keyword_guard": -18,
        "ocr_confidence_bonus": 1.6,
        "pair_bonus": 0,
        "per_row_issues": -10,
        "per_row_metrics": 7,
        "text_density": 8
      },
      "screen_layout": "tale_of_the_tape",
      "tickers": [
        "BE"
      ],
      "timestamp": 468,
      "timestamp_hms": "00:07:48"
    },
    {
      "confusion_with_nearby": [],
      "frame_index": 0,
      "frame_path": "C:\\Users\\admin\\Projects\\portfolio_analyzer_revere\\data\\video_scan_20260915\\ocr-20260915-backfill\\ocr-20260915-backfill\\ocr_probe\\frames\\20260622_20260622_r9a-jmoqdle_26ee82f4_whiteboard\\ocr\\ocr_000001.png",
      "is_intro_card": false,
      "issue_codes": [
        "MISSING_METRIC_LINE",
        "MISSING_BOTTOM_LINE",
        "LOW_OCR_CONFIDENCE"
      ],
      "low_res_frame_path": null,
      "nearest_ffmpeg_keyframe_ts": 0,
      "observed_date": null,
      "ocr_confidence": 0,
      "ocr_profile": "threshold",
      "ocr_text": "",
      "ocr_text_snippet": "",
      "output_kind": "whiteboard",
      "parsed_observations": [
        {
          "portfolio": "GRO",
          "metrics_raw": null,
          "metric_1": null,
          "metric_2": null,
          "metric_scalar": null,
          "action_text": null,
          "bottom_line": null,
          "parse_status": "review",
          "issue_codes": [
            "MISSING_METRIC_LINE",
            "MISSING_BOTTOM_LINE",
            "LOW_OCR_CONFIDENCE"
          ],
          "ocr_confidence": 0,
          "ocr_profile": "threshold"
        },
        {
          "portfolio": "TURBO",
          "metrics_raw": null,
          "metric_1": null,
          "metric_2": null,
          "metric_scalar": null,
          "action_text": null,
          "bottom_line": null,
          "parse_status": "review",
          "issue_codes": [
            "MISSING_METRIC_LINE",
            "MISSING_BOTTOM_LINE",
            "LOW_OCR_CONFIDENCE"
          ],
          "ocr_confidence": 0,
          "ocr_profile": "threshold"
        }
      ],
      "parsed_row_count": 2,
      "phash": "0000000000000000",
      "prefilter_score": 3.69,
      "prefilter_stats": {
        "brightRatio": 0.4263194444444444,
        "darkRatio": 0.32618055555555553,
        "edgeRatio": 0.2224577768355593,
        "horizontalComparisons": 14151,
        "horizontalEdgeHits": 2264,
        "horizontalEdgeRatio": 0.1599886933785598,
        "meanLuma": 158.24506944444445,
        "stdDev": 94.5249592810201,
        "verticalComparisons": 14151,
        "verticalEdgeHits": 4032,
        "verticalEdgeRatio": 0.2849268602925588
      },
      "score": -15.81,
      "score_breakdown": {
        "chart_likeness": -3.8092146779684963,
        "keyword_guard": 0,
        "ocr_confidence_bonus": 0,
        "pair_bonus": 0,
        "per_row_issues": -12,
        "per_row_metrics": 0,
        "text_density": 0
      },
      "screen_layout": "chart",
      "tickers": [],
      "timestamp": 0,
      "timestamp_hms": "00:00:00"
    },
    {
      "confusion_with_nearby": [],
      "frame_index": 174,
      "frame_path": "C:\\Users\\admin\\Projects\\portfolio_analyzer_revere\\data\\video_scan_20260915\\ocr-20260915-backfill\\ocr-20260915-backfill\\ocr_probe\\frames\\20260622_20260622_r9a-jmoqdle_26ee82f4_whiteboard\\ocr\\ocr_000175.png",
      "is_intro_card": false,
      "issue_codes": [
        "MISSING_METRIC_LINE",
        "MISSING_BOTTOM_LINE",
        "LOW_OCR_CONFIDENCE"
      ],
      "low_res_frame_path": null,
      "nearest_ffmpeg_keyframe_ts": 693.92,
      "observed_date": null,
      "ocr_confidence": 32,
      "ocr_profile": "threshold",
      "ocr_text": "® Seri Fle €ot view Mistry Seokmaks Window Hep                       [= 3S    PC A ¥ © 0 4 mF QB @ Worun2z 456PW\n[SY    Loy wat Mt tn «wm                 EZ ov oc:\n& Hut 8 Corp.                                                                            120.91         121.04\nPiri a         toes acme vous Wh woomkows ai ueace won roam      ot con\nTe     rio wis oes wb ain“      ra     feel\npromt                 tery axsamutr oman. ssi oe oer pri\nGusonze               RR i RE EYE)     ©\nfr aq                                                H\nER Rewind\nW100 MOIS EI RS Rag.  »                                     ren\nTE In mmm ow\n22 BABY IN Blown RS Ratag 98                                                   \"\nmam TN Sener                                             Tha\nHm aes wn en sere © if\nFir                                                4\nTn om oe ay tmemswn wa                                     it    |\nEN Auton                                               fy        sous         -\nTre am emae WE pe AXE                                        =      y;       E\nseor                LAA                       <\nwm            THe NF     .,      .        ‘\ndhe ity        i   IN LS CP                    P\nI ICT       DPS aN)                        :\nir,      AW                 = pes      A\nret nn       ENTITY;        w                  =\nL—                      ny\novine             wo              |                                               w                               um\n-\nitd TT\nee\n-    o    on    -    J    -    Hi    in    -\nSevens |  Lan    Reports.   TURBO-12 Loaders List 12Rems © uoaroa 332 PHET 0622702                             Ow  OR EA\n[i ome         © mm    Be ome we    COE Re BE TH WD mee WES NO 3% eww Oo\nEa TE a a\nJ\nfw um reemmows wm am we ax mw ma a em een\n= TURBO-12 Leaders Uk      |\n= Rew A100               3                                                       |\n",
      "ocr_text_snippet": "® Seri Fle €ot view Mistry Seokmaks Window Hep [= 3S PC A ¥ © 0 4 mF QB @ Worun2z 456PW [SY Loy wat Mt tn «wm EZ ov oc: & Hut 8 Corp. 120.91 121.04 Piri a toes acme vous Wh woomkows ai ueace won ro...",
      "output_kind": "whiteboard",
      "parsed_observations": [
        {
          "portfolio": "GRO",
          "metrics_raw": null,
          "metric_1": null,
          "metric_2": null,
          "metric_scalar": null,
          "action_text": null,
          "bottom_line": null,
          "parse_status": "review",
          "issue_codes": [
            "MISSING_METRIC_LINE",
            "MISSING_BOTTOM_LINE",
            "LOW_OCR_CONFIDENCE"
          ],
          "ocr_confidence": 32,
          "ocr_profile": "threshold"
        },
        {
          "portfolio": "TURBO",
          "metrics_raw": null,
          "metric_1": null,
          "metric_2": null,
          "metric_scalar": null,
          "action_text": null,
          "bottom_line": null,
          "parse_status": "review",
          "issue_codes": [
            "MISSING_METRIC_LINE",
            "MISSING_BOTTOM_LINE",
            "LOW_OCR_CONFIDENCE"
          ],
          "ocr_confidence": 32,
          "ocr_profile": "threshold"
        }
      ],
      "parsed_row_count": 2,
      "phash": "806c1c3976897fce",
      "prefilter_score": 17.17,
      "prefilter_stats": {
        "brightRatio": 0.7734027777777778,
        "darkRatio": 0.03986111111111111,
        "edgeRatio": 0.16094268956257507,
        "horizontalComparisons": 14151,
        "horizontalEdgeHits": 1683,
        "horizontalEdgeRatio": 0.11893152427390291,
        "meanLuma": 227.48159722222223,
        "stdDev": 48.56224608346591,
        "verticalComparisons": 14151,
        "verticalEdgeHits": 2872,
        "verticalEdgeRatio": 0.20295385485124726
      },
      "score": -23.39,
      "score_breakdown": {
        "chart_likeness": -2.9929701673325972,
        "keyword_guard": -18,
        "ocr_confidence_bonus": 1.6,
        "pair_bonus": 0,
        "per_row_issues": -12,
        "per_row_metrics": 0,
        "text_density": 8
      },
      "screen_layout": "tale_of_the_tape",
      "tickers": [
        "BE"
      ],
      "timestamp": 696,
      "timestamp_hms": "00:11:36"
    },
    {
      "confusion_with_nearby": [],
      "frame_index": 93,
      "frame_path": "C:\\Users\\admin\\Projects\\portfolio_analyzer_revere\\data\\video_scan_20260915\\ocr-20260915-backfill\\ocr-20260915-backfill\\ocr_probe\\frames\\20260622_20260622_r9a-jmoqdle_26ee82f4_whiteboard\\ocr\\ocr_000094.png",
      "is_intro_card": false,
      "issue_codes": [
        "MISSING_METRIC_LINE",
        "MISSING_BOTTOM_LINE",
        "LOW_OCR_CONFIDENCE"
      ],
      "low_res_frame_path": null,
      "nearest_ffmpeg_keyframe_ts": 369.92,
      "observed_date": null,
      "ocr_confidence": 32,
      "ocr_profile": "threshold",
      "ocr_text": "# Sear Fie E61 view Mitory Bookmarks Window Help                       a +    PC A ¥ HO Lm FQ B® Moun? a51PM\nIX)                                                          SP\nMarkeTsURor  o BEEN     x [ous Wey Moos tHe sm O                    EZ owe 052 ©\n= DigitalOcean Holdings, Inc.                                                                 165.47        $166.24\nCarp Ste Euiens nv1ast                                  Poom    a Dw AVA AMO baa $1608     Lsorn-oaen     Doc cara 4.06\n. Umops buses oon satus ed sTet Swe) EPSOweOae  OMIING SHDmAmSL SAN NOWATRE AN       ner      Vo 2108 12974\nBsr © Msn       Jeon           HT a 00 hem An om psn sys 4 33 PUET pr Lac Odo 1 sors\nGus              EI NN Te     ©\nwr Es see Comma 8                         /                              =\nBog th %Cw AT Coons |\nRis om man nee ow\nBe 04 mE sweesme                                         0\n20 IE IN aMenmRSRawg 82                                                       y [1\nTm OS Mh Cems Reng Hl |                                     If ity\n23 1% Eh BN DaRmy  B                                    Wen iy\nHU AR 2 UN Cememomy NA                                     ! gM (%   pe.           Pe\nWI 5 eee hoe                                     y\nERAS oon                                             .r       J\nTre Am cme oh pees                                         IEA\n[1]                       100\ni      Gali                          «\nRETR    .\npL\nna      a  ht\nLa)    1       A\neo       AT SRT               CLANS                         IN\nRs. ere    a       wn               NES                    ES\neS     5       =            bd\ncos\n160 volume.              rd                                 T™     hd                      we\nsis ut li            =\naa as ea Sg Eg gg Tag gg Tg gg gr gg Tg EG HE TG GT ag 0\n      oa       ™     bec      Ps      ER      or      ny     wn      ~       ™\now an    Rests Inter Asset Correlation 10 ems Cramer 0453 PET 2622006                            om - CREA\n| some         © ve    Ro 4 oma em    Com TR Em Tor wae mew WEES WOR OT sme BF oe one\n& Sman Alec           |\nRow ow  Swwmowwnes wm on mm os   .  wows   .      .   .   .\nwy Lass                Pa\nRw Te chEvewTwme. oar om   PRT                     .\nFaves                  on                                                                                                                ,\nFE  —\n",
      "ocr_text_snippet": "# Sear Fie E61 view Mitory Bookmarks Window Help a + PC A ¥ HO Lm FQ B® Moun? a51PM IX) SP MarkeTsURor o BEEN x [ous Wey Moos tHe sm O EZ owe 052 © = DigitalOcean Holdings, Inc. 165.47 $166.24 Carp...",
      "output_kind": "whiteboard",
      "parsed_observations": [
        {
          "portfolio": "GRO",
          "metrics_raw": null,
          "metric_1": null,
          "metric_2": null,
          "metric_scalar": null,
          "action_text": null,
          "bottom_line": null,
          "parse_status": "review",
          "issue_codes": [
            "MISSING_METRIC_LINE",
            "MISSING_BOTTOM_LINE",
            "LOW_OCR_CONFIDENCE"
          ],
          "ocr_confidence": 32,
          "ocr_profile": "threshold"
        },
        {
          "portfolio": "TURBO",
          "metrics_raw": null,
          "metric_1": null,
          "metric_2": null,
          "metric_scalar": null,
          "action_text": null,
          "bottom_line": null,
          "parse_status": "review",
          "issue_codes": [
            "MISSING_METRIC_LINE",
            "MISSING_BOTTOM_LINE",
            "LOW_OCR_CONFIDENCE"
          ],
          "ocr_confidence": 32,
          "ocr_profile": "threshold"
        }
      ],
      "parsed_row_count": 2,
      "phash": "806c1c6977907fd6",
      "prefilter_score": 17.49,
      "prefilter_stats": {
        "brightRatio": 0.77375,
        "darkRatio": 0.03993055555555555,
        "edgeRatio": 0.15783336866652534,
        "horizontalComparisons": 14151,
        "horizontalEdgeHits": 1644,
        "horizontalEdgeRatio": 0.1161755352978588,
        "meanLuma": 227.09895833333334,
        "stdDev": 48.95748863411373,
        "verticalComparisons": 14151,
        "verticalEdgeHits": 2823,
        "verticalEdgeRatio": 0.19949120203519186
      },
      "score": -23.45,
      "score_breakdown": {
        "chart_likeness": -3.0484869869113034,
        "keyword_guard": -18,
        "ocr_confidence_bonus": 1.6,
        "pair_bonus": 0,
        "per_row_issues": -12,
        "per_row_metrics": 0,
        "text_density": 8
      },
      "screen_layout": "tale_of_the_tape",
      "tickers": [
        "BE",
        "PL"
      ],
      "timestamp": 372,
      "timestamp_hms": "00:06:12"
    },
    {
      "confusion_with_nearby": [],
      "frame_index": 87,
      "frame_path": "C:\\Users\\admin\\Projects\\portfolio_analyzer_revere\\data\\video_scan_20260915\\ocr-20260915-backfill\\ocr-20260915-backfill\\ocr_probe\\frames\\20260622_20260622_r9a-jmoqdle_26ee82f4_whiteboard\\ocr\\ocr_000088.png",
      "is_intro_card": false,
      "issue_codes": [
        "MISSING_METRIC_LINE",
        "MISSING_BOTTOM_LINE",
        "LOW_OCR_CONFIDENCE"
      ],
      "low_res_frame_path": null,
      "nearest_ffmpeg_keyframe_ts": 348.8,
      "observed_date": null,
      "ocr_confidence": 35,
      "ocr_profile": "threshold",
      "ocr_text": "® Sean Fic Cot view story Seokmmks Window Her                       G+    fC Af % © © L mm FQ Be @ Monn? $30PM\n.                                                                —\nMarkeTsURcE o (EER)    x [omy wewsy Meo tun. ems @                 EZ ome 05s ©\n# Robinhood Markets Inc.                                                                     N/A         $45.09\nrene                                                         vote WA womma¥ ©            wan      ns 0m\n© Saher © ebony                     EPSDaue WA ROWADIWL $0 MamCwp 80 NansCotws     oa\nwo    NA onsen 31% Tow Lin Nn    stn 029501 onze\nCusine              EE a TR Nana ae CoN alain WED Ca NPA  Sachasncs aly     hd\nTEE Sue Comore  rr  3       3                  0\n® xem Aim coma\nNoe\nSenmmRarg ©                                                    wn\nrn nears ©\nFeria |                                 I\nJie                                           fh                “\nEamoge Sonny WA                                                     My\nSout Glow Ra 0%.                                  .           i\nprekeng                                   old\nse wAwoxse                                   ]      ! ho HEE Ry\nAW eT                                  IN     Il Fi              “\nne LLIN                  an       [4 boi\nI        ra                          [       )     fie                           A\ni     dE           =         hr     Uw                     «\nae        oe        i      i          Le RY)        :\n|  at    oi eet    I]   iy\nFi    PL LY        Noi\nvf     l,   |   A                We\n1        (        ii                                                                               ©\nwa     \\     »en               \\\nwar                    we\nEE\nre.\nDota Nat sana\nBD ow om own Bm om om oe Bow uw WN wom ouom mon wm mm ew uw om Bs wm © ow a om\nnn    wr    on    -    ou    ox   oe    ER ee    -    or    ™    on    PM    I\nSeraens.    Lan    Reports.   Inter Asset Correlation 19 Hams  C  Upsaies 04 33 PM ET Ch 220%                            LL  QR EQ\n[ome         © rer    Bo # ema tem    CG TU TL wee mete WRG WOR OT sme BF oie ome\n2 San Aer\nBon ou wens ms on mow os   Sew   .   .   .      .\nMylan                Pa.\nBoe ote cmeoveeme mar om   PR                     .\nFavortes                  on                                                                                                                ,\nFE\n",
      "ocr_text_snippet": "® Sean Fic Cot view story Seokmmks Window Her G+ fC Af % © © L mm FQ Be @ Monn? $30PM . — MarkeTsURcE o (EER) x [omy wewsy Meo tun. ems @ EZ ome 05s © # Robinhood Markets Inc. N/A $45.09 rene vote ...",
      "output_kind": "whiteboard",
      "parsed_observations": [
        {
          "portfolio": "GRO",
          "metrics_raw": null,
          "metric_1": null,
          "metric_2": null,
          "metric_scalar": null,
          "action_text": null,
          "bottom_line": null,
          "parse_status": "review",
          "issue_codes": [
            "MISSING_METRIC_LINE",
            "MISSING_BOTTOM_LINE",
            "LOW_OCR_CONFIDENCE"
          ],
          "ocr_confidence": 35,
          "ocr_profile": "threshold"
        },
        {
          "portfolio": "TURBO",
          "metrics_raw": null,
          "metric_1": null,
          "metric_2": null,
          "metric_scalar": null,
          "action_text": null,
          "bottom_line": null,
          "parse_status": "review",
          "issue_codes": [
            "MISSING_METRIC_LINE",
            "MISSING_BOTTOM_LINE",
            "LOW_OCR_CONFIDENCE"
          ],
          "ocr_confidence": 35,
          "ocr_profile": "threshold"
        }
      ],
      "parsed_row_count": 2,
      "phash": "80701dbd6fc467c6",
      "prefilter_score": 17.23,
      "prefilter_stats": {
        "brightRatio": 0.7648611111111111,
        "darkRatio": 0.03993055555555555,
        "edgeRatio": 0.16083668998657338,
        "horizontalComparisons": 14151,
        "horizontalEdgeHits": 1662,
        "horizontalEdgeRatio": 0.11744753020987916,
        "meanLuma": 226.166875,
        "stdDev": 49.20104871241099,
        "verticalComparisons": 14151,
        "verticalEdgeHits": 2890,
        "verticalEdgeRatio": 0.2042258497632676
      },
      "score": -23.47,
      "score_breakdown": {
        "chart_likeness": -3.2194465237231835,
        "keyword_guard": -18,
        "ocr_confidence_bonus": 1.75,
        "pair_bonus": 0,
        "per_row_issues": -12,
        "per_row_metrics": 0,
        "text_density": 8
      },
      "screen_layout": "tale_of_the_tape",
      "tickers": [
        "BE",
        "PL",
        "TEM"
      ],
      "timestamp": 348,
      "timestamp_hms": "00:05:48"
    }
  ],
  "whiteboard_segments": [
    {
      "capture_count": 3,
      "end_ts": 336,
      "end_hms": "00:05:36",
      "is_intro_card": false,
      "layout": "structured_whiteboard",
      "peak_frame_index": 84,
      "peak_score": 106.84,
      "start_hms": "00:04:00",
      "start_ts": 240
    }
  ],
  "log_path": "C:\\Users\\admin\\Projects\\portfolio_analyzer_revere\\data\\video_scan_20260915\\ocr-20260915-backfill\\ocr-20260915-backfill\\ocr_probe\\logs\\20260622_20260622_r9a-jmoqdle_26ee82f4_whiteboard.json"
}
