# cmd: node tools/scanVideoWithOcr.js --video C:\Users\admin\Projects\portfolio_analyzer_revere\data\video_pipeline\downloads_hires\20260709_Vq6t0TkaHwg.mp4 --date 20260709 --output-root C:\Users\admin\Projects\portfolio_analyzer_revere\data\video_scan_20260915\ocr-20260915-backfill --run-tag ocr-20260915-backfill --ffmpeg-bin c:/Users/admin/AppData/Local/Microsoft/WinGet/Packages/Gyan.FFmpeg_Microsoft.Winget.Source_8wekyb3d8bbwe/ffmpeg-9.0.1-full_build/bin/ffmpeg.exe
[scan:whiteboard] ffprobe found 172 keyframe(s) for nearest-keyframe lookup
[scan:whiteboard] preflighting final whiteboard output extraction
[scan:whiteboard] extracting sample frames from C:\Users\admin\Projects\portfolio_analyzer_revere\data\video_pipeline\downloads_hires\20260709_Vq6t0TkaHwg.mp4
[scan:whiteboard] extracted 212 frame(s) at 0.25 fps with width 640; starting prefilter
[scan:whiteboard] prefilter 1/212 frames after 00:00:00; best prefilter 2.60 at 00:00:00
[scan:whiteboard] prefilter 10/212 frames after 00:00:00; best prefilter 2.61 at 00:00:32
[scan:whiteboard] prefilter 20/212 frames after 00:00:01; best prefilter 2.61 at 00:00:32
[scan:whiteboard] prefilter 30/212 frames after 00:00:01; best prefilter 14.40 at 00:01:52
[scan:whiteboard] prefilter 40/212 frames after 00:00:02; best prefilter 14.46 at 00:02:08
[scan:whiteboard] prefilter 50/212 frames after 00:00:02; best prefilter 14.46 at 00:02:08
[scan:whiteboard] prefilter 60/212 frames after 00:00:03; best prefilter 14.46 at 00:02:08
[scan:whiteboard] prefilter 70/212 frames after 00:00:03; best prefilter 14.77 at 00:04:08
[scan:whiteboard] prefilter 80/212 frames after 00:00:04; best prefilter 14.77 at 00:04:08
[scan:whiteboard] prefilter 90/212 frames after 00:00:04; best prefilter 14.77 at 00:04:08
[scan:whiteboard] prefilter 100/212 frames after 00:00:05; best prefilter 15.21 at 00:06:36
[scan:whiteboard] prefilter 110/212 frames after 00:00:05; best prefilter 15.53 at 00:07:08
[scan:whiteboard] prefilter 120/212 frames after 00:00:06; best prefilter 15.53 at 00:07:08
[scan:whiteboard] prefilter 130/212 frames after 00:00:06; best prefilter 15.53 at 00:07:08
[scan:whiteboard] prefilter 140/212 frames after 00:00:07; best prefilter 15.53 at 00:07:08
[scan:whiteboard] prefilter 150/212 frames after 00:00:07; best prefilter 15.53 at 00:07:08
[scan:whiteboard] prefilter 160/212 frames after 00:00:08; best prefilter 15.53 at 00:07:08
[scan:whiteboard] prefilter 170/212 frames after 00:00:08; best prefilter 15.53 at 00:07:08
[scan:whiteboard] prefilter 180/212 frames after 00:00:09; best prefilter 15.53 at 00:07:08
[scan:whiteboard] prefilter 190/212 frames after 00:00:09; best prefilter 16.15 at 00:12:12
[scan:whiteboard] prefilter 200/212 frames after 00:00:10; best prefilter 16.15 at 00:12:12
[scan:whiteboard] prefilter 210/212 frames after 00:00:10; best prefilter 16.15 at 00:12:12
[scan:whiteboard] prefilter 212/212 frames after 00:00:11; best prefilter 16.15 at 00:12:12
[scan:whiteboard] prefilter kept 60/212 frame(s) for OCR; best prefilter 16.15 at 00:12:12
[scan:whiteboard] extracting OCR candidates from source video at width 1280
[scan:whiteboard] OCR 1/60 frames (1.7%) after 00:00:03; best score -16.68 at 00:00:00 (ocr 0.0)
[scan:whiteboard] OCR 10/60 frames (16.7%) after 00:02:28; best score 56.91 at 00:00:12 (ocr 62.0)
[scan:whiteboard] OCR 20/60 frames (33.3%) after 00:06:33; best score 56.91 at 00:00:12 (ocr 62.0)
[scan:whiteboard] OCR 30/60 frames (50.0%) after 00:09:02; best score 111.00 at 00:05:36 (ocr 62.0)
[scan:whiteboard] OCR 40/60 frames (66.7%) after 00:12:51; best score 113.86 at 00:06:12 (ocr 60.0)
[scan:whiteboard] OCR 50/60 frames (83.3%) after 00:18:07; best score 113.86 at 00:06:12 (ocr 60.0)
[scan:whiteboard] OCR 60/60 frames (100.0%) after 00:20:40; best score 113.86 at 00:06:12 (ocr 60.0)
{
  "date_key": "20260709",
  "output_kind": "whiteboard",
  "video_path": "C:\\Users\\admin\\Projects\\portfolio_analyzer_revere\\data\\video_pipeline\\downloads_hires\\20260709_Vq6t0TkaHwg.mp4",
  "captured_count": 3,
  "captures": [
    {
      "confusion_with_nearby": [],
      "frame_index": 93,
      "frame_path": "C:\\Users\\admin\\Projects\\portfolio_analyzer_revere\\data\\video_scan_20260915\\ocr-20260915-backfill\\ocr-20260915-backfill\\ocr_probe\\frames\\20260709_20260709_vq6t0tkahwg_c0892d1f_whiteboard\\ocr\\ocr_000094.png",
      "is_intro_card": false,
      "issue_codes": [],
      "low_res_frame_path": null,
      "nearest_ffmpeg_keyframe_ts": 371.44,
      "observed_date": "20060708",
      "ocr_confidence": 60,
      "ocr_profile": "threshold",
      "ocr_text": "® Preview ro ER aw Go Toots Window Mel                                                         Go +6        CAO CoM FQ Be Thus son\nean                                             TT wa\nWHAT'S THE MARKET TREND?\n>> TALE OF THE TAPE = THURSDAY, JULY 8, 2006 <<                                                                            “THE GROTECTION GAUGE\"\n* MARKET STATE: UPTREND\n*STOINDEXES2  34-RGB3T 4d NASI? USDY TNX/TYKD vs 5d\n* SENTIMENT: VIX :5.5¢ ( 6.271 F&G         aan 263 14.9 26.5001 TERRY warm a2.95.1.74                                                          EE\nDBULL CASE: INITIATE RALLY & TREND 21EMA  €6/30 2° CLOSE ABOVE\nDBEAR CASE: SUSTAINED BREAK BELOW 21EMA                                                                                                       —————\n* NEWS: OIL SPIKES ON HORMUZ DRAMA. WED: FED MINUTES FRI: SK HYNIX U5. ADR LISTING                                                                    N\n+ TODAY'S KEYS: SPX vs 75511/21E7  QQQ vs 2161/5007 R2K vs BED /21ED                        eng Yl\n*DAYCT: => U1 Bergh Zle:8f                                                                              sso NeuTRAL URLS\nCACTION:0+0.12% 7/500 $7481 17520 TREND UP DAY                                                                          \"\n*SPXO/N 7469-75121 07491 030 7481-75201 L/H 7481-7546                                           _        porn R]]\n* SPX ATR: 1.39%\" SPX+0.81% 60/40 +0.53% GRO +1.01% TURBD +1.32%                            Y     RAL\n* SECTORS: M BPS USD MEME SOXX CHAT JLTS KRE J BY% USD XLE UFO XLU USO                                                                             N   EE J\n* GRO HOLDINGS: SPYA,UPRO, ORAM, SOKLODOS, FTNTLLYKTWLO,DELLAODT HOOD SIMO AMO                                                                    LNG TERM (200ama)\n* GRO RVAB/REBAR: 1.29 (+1 63%/-6.00%) BUY SIMO AMD ADD to HOOD DELL SELL HEDGE SDS                                        anos NEUTRAL URL\n* TURBO HOLDINGS: SPYM.UPRO,BHYP IB. ORAMLETHALASY, 0005 HOOD, TWLO MRVLFTNT ADOT\n* TURBO RVAB/REBAR: 1.81 {-3.43%/-6.7%) AOD to RODT UPRO\n* BOTTOM LINE: > 557 590 :00KING TO BREAKOUT. SLMS, MINGRY, & A STOCKS BOUNCE\n* FRI KEYS: SPX vs 7600/21 QQQus 26/50D R2Kvs SE/21E  SPXATR?\n25> SEP500 KEY LEVELS <<<\n#7621 (6/2 INTRADAY A-T-H)\n7544 TODAY: S&P 500 LOUKING 10 BREAKOUT .. SEMIS, MEMORY, & M STOUKS BOUNCE\n7503 TUES: Al STOCKS HIT HARD AGAIN; R-AI-100 HITS LO; QQQ BREAKS 21E/505\n*7453 (15 21EMA) € 6/29 © 6/233 6/122 6/54 4/82\n*7416/7449( 18 S00/10WK) € 4/89 2/274 1/217 17203\n* 6956/6976 (12 200D/40WK)_€ 5/12 5/8 SLOPE\n* EMAIL: connor@revereasset.com                            | 1  eve T e   As S et\n* TWITTER (X): @ConnorlBat                                                                                          Connor Bates\n(X): @ConnorlBates_                                                                                      Anatyst/Associate PM\n* PHONE: (855) REAL-WEALTH / (855) 732-5932                                                   n                       Email: Conner@RovOroAssot.com\n* WEB SITE: revereasset.com|                                               a n a      e m e                                 Twitter: @ConnarBotos_\n",
      "ocr_text_snippet": "® Preview ro ER aw Go Toots Window Mel Go +6 CAO CoM FQ Be Thus son ean TT wa WHAT'S THE MARKET TREND? >> TALE OF THE TAPE = THURSDAY, JULY 8, 2006 << “THE GROTECTION GAUGE\" * MARKET STATE: UPTREND...",
      "output_kind": "whiteboard",
      "parsed_observations": [
        {
          "portfolio": "GRO",
          "metrics_raw": "HOLDINGS: SPYA,UPRO, ORAM, SOKLODOS, FTNTLLYKTWLO,DELLAODT HOOD SIMO AMO LNG TERM (200AMA)",
          "metric_1": null,
          "metric_2": null,
          "metric_scalar": null,
          "action_text": null,
          "bottom_line": "> 557 590 :00KING TO BREAKOUT. SLMS, MINGRY, & A STOCKS BOUNCE FRI KEYS: SPX VS 7600/21 QQQUS 26/50D R2KVS SE/21E SPXATR? 25> SEP500 KEY LEVELS <<< 7621 (6/2 INTRADAY A-T-H) 7544 TODAY: S&P 500 LOUKING 10 BREAKOUT .. SEMIS, MEMORY, & M STOUKS BOUNCE 7503 TUES: AL STOCKS HIT HARD AGAIN; R-AI-100 HITS LO; QQQ BREAKS 21E/505 7453 (15 21EMA) € 6/29 © 6/233 6/122 6/54 4/82 7416/7449( 18 S00/10WK) € 4/89 2/274 1/217 17203 6956/6976 (12 200D/40WK)_€ 5/12 5/8 SLOPE EMAIL: CONNOR@REVEREASSET.COM 1 EVE T E AS S ET TWITTER (X): @CONNORLBAT CONNOR BATES (X): @CONNORLBATES_ ANATYST/ASSOCIATE PM PHONE: (855) REAL-WEALTH / (855) 732-5932 N EMAIL: CONNER@ROVOROASSOT.COM WEB SITE: REVEREASSET.COM A N A E M E TWITTER: @CONNARBOTOS_",
          "parse_status": "ok",
          "issue_codes": [],
          "ocr_confidence": 60,
          "ocr_profile": "threshold"
        },
        {
          "portfolio": "TURBO",
          "metrics_raw": "HOLDINGS: SPYM.UPRO,BHYP IB. ORAMLETHALASY, 0005 HOOD, TWLO MRVLFTNT ADOT",
          "metric_1": null,
          "metric_2": null,
          "metric_scalar": null,
          "action_text": null,
          "bottom_line": "> 557 590 :00KING TO BREAKOUT. SLMS, MINGRY, & A STOCKS BOUNCE FRI KEYS: SPX VS 7600/21 QQQUS 26/50D R2KVS SE/21E SPXATR? 25> SEP500 KEY LEVELS <<< 7621 (6/2 INTRADAY A-T-H) 7544 TODAY: S&P 500 LOUKING 10 BREAKOUT .. SEMIS, MEMORY, & M STOUKS BOUNCE 7503 TUES: AL STOCKS HIT HARD AGAIN; R-AI-100 HITS LO; QQQ BREAKS 21E/505 7453 (15 21EMA) € 6/29 © 6/233 6/122 6/54 4/82 7416/7449( 18 S00/10WK) € 4/89 2/274 1/217 17203 6956/6976 (12 200D/40WK)_€ 5/12 5/8 SLOPE EMAIL: CONNOR@REVEREASSET.COM 1 EVE T E AS S ET TWITTER (X): @CONNORLBAT CONNOR BATES (X): @CONNORLBATES_ ANATYST/ASSOCIATE PM PHONE: (855) REAL-WEALTH / (855) 732-5932 N EMAIL: CONNER@ROVOROASSOT.COM WEB SITE: REVEREASSET.COM A N A E M E TWITTER: @CONNARBOTOS_",
          "parse_status": "ok",
          "issue_codes": [],
          "ocr_confidence": 60,
          "ocr_profile": "threshold"
        }
      ],
      "parsed_row_count": 2,
      "phash": "c291a12dded27c8d",
      "prefilter_score": 1.54,
      "prefilter_stats": {
        "brightRatio": 0.42354166666666665,
        "darkRatio": 0.3136805555555556,
        "edgeRatio": 0.24598968270793584,
        "horizontalComparisons": 14151,
        "horizontalEdgeHits": 2253,
        "horizontalEdgeRatio": 0.15921136315454737,
        "meanLuma": 160.4765277777778,
        "stdDev": 93.4749818231197,
        "verticalComparisons": 14151,
        "verticalEdgeHits": 4709,
        "verticalEdgeRatio": 0.3327680022613243
      },
      "score": 113.86,
      "score_breakdown": {
        "chart_likeness": -6,
        "keyword_guard": 0,
        "ocr_confidence_bonus": 3,
        "pair_bonus": 4,
        "per_row_issues": 0,
        "per_row_metrics": 17,
        "text_density": 95.86
      },
      "screen_layout": "structured_whiteboard",
      "tickers": [
        "BE",
        "DELL",
        "HOOD",
        "SSO",
        "UPRO"
      ],
      "timestamp": 372,
      "timestamp_hms": "00:06:12",
      "output_path": "C:\\Users\\admin\\Projects\\portfolio_analyzer_revere\\data\\video_scan_20260915\\ocr-20260915-backfill\\ocr-20260915-backfill\\screenshots\\20260709_ps_4.png"
    },
    {
      "confusion_with_nearby": [],
      "frame_index": 81,
      "frame_path": "C:\\Users\\admin\\Projects\\portfolio_analyzer_revere\\data\\video_scan_20260915\\ocr-20260915-backfill\\ocr-20260915-backfill\\ocr_probe\\frames\\20260709_20260709_vq6t0tkahwg_c0892d1f_whiteboard\\ocr\\ocr_000082.png",
      "is_intro_card": false,
      "issue_codes": [],
      "low_res_frame_path": null,
      "nearest_ffmpeg_keyframe_ts": 326.32,
      "observed_date": "20060709",
      "ocr_confidence": 62,
      "ocr_profile": "threshold",
      "ocr_text": "® Preview Fro Et aw Go Tots Window Heb                                                   Go +6       MC 8 OC om FQ RB © Theo aso\nesa                                             wa |\nWHAT'S THE MARKET TREND?\n>> TALE OF THE TAPE ~ THURSDAY, JULY 9, 2006 <<                                                                            “THE GROTECTION GAUGE\"\n* MARKET STATE: UPTREND\n*STOINDEXES2  3L-RGB3T 4d NAST USDY TNX/TYK® vs 5d\n* SENTIMENT: VIX 15.5: { 6.2771 F&G         AAD 26.3 049 26590. TEER anima £2.95 1.74                                                                 Fa)\nDBULL CASE: INITIATE RALLY & TREND 21EMA  €6/30 2% CLOSE ABOVE\nDBEAR CASE: SUSTAINED BREAK BELOW 21EMA\n* NEWS: OIL SPIKES ON HORMUZ DRAMA. WED: FED MINUTES FRI: SK HYNIX U.5. ADR LISTING                                                                    N\n+ TODAY'S KEYS: SPX vs 75511/21E7  QQQvs 2167/5007 R2K vs 8EM/21ED                         epg YN\n*DAYCT: => Ul 8e:81 21:87                                                                     ETA ——\nCACTION: 0+0.12% 4/500 $7481 17520 TREND UP DAY                                                                                       ~\n*SPXO/N 7469-75121 07491 030 7481-75201 L/H 7481-7546                                      _       Ey a\n* SPX ATR: 1.39% SPX 081% 60/40+0.53% GRO +1.01% TURBO +1.32%                                3      17125 NEUTRAL => UP\n* SECTORS: 1 BP USD MEME SOXX CHAT JLTS KRE J, 8Y% USD XLE UFO XLU USO                                                                           N   EE J\n* GRO HOLDINGS: SPYM,UPRO,0RAM SKI, 0006, FTNT.LLYX,TWLO, DELLRODT HOO SIMO AMO                                                                    Lone TERM (2osemal\n* GRO RVAB/REBAR: 1.29 (-1.63%/-6.00%) BUY SIMO AMD ADD ta HOOD DELL SELL HEDGE SDS                                        anos NEUTRAL URL\n* TURBO HOLDINGS: 5¢YM.UPRO,BHYP. JBI SRAMLETHALASU, 0005 HOOD, TWLO MRVLFTNT ADOT\n* TURBO RVAB/REBAR: 1.81 {-3.43%/-6.7%) AOD to RODT UPRO\n* BOTTOM UNE: > 55° 590 100KING 10 BREAKOUT... SES, MEMORY, & AI STOCKS BOUNCE\n* FRI KEYS: SPX vs 7600/21 QQQvs 226/50D R2Kvs SE/21E  SPXATR?\n23> SEPE00 KEY LEVELS <<<\n#7621 (6/2_INTRADAY A-T-H)\n7544 TODAY: S&P 500 LOOKING 10 BREAKOUT .. SEMI'S, MEMORY, & A S10CXS BOUNCL\n7503 TUES: Al STOCKS HIT HARD AGAIN; R-A1-100 HITS LO; QQQ BREAKS 21E/505\n* 7453 (15 21EMA) € 6/29 1 6/234 6/124 &/54 4/8%\n*7416/7449(1 8 S00/10WK} € 4/89 2/274 1/217 1/203\n* 6956/6976 (1-4 200D/40WK]_€ 5/121 5/8 SLOPE\n* EMAIL: connor@revereasset.com                            | 1  eve T e   As S et\n* TWITTER (X): @ConnorlBat                                                                                Connor Bates\n(X): @ConnoriBates_                                                   Anatyst/Associate PM\n* PHONE: (855) REAL-WEALTH / (855) 732-5932                                                   n                       Email: Connor@RovoroAssot com\n* WEB SITE: revereasset.com|                                               a n a      e m e                                 Twittor: @ConnarBatos_\n",
      "ocr_text_snippet": "® Preview Fro Et aw Go Tots Window Heb Go +6 MC 8 OC om FQ RB © Theo aso esa wa | WHAT'S THE MARKET TREND? >> TALE OF THE TAPE ~ THURSDAY, JULY 9, 2006 << “THE GROTECTION GAUGE\" * MARKET STATE: UPT...",
      "output_kind": "whiteboard",
      "parsed_observations": [
        {
          "portfolio": "GRO",
          "metrics_raw": "HOLDINGS: SPYM,UPRO,0RAM SKI, 0006, FTNT.LLYX,TWLO, DELLRODT HOO SIMO AMO LONE TERM (2OSEMAL",
          "metric_1": null,
          "metric_2": null,
          "metric_scalar": null,
          "action_text": null,
          "bottom_line": "> 55° 590 100KING 10 BREAKOUT... SES, MEMORY, & AI STOCKS BOUNCE FRI KEYS: SPX VS 7600/21 QQQVS 226/50D R2KVS SE/21E SPXATR? 23> SEPE00 KEY LEVELS <<< 7621 (6/2_INTRADAY A-T-H) 7544 TODAY: S&P 500 LOOKING 10 BREAKOUT .. SEMI'S, MEMORY, & A S10CXS BOUNCL 7503 TUES: AL STOCKS HIT HARD AGAIN; R-A1-100 HITS LO; QQQ BREAKS 21E/505 7453 (15 21EMA) € 6/29 1 6/234 6/124 &/54 4/8% 7416/7449(1 8 S00/10WK} € 4/89 2/274 1/217 1/203 6956/6976 (1-4 200D/40WK]_€ 5/121 5/8 SLOPE EMAIL: CONNOR@REVEREASSET.COM 1 EVE T E AS S ET TWITTER (X): @CONNORLBAT CONNOR BATES (X): @CONNORIBATES_ ANATYST/ASSOCIATE PM PHONE: (855) REAL-WEALTH / (855) 732-5932 N EMAIL: CONNOR@ROVOROASSOT COM WEB SITE: REVEREASSET.COM A N A E M E TWITTOR: @CONNARBATOS_",
          "parse_status": "ok",
          "issue_codes": [],
          "ocr_confidence": 62,
          "ocr_profile": "threshold"
        },
        {
          "portfolio": "TURBO",
          "metrics_raw": "HOLDINGS: 5¢YM.UPRO,BHYP. JBI SRAMLETHALASU, 0005 HOOD, TWLO MRVLFTNT ADOT",
          "metric_1": null,
          "metric_2": null,
          "metric_scalar": null,
          "action_text": null,
          "bottom_line": "> 55° 590 100KING 10 BREAKOUT... SES, MEMORY, & AI STOCKS BOUNCE FRI KEYS: SPX VS 7600/21 QQQVS 226/50D R2KVS SE/21E SPXATR? 23> SEPE00 KEY LEVELS <<< 7621 (6/2_INTRADAY A-T-H) 7544 TODAY: S&P 500 LOOKING 10 BREAKOUT .. SEMI'S, MEMORY, & A S10CXS BOUNCL 7503 TUES: AL STOCKS HIT HARD AGAIN; R-A1-100 HITS LO; QQQ BREAKS 21E/505 7453 (15 21EMA) € 6/29 1 6/234 6/124 &/54 4/8% 7416/7449(1 8 S00/10WK} € 4/89 2/274 1/217 1/203 6956/6976 (1-4 200D/40WK]_€ 5/121 5/8 SLOPE EMAIL: CONNOR@REVEREASSET.COM 1 EVE T E AS S ET TWITTER (X): @CONNORLBAT CONNOR BATES (X): @CONNORIBATES_ ANATYST/ASSOCIATE PM PHONE: (855) REAL-WEALTH / (855) 732-5932 N EMAIL: CONNOR@ROVOROASSOT COM WEB SITE: REVEREASSET.COM A N A E M E TWITTOR: @CONNARBATOS_",
          "parse_status": "ok",
          "issue_codes": [],
          "ocr_confidence": 62,
          "ocr_profile": "threshold"
        }
      ],
      "parsed_row_count": 2,
      "phash": "c291a12dded27c8d",
      "prefilter_score": 1.54,
      "prefilter_stats": {
        "brightRatio": 0.42375,
        "darkRatio": 0.31354166666666666,
        "edgeRatio": 0.24637834781994206,
        "horizontalComparisons": 14151,
        "horizontalEdgeHits": 2257,
        "horizontalEdgeRatio": 0.1594940286905519,
        "meanLuma": 160.49375,
        "stdDev": 93.48657933892466,
        "verticalComparisons": 14151,
        "verticalEdgeHits": 4716,
        "verticalEdgeRatio": 0.3332626669493322
      },
      "score": 110.96,
      "score_breakdown": {
        "chart_likeness": -6,
        "keyword_guard": 0,
        "ocr_confidence_bonus": 3.1,
        "pair_bonus": 4,
        "per_row_issues": 0,
        "per_row_metrics": 18,
        "text_density": 91.86
      },
      "screen_layout": "structured_whiteboard",
      "tickers": [
        "DELL",
        "HOOD",
        "SPYM",
        "UPRO"
      ],
      "timestamp": 324,
      "timestamp_hms": "00:05:24",
      "output_path": "C:\\Users\\admin\\Projects\\portfolio_analyzer_revere\\data\\video_scan_20260915\\ocr-20260915-backfill\\ocr-20260915-backfill\\screenshots\\20260709_ps_5.png"
    },
    {
      "confusion_with_nearby": [],
      "frame_index": 69,
      "frame_path": "C:\\Users\\admin\\Projects\\portfolio_analyzer_revere\\data\\video_scan_20260915\\ocr-20260915-backfill\\ocr-20260915-backfill\\ocr_probe\\frames\\20260709_20260709_vq6t0tkahwg_c0892d1f_whiteboard\\ocr\\ocr_000070.png",
      "is_intro_card": false,
      "issue_codes": [],
      "low_res_frame_path": null,
      "nearest_ffmpeg_keyframe_ts": 276.44,
      "observed_date": "20260709",
      "ocr_confidence": 62,
      "ocr_profile": "threshold",
      "ocr_text": "® Preview Fro ER aw Go Touts Window Heb                                                   Go +6       MC 4 ® Cm FQ RB © Theo asses\nCER)                                             TT wa\nWHAT'S THE MARKET TREND?\n\n>> TALE OF THE TAPE ~ THURSDAY, JULY 9, 2026 <<                                                                            “THE GROTECTION GAUGE\"\n\n* MARKET STATE: UPTREND\n\n*STOINDEXES2  34-RGB3T 4d NASI USD TNX/TYK™ vs 5d\n* SENTIMENT: VIX 15.5: { 5.271 F&G          AA 26.3 049 26.590. TEER waaim 12.95 1.74\n\nDBULL CASE: INITIATE RALLY & TREND 21EMA  €6/30 2° CLOSE ABOVE\n\nBEAR CASE: SUSTAINED BREAK BELOW Z1EMA\n\n* NEWS: OIL SPIKES ON HORMUZ DRAMA WED: FED MINUTES FRI: SK MYNIX U.S. ADR LISTING                                                                   —\n\n+ TODAY'S KEYS: SPX vs 75511/21ET  QQQvs 21E7/50DT  R2K vs BED /21ED                        enya YN\n*DAYCT: => Ul Be:st 21e:87                                                                     sop mewTRAL UP Lo\n\n* ACTION: 0 +0.12% 47500      $7481 17520 TREND UP DAY                                                                                        N\n\n*SPXO/N 7469-75121 07491 030 7481-75201 L/H 7481-7546                                      _       ore |__|]\n* SPX ATR: 1.39% SPX +0.81% 60/40 +0.53% GRO +1.01% TURBO +1.32%                            Y     RAL id\n\n* SECTORS: 1 BPS USD MEME SOXX CHAT JLTS KRE J, 8Y% USD XLE UFO XLU USO                                                                           N   EE J\n\n* GRO HOLDINGS: SPYM,UPRO,0RAM SOKL, 0006, FTNT LLY, TWLO, DELLRDDT HOO SIMO AMO                                                                    LMG TERM (20damal\n\n* GRO RVAB/REBAR: 1.23 (+1 63%/-6.00%) BUY SIMO AMD ADD ta HOOD DELL SELL HEDGE SDS                                                 1026 NEVTRAL> URL\n\n* TURBO HOLDINGS: SFYM.UPRO,BHYP.JBT SRAMLETHALASU,000G HOOD, TWLO MAVL TNT ROOT\n\n* TURBO RVAB/REBAR: 1.81 {-3.43%/-6.7%) AOD to RODT UPRO\n\n* BOTTOM UNE: > 547 500 :0CKING 10 BRIAKOUT | 5M°S, MINORY, & A STOCKS BOUNCE\n\n* FRI KEYS: SPX vs 7600/21 QQQvs 226/50D R2Kvs 8E/21E SPX ATR?\n\n22> SEPE00 KEY LEVELS <<<\n\n#7621 (6/2_INTRADAY A-T-H)\n\n7544 TODAY: S&P 500 LODKING 10 BREAKOUT ..SEMI'S, MEMORY, & M 510CXS BOUNCE\n\n7503 TUES: Af STOCKS HIT HARD AGAIN; R-AI-100 HITS LO; QQQ BREAKS 21E/505\n\n* 7453 (15 21EMA) € 6/29 1 6/238 6/124 §/54 4/82\n\n*7416/7449( 18 500/10WK) € 4/81 2/274 y21T 1720\n\n* 6956/6976 (14 2000/40WK)_€ 5/12 5/8 SLOPE\n* EMAIL: connor@revereasset.com                           | 1  eve T e   As S et\n* TWITTER (X): @ConnorlBat                                                                                Connor Bates\n\n(X): @ConnorlBates_                                                                            Anatyst/Associate PM\n\n* PHONE: (855) REAL-WEALTH / (855) 732-5932                                                   n                       Email: Connor@RovoroAssot com\n* WEB SITE: revereasset.com|                                              a n a      e m e                                Twitter: @ConnorBotos_\n",
      "ocr_text_snippet": "® Preview Fro ER aw Go Touts Window Heb Go +6 MC 4 ® Cm FQ RB © Theo asses CER) TT wa WHAT'S THE MARKET TREND? >> TALE OF THE TAPE ~ THURSDAY, JULY 9, 2026 << “THE GROTECTION GAUGE\" * MARKET STATE:...",
      "output_kind": "whiteboard",
      "parsed_observations": [
        {
          "portfolio": "GRO",
          "metrics_raw": "HOLDINGS: SPYM,UPRO,0RAM SOKL, 0006, FTNT LLY, TWLO, DELLRDDT HOO SIMO AMO LMG TERM (20DAMAL",
          "metric_1": null,
          "metric_2": null,
          "metric_scalar": null,
          "action_text": null,
          "bottom_line": "> 547 500 :0CKING 10 BRIAKOUT 5M°S, MINORY, & A STOCKS BOUNCE FRI KEYS: SPX VS 7600/21 QQQVS 226/50D R2KVS 8E/21E SPX ATR? 22> SEPE00 KEY LEVELS <<< 7621 (6/2_INTRADAY A-T-H) 7544 TODAY: S&P 500 LODKING 10 BREAKOUT ..SEMI'S, MEMORY, & M 510CXS BOUNCE 7503 TUES: AF STOCKS HIT HARD AGAIN; R-AI-100 HITS LO; QQQ BREAKS 21E/505 7453 (15 21EMA) € 6/29 1 6/238 6/124 §/54 4/82 7416/7449( 18 500/10WK) € 4/81 2/274 Y21T 1720 6956/6976 (14 2000/40WK)_€ 5/12 5/8 SLOPE EMAIL: CONNOR@REVEREASSET.COM 1 EVE T E AS S ET TWITTER (X): @CONNORLBAT CONNOR BATES (X): @CONNORLBATES_ ANATYST/ASSOCIATE PM PHONE: (855) REAL-WEALTH / (855) 732-5932 N EMAIL: CONNOR@ROVOROASSOT COM WEB SITE: REVEREASSET.COM A N A E M E TWITTER: @CONNORBOTOS_",
          "parse_status": "ok",
          "issue_codes": [],
          "ocr_confidence": 62,
          "ocr_profile": "threshold"
        },
        {
          "portfolio": "TURBO",
          "metrics_raw": "HOLDINGS: SFYM.UPRO,BHYP.JBT SRAMLETHALASU,000G HOOD, TWLO MAVL TNT ROOT",
          "metric_1": null,
          "metric_2": null,
          "metric_scalar": null,
          "action_text": null,
          "bottom_line": "> 547 500 :0CKING 10 BRIAKOUT 5M°S, MINORY, & A STOCKS BOUNCE FRI KEYS: SPX VS 7600/21 QQQVS 226/50D R2KVS 8E/21E SPX ATR? 22> SEPE00 KEY LEVELS <<< 7621 (6/2_INTRADAY A-T-H) 7544 TODAY: S&P 500 LODKING 10 BREAKOUT ..SEMI'S, MEMORY, & M 510CXS BOUNCE 7503 TUES: AF STOCKS HIT HARD AGAIN; R-AI-100 HITS LO; QQQ BREAKS 21E/505 7453 (15 21EMA) € 6/29 1 6/238 6/124 §/54 4/82 7416/7449( 18 500/10WK) € 4/81 2/274 Y21T 1720 6956/6976 (14 2000/40WK)_€ 5/12 5/8 SLOPE EMAIL: CONNOR@REVEREASSET.COM 1 EVE T E AS S ET TWITTER (X): @CONNORLBAT CONNOR BATES (X): @CONNORLBATES_ ANATYST/ASSOCIATE PM PHONE: (855) REAL-WEALTH / (855) 732-5932 N EMAIL: CONNOR@ROVOROASSOT COM WEB SITE: REVEREASSET.COM A N A E M E TWITTER: @CONNORBOTOS_",
          "parse_status": "ok",
          "issue_codes": [],
          "ocr_confidence": 62,
          "ocr_profile": "threshold"
        }
      ],
      "parsed_row_count": 2,
      "phash": "c291a12dded27c8d",
      "prefilter_score": 1.54,
      "prefilter_stats": {
        "brightRatio": 0.4236111111111111,
        "darkRatio": 0.3134722222222222,
        "edgeRatio": 0.24651968058794432,
        "horizontalComparisons": 14151,
        "horizontalEdgeHits": 2265,
        "horizontalEdgeRatio": 0.16005935976256094,
        "meanLuma": 160.52694444444444,
        "stdDev": 93.45642089942378,
        "verticalComparisons": 14151,
        "verticalEdgeHits": 4712,
        "verticalEdgeRatio": 0.3329800014133277
      },
      "score": 109.88,
      "score_breakdown": {
        "chart_likeness": -6,
        "keyword_guard": 0,
        "ocr_confidence_bonus": 3.1,
        "pair_bonus": 4,
        "per_row_issues": 0,
        "per_row_metrics": 17,
        "text_density": 91.78
      },
      "screen_layout": "structured_whiteboard",
      "tickers": [
        "BE",
        "DELL",
        "HOOD",
        "SPYM",
        "UPRO"
      ],
      "timestamp": 276,
      "timestamp_hms": "00:04:36",
      "output_path": "C:\\Users\\admin\\Projects\\portfolio_analyzer_revere\\data\\video_scan_20260915\\ocr-20260915-backfill\\ocr-20260915-backfill\\screenshots\\20260709_ps_6.png"
    }
  ],
  "frame_count": 212,
  "frame_error_count": 0,
  "frame_errors": [],
  "max_captures_per_video": 3,
  "nearest_ffmpeg_keyframe_lookups_skipped": false,
  "nearest_ffmpeg_keyframe_pts_total": 172,
  "ocr_engine_metadata": {
    "tesseract_version": "6.0.1",
    "language": "eng",
    "dpi": 300,
    "psm": null,
    "preserve_interword_spaces": "1",
    "deskew": false
  },
  "ocr_frame_count": 60,
  "ocr_frame_width": 1280,
  "output_path": "C:\\Users\\admin\\Projects\\portfolio_analyzer_revere\\data\\video_scan_20260915\\ocr-20260915-backfill\\ocr-20260915-backfill\\screenshots\\20260709_ps_4.png",
  "prefilter_best_score": 16.15,
  "review_threshold": 4,
  "sample_frame_width": 640,
  "status": "done",
  "strong_threshold": 6,
  "top_candidate": {
    "confusion_with_nearby": [],
    "frame_index": 93,
    "frame_path": "C:\\Users\\admin\\Projects\\portfolio_analyzer_revere\\data\\video_scan_20260915\\ocr-20260915-backfill\\ocr-20260915-backfill\\ocr_probe\\frames\\20260709_20260709_vq6t0tkahwg_c0892d1f_whiteboard\\ocr\\ocr_000094.png",
    "is_intro_card": false,
    "issue_codes": [],
    "low_res_frame_path": null,
    "nearest_ffmpeg_keyframe_ts": 371.44,
    "observed_date": "20060708",
    "ocr_confidence": 60,
    "ocr_profile": "threshold",
    "ocr_text": "® Preview ro ER aw Go Toots Window Mel                                                         Go +6        CAO CoM FQ Be Thus son\nean                                             TT wa\nWHAT'S THE MARKET TREND?\n>> TALE OF THE TAPE = THURSDAY, JULY 8, 2006 <<                                                                            “THE GROTECTION GAUGE\"\n* MARKET STATE: UPTREND\n*STOINDEXES2  34-RGB3T 4d NASI? USDY TNX/TYKD vs 5d\n* SENTIMENT: VIX :5.5¢ ( 6.271 F&G         aan 263 14.9 26.5001 TERRY warm a2.95.1.74                                                          EE\nDBULL CASE: INITIATE RALLY & TREND 21EMA  €6/30 2° CLOSE ABOVE\nDBEAR CASE: SUSTAINED BREAK BELOW 21EMA                                                                                                       —————\n* NEWS: OIL SPIKES ON HORMUZ DRAMA. WED: FED MINUTES FRI: SK HYNIX U5. ADR LISTING                                                                    N\n+ TODAY'S KEYS: SPX vs 75511/21E7  QQQ vs 2161/5007 R2K vs BED /21ED                        eng Yl\n*DAYCT: => U1 Bergh Zle:8f                                                                              sso NeuTRAL URLS\nCACTION:0+0.12% 7/500 $7481 17520 TREND UP DAY                                                                          \"\n*SPXO/N 7469-75121 07491 030 7481-75201 L/H 7481-7546                                           _        porn R]]\n* SPX ATR: 1.39%\" SPX+0.81% 60/40 +0.53% GRO +1.01% TURBD +1.32%                            Y     RAL\n* SECTORS: M BPS USD MEME SOXX CHAT JLTS KRE J BY% USD XLE UFO XLU USO                                                                             N   EE J\n* GRO HOLDINGS: SPYA,UPRO, ORAM, SOKLODOS, FTNTLLYKTWLO,DELLAODT HOOD SIMO AMO                                                                    LNG TERM (200ama)\n* GRO RVAB/REBAR: 1.29 (+1 63%/-6.00%) BUY SIMO AMD ADD to HOOD DELL SELL HEDGE SDS                                        anos NEUTRAL URL\n* TURBO HOLDINGS: SPYM.UPRO,BHYP IB. ORAMLETHALASY, 0005 HOOD, TWLO MRVLFTNT ADOT\n* TURBO RVAB/REBAR: 1.81 {-3.43%/-6.7%) AOD to RODT UPRO\n* BOTTOM LINE: > 557 590 :00KING TO BREAKOUT. SLMS, MINGRY, & A STOCKS BOUNCE\n* FRI KEYS: SPX vs 7600/21 QQQus 26/50D R2Kvs SE/21E  SPXATR?\n25> SEP500 KEY LEVELS <<<\n#7621 (6/2 INTRADAY A-T-H)\n7544 TODAY: S&P 500 LOUKING 10 BREAKOUT .. SEMIS, MEMORY, & M STOUKS BOUNCE\n7503 TUES: Al STOCKS HIT HARD AGAIN; R-AI-100 HITS LO; QQQ BREAKS 21E/505\n*7453 (15 21EMA) € 6/29 © 6/233 6/122 6/54 4/82\n*7416/7449( 18 S00/10WK) € 4/89 2/274 1/217 17203\n* 6956/6976 (12 200D/40WK)_€ 5/12 5/8 SLOPE\n* EMAIL: connor@revereasset.com                            | 1  eve T e   As S et\n* TWITTER (X): @ConnorlBat                                                                                          Connor Bates\n(X): @ConnorlBates_                                                                                      Anatyst/Associate PM\n* PHONE: (855) REAL-WEALTH / (855) 732-5932                                                   n                       Email: Conner@RovOroAssot.com\n* WEB SITE: revereasset.com|                                               a n a      e m e                                 Twitter: @ConnarBotos_\n",
    "ocr_text_snippet": "® Preview ro ER aw Go Toots Window Mel Go +6 CAO CoM FQ Be Thus son ean TT wa WHAT'S THE MARKET TREND? >> TALE OF THE TAPE = THURSDAY, JULY 8, 2006 << “THE GROTECTION GAUGE\" * MARKET STATE: UPTREND...",
    "output_kind": "whiteboard",
    "parsed_observations": [
      {
        "portfolio": "GRO",
        "metrics_raw": "HOLDINGS: SPYA,UPRO, ORAM, SOKLODOS, FTNTLLYKTWLO,DELLAODT HOOD SIMO AMO LNG TERM (200AMA)",
        "metric_1": null,
        "metric_2": null,
        "metric_scalar": null,
        "action_text": null,
        "bottom_line": "> 557 590 :00KING TO BREAKOUT. SLMS, MINGRY, & A STOCKS BOUNCE FRI KEYS: SPX VS 7600/21 QQQUS 26/50D R2KVS SE/21E SPXATR? 25> SEP500 KEY LEVELS <<< 7621 (6/2 INTRADAY A-T-H) 7544 TODAY: S&P 500 LOUKING 10 BREAKOUT .. SEMIS, MEMORY, & M STOUKS BOUNCE 7503 TUES: AL STOCKS HIT HARD AGAIN; R-AI-100 HITS LO; QQQ BREAKS 21E/505 7453 (15 21EMA) € 6/29 © 6/233 6/122 6/54 4/82 7416/7449( 18 S00/10WK) € 4/89 2/274 1/217 17203 6956/6976 (12 200D/40WK)_€ 5/12 5/8 SLOPE EMAIL: CONNOR@REVEREASSET.COM 1 EVE T E AS S ET TWITTER (X): @CONNORLBAT CONNOR BATES (X): @CONNORLBATES_ ANATYST/ASSOCIATE PM PHONE: (855) REAL-WEALTH / (855) 732-5932 N EMAIL: CONNER@ROVOROASSOT.COM WEB SITE: REVEREASSET.COM A N A E M E TWITTER: @CONNARBOTOS_",
        "parse_status": "ok",
        "issue_codes": [],
        "ocr_confidence": 60,
        "ocr_profile": "threshold"
      },
      {
        "portfolio": "TURBO",
        "metrics_raw": "HOLDINGS: SPYM.UPRO,BHYP IB. ORAMLETHALASY, 0005 HOOD, TWLO MRVLFTNT ADOT",
        "metric_1": null,
        "metric_2": null,
        "metric_scalar": null,
        "action_text": null,
        "bottom_line": "> 557 590 :00KING TO BREAKOUT. SLMS, MINGRY, & A STOCKS BOUNCE FRI KEYS: SPX VS 7600/21 QQQUS 26/50D R2KVS SE/21E SPXATR? 25> SEP500 KEY LEVELS <<< 7621 (6/2 INTRADAY A-T-H) 7544 TODAY: S&P 500 LOUKING 10 BREAKOUT .. SEMIS, MEMORY, & M STOUKS BOUNCE 7503 TUES: AL STOCKS HIT HARD AGAIN; R-AI-100 HITS LO; QQQ BREAKS 21E/505 7453 (15 21EMA) € 6/29 © 6/233 6/122 6/54 4/82 7416/7449( 18 S00/10WK) € 4/89 2/274 1/217 17203 6956/6976 (12 200D/40WK)_€ 5/12 5/8 SLOPE EMAIL: CONNOR@REVEREASSET.COM 1 EVE T E AS S ET TWITTER (X): @CONNORLBAT CONNOR BATES (X): @CONNORLBATES_ ANATYST/ASSOCIATE PM PHONE: (855) REAL-WEALTH / (855) 732-5932 N EMAIL: CONNER@ROVOROASSOT.COM WEB SITE: REVEREASSET.COM A N A E M E TWITTER: @CONNARBOTOS_",
        "parse_status": "ok",
        "issue_codes": [],
        "ocr_confidence": 60,
        "ocr_profile": "threshold"
      }
    ],
    "parsed_row_count": 2,
    "phash": "c291a12dded27c8d",
    "prefilter_score": 1.54,
    "prefilter_stats": {
      "brightRatio": 0.42354166666666665,
      "darkRatio": 0.3136805555555556,
      "edgeRatio": 0.24598968270793584,
      "horizontalComparisons": 14151,
      "horizontalEdgeHits": 2253,
      "horizontalEdgeRatio": 0.15921136315454737,
      "meanLuma": 160.4765277777778,
      "stdDev": 93.4749818231197,
      "verticalComparisons": 14151,
      "verticalEdgeHits": 4709,
      "verticalEdgeRatio": 0.3327680022613243
    },
    "score": 113.86,
    "score_breakdown": {
      "chart_likeness": -6,
      "keyword_guard": 0,
      "ocr_confidence_bonus": 3,
      "pair_bonus": 4,
      "per_row_issues": 0,
      "per_row_metrics": 17,
      "text_density": 95.86
    },
    "screen_layout": "structured_whiteboard",
    "tickers": [
      "BE",
      "DELL",
      "HOOD",
      "SSO",
      "UPRO"
    ],
    "timestamp": 372,
    "timestamp_hms": "00:06:12"
  },
  "top_candidates": [
    {
      "confusion_with_nearby": [],
      "frame_index": 93,
      "frame_path": "C:\\Users\\admin\\Projects\\portfolio_analyzer_revere\\data\\video_scan_20260915\\ocr-20260915-backfill\\ocr-20260915-backfill\\ocr_probe\\frames\\20260709_20260709_vq6t0tkahwg_c0892d1f_whiteboard\\ocr\\ocr_000094.png",
      "is_intro_card": false,
      "issue_codes": [],
      "low_res_frame_path": null,
      "nearest_ffmpeg_keyframe_ts": null,
      "observed_date": "20060708",
      "ocr_confidence": 60,
      "ocr_profile": "threshold",
      "ocr_text": "® Preview ro ER aw Go Toots Window Mel                                                         Go +6        CAO CoM FQ Be Thus son\nean                                             TT wa\nWHAT'S THE MARKET TREND?\n>> TALE OF THE TAPE = THURSDAY, JULY 8, 2006 <<                                                                            “THE GROTECTION GAUGE\"\n* MARKET STATE: UPTREND\n*STOINDEXES2  34-RGB3T 4d NASI? USDY TNX/TYKD vs 5d\n* SENTIMENT: VIX :5.5¢ ( 6.271 F&G         aan 263 14.9 26.5001 TERRY warm a2.95.1.74                                                          EE\nDBULL CASE: INITIATE RALLY & TREND 21EMA  €6/30 2° CLOSE ABOVE\nDBEAR CASE: SUSTAINED BREAK BELOW 21EMA                                                                                                       —————\n* NEWS: OIL SPIKES ON HORMUZ DRAMA. WED: FED MINUTES FRI: SK HYNIX U5. ADR LISTING                                                                    N\n+ TODAY'S KEYS: SPX vs 75511/21E7  QQQ vs 2161/5007 R2K vs BED /21ED                        eng Yl\n*DAYCT: => U1 Bergh Zle:8f                                                                              sso NeuTRAL URLS\nCACTION:0+0.12% 7/500 $7481 17520 TREND UP DAY                                                                          \"\n*SPXO/N 7469-75121 07491 030 7481-75201 L/H 7481-7546                                           _        porn R]]\n* SPX ATR: 1.39%\" SPX+0.81% 60/40 +0.53% GRO +1.01% TURBD +1.32%                            Y     RAL\n* SECTORS: M BPS USD MEME SOXX CHAT JLTS KRE J BY% USD XLE UFO XLU USO                                                                             N   EE J\n* GRO HOLDINGS: SPYA,UPRO, ORAM, SOKLODOS, FTNTLLYKTWLO,DELLAODT HOOD SIMO AMO                                                                    LNG TERM (200ama)\n* GRO RVAB/REBAR: 1.29 (+1 63%/-6.00%) BUY SIMO AMD ADD to HOOD DELL SELL HEDGE SDS                                        anos NEUTRAL URL\n* TURBO HOLDINGS: SPYM.UPRO,BHYP IB. ORAMLETHALASY, 0005 HOOD, TWLO MRVLFTNT ADOT\n* TURBO RVAB/REBAR: 1.81 {-3.43%/-6.7%) AOD to RODT UPRO\n* BOTTOM LINE: > 557 590 :00KING TO BREAKOUT. SLMS, MINGRY, & A STOCKS BOUNCE\n* FRI KEYS: SPX vs 7600/21 QQQus 26/50D R2Kvs SE/21E  SPXATR?\n25> SEP500 KEY LEVELS <<<\n#7621 (6/2 INTRADAY A-T-H)\n7544 TODAY: S&P 500 LOUKING 10 BREAKOUT .. SEMIS, MEMORY, & M STOUKS BOUNCE\n7503 TUES: Al STOCKS HIT HARD AGAIN; R-AI-100 HITS LO; QQQ BREAKS 21E/505\n*7453 (15 21EMA) € 6/29 © 6/233 6/122 6/54 4/82\n*7416/7449( 18 S00/10WK) € 4/89 2/274 1/217 17203\n* 6956/6976 (12 200D/40WK)_€ 5/12 5/8 SLOPE\n* EMAIL: connor@revereasset.com                            | 1  eve T e   As S et\n* TWITTER (X): @ConnorlBat                                                                                          Connor Bates\n(X): @ConnorlBates_                                                                                      Anatyst/Associate PM\n* PHONE: (855) REAL-WEALTH / (855) 732-5932                                                   n                       Email: Conner@RovOroAssot.com\n* WEB SITE: revereasset.com|                                               a n a      e m e                                 Twitter: @ConnarBotos_\n",
      "ocr_text_snippet": "® Preview ro ER aw Go Toots Window Mel Go +6 CAO CoM FQ Be Thus son ean TT wa WHAT'S THE MARKET TREND? >> TALE OF THE TAPE = THURSDAY, JULY 8, 2006 << “THE GROTECTION GAUGE\" * MARKET STATE: UPTREND...",
      "output_kind": "whiteboard",
      "parsed_observations": [
        {
          "portfolio": "GRO",
          "metrics_raw": "HOLDINGS: SPYA,UPRO, ORAM, SOKLODOS, FTNTLLYKTWLO,DELLAODT HOOD SIMO AMO LNG TERM (200AMA)",
          "metric_1": null,
          "metric_2": null,
          "metric_scalar": null,
          "action_text": null,
          "bottom_line": "> 557 590 :00KING TO BREAKOUT. SLMS, MINGRY, & A STOCKS BOUNCE FRI KEYS: SPX VS 7600/21 QQQUS 26/50D R2KVS SE/21E SPXATR? 25> SEP500 KEY LEVELS <<< 7621 (6/2 INTRADAY A-T-H) 7544 TODAY: S&P 500 LOUKING 10 BREAKOUT .. SEMIS, MEMORY, & M STOUKS BOUNCE 7503 TUES: AL STOCKS HIT HARD AGAIN; R-AI-100 HITS LO; QQQ BREAKS 21E/505 7453 (15 21EMA) € 6/29 © 6/233 6/122 6/54 4/82 7416/7449( 18 S00/10WK) € 4/89 2/274 1/217 17203 6956/6976 (12 200D/40WK)_€ 5/12 5/8 SLOPE EMAIL: CONNOR@REVEREASSET.COM 1 EVE T E AS S ET TWITTER (X): @CONNORLBAT CONNOR BATES (X): @CONNORLBATES_ ANATYST/ASSOCIATE PM PHONE: (855) REAL-WEALTH / (855) 732-5932 N EMAIL: CONNER@ROVOROASSOT.COM WEB SITE: REVEREASSET.COM A N A E M E TWITTER: @CONNARBOTOS_",
          "parse_status": "ok",
          "issue_codes": [],
          "ocr_confidence": 60,
          "ocr_profile": "threshold"
        },
        {
          "portfolio": "TURBO",
          "metrics_raw": "HOLDINGS: SPYM.UPRO,BHYP IB. ORAMLETHALASY, 0005 HOOD, TWLO MRVLFTNT ADOT",
          "metric_1": null,
          "metric_2": null,
          "metric_scalar": null,
          "action_text": null,
          "bottom_line": "> 557 590 :00KING TO BREAKOUT. SLMS, MINGRY, & A STOCKS BOUNCE FRI KEYS: SPX VS 7600/21 QQQUS 26/50D R2KVS SE/21E SPXATR? 25> SEP500 KEY LEVELS <<< 7621 (6/2 INTRADAY A-T-H) 7544 TODAY: S&P 500 LOUKING 10 BREAKOUT .. SEMIS, MEMORY, & M STOUKS BOUNCE 7503 TUES: AL STOCKS HIT HARD AGAIN; R-AI-100 HITS LO; QQQ BREAKS 21E/505 7453 (15 21EMA) € 6/29 © 6/233 6/122 6/54 4/82 7416/7449( 18 S00/10WK) € 4/89 2/274 1/217 17203 6956/6976 (12 200D/40WK)_€ 5/12 5/8 SLOPE EMAIL: CONNOR@REVEREASSET.COM 1 EVE T E AS S ET TWITTER (X): @CONNORLBAT CONNOR BATES (X): @CONNORLBATES_ ANATYST/ASSOCIATE PM PHONE: (855) REAL-WEALTH / (855) 732-5932 N EMAIL: CONNER@ROVOROASSOT.COM WEB SITE: REVEREASSET.COM A N A E M E TWITTER: @CONNARBOTOS_",
          "parse_status": "ok",
          "issue_codes": [],
          "ocr_confidence": 60,
          "ocr_profile": "threshold"
        }
      ],
      "parsed_row_count": 2,
      "phash": "c291a12dded27c8d",
      "prefilter_score": 1.54,
      "prefilter_stats": {
        "brightRatio": 0.42354166666666665,
        "darkRatio": 0.3136805555555556,
        "edgeRatio": 0.24598968270793584,
        "horizontalComparisons": 14151,
        "horizontalEdgeHits": 2253,
        "horizontalEdgeRatio": 0.15921136315454737,
        "meanLuma": 160.4765277777778,
        "stdDev": 93.4749818231197,
        "verticalComparisons": 14151,
        "verticalEdgeHits": 4709,
        "verticalEdgeRatio": 0.3327680022613243
      },
      "score": 113.86,
      "score_breakdown": {
        "chart_likeness": -6,
        "keyword_guard": 0,
        "ocr_confidence_bonus": 3,
        "pair_bonus": 4,
        "per_row_issues": 0,
        "per_row_metrics": 17,
        "text_density": 95.86
      },
      "screen_layout": "structured_whiteboard",
      "tickers": [
        "BE",
        "DELL",
        "HOOD",
        "SSO",
        "UPRO"
      ],
      "timestamp": 372,
      "timestamp_hms": "00:06:12"
    },
    {
      "confusion_with_nearby": [],
      "frame_index": 84,
      "frame_path": "C:\\Users\\admin\\Projects\\portfolio_analyzer_revere\\data\\video_scan_20260915\\ocr-20260915-backfill\\ocr-20260915-backfill\\ocr_probe\\frames\\20260709_20260709_vq6t0tkahwg_c0892d1f_whiteboard\\ocr\\ocr_000085.png",
      "is_intro_card": false,
      "issue_codes": [],
      "low_res_frame_path": null,
      "nearest_ffmpeg_keyframe_ts": null,
      "observed_date": "20060709",
      "ocr_confidence": 62,
      "ocr_profile": "threshold",
      "ocr_text": "® Preview Fro Et aw Go Tots Window Heb                                                   Go +6       MC 8 OC om FQ RB © Theo aso\nesa                                             wa |\nWHAT'S THE MARKET TREND?\n>> TALE OF THE TAPE ~ THURSDAY, JULY 9, 2006 <<                                                                            “THE GROTECTION GAUGE\"\n* MARKET STATE: UPTREND\n*STOINDEXES2  3L-RGB3T 4d NAST USDY TNX/TYK® vs 5d\n* SENTIMENT: VIX 15.5: { 6.2771 F&G         AAD 26.3 049 26590. TEER anima £2.95 1.74                                                                 Fa)\nDBULL CASE: INITIATE RALLY & TREND 21EMA  €6/30 2% CLOSE ABOVE\nDBEAR CASE: SUSTAINED BREAK BELOW 21EMA\n* NEWS: OIL SPIKES ON HORMUZ DRAMA. WED: FED MINUTES FRI: SK HYNIX U.5. ADR LISTING                                                                    N\n+ TODAY'S KEYS: SPX vs 75511/21E7  QQQvs 2167/5007 R2K vs 8EM/21ED                         epg YN\n*DAYCT: => Ul 8e:81 21:87                                                                     ETA ——\nCACTION: 0+0.12% 4/500 $7481 17520 TREND UP DAY           +                                                                           ~\n*SPXO/N 7469-75121 07491 030 7481-75201 L/H 7481-7546                                      _       Ey a\n* SPX ATR: 1.39% SPX 081% 60/40+0.53% GRO +1.01% TURBO +1.32%                                3      17125 NEUTRAL => UP\n* SECTORS: 1 BP USD MEME SOXX CHAT JLTS KRE J, 8Y% USD XLE UFO XLU USO                                                                           N   EE J\n* GRO HOLDINGS: SPYM,UPRO,0RAM SKI, 0006, FTNT.LLYX,TWLO, DELLRODT HOO SIMO AMO                                                                    Lone TERM (2osemal\n* GRO RVAB/REBAR: 1.29 (-1.63%/-6.00%) BUY SIMO AMD ADD ta HOOD DELL SELL HEDGE SDS                                        anos NEUTRAL URL\n* TURBO HOLDINGS: 5¢YM.UPRO,BHYP.IBIT JRAMLETHALASU, 0005 HOOD, TWLO MRVLFTNT ADOT\n* TURBO RVAB/REBAR: 1.81 {-3.43%/-6.97%) AOD to RODT UPRO\n* BOTTOM UNE: > 557 500 :0GKING 10 BREAKOT... SES, MEMORY, & AI STOCKS BOUNCE\n* FRI KEYS: SPX vs 7600/21 QQQvs 226/50D R2Kvs SE/21E  SPXATR?\n23> SEPE00 KEY LEVELS <<<\n#7621 (6/2_INTRADAY A-T-H)\n7544 TODAY. S&P 500 LODKING 10 BREAKOUT .. SEMI'S, MEMORY, & A S10CXS BOUNCL\n7503 TUES: Al STOCKS HIT HARD AGAIN; R-A1-100 HITS LO; QQQ BREAKS 21E/505\n* 7453 (15 21EMA) € 6/29 1 6/234 6/124 &/54 4/8%\n*7416/7449( 18 S00/10WK} € 4/89 2/274 1/217 1/203\n* 6956/6976 (1-4 200D/40WK]_€ 5/121 5/8 SLOPE\n* EMAIL: connor@revereasset.com                            | 1  eve T e   As S et\n* TWITTER (X): @ConnorlBat                                                                                Connor Bates\n(X): @ConnoriBates_                                                   Anatyst/Associate PM\n* PHONE: (855) REAL-WEALTH / (855) 732-5932                                                   n                       Email: Connor@RovoroAssot com\n* WEB SITE: revereasset.com|                                               a n a      e m e                                 Twittor: @ConnarBatos_\n",
      "ocr_text_snippet": "® Preview Fro Et aw Go Tots Window Heb Go +6 MC 8 OC om FQ RB © Theo aso esa wa | WHAT'S THE MARKET TREND? >> TALE OF THE TAPE ~ THURSDAY, JULY 9, 2006 << “THE GROTECTION GAUGE\" * MARKET STATE: UPT...",
      "output_kind": "whiteboard",
      "parsed_observations": [
        {
          "portfolio": "GRO",
          "metrics_raw": "HOLDINGS: SPYM,UPRO,0RAM SKI, 0006, FTNT.LLYX,TWLO, DELLRODT HOO SIMO AMO LONE TERM (2OSEMAL",
          "metric_1": null,
          "metric_2": null,
          "metric_scalar": null,
          "action_text": null,
          "bottom_line": "> 557 500 :0GKING 10 BREAKOT... SES, MEMORY, & AI STOCKS BOUNCE FRI KEYS: SPX VS 7600/21 QQQVS 226/50D R2KVS SE/21E SPXATR? 23> SEPE00 KEY LEVELS <<< 7621 (6/2_INTRADAY A-T-H) 7544 TODAY. S&P 500 LODKING 10 BREAKOUT .. SEMI'S, MEMORY, & A S10CXS BOUNCL 7503 TUES: AL STOCKS HIT HARD AGAIN; R-A1-100 HITS LO; QQQ BREAKS 21E/505 7453 (15 21EMA) € 6/29 1 6/234 6/124 &/54 4/8% 7416/7449( 18 S00/10WK} € 4/89 2/274 1/217 1/203 6956/6976 (1-4 200D/40WK]_€ 5/121 5/8 SLOPE EMAIL: CONNOR@REVEREASSET.COM 1 EVE T E AS S ET TWITTER (X): @CONNORLBAT CONNOR BATES (X): @CONNORIBATES_ ANATYST/ASSOCIATE PM PHONE: (855) REAL-WEALTH / (855) 732-5932 N EMAIL: CONNOR@ROVOROASSOT COM WEB SITE: REVEREASSET.COM A N A E M E TWITTOR: @CONNARBATOS_",
          "parse_status": "ok",
          "issue_codes": [],
          "ocr_confidence": 62,
          "ocr_profile": "threshold"
        },
        {
          "portfolio": "TURBO",
          "metrics_raw": "HOLDINGS: 5¢YM.UPRO,BHYP.IBIT JRAMLETHALASU, 0005 HOOD, TWLO MRVLFTNT ADOT",
          "metric_1": null,
          "metric_2": null,
          "metric_scalar": null,
          "action_text": null,
          "bottom_line": "> 557 500 :0GKING 10 BREAKOT... SES, MEMORY, & AI STOCKS BOUNCE FRI KEYS: SPX VS 7600/21 QQQVS 226/50D R2KVS SE/21E SPXATR? 23> SEPE00 KEY LEVELS <<< 7621 (6/2_INTRADAY A-T-H) 7544 TODAY. S&P 500 LODKING 10 BREAKOUT .. SEMI'S, MEMORY, & A S10CXS BOUNCL 7503 TUES: AL STOCKS HIT HARD AGAIN; R-A1-100 HITS LO; QQQ BREAKS 21E/505 7453 (15 21EMA) € 6/29 1 6/234 6/124 &/54 4/8% 7416/7449( 18 S00/10WK} € 4/89 2/274 1/217 1/203 6956/6976 (1-4 200D/40WK]_€ 5/121 5/8 SLOPE EMAIL: CONNOR@REVEREASSET.COM 1 EVE T E AS S ET TWITTER (X): @CONNORLBAT CONNOR BATES (X): @CONNORIBATES_ ANATYST/ASSOCIATE PM PHONE: (855) REAL-WEALTH / (855) 732-5932 N EMAIL: CONNOR@ROVOROASSOT COM WEB SITE: REVEREASSET.COM A N A E M E TWITTOR: @CONNARBATOS_",
          "parse_status": "ok",
          "issue_codes": [],
          "ocr_confidence": 62,
          "ocr_profile": "threshold"
        }
      ],
      "parsed_row_count": 2,
      "phash": "c291a12dded27c8d",
      "prefilter_score": 1.53,
      "prefilter_stats": {
        "brightRatio": 0.4234027777777778,
        "darkRatio": 0.31354166666666666,
        "edgeRatio": 0.24620168185993924,
        "horizontalComparisons": 14151,
        "horizontalEdgeHits": 2266,
        "horizontalEdgeRatio": 0.16013002614656208,
        "meanLuma": 160.50493055555555,
        "stdDev": 93.47929793465659,
        "verticalComparisons": 14151,
        "verticalEdgeHits": 4702,
        "verticalEdgeRatio": 0.3322733375733164
      },
      "score": 111,
      "score_breakdown": {
        "chart_likeness": -6,
        "keyword_guard": 0,
        "ocr_confidence_bonus": 3.1,
        "pair_bonus": 4,
        "per_row_issues": 0,
        "per_row_metrics": 18,
        "text_density": 91.9
      },
      "screen_layout": "structured_whiteboard",
      "tickers": [
        "DELL",
        "HOOD",
        "SPYM",
        "UPRO"
      ],
      "timestamp": 336,
      "timestamp_hms": "00:05:36"
    },
    {
      "confusion_with_nearby": [],
      "frame_index": 81,
      "frame_path": "C:\\Users\\admin\\Projects\\portfolio_analyzer_revere\\data\\video_scan_20260915\\ocr-20260915-backfill\\ocr-20260915-backfill\\ocr_probe\\frames\\20260709_20260709_vq6t0tkahwg_c0892d1f_whiteboard\\ocr\\ocr_000082.png",
      "is_intro_card": false,
      "issue_codes": [],
      "low_res_frame_path": null,
      "nearest_ffmpeg_keyframe_ts": null,
      "observed_date": "20060709",
      "ocr_confidence": 62,
      "ocr_profile": "threshold",
      "ocr_text": "® Preview Fro Et aw Go Tots Window Heb                                                   Go +6       MC 8 OC om FQ RB © Theo aso\nesa                                             wa |\nWHAT'S THE MARKET TREND?\n>> TALE OF THE TAPE ~ THURSDAY, JULY 9, 2006 <<                                                                            “THE GROTECTION GAUGE\"\n* MARKET STATE: UPTREND\n*STOINDEXES2  3L-RGB3T 4d NAST USDY TNX/TYK® vs 5d\n* SENTIMENT: VIX 15.5: { 6.2771 F&G         AAD 26.3 049 26590. TEER anima £2.95 1.74                                                                 Fa)\nDBULL CASE: INITIATE RALLY & TREND 21EMA  €6/30 2% CLOSE ABOVE\nDBEAR CASE: SUSTAINED BREAK BELOW 21EMA\n* NEWS: OIL SPIKES ON HORMUZ DRAMA. WED: FED MINUTES FRI: SK HYNIX U.5. ADR LISTING                                                                    N\n+ TODAY'S KEYS: SPX vs 75511/21E7  QQQvs 2167/5007 R2K vs 8EM/21ED                         epg YN\n*DAYCT: => Ul 8e:81 21:87                                                                     ETA ——\nCACTION: 0+0.12% 4/500 $7481 17520 TREND UP DAY                                                                                       ~\n*SPXO/N 7469-75121 07491 030 7481-75201 L/H 7481-7546                                      _       Ey a\n* SPX ATR: 1.39% SPX 081% 60/40+0.53% GRO +1.01% TURBO +1.32%                                3      17125 NEUTRAL => UP\n* SECTORS: 1 BP USD MEME SOXX CHAT JLTS KRE J, 8Y% USD XLE UFO XLU USO                                                                           N   EE J\n* GRO HOLDINGS: SPYM,UPRO,0RAM SKI, 0006, FTNT.LLYX,TWLO, DELLRODT HOO SIMO AMO                                                                    Lone TERM (2osemal\n* GRO RVAB/REBAR: 1.29 (-1.63%/-6.00%) BUY SIMO AMD ADD ta HOOD DELL SELL HEDGE SDS                                        anos NEUTRAL URL\n* TURBO HOLDINGS: 5¢YM.UPRO,BHYP. JBI SRAMLETHALASU, 0005 HOOD, TWLO MRVLFTNT ADOT\n* TURBO RVAB/REBAR: 1.81 {-3.43%/-6.7%) AOD to RODT UPRO\n* BOTTOM UNE: > 55° 590 100KING 10 BREAKOUT... SES, MEMORY, & AI STOCKS BOUNCE\n* FRI KEYS: SPX vs 7600/21 QQQvs 226/50D R2Kvs SE/21E  SPXATR?\n23> SEPE00 KEY LEVELS <<<\n#7621 (6/2_INTRADAY A-T-H)\n7544 TODAY: S&P 500 LOOKING 10 BREAKOUT .. SEMI'S, MEMORY, & A S10CXS BOUNCL\n7503 TUES: Al STOCKS HIT HARD AGAIN; R-A1-100 HITS LO; QQQ BREAKS 21E/505\n* 7453 (15 21EMA) € 6/29 1 6/234 6/124 &/54 4/8%\n*7416/7449(1 8 S00/10WK} € 4/89 2/274 1/217 1/203\n* 6956/6976 (1-4 200D/40WK]_€ 5/121 5/8 SLOPE\n* EMAIL: connor@revereasset.com                            | 1  eve T e   As S et\n* TWITTER (X): @ConnorlBat                                                                                Connor Bates\n(X): @ConnoriBates_                                                   Anatyst/Associate PM\n* PHONE: (855) REAL-WEALTH / (855) 732-5932                                                   n                       Email: Connor@RovoroAssot com\n* WEB SITE: revereasset.com|                                               a n a      e m e                                 Twittor: @ConnarBatos_\n",
      "ocr_text_snippet": "® Preview Fro Et aw Go Tots Window Heb Go +6 MC 8 OC om FQ RB © Theo aso esa wa | WHAT'S THE MARKET TREND? >> TALE OF THE TAPE ~ THURSDAY, JULY 9, 2006 << “THE GROTECTION GAUGE\" * MARKET STATE: UPT...",
      "output_kind": "whiteboard",
      "parsed_observations": [
        {
          "portfolio": "GRO",
          "metrics_raw": "HOLDINGS: SPYM,UPRO,0RAM SKI, 0006, FTNT.LLYX,TWLO, DELLRODT HOO SIMO AMO LONE TERM (2OSEMAL",
          "metric_1": null,
          "metric_2": null,
          "metric_scalar": null,
          "action_text": null,
          "bottom_line": "> 55° 590 100KING 10 BREAKOUT... SES, MEMORY, & AI STOCKS BOUNCE FRI KEYS: SPX VS 7600/21 QQQVS 226/50D R2KVS SE/21E SPXATR? 23> SEPE00 KEY LEVELS <<< 7621 (6/2_INTRADAY A-T-H) 7544 TODAY: S&P 500 LOOKING 10 BREAKOUT .. SEMI'S, MEMORY, & A S10CXS BOUNCL 7503 TUES: AL STOCKS HIT HARD AGAIN; R-A1-100 HITS LO; QQQ BREAKS 21E/505 7453 (15 21EMA) € 6/29 1 6/234 6/124 &/54 4/8% 7416/7449(1 8 S00/10WK} € 4/89 2/274 1/217 1/203 6956/6976 (1-4 200D/40WK]_€ 5/121 5/8 SLOPE EMAIL: CONNOR@REVEREASSET.COM 1 EVE T E AS S ET TWITTER (X): @CONNORLBAT CONNOR BATES (X): @CONNORIBATES_ ANATYST/ASSOCIATE PM PHONE: (855) REAL-WEALTH / (855) 732-5932 N EMAIL: CONNOR@ROVOROASSOT COM WEB SITE: REVEREASSET.COM A N A E M E TWITTOR: @CONNARBATOS_",
          "parse_status": "ok",
          "issue_codes": [],
          "ocr_confidence": 62,
          "ocr_profile": "threshold"
        },
        {
          "portfolio": "TURBO",
          "metrics_raw": "HOLDINGS: 5¢YM.UPRO,BHYP. JBI SRAMLETHALASU, 0005 HOOD, TWLO MRVLFTNT ADOT",
          "metric_1": null,
          "metric_2": null,
          "metric_scalar": null,
          "action_text": null,
          "bottom_line": "> 55° 590 100KING 10 BREAKOUT... SES, MEMORY, & AI STOCKS BOUNCE FRI KEYS: SPX VS 7600/21 QQQVS 226/50D R2KVS SE/21E SPXATR? 23> SEPE00 KEY LEVELS <<< 7621 (6/2_INTRADAY A-T-H) 7544 TODAY: S&P 500 LOOKING 10 BREAKOUT .. SEMI'S, MEMORY, & A S10CXS BOUNCL 7503 TUES: AL STOCKS HIT HARD AGAIN; R-A1-100 HITS LO; QQQ BREAKS 21E/505 7453 (15 21EMA) € 6/29 1 6/234 6/124 &/54 4/8% 7416/7449(1 8 S00/10WK} € 4/89 2/274 1/217 1/203 6956/6976 (1-4 200D/40WK]_€ 5/121 5/8 SLOPE EMAIL: CONNOR@REVEREASSET.COM 1 EVE T E AS S ET TWITTER (X): @CONNORLBAT CONNOR BATES (X): @CONNORIBATES_ ANATYST/ASSOCIATE PM PHONE: (855) REAL-WEALTH / (855) 732-5932 N EMAIL: CONNOR@ROVOROASSOT COM WEB SITE: REVEREASSET.COM A N A E M E TWITTOR: @CONNARBATOS_",
          "parse_status": "ok",
          "issue_codes": [],
          "ocr_confidence": 62,
          "ocr_profile": "threshold"
        }
      ],
      "parsed_row_count": 2,
      "phash": "c291a12dded27c8d",
      "prefilter_score": 1.54,
      "prefilter_stats": {
        "brightRatio": 0.42375,
        "darkRatio": 0.31354166666666666,
        "edgeRatio": 0.24637834781994206,
        "horizontalComparisons": 14151,
        "horizontalEdgeHits": 2257,
        "horizontalEdgeRatio": 0.1594940286905519,
        "meanLuma": 160.49375,
        "stdDev": 93.48657933892466,
        "verticalComparisons": 14151,
        "verticalEdgeHits": 4716,
        "verticalEdgeRatio": 0.3332626669493322
      },
      "score": 110.96,
      "score_breakdown": {
        "chart_likeness": -6,
        "keyword_guard": 0,
        "ocr_confidence_bonus": 3.1,
        "pair_bonus": 4,
        "per_row_issues": 0,
        "per_row_metrics": 18,
        "text_density": 91.86
      },
      "screen_layout": "structured_whiteboard",
      "tickers": [
        "DELL",
        "HOOD",
        "SPYM",
        "UPRO"
      ],
      "timestamp": 324,
      "timestamp_hms": "00:05:24"
    },
    {
      "confusion_with_nearby": [],
      "frame_index": 78,
      "frame_path": "C:\\Users\\admin\\Projects\\portfolio_analyzer_revere\\data\\video_scan_20260915\\ocr-20260915-backfill\\ocr-20260915-backfill\\ocr_probe\\frames\\20260709_20260709_vq6t0tkahwg_c0892d1f_whiteboard\\ocr\\ocr_000079.png",
      "is_intro_card": false,
      "issue_codes": [],
      "low_res_frame_path": null,
      "nearest_ffmpeg_keyframe_ts": null,
      "observed_date": "20060709",
      "ocr_confidence": 62,
      "ocr_profile": "threshold",
      "ocr_text": "® Preview Fro Et aw Go Tots Window Heb                                                   Go +6       MC 8 OC om FQ RB © Theo aso\nesa                                             wa |\nWHAT'S THE MARKET TREND?\n>> TALE OF THE TAPE ~ THURSDAY, JULY 9, 2006 <<                                                                            “THE GROTECTION GAUGE\"\n* MARKET STATE: UPTREND\n*STOINDEXES2  3L-RGB3T 4d NAST USDY TNX/TYK® vs 5d\n* SENTIMENT: VIX 15.5: { 6.2771 F&G         AAD 26.3 049 26590. TEER anima £2.95 1.74                                                                 Fa)\nDBULL CASE: INITIATE RALLY & TREND 21EMA  €6/30 2% CLOSE ABOVE\nDBEAR CASE: SUSTAINED BREAK BELOW 21EMA\n* NEWS: OIL SPIKES ON HORMUZ DRAMA. WED: FED MINUTES FRI: SK HYNIX U.5. ADR LISTING                                                                    N\n+ TODAY'S KEYS: SPX vs 75511/21E7  QQQvs 2167/5007 R2K vs 8EM/21ED                         epg YN\n*DAYCT: => Ul 8e:81 21:87                                                                     ETA ——\nCACTION: 0+0.12% 4/500 $7481 17520 TREND UP DAY                                                                                       ~\n*SPXO/N 7469-75121 07491 030 7481-75201 L/H 7481-7546                                      _       Ey a\n* SPX ATR: 1.39% SPX 081% 60/40+0.53% GRO +1.01% TURBO +1.32%                                3      17125 NEUTRAL => UP\n* SECTORS: 1 BP USD MEME SOXX CHAT JLTS KRE J, 8Y% USD XLE UFO XLU USO                                                                           N   EE J\n* GRO HOLDINGS: SPYM,UPRO,0RAM SKI, 0006, FTNT.LLYX,TWLO, DELLRODT HOO SIMO AMO                                                                    Lone TERM (2osemal\n* GRO RVAB/REBAR: 1.29 (-1.63%/-6.00%) BUY SIMO AMD ADD ta HOOD DELL SELL HEDGE SDS                                        anos NEVTRAL-> URL\n* TURBO HOLDINGS: 5¢YM.UPRO,BHYP. JBI SRAMLETHA LAGU, 0005 HOOD, TWLO MRVLFTNT ADOT\n* TURBO RVAB/REBAR: 1.81 {-3.43%/-6.7%) AOD to RODT UPRO\n* BOTTOM UNE: > 557 50 :0GKING 10 BREAKOT... SES, MEMORY, & AI STOCKS BOUNCE\n* FRI KEYS: SPX vs 7600/21 QQQvs 226/50D R2Kvs SE/21E  SPXATR?\n23> SEPE00 KEY LEVELS <<<\n#7621 (6/2_INTRADAY A-T-H)\n7544 TODAY. S&P 500 LODKING 10 BREAKOUT .. SLMS, MEMORY, & A S10CXS BOUNCL\n7503 TUES: Al STOCKS HIT HARD AGAIN; R-A1-100 HITS LO; QQQ BREAKS 21E/505\n* 7453 (15 21EMA) € 6/29 1 6/234 6/122 &/54 4/8%\n*7416/7449(18 S00/10WK} € 4/89 2/274 1/217 1/203\n* 6956/6976 (1-4 200D/40WK]_€ 5/121 5/8 SLOPE\n* EMAIL: connor@revereasset.com                            | 1  eve T e   As S et\n* TWITTER (X): @ConnorlBat                                                                                Connor Bates\n(X): @ConnoriBates_                                                   Anatyst/Associate PM\n* PHONE: (855) REAL-WEALTH / (855) 732-5932                                                   n                       Email: Connor@RovoroAssot com\n* WEB SITE: revereasset.com|                                               a n a      e m e                                 Twittor: @ConnarBatos_\n",
      "ocr_text_snippet": "® Preview Fro Et aw Go Tots Window Heb Go +6 MC 8 OC om FQ RB © Theo aso esa wa | WHAT'S THE MARKET TREND? >> TALE OF THE TAPE ~ THURSDAY, JULY 9, 2006 << “THE GROTECTION GAUGE\" * MARKET STATE: UPT...",
      "output_kind": "whiteboard",
      "parsed_observations": [
        {
          "portfolio": "GRO",
          "metrics_raw": "HOLDINGS: SPYM,UPRO,0RAM SKI, 0006, FTNT.LLYX,TWLO, DELLRODT HOO SIMO AMO LONE TERM (2OSEMAL",
          "metric_1": null,
          "metric_2": null,
          "metric_scalar": null,
          "action_text": null,
          "bottom_line": "> 557 50 :0GKING 10 BREAKOT... SES, MEMORY, & AI STOCKS BOUNCE FRI KEYS: SPX VS 7600/21 QQQVS 226/50D R2KVS SE/21E SPXATR? 23> SEPE00 KEY LEVELS <<< 7621 (6/2_INTRADAY A-T-H) 7544 TODAY. S&P 500 LODKING 10 BREAKOUT .. SLMS, MEMORY, & A S10CXS BOUNCL 7503 TUES: AL STOCKS HIT HARD AGAIN; R-A1-100 HITS LO; QQQ BREAKS 21E/505 7453 (15 21EMA) € 6/29 1 6/234 6/122 &/54 4/8% 7416/7449(18 S00/10WK} € 4/89 2/274 1/217 1/203 6956/6976 (1-4 200D/40WK]_€ 5/121 5/8 SLOPE EMAIL: CONNOR@REVEREASSET.COM 1 EVE T E AS S ET TWITTER (X): @CONNORLBAT CONNOR BATES (X): @CONNORIBATES_ ANATYST/ASSOCIATE PM PHONE: (855) REAL-WEALTH / (855) 732-5932 N EMAIL: CONNOR@ROVOROASSOT COM WEB SITE: REVEREASSET.COM A N A E M E TWITTOR: @CONNARBATOS_",
          "parse_status": "ok",
          "issue_codes": [],
          "ocr_confidence": 62,
          "ocr_profile": "threshold"
        },
        {
          "portfolio": "TURBO",
          "metrics_raw": "HOLDINGS: 5¢YM.UPRO,BHYP. JBI SRAMLETHA LAGU, 0005 HOOD, TWLO MRVLFTNT ADOT",
          "metric_1": null,
          "metric_2": null,
          "metric_scalar": null,
          "action_text": null,
          "bottom_line": "> 557 50 :0GKING 10 BREAKOT... SES, MEMORY, & AI STOCKS BOUNCE FRI KEYS: SPX VS 7600/21 QQQVS 226/50D R2KVS SE/21E SPXATR? 23> SEPE00 KEY LEVELS <<< 7621 (6/2_INTRADAY A-T-H) 7544 TODAY. S&P 500 LODKING 10 BREAKOUT .. SLMS, MEMORY, & A S10CXS BOUNCL 7503 TUES: AL STOCKS HIT HARD AGAIN; R-A1-100 HITS LO; QQQ BREAKS 21E/505 7453 (15 21EMA) € 6/29 1 6/234 6/122 &/54 4/8% 7416/7449(18 S00/10WK} € 4/89 2/274 1/217 1/203 6956/6976 (1-4 200D/40WK]_€ 5/121 5/8 SLOPE EMAIL: CONNOR@REVEREASSET.COM 1 EVE T E AS S ET TWITTER (X): @CONNORLBAT CONNOR BATES (X): @CONNORIBATES_ ANATYST/ASSOCIATE PM PHONE: (855) REAL-WEALTH / (855) 732-5932 N EMAIL: CONNOR@ROVOROASSOT COM WEB SITE: REVEREASSET.COM A N A E M E TWITTOR: @CONNARBATOS_",
          "parse_status": "ok",
          "issue_codes": [],
          "ocr_confidence": 62,
          "ocr_profile": "threshold"
        }
      ],
      "parsed_row_count": 2,
      "phash": "c291a12dded27c8d",
      "prefilter_score": 1.54,
      "prefilter_stats": {
        "brightRatio": 0.42381944444444447,
        "darkRatio": 0.3136111111111111,
        "edgeRatio": 0.24627234824394037,
        "horizontalComparisons": 14151,
        "horizontalEdgeHits": 2255,
        "horizontalEdgeRatio": 0.15935269592254964,
        "meanLuma": 160.49826388888889,
        "stdDev": 93.4809130683747,
        "verticalComparisons": 14151,
        "verticalEdgeHits": 4715,
        "verticalEdgeRatio": 0.33319200056533105
      },
      "score": 110.92,
      "score_breakdown": {
        "chart_likeness": -6,
        "keyword_guard": 0,
        "ocr_confidence_bonus": 3.1,
        "pair_bonus": 4,
        "per_row_issues": 0,
        "per_row_metrics": 18,
        "text_density": 91.82
      },
      "screen_layout": "structured_whiteboard",
      "tickers": [
        "DELL",
        "HOOD",
        "SPYM",
        "UPRO"
      ],
      "timestamp": 312,
      "timestamp_hms": "00:05:12"
    },
    {
      "confusion_with_nearby": [],
      "frame_index": 87,
      "frame_path": "C:\\Users\\admin\\Projects\\portfolio_analyzer_revere\\data\\video_scan_20260915\\ocr-20260915-backfill\\ocr-20260915-backfill\\ocr_probe\\frames\\20260709_20260709_vq6t0tkahwg_c0892d1f_whiteboard\\ocr\\ocr_000088.png",
      "is_intro_card": false,
      "issue_codes": [],
      "low_res_frame_path": null,
      "nearest_ffmpeg_keyframe_ts": null,
      "observed_date": "20260709",
      "ocr_confidence": 61,
      "ocr_profile": "threshold",
      "ocr_text": "® Preview flo ER aw Go Toots Window Heb                                                   Go +6       MC AOL mF QB @ Thus asees\nec a\nWHAT'S THE MARKET TREND?\n>> TALE OF THE TAPE ~ THURSDAY, JULY 9, 2026 <<                                                                            “THE GROTECTION GAUGE\"\n* MARKET STATE: UPTREND\n*STOINDEXES2  34-RGB3T 44 NASI USD TNX/TYK® vs 5d\n* SENTIMENT: VIX 15.5: { 6.2771 F&G         AAR 36.3 04.9 26.590. ETRY waaima 2.95174\nDBULL CASE: INITIATE RALLY & TREND 21EMA  €6/30 2° CLOSE ABOVE\nDBEAR CASE: SUSTAINED BREAK BELOW 21EMA\n* NEWS: OIL SPIKES ON HORMUZ DRAMA. WED: FED MINUTES FRI: SK HYNIX U.5. ADR LISTING                                                                   —\n+ TODAY'S KEYS: SPXvs 75511 /21E7  QQQvs 21ET/500 RZK vs SET/21ED                                          reg YN\n*DAYCT: => Ul 8e:81 21e:8%                                                                     ETA ——\nCACTION:0+0.12% 47/500 $7481 17520 TREND UP DAY                                                                               =\n*SPXO/N 7469-75121 07491 030 7481-75201 L/H 7481-7546                                              ery ma\n* SPX ATR: 1.39% SPX +0.81% 60/40 +0.53% GRO +1.01% TURBD +1.32%                            mY     nize NEUTRAL => UP\n* SECTORS: 1 BP USD MEME SOXX CHAT JLTS KRE J, 8Y% USD XLE UFO XLU USO                                                                           N   EE J\n* GRO HOLDINGS: SPYM,UPRO,0RAM SKI, 0006, FTNT.LLYX,TWLO, DELLRODT HOO SIMO AMO                                                                    LHe TERM (2odamal\n* GRO RVAB/REBAR: 1.29 (-1.63%/-6.00%) BUY SIMO AMD ADD ta HOOD DELL SELL HEDGE SDS                                        4026 NEUTRAL > UP |__|\n* TURBO HOLDINGS: 5¢YM.UPRO,BHYP.IBIT SRAMLETHALASU,0005 HOOD, TWLO MRVL TNT ADOT\n* TURBO RVAB/REBAR: 1.81 {-3.43%/-6.7%) AOD to RODT UPRO\n* BOTTOM UNE: > 557 502 106K ING 10 BREAKOT... SES, MEMORY, & AI STOCKS BOUNCE\n* FRI KEYS: SPX vs 7600/21 QQQvs 226/50D R2Kvs 8E/21E  SPXATR?\n23> SEPE00 KEY LEVELS <<<\n#7621 (6/2 INTRADAY A-T-H)\n7544 TODAY: S&P 500 LODKING 10 BREAKOUT .. SMFS, MEMORY, & A S10CXS BOUNCE\n7503 TUES: Af STOCKS HIT HARD AGAIN; R-A1-100 HITS LO; QQQ BREAKS 21E/505\n* 7453 (15 21EMA) € 6/29 1 6/233 6/122 &/54 4/84\n*7416/7449( D8 S00/10WK} € 4/89 2/274 1/217 17203\n* 6956/6976 (1-4 200D/40WK]_€ 5/121 5/8 SLOPE\n* EMAIL: connor@revereasset.com                           | 1  eve T e   As S et\n* TWITTER (X): @ConnorlBat:                                                                                Connor Bates\n(X): @ConnorlBates_                                                                            Anatyst/Associate PM\n* PHONE: (855) REAL-WEALTH / (855) 732-5932                                                   n                       Email: Connor@RovoreAssot.com\n* WEB SITE: revereasset.com|                                              a n a      e m e                                Twitter: @ConnarBatos_\n",
      "ocr_text_snippet": "® Preview flo ER aw Go Toots Window Heb Go +6 MC AOL mF QB @ Thus asees ec a WHAT'S THE MARKET TREND? >> TALE OF THE TAPE ~ THURSDAY, JULY 9, 2026 << “THE GROTECTION GAUGE\" * MARKET STATE: UPTREND ...",
      "output_kind": "whiteboard",
      "parsed_observations": [
        {
          "portfolio": "GRO",
          "metrics_raw": "HOLDINGS: SPYM,UPRO,0RAM SKI, 0006, FTNT.LLYX,TWLO, DELLRODT HOO SIMO AMO LHE TERM (2ODAMAL",
          "metric_1": null,
          "metric_2": null,
          "metric_scalar": null,
          "action_text": null,
          "bottom_line": "> 557 502 106K ING 10 BREAKOT... SES, MEMORY, & AI STOCKS BOUNCE FRI KEYS: SPX VS 7600/21 QQQVS 226/50D R2KVS 8E/21E SPXATR? 23> SEPE00 KEY LEVELS <<< 7621 (6/2 INTRADAY A-T-H) 7544 TODAY: S&P 500 LODKING 10 BREAKOUT .. SMFS, MEMORY, & A S10CXS BOUNCE 7503 TUES: AF STOCKS HIT HARD AGAIN; R-A1-100 HITS LO; QQQ BREAKS 21E/505 7453 (15 21EMA) € 6/29 1 6/233 6/122 &/54 4/84 7416/7449( D8 S00/10WK} € 4/89 2/274 1/217 17203 6956/6976 (1-4 200D/40WK]_€ 5/121 5/8 SLOPE EMAIL: CONNOR@REVEREASSET.COM 1 EVE T E AS S ET TWITTER (X): @CONNORLBAT: CONNOR BATES (X): @CONNORLBATES_ ANATYST/ASSOCIATE PM PHONE: (855) REAL-WEALTH / (855) 732-5932 N EMAIL: CONNOR@ROVOREASSOT.COM WEB SITE: REVEREASSET.COM A N A E M E TWITTER: @CONNARBATOS_",
          "parse_status": "ok",
          "issue_codes": [],
          "ocr_confidence": 61,
          "ocr_profile": "threshold"
        },
        {
          "portfolio": "TURBO",
          "metrics_raw": "HOLDINGS: 5¢YM.UPRO,BHYP.IBIT SRAMLETHALASU,0005 HOOD, TWLO MRVL TNT ADOT",
          "metric_1": null,
          "metric_2": null,
          "metric_scalar": null,
          "action_text": null,
          "bottom_line": "> 557 502 106K ING 10 BREAKOT... SES, MEMORY, & AI STOCKS BOUNCE FRI KEYS: SPX VS 7600/21 QQQVS 226/50D R2KVS 8E/21E SPXATR? 23> SEPE00 KEY LEVELS <<< 7621 (6/2 INTRADAY A-T-H) 7544 TODAY: S&P 500 LODKING 10 BREAKOUT .. SMFS, MEMORY, & A S10CXS BOUNCE 7503 TUES: AF STOCKS HIT HARD AGAIN; R-A1-100 HITS LO; QQQ BREAKS 21E/505 7453 (15 21EMA) € 6/29 1 6/233 6/122 &/54 4/84 7416/7449( D8 S00/10WK} € 4/89 2/274 1/217 17203 6956/6976 (1-4 200D/40WK]_€ 5/121 5/8 SLOPE EMAIL: CONNOR@REVEREASSET.COM 1 EVE T E AS S ET TWITTER (X): @CONNORLBAT: CONNOR BATES (X): @CONNORLBATES_ ANATYST/ASSOCIATE PM PHONE: (855) REAL-WEALTH / (855) 732-5932 N EMAIL: CONNOR@ROVOREASSOT.COM WEB SITE: REVEREASSET.COM A N A E M E TWITTER: @CONNARBATOS_",
          "parse_status": "ok",
          "issue_codes": [],
          "ocr_confidence": 61,
          "ocr_profile": "threshold"
        }
      ],
      "parsed_row_count": 2,
      "phash": "c291a12dded27c8d",
      "prefilter_score": 1.53,
      "prefilter_stats": {
        "brightRatio": 0.4232638888888889,
        "darkRatio": 0.3134722222222222,
        "edgeRatio": 0.24634301462794148,
        "horizontalComparisons": 14151,
        "horizontalEdgeHits": 2258,
        "horizontalEdgeRatio": 0.15956469507455304,
        "meanLuma": 160.48090277777777,
        "stdDev": 93.48949463719616,
        "verticalComparisons": 14151,
        "verticalEdgeHits": 4714,
        "verticalEdgeRatio": 0.33312133418132994
      },
      "score": 110.91,
      "score_breakdown": {
        "chart_likeness": -6,
        "keyword_guard": 0,
        "ocr_confidence_bonus": 3.05,
        "pair_bonus": 4,
        "per_row_issues": 0,
        "per_row_metrics": 18,
        "text_density": 91.86
      },
      "screen_layout": "structured_whiteboard",
      "tickers": [
        "DELL",
        "HOOD",
        "MRVL",
        "SPYM",
        "UPRO"
      ],
      "timestamp": 348,
      "timestamp_hms": "00:05:48"
    }
  ],
  "top_rejected_candidates": [
    {
      "confusion_with_nearby": [],
      "frame_index": 0,
      "frame_path": "C:\\Users\\admin\\Projects\\portfolio_analyzer_revere\\data\\video_scan_20260915\\ocr-20260915-backfill\\ocr-20260915-backfill\\ocr_probe\\frames\\20260709_20260709_vq6t0tkahwg_c0892d1f_whiteboard\\ocr\\ocr_000001.png",
      "is_intro_card": false,
      "issue_codes": [
        "MISSING_METRIC_LINE",
        "MISSING_BOTTOM_LINE",
        "LOW_OCR_CONFIDENCE"
      ],
      "low_res_frame_path": null,
      "nearest_ffmpeg_keyframe_ts": 0,
      "observed_date": null,
      "ocr_confidence": 0,
      "ocr_profile": "threshold",
      "ocr_text": "",
      "ocr_text_snippet": "",
      "output_kind": "whiteboard",
      "parsed_observations": [
        {
          "portfolio": "GRO",
          "metrics_raw": null,
          "metric_1": null,
          "metric_2": null,
          "metric_scalar": null,
          "action_text": null,
          "bottom_line": null,
          "parse_status": "review",
          "issue_codes": [
            "MISSING_METRIC_LINE",
            "MISSING_BOTTOM_LINE",
            "LOW_OCR_CONFIDENCE"
          ],
          "ocr_confidence": 0,
          "ocr_profile": "threshold"
        },
        {
          "portfolio": "TURBO",
          "metrics_raw": null,
          "metric_1": null,
          "metric_2": null,
          "metric_scalar": null,
          "action_text": null,
          "bottom_line": null,
          "parse_status": "review",
          "issue_codes": [
            "MISSING_METRIC_LINE",
            "MISSING_BOTTOM_LINE",
            "LOW_OCR_CONFIDENCE"
          ],
          "ocr_confidence": 0,
          "ocr_profile": "threshold"
        }
      ],
      "parsed_row_count": 2,
      "phash": "0000000000000000",
      "prefilter_score": 2.6,
      "prefilter_stats": {
        "brightRatio": 0.42618055555555556,
        "darkRatio": 0.34368055555555554,
        "edgeRatio": 0.2263444279556215,
        "horizontalComparisons": 14151,
        "horizontalEdgeHits": 2209,
        "horizontalEdgeRatio": 0.15610204225849764,
        "meanLuma": 155.619375,
        "stdDev": 96.68676687374682,
        "verticalComparisons": 14151,
        "verticalEdgeHits": 4197,
        "verticalEdgeRatio": 0.29658681365274536
      },
      "score": -16.68,
      "score_breakdown": {
        "chart_likeness": -4.6845595211252,
        "keyword_guard": 0,
        "ocr_confidence_bonus": 0,
        "pair_bonus": 0,
        "per_row_issues": -12,
        "per_row_metrics": 0,
        "text_density": 0
      },
      "screen_layout": "chart",
      "tickers": [],
      "timestamp": 0,
      "timestamp_hms": "00:00:00"
    },
    {
      "confusion_with_nearby": [],
      "frame_index": 174,
      "frame_path": "C:\\Users\\admin\\Projects\\portfolio_analyzer_revere\\data\\video_scan_20260915\\ocr-20260915-backfill\\ocr-20260915-backfill\\ocr_probe\\frames\\20260709_20260709_vq6t0tkahwg_c0892d1f_whiteboard\\ocr\\ocr_000175.png",
      "is_intro_card": false,
      "issue_codes": [
        "MISSING_METRIC_LINE",
        "MISSING_BOTTOM_LINE",
        "LOW_OCR_CONFIDENCE"
      ],
      "low_res_frame_path": null,
      "nearest_ffmpeg_keyframe_ts": 696.32,
      "observed_date": null,
      "ocr_confidence": 36,
      "ocr_profile": "threshold",
      "ocr_text": "# Sater Fie E01 Viow Mistory Bookmarks Window Herp                          Go +6    fC @® 6 mF A EF @ Thwulo505eM\namcarsuRce «(EHD     x Tor ter wy tan G Gm: DB 0\n» Tesla Inc.                                                                                              3406.18          1406.55\nJ Jeshaing,     rs ese sms ps en poms yon sown war DEAD 40655\nmete meen           fone umm wie ew sme gar seminoma\nwm              Eom BE DL cri TET Br pp oT\nBoy 6) %Cng XCM Eps Rump  a Ny   4    \\   AY  7         fr >    4     ;\nJB 00 <n 15 pe ng  “ Sof      .    FNS    %    N             NSN\nEon TEE       IE)      CERF\n|      .   \"il        a)     hy  fs fh                          ~~   -       A          rs         a0\ntt’ Mp rn     hor “WH 0,                 Fo 7, SE      i\nLAN   Lyf         oP ga     iv    liga th 2 ow\n5     |          &       +   hel   aN LL  saa\n|        ~    san              3          \"We   | “auf            i      Ey\n|                                                         hi) »                               *\nns) ol                                          Hh                        x0\npr                                                           =\nTe a    i.                    i.                    hee\nHa ttn      o-\nen     oa     ov    Oa     an    rs EER wer     r~     ay    Jon     a     r™\nSoman.    [re    Repos   TURBO-12 Leaders List 12ltems © updsins 04 42 PLT 07.23.2026                             Om  \"IRN\nEx       Ow ae ews we Come BEC JD eee WE ORM ewe oa 8\nrem        JSS     Lo\n——            .                                             |\n= Tubotecion        ——————————————————————————————\n",
      "ocr_text_snippet": "# Sater Fie E01 Viow Mistory Bookmarks Window Herp Go +6 fC @® 6 mF A EF @ Thwulo505eM amcarsuRce «(EHD x Tor ter wy tan G Gm: DB 0 » Tesla Inc. 3406.18 1406.55 J Jeshaing, rs ese sms ps en poms yo...",
      "output_kind": "whiteboard",
      "parsed_observations": [
        {
          "portfolio": "GRO",
          "metrics_raw": null,
          "metric_1": null,
          "metric_2": null,
          "metric_scalar": null,
          "action_text": null,
          "bottom_line": null,
          "parse_status": "review",
          "issue_codes": [
            "MISSING_METRIC_LINE",
            "MISSING_BOTTOM_LINE",
            "LOW_OCR_CONFIDENCE"
          ],
          "ocr_confidence": 36,
          "ocr_profile": "threshold"
        },
        {
          "portfolio": "TURBO",
          "metrics_raw": null,
          "metric_1": null,
          "metric_2": null,
          "metric_scalar": null,
          "action_text": null,
          "bottom_line": null,
          "parse_status": "review",
          "issue_codes": [
            "MISSING_METRIC_LINE",
            "MISSING_BOTTOM_LINE",
            "LOW_OCR_CONFIDENCE"
          ],
          "ocr_confidence": 36,
          "ocr_profile": "threshold"
        }
      ],
      "parsed_row_count": 2,
      "phash": "807917275e834ecf",
      "prefilter_score": 14.29,
      "prefilter_stats": {
        "brightRatio": 0.7904861111111111,
        "darkRatio": 0.03763888888888889,
        "edgeRatio": 0.17511129955480179,
        "horizontalComparisons": 14151,
        "horizontalEdgeHits": 1695,
        "horizontalEdgeRatio": 0.11977952088191647,
        "meanLuma": 229.7926388888889,
        "stdDev": 44.002023958912496,
        "verticalComparisons": 14151,
        "verticalEdgeHits": 3261,
        "verticalEdgeRatio": 0.2304430782276871
      },
      "score": -24.81,
      "score_breakdown": {
        "chart_likeness": -4.605204436676088,
        "keyword_guard": -18,
        "ocr_confidence_bonus": 1.8,
        "pair_bonus": 0,
        "per_row_issues": -12,
        "per_row_metrics": 0,
        "text_density": 8
      },
      "screen_layout": "tale_of_the_tape",
      "tickers": [
        "BE",
        "TAN",
        "TER"
      ],
      "timestamp": 696,
      "timestamp_hms": "00:11:36"
    },
    {
      "confusion_with_nearby": [],
      "frame_index": 63,
      "frame_path": "C:\\Users\\admin\\Projects\\portfolio_analyzer_revere\\data\\video_scan_20260915\\ocr-20260915-backfill\\ocr-20260915-backfill\\ocr_probe\\frames\\20260709_20260709_vq6t0tkahwg_c0892d1f_whiteboard\\ocr\\ocr_000064.png",
      "is_intro_card": false,
      "issue_codes": [
        "MISSING_METRIC_LINE",
        "MISSING_BOTTOM_LINE",
        "LOW_OCR_CONFIDENCE"
      ],
      "low_res_frame_path": null,
      "nearest_ffmpeg_keyframe_ts": 251.36,
      "observed_date": null,
      "ocr_confidence": 38,
      "ocr_profile": "threshold",
      "ocr_text": "# Seas Fie €or view Mistery Bookmaks Window Hp                          Go +06    PC 4 © LC om FAB @ Thais ass\n.o                                          neti arti\nV————-      x [om war bow tw - «wm © omc CEs oO\n$45.39\n» CBOE 10 Year Treasury Note Yield Index                                                                          ox cto pein\n© soos    .                                                            who wa\nLass: 0250 PET OrpuEzE\naso   Lome    r         A           <s          pr FN          om Stochmbes (140.33)    »\nyy    TN  a  7  FAA     a    9    fA  N\n— NX NNT TT NTT fess NAA\n7      V4                ot                     SINS           =\nusr\nMo ae      \\           “\nun            “gindh  By\ni      po had hyn ow\nit,          dg      ux        onl                   “\npo              [I Fr  |           om                B\n\\   .          |    Plat\ni.         hy id         I.)       .\nan ae    Wore bee tet oh   re fl es           «\nHyp     NE I   Heh, Mh     \"    FA\n [N    te Ra hs     ao          Wot. 1\nLe |        i                            i                                                       w\n3)       ne                     .\nPr.\nData Not avaiable\nsw ow wm wm ow ow ow ow» wn om nm om ow ow ow mw wm wm ow wm ow\noa       ™      oe       -      Fon      - Em ae      ™      son      P       os\nsores    ft    meow Inter Asset Corralation 19Hems GC  upsues maz cr criss                             om + mE EA\n=                                «   ran vue mes ©      M   cop sue            Gomoe\nBee OM  [ied  COOTER TR em ToL mee ste WRGH MORE am tome OR STD onew\n0 Sma ons\npo        -    Be me weectmmeaw me ow sas on   .  “   MN   .     i   .   .\nB7 TM smdestes. we os was on     ©   o      _\nFavoriten                  on                          y\nrec           Bl AI > |\nee ee CL eel ee Noeteet——————————\n= 21 over 21 Unt.\n",
      "ocr_text_snippet": "# Seas Fie €or view Mistery Bookmaks Window Hp Go +06 PC 4 © LC om FAB @ Thais ass .o neti arti V————- x [om war bow tw - «wm © omc CEs oO $45.39 » CBOE 10 Year Treasury Note Yield Index ox cto pei...",
      "output_kind": "whiteboard",
      "parsed_observations": [
        {
          "portfolio": "GRO",
          "metrics_raw": null,
          "metric_1": null,
          "metric_2": null,
          "metric_scalar": null,
          "action_text": null,
          "bottom_line": null,
          "parse_status": "review",
          "issue_codes": [
            "MISSING_METRIC_LINE",
            "MISSING_BOTTOM_LINE",
            "LOW_OCR_CONFIDENCE"
          ],
          "ocr_confidence": 38,
          "ocr_profile": "threshold"
        },
        {
          "portfolio": "TURBO",
          "metrics_raw": null,
          "metric_1": null,
          "metric_2": null,
          "metric_scalar": null,
          "action_text": null,
          "bottom_line": null,
          "parse_status": "review",
          "issue_codes": [
            "MISSING_METRIC_LINE",
            "MISSING_BOTTOM_LINE",
            "LOW_OCR_CONFIDENCE"
          ],
          "ocr_confidence": 38,
          "ocr_profile": "threshold"
        }
      ],
      "parsed_row_count": 2,
      "phash": "80aa55a96f54bad5",
      "prefilter_score": 2.44,
      "prefilter_stats": {
        "brightRatio": 0.4267361111111111,
        "darkRatio": 0.3423611111111111,
        "edgeRatio": 0.2298070807716769,
        "horizontalComparisons": 14151,
        "horizontalEdgeHits": 2226,
        "horizontalEdgeRatio": 0.15730337078651685,
        "meanLuma": 155.76416666666665,
        "stdDev": 96.64140514393638,
        "verticalComparisons": 14151,
        "verticalEdgeHits": 4278,
        "verticalEdgeRatio": 0.302310790756837
      },
      "score": -24.96,
      "score_breakdown": {
        "chart_likeness": -4.855693956942105,
        "keyword_guard": -18,
        "ocr_confidence_bonus": 1.9,
        "pair_bonus": 0,
        "per_row_issues": -12,
        "per_row_metrics": 0,
        "text_density": 8
      },
      "screen_layout": "tale_of_the_tape",
      "tickers": [
        "BE"
      ],
      "timestamp": 252,
      "timestamp_hms": "00:04:12"
    },
    {
      "confusion_with_nearby": [],
      "frame_index": 177,
      "frame_path": "C:\\Users\\admin\\Projects\\portfolio_analyzer_revere\\data\\video_scan_20260915\\ocr-20260915-backfill\\ocr-20260915-backfill\\ocr_probe\\frames\\20260709_20260709_vq6t0tkahwg_c0892d1f_whiteboard\\ocr\\ocr_000178.png",
      "is_intro_card": false,
      "issue_codes": [
        "MISSING_METRIC_LINE",
        "MISSING_BOTTOM_LINE",
        "LOW_OCR_CONFIDENCE"
      ],
      "low_res_frame_path": null,
      "nearest_ffmpeg_keyframe_ts": 706.48,
      "observed_date": null,
      "ocr_confidence": 31,
      "ocr_profile": "threshold",
      "ocr_text": "# Sater Fie E01 View Mstory Bookmarks Window Herp                          Go +6    fC 4 ® 6 mF A EF @ Thwulo 505M\n[S———     x Torr wy ny un mG                   [oo EEE\nP Teslalnc., ‘losing.                                                                                       3406.16          3406.55\n2 Tesaine,          reteset er ote owe tmnt ran wnan hat ai ma comin\nPARLE itches                  ER Sn Se nn,      mem sme\nbonnie                 Sm i SRA ION Er, wn cio\nCovemia              AEE EE                      «                 (ann    ©\new ES ZB sx Compmmmrs 4     y                                   NAY           2\nown ded         \\   A         /           A\nWO OT MI BN uennsRig 5      2           /                   VANS                  \\            2»\nIo om wwe\nTo mo seme We\nTmo nom mee w\nER RE        *,        LTR                           h\n} Al   aif     fo   fd             \\J   ar    A      =     -\noh Bh J pF  i ol W     Ty his J “Ee                As Fi £4 fg       .\n/     we 4    li-h¥            a ht       “     SE TC iL    ow\n|      Ed               o     Sa ay   ee gil     we ow\nRE            wan                      we  | Dyed          5\nJr wl                                          ral                         bd\nps                                                                     =\nLr ——   i.   .     ow                       a                        —\nents sn 1.3       o\nsoe     oat      New     Dee      Jn     fu BEE we      ape     wy     an     ™      ™\nSomers.    [re    Repos.   TURBO-12 Loaders List 12 tems © updund 0442 PET 07.00:7076                             LI  “BE @EQ\nAr       Om nu ae ww   Cem alme wm UE eee WSO MOI eam Go ©\n—            bn cm meme mmm wm em ww wae ew awe om\n—-       Nn wr nm we women    “om\nT—              .\n= Tubotscion          A ———————————————————————————\n",
      "ocr_text_snippet": "# Sater Fie E01 View Mstory Bookmarks Window Herp Go +6 fC 4 ® 6 mF A EF @ Thwulo 505M [S——— x Torr wy ny un mG [oo EEE P Teslalnc., ‘losing. 3406.16 3406.55 2 Tesaine, reteset er ote owe tmnt ran ...",
      "output_kind": "whiteboard",
      "parsed_observations": [
        {
          "portfolio": "GRO",
          "metrics_raw": null,
          "metric_1": null,
          "metric_2": null,
          "metric_scalar": null,
          "action_text": null,
          "bottom_line": null,
          "parse_status": "review",
          "issue_codes": [
            "MISSING_METRIC_LINE",
            "MISSING_BOTTOM_LINE",
            "LOW_OCR_CONFIDENCE"
          ],
          "ocr_confidence": 31,
          "ocr_profile": "threshold"
        },
        {
          "portfolio": "TURBO",
          "metrics_raw": null,
          "metric_1": null,
          "metric_2": null,
          "metric_scalar": null,
          "action_text": null,
          "bottom_line": null,
          "parse_status": "review",
          "issue_codes": [
            "MISSING_METRIC_LINE",
            "MISSING_BOTTOM_LINE",
            "LOW_OCR_CONFIDENCE"
          ],
          "ocr_confidence": 31,
          "ocr_profile": "threshold"
        }
      ],
      "parsed_row_count": 2,
      "phash": "80791f675e834e87",
      "prefilter_score": 14.07,
      "prefilter_stats": {
        "brightRatio": 0.7948611111111111,
        "darkRatio": 0.03777777777777778,
        "edgeRatio": 0.1673379973146774,
        "horizontalComparisons": 14151,
        "horizontalEdgeHits": 1606,
        "horizontalEdgeRatio": 0.11349021270581584,
        "meanLuma": 230.246875,
        "stdDev": 43.950778465624204,
        "verticalComparisons": 14151,
        "verticalEdgeHits": 3130,
        "verticalEdgeRatio": 0.22118578192353897
      },
      "score": -25.18,
      "score_breakdown": {
        "chart_likeness": -4.728959490932814,
        "keyword_guard": -18,
        "ocr_confidence_bonus": 1.55,
        "pair_bonus": 0,
        "per_row_issues": -12,
        "per_row_metrics": 0,
        "text_density": 8
      },
      "screen_layout": "tale_of_the_tape",
      "tickers": [
        "BE"
      ],
      "timestamp": 708,
      "timestamp_hms": "00:11:48"
    },
    {
      "confusion_with_nearby": [],
      "frame_index": 171,
      "frame_path": "C:\\Users\\admin\\Projects\\portfolio_analyzer_revere\\data\\video_scan_20260915\\ocr-20260915-backfill\\ocr-20260915-backfill\\ocr_probe\\frames\\20260709_20260709_vq6t0tkahwg_c0892d1f_whiteboard\\ocr\\ocr_000172.png",
      "is_intro_card": false,
      "issue_codes": [
        "MISSING_METRIC_LINE",
        "MISSING_BOTTOM_LINE",
        "LOW_OCR_CONFIDENCE"
      ],
      "low_res_frame_path": null,
      "nearest_ffmpeg_keyframe_ts": 686.4,
      "observed_date": null,
      "ocr_confidence": 32,
      "ocr_profile": "threshold",
      "ocr_text": "# Saar Fie EON Viow Mutory Bookmarks Window Help                         GB +6    Me 4 ® C ma FT A EB @ Thulo505PM\nFo———     x To er ey nm Gmec BBE 0\n» Amazon.com Inc.                                                                                       $246.39          1247.04\nRusu tn                                       osm oust Sica Ss wo. Sb    Jai     ava sven neon\nPO      © rororm      J S—                 Exons cron Wm Arie HABIT 310 ARS 3       fro     [ever\n[speed                         1a pen, ma ir tr SS OSPMET Souza Ue saa iE\n[—              DE      ~         ~     Pp                (nsn    ©\nYew ES PS Sues ComoueRang ©       y   .           a   .     7     /          A      7\nOr 0 %nd ACR creme   »       /    y       f      FN    Fo Noy ff          a      2\nJB 115 wh i ae Ae   “    IN ff     9             ZY   /       f         5\nWE 2 eR WE cums RaER 5B          WF    4          we                     NY          »\nih odoin did [|\nTn em ee a twemmn\nTo moun con ese or\nfrat A ol\nJa li anc Rn                                          BTV A WR        =\nWie 88 Iie gos Groene 39%                                          KD   3\nThee LLIN geen                                            JAC\noN INSTT fn    el           J      =\ni         wen om           1      [0     id\n1                      1           ly WV            .\na —  [i       \"he idly                 J               Wl il! |          0\nFEE Era NO    wn     a\non      pt           g      by                          —      >\nre Al Ra   hone, SR  E   h    mu 8   i        k=)        Pe      we\n1          li 0)        LI                    ha\nd               ee        To                   I  ew That                                 x\n1!        [                             PY\nLas\n50 volun   —                  -——                   Br                             |           uaa\na HE:\nrg eg ag Lg LL Gy GIL TN hy ar\nM      p-     P=     oa      ov     ows      an SEE Fe     P      aor     ry     an     M      a\nSonn    us    wow TURBO-12 Loaders List 12am © spss oeiz mir ovsnre                             om - Emma\nEY        Om eww wm CEaMm. ER OUH eee WER Sees 6 ows\nFrpre—         Fo om emmor    a   Tan wm ww am wv nw mmm\n= 2rovcar a          FEET PS —   sa   am am mw ws sc aw emo om\nRp ———         Bon we seeseme 90   ow on     “wa            i\n= Rune 100                 B                                                                |\n« Tuvan            —_—\n",
      "ocr_text_snippet": "# Saar Fie EON Viow Mutory Bookmarks Window Help GB +6 Me 4 ® C ma FT A EB @ Thulo505PM Fo——— x To er ey nm Gmec BBE 0 » Amazon.com Inc. $246.39 1247.04 Rusu tn osm oust Sica Ss wo. Sb Jai ava sven...",
      "output_kind": "whiteboard",
      "parsed_observations": [
        {
          "portfolio": "GRO",
          "metrics_raw": null,
          "metric_1": null,
          "metric_2": null,
          "metric_scalar": null,
          "action_text": null,
          "bottom_line": null,
          "parse_status": "review",
          "issue_codes": [
            "MISSING_METRIC_LINE",
            "MISSING_BOTTOM_LINE",
            "LOW_OCR_CONFIDENCE"
          ],
          "ocr_confidence": 32,
          "ocr_profile": "threshold"
        },
        {
          "portfolio": "TURBO",
          "metrics_raw": null,
          "metric_1": null,
          "metric_2": null,
          "metric_scalar": null,
          "action_text": null,
          "bottom_line": null,
          "parse_status": "review",
          "issue_codes": [
            "MISSING_METRIC_LINE",
            "MISSING_BOTTOM_LINE",
            "LOW_OCR_CONFIDENCE"
          ],
          "ocr_confidence": 32,
          "ocr_profile": "threshold"
        }
      ],
      "parsed_row_count": 2,
      "phash": "8078162d76c157ef",
      "prefilter_score": 13.92,
      "prefilter_stats": {
        "brightRatio": 0.7903472222222222,
        "darkRatio": 0.03770833333333334,
        "edgeRatio": 0.17097731609073563,
        "horizontalComparisons": 14151,
        "horizontalEdgeHits": 1622,
        "horizontalEdgeRatio": 0.11462087484983394,
        "meanLuma": 229.67743055555556,
        "stdDev": 44.08114413667086,
        "verticalComparisons": 14151,
        "verticalEdgeHits": 3217,
        "verticalEdgeRatio": 0.22733375733163735
      },
      "score": -25.39,
      "score_breakdown": {
        "chart_likeness": -4.9936229451491645,
        "keyword_guard": -18,
        "ocr_confidence_bonus": 1.6,
        "pair_bonus": 0,
        "per_row_issues": -12,
        "per_row_metrics": 0,
        "text_density": 8
      },
      "screen_layout": "tale_of_the_tape",
      "tickers": [
        "MU",
        "TAN"
      ],
      "timestamp": 684,
      "timestamp_hms": "00:11:24"
    }
  ],
  "whiteboard_segments": [
    {
      "capture_count": 3,
      "end_ts": 372,
      "end_hms": "00:06:12",
      "is_intro_card": false,
      "layout": "structured_whiteboard",
      "peak_frame_index": 93,
      "peak_score": 113.86,
      "start_hms": "00:04:36",
      "start_ts": 276
    }
  ],
  "log_path": "C:\\Users\\admin\\Projects\\portfolio_analyzer_revere\\data\\video_scan_20260915\\ocr-20260915-backfill\\ocr-20260915-backfill\\ocr_probe\\logs\\20260709_20260709_vq6t0tkahwg_c0892d1f_whiteboard.json"
}
