# cmd: node tools/scanVideoWithOcr.js --video C:\Users\admin\Projects\portfolio_analyzer_revere\data\video_pipeline\downloads_hires\20260808_EAI-qMrf_T0.mp4 --date 20260808 --output-root C:\Users\admin\Projects\portfolio_analyzer_revere\data\video_scan_20260915\ocr-20260915-backfill --run-tag ocr-20260915-backfill --ffmpeg-bin c:/Users/admin/AppData/Local/Microsoft/WinGet/Packages/Gyan.FFmpeg_Microsoft.Winget.Source_8wekyb3d8bbwe/ffmpeg-9.0.1-full_build/bin/ffmpeg.exe
[scan:whiteboard] ffprobe found 359 keyframe(s) for nearest-keyframe lookup
[scan:whiteboard] preflighting final whiteboard output extraction
[scan:whiteboard] extracting sample frames from C:\Users\admin\Projects\portfolio_analyzer_revere\data\video_pipeline\downloads_hires\20260808_EAI-qMrf_T0.mp4
[scan:whiteboard] extracted 537 frame(s) at 0.25 fps with width 640; starting prefilter
[scan:whiteboard] prefilter 1/537 frames after 00:00:00; best prefilter 4.62 at 00:00:00
[scan:whiteboard] prefilter 10/537 frames after 00:00:00; best prefilter 4.62 at 00:00:00
[scan:whiteboard] prefilter 20/537 frames after 00:00:01; best prefilter 4.62 at 00:00:00
[scan:whiteboard] prefilter 30/537 frames after 00:00:01; best prefilter 4.62 at 00:00:00
[scan:whiteboard] prefilter 40/537 frames after 00:00:01; best prefilter 4.62 at 00:00:00
[scan:whiteboard] prefilter 50/537 frames after 00:00:02; best prefilter 4.63 at 00:03:16
[scan:whiteboard] prefilter 60/537 frames after 00:00:02; best prefilter 17.74 at 00:03:32
[scan:whiteboard] prefilter 70/537 frames after 00:00:02; best prefilter 17.74 at 00:03:32
[scan:whiteboard] prefilter 80/537 frames after 00:00:03; best prefilter 17.74 at 00:03:32
[scan:whiteboard] prefilter 90/537 frames after 00:00:03; best prefilter 17.74 at 00:03:32
[scan:whiteboard] prefilter 100/537 frames after 00:00:03; best prefilter 17.74 at 00:03:32
[scan:whiteboard] prefilter 110/537 frames after 00:00:04; best prefilter 17.74 at 00:03:32
[scan:whiteboard] prefilter 120/537 frames after 00:00:04; best prefilter 19.18 at 00:07:48
[scan:whiteboard] prefilter 130/537 frames after 00:00:04; best prefilter 19.18 at 00:07:48
[scan:whiteboard] prefilter 140/537 frames after 00:00:05; best prefilter 19.18 at 00:07:48
[scan:whiteboard] prefilter 150/537 frames after 00:00:05; best prefilter 19.18 at 00:07:48
[scan:whiteboard] prefilter 160/537 frames after 00:00:05; best prefilter 19.18 at 00:07:48
[scan:whiteboard] prefilter 170/537 frames after 00:00:06; best prefilter 19.18 at 00:07:48
[scan:whiteboard] prefilter 180/537 frames after 00:00:06; best prefilter 19.18 at 00:07:48
[scan:whiteboard] prefilter 190/537 frames after 00:00:06; best prefilter 19.18 at 00:07:48
[scan:whiteboard] prefilter 200/537 frames after 00:00:07; best prefilter 19.18 at 00:07:48
[scan:whiteboard] prefilter 210/537 frames after 00:00:07; best prefilter 19.18 at 00:07:48
[scan:whiteboard] prefilter 220/537 frames after 00:00:07; best prefilter 19.18 at 00:07:48
[scan:whiteboard] prefilter 230/537 frames after 00:00:08; best prefilter 19.18 at 00:07:48
[scan:whiteboard] prefilter 240/537 frames after 00:00:08; best prefilter 19.18 at 00:07:48
[scan:whiteboard] prefilter 250/537 frames after 00:00:08; best prefilter 19.18 at 00:07:48
[scan:whiteboard] prefilter 260/537 frames after 00:00:09; best prefilter 19.18 at 00:07:48
[scan:whiteboard] prefilter 270/537 frames after 00:00:09; best prefilter 19.18 at 00:07:48
[scan:whiteboard] prefilter 280/537 frames after 00:00:09; best prefilter 19.18 at 00:07:48
[scan:whiteboard] prefilter 290/537 frames after 00:00:10; best prefilter 19.18 at 00:07:48
[scan:whiteboard] prefilter 300/537 frames after 00:00:10; best prefilter 19.18 at 00:07:48
[scan:whiteboard] prefilter 310/537 frames after 00:00:10; best prefilter 19.18 at 00:07:48
[scan:whiteboard] prefilter 320/537 frames after 00:00:10; best prefilter 19.18 at 00:07:48
[scan:whiteboard] prefilter 330/537 frames after 00:00:11; best prefilter 19.18 at 00:07:48
[scan:whiteboard] prefilter 340/537 frames after 00:00:11; best prefilter 19.18 at 00:07:48
[scan:whiteboard] prefilter 350/537 frames after 00:00:11; best prefilter 19.18 at 00:07:48
[scan:whiteboard] prefilter 360/537 frames after 00:00:12; best prefilter 19.18 at 00:07:48
[scan:whiteboard] prefilter 370/537 frames after 00:00:12; best prefilter 19.18 at 00:07:48
[scan:whiteboard] prefilter 380/537 frames after 00:00:12; best prefilter 19.18 at 00:07:48
[scan:whiteboard] prefilter 390/537 frames after 00:00:13; best prefilter 19.18 at 00:07:48
[scan:whiteboard] prefilter 400/537 frames after 00:00:13; best prefilter 19.18 at 00:07:48
[scan:whiteboard] prefilter 410/537 frames after 00:00:13; best prefilter 19.18 at 00:07:48
[scan:whiteboard] prefilter 420/537 frames after 00:00:14; best prefilter 19.18 at 00:07:48
[scan:whiteboard] prefilter 430/537 frames after 00:00:14; best prefilter 19.18 at 00:07:48
[scan:whiteboard] prefilter 440/537 frames after 00:00:14; best prefilter 19.18 at 00:07:48
[scan:whiteboard] prefilter 450/537 frames after 00:00:15; best prefilter 19.18 at 00:07:48
[scan:whiteboard] prefilter 460/537 frames after 00:00:15; best prefilter 19.18 at 00:07:48
[scan:whiteboard] prefilter 470/537 frames after 00:00:15; best prefilter 19.18 at 00:07:48
[scan:whiteboard] prefilter 480/537 frames after 00:00:16; best prefilter 19.18 at 00:07:48
[scan:whiteboard] prefilter 490/537 frames after 00:00:16; best prefilter 19.18 at 00:07:48
[scan:whiteboard] prefilter 500/537 frames after 00:00:16; best prefilter 19.18 at 00:07:48
[scan:whiteboard] prefilter 510/537 frames after 00:00:16; best prefilter 19.18 at 00:07:48
[scan:whiteboard] prefilter 520/537 frames after 00:00:17; best prefilter 19.18 at 00:07:48
[scan:whiteboard] prefilter 530/537 frames after 00:00:17; best prefilter 19.18 at 00:07:48
[scan:whiteboard] prefilter 537/537 frames after 00:00:17; best prefilter 19.18 at 00:07:48
[scan:whiteboard] prefilter kept 60/537 frame(s) for OCR; best prefilter 19.18 at 00:07:48
[scan:whiteboard] extracting OCR candidates from source video at width 1280
[scan:whiteboard] OCR 1/60 frames (1.7%) after 00:00:11; best score 54.82 at 00:00:00 (ocr 66.0)
[scan:whiteboard] OCR 10/60 frames (16.7%) after 00:02:08; best score 55.35 at 00:02:08 (ocr 62.0)
[scan:whiteboard] OCR 20/60 frames (33.3%) after 00:05:35; best score 55.35 at 00:02:08 (ocr 62.0)
[scan:whiteboard] OCR 30/60 frames (50.0%) after 00:06:48; best score 93.31 at 00:11:12 (ocr 65.0)
[scan:whiteboard] OCR 40/60 frames (66.7%) after 00:10:59; best score 93.31 at 00:11:12 (ocr 65.0)
[scan:whiteboard] OCR 50/60 frames (83.3%) after 00:15:09; best score 93.31 at 00:11:12 (ocr 65.0)
[scan:whiteboard] OCR 60/60 frames (100.0%) after 00:18:54; best score 93.31 at 00:11:12 (ocr 65.0)
{
  "date_key": "20260808",
  "output_kind": "whiteboard",
  "video_path": "C:\\Users\\admin\\Projects\\portfolio_analyzer_revere\\data\\video_pipeline\\downloads_hires\\20260808_EAI-qMrf_T0.mp4",
  "captured_count": 3,
  "captures": [
    {
      "confusion_with_nearby": [],
      "frame_index": 168,
      "frame_path": "C:\\Users\\admin\\Projects\\portfolio_analyzer_revere\\data\\video_scan_20260915\\ocr-20260915-backfill\\ocr-20260915-backfill\\ocr_probe\\frames\\20260808_20260808_eai-qmrf_t0_2289203f_whiteboard\\ocr\\ocr_000169.png",
      "is_intro_card": false,
      "issue_codes": [],
      "low_res_frame_path": null,
      "nearest_ffmpeg_keyframe_ts": 672,
      "observed_date": "20260807",
      "ocr_confidence": 65,
      "ocr_profile": "threshold",
      "ocr_text": "2> TALE OF THE TAPE = FRIDAY, AUGUST 7, 2026 <<\n* MARKET STATE: UPTREND\n*STOINDEXESET O04 RG83T Od NASI USDY TNX/TYXD vs 5d\n* SENTIMENT: VIX 14.90 ( 1.65%) F&G 64(+4 GREED} aan 37 +6 25.1.3 [TTI naam 79.70 .32\nBULL CASE: INITIATE RALLY & TREND 21EMA  €8/3-4 REGAIN 21 & FID.\nPEAR CASE: SUSTAINED BREAK BELOW 21EMA\n* NEWS: WEAK JOBS REPORT, ODDS OF RATE HIKE LOWER; MON ER AMC: ASTS RKLB\n* TODAY'S KEYS: SPX vs 8E T/ATH{: QQQ vs SOD /ATHY R2K vs BET /ATHY\n*DAYCT:U-d/  =>U-4/ [U-L Be:+61 2lei+61\n* ACTION: 0 40.31% 17735 $7719                      STRONG CLOSE\n“SPXO/N 7701-77547 07735 030 77357728Y L/H7719-7763\nSPXATR: 114% SPX +0.67% 60/40 +0.16% GRO +0.87% TURBO +0.78%\n* SECTORS: 4 BPS GDX AHKK IG SMH XLY { BY% USD KWEB XLE XLF\n* GRO HOLDINGS: SPYM,UPRO,SPXLHPE.OKTA,PLTR.CBRS\n* GRO RVAB/REBAR: 1.14 {0.65%/-6.43%) BUY SPXL ADD to PLTR HPE SELLVLO\n* TURBO HOLDINGS: SPYM,UPRO,TQQC,CBRS\n* TURBO RVAB/REBAR: 1.03 [-0.39%/-5.36%) SELL DRAM\n* BOTTOM LINE: LEADERS LEAD AS INDEXES C1 OSF STRONG\n* MON KEYS: SPX vs 8E/ATH QQQvs SOD/ATR R2K vs BE/ATH\n>>> S&PS00 KEY LEVELS <<<\n* 7793 (8/4 INTRADAY A-T-H)\n7757 TODAY: LEADERS LEAD AS INDEXES CLOSE STRONG\n*7552(124 21EMA) € 7/314 7/233 7/1 TAT eft 6/234\n* 7494/7485 (16 S0D/10WK) € 7/311 7/234 7/211 7/174 6/291\n* 7050/7060 (15 200D/40WK) € 4/31 3/190\nIS\n",
      "ocr_text_snippet": "2> TALE OF THE TAPE = FRIDAY, AUGUST 7, 2026 << * MARKET STATE: UPTREND *STOINDEXESET O04 RG83T Od NASI USDY TNX/TYXD vs 5d * SENTIMENT: VIX 14.90 ( 1.65%) F&G 64(+4 GREED} aan 37 +6 25.1.3 [TTI na...",
      "output_kind": "whiteboard",
      "parsed_observations": [
        {
          "portfolio": "GRO",
          "metrics_raw": "RVAB/REBAR: 1.14 {0.65%/-6.43%)",
          "metric_1": null,
          "metric_2": null,
          "metric_scalar": null,
          "action_text": "BUY SPXL ADD TO PLTR HPE SELL VLO",
          "bottom_line": "LEADERS LEAD AS INDEXES C1 OSF STRONG MON KEYS: SPX VS 8E/ATH QQQVS SOD/ATR R2K VS BE/ATH S&PS00 KEY LEVELS <<< 7793 (8/4 INTRADAY A-T-H) 7757 TODAY: LEADERS LEAD AS INDEXES CLOSE STRONG 7552(124 21EMA) € 7/314 7/233 7/1 TAT EFT 6/234 7494/7485 (16 S0D/10WK) € 7/311 7/234 7/211 7/174 6/291 7050/7060 (15 200D/40WK) € 4/31 3/190 IS",
          "parse_status": "ok",
          "issue_codes": [],
          "ocr_confidence": 65,
          "ocr_profile": "threshold"
        },
        {
          "portfolio": "TURBO",
          "metrics_raw": "RVAB/REBAR: 1.03 [-0.39%/-5.36%)",
          "metric_1": null,
          "metric_2": null,
          "metric_scalar": null,
          "action_text": "SELL DRAM",
          "bottom_line": "LEADERS LEAD AS INDEXES C1 OSF STRONG MON KEYS: SPX VS 8E/ATH QQQVS SOD/ATR R2K VS BE/ATH S&PS00 KEY LEVELS <<< 7793 (8/4 INTRADAY A-T-H) 7757 TODAY: LEADERS LEAD AS INDEXES CLOSE STRONG 7552(124 21EMA) € 7/314 7/233 7/1 TAT EFT 6/234 7494/7485 (16 S0D/10WK) € 7/311 7/234 7/211 7/174 6/291 7050/7060 (15 200D/40WK) € 4/31 3/190 IS",
          "parse_status": "ok",
          "issue_codes": [],
          "ocr_confidence": 65,
          "ocr_profile": "threshold"
        }
      ],
      "parsed_row_count": 2,
      "phash": "942f6b90946f85b6",
      "prefilter_score": -23.35,
      "prefilter_stats": {
        "brightRatio": 0.20208333333333334,
        "darkRatio": 0.6979166666666666,
        "edgeRatio": 0.0918309660094693,
        "horizontalComparisons": 14151,
        "horizontalEdgeHits": 675,
        "horizontalEdgeRatio": 0.047699809200763194,
        "meanLuma": 89.69090277777778,
        "stdDev": 91.45726582834249,
        "verticalComparisons": 14151,
        "verticalEdgeHits": 1924,
        "verticalEdgeRatio": 0.1359621228181754
      },
      "score": 93.31,
      "score_breakdown": {
        "chart_likeness": -6,
        "keyword_guard": 0,
        "ocr_confidence_bonus": 3.25,
        "pair_bonus": 4,
        "per_row_issues": 0,
        "per_row_metrics": 20,
        "text_density": 72.06
      },
      "screen_layout": "structured_whiteboard",
      "tickers": [
        "BE",
        "HPE",
        "PLTR",
        "RKLB",
        "SPYM",
        "UPRO"
      ],
      "timestamp": 672,
      "timestamp_hms": "00:11:12",
      "output_path": "C:\\Users\\admin\\Projects\\portfolio_analyzer_revere\\data\\video_scan_20260915\\ocr-20260915-backfill\\ocr-20260915-backfill\\screenshots\\20260808_ps.png"
    },
    {
      "confusion_with_nearby": [],
      "frame_index": 224,
      "frame_path": "C:\\Users\\admin\\Projects\\portfolio_analyzer_revere\\data\\video_scan_20260915\\ocr-20260915-backfill\\ocr-20260915-backfill\\ocr_probe\\frames\\20260808_20260808_eai-qmrf_t0_2289203f_whiteboard\\ocr\\ocr_000225.png",
      "is_intro_card": false,
      "issue_codes": [],
      "low_res_frame_path": null,
      "nearest_ffmpeg_keyframe_ts": 894,
      "observed_date": "20260807",
      "ocr_confidence": 66,
      "ocr_profile": "threshold",
      "ocr_text": "2> TALE OF THE TAPE = FRIDAY, AUGUST 7, 2026 <<\n\n* MARKET STATE: UPTREND\n\n*STOINDEXESET O04 RG8ED Od NASI USDY TNX/TYXD vs 5d\n\n* SENTIMENT: VIX 14.90 ( 1.65%! F&G 64(+4 GREED) aan 37 «& 25.1.3 [TTI Naam 79.70 6.32\nBULL CASE: INITIATE RALLY & TREND 21EMA  €8/3-4 REGAIN 21€ & FTO\nBEAR CASE: SUSTAINED BREAK BELOW Z1EMA\n\n* NEWS: WEAK JOBS REPORT, ODDS OF RATE HIKE LOWER; MON ER AMC: ASTS RKLB\n\n* TODAY'S KEYS: SPX vs 8EP/ATHY: QQQ vs SOD ATH, R2K vs 8ET/ATHY\nFDAYCT:U-4/  =>U-4/ [U1 8e:+67 2ler+57\n\n* ACTION: © 40.31% 17735 $7719                       STRONG CLOSE\n“SPXO/N 7701-77547 07735 030 7735-7728Y L/H7719-7763\nSPXATR: 1.14% SPX +0.67% 60/40 +0.16% GRO 40.82% TURBO0.78%\n* SECTORS: 4 BPS GDX ARKK IGY SMH XLY J BY% USD KWEB XLE XLF\n\n* GRO HOLDINGS: SPYM,UPRO,SPXLHPE OKTA,PLTR,.CBRS\n\n* GRO RVAB/REBAR: 1.14 .0.65%/-6.43%) BUY SPXL ADD to PLTRHPE SELLVLO\n\n* TURBO HOLDINGS: SPYM,UPRO,TQQQ,CBRS                  te\n\n* TURBO RVAB/REBAR: 1.03 [-0.39%/-5.36%) SELL ORAM\n\nBOTTOM LINE: -> LEADERS LEAD AS INDEXES CLOSE STRONG\n\n* MON KEYS: SPX vs 8E/ATH QQQvs S0D/ATH R2K vs BE/ATH\n\n25> SRPS00 KEY LEVELS <<<\n\n* 7793 (8/4 INTRADAY A-T-H)\n\n27757 TODAY: LEADERS LEAD AS INDEXES CLOSE STRONG\n\n+7552 (124 21EMA) € 7/314 7/233 Jf210 TAT 6/29 6/234\n\n* 7494/7485 (16 S0D/10WK) € 7/311 7/238 7/211 7/374 6/2970\n\n* 7050/7060 (15 200D/40WK) € 4/21 3/194\n",
      "ocr_text_snippet": "2> TALE OF THE TAPE = FRIDAY, AUGUST 7, 2026 << * MARKET STATE: UPTREND *STOINDEXESET O04 RG8ED Od NASI USDY TNX/TYXD vs 5d * SENTIMENT: VIX 14.90 ( 1.65%! F&G 64(+4 GREED) aan 37 «& 25.1.3 [TTI Na...",
      "output_kind": "whiteboard",
      "parsed_observations": [
        {
          "portfolio": "GRO",
          "metrics_raw": "RVAB/REBAR: 1.14 .0.65%/-6.43%)",
          "metric_1": null,
          "metric_2": null,
          "metric_scalar": null,
          "action_text": "BUY SPXL ADD TO PLTRHPE SELL VLO",
          "bottom_line": "-> LEADERS LEAD AS INDEXES CLOSE STRONG MON KEYS: SPX VS 8E/ATH QQQVS S0D/ATH R2K VS BE/ATH 25> SRPS00 KEY LEVELS <<< 7793 (8/4 INTRADAY A-T-H) 27757 TODAY: LEADERS LEAD AS INDEXES CLOSE STRONG 7552 (124 21EMA) € 7/314 7/233 JF210 TAT 6/29 6/234 7494/7485 (16 S0D/10WK) € 7/311 7/238 7/211 7/374 6/2970 7050/7060 (15 200D/40WK) € 4/21 3/194",
          "parse_status": "ok",
          "issue_codes": [],
          "ocr_confidence": 66,
          "ocr_profile": "threshold"
        },
        {
          "portfolio": "TURBO",
          "metrics_raw": "RVAB/REBAR: 1.03 [-0.39%/-5.36%)",
          "metric_1": null,
          "metric_2": null,
          "metric_scalar": null,
          "action_text": "SELL ORAM",
          "bottom_line": "-> LEADERS LEAD AS INDEXES CLOSE STRONG MON KEYS: SPX VS 8E/ATH QQQVS S0D/ATH R2K VS BE/ATH 25> SRPS00 KEY LEVELS <<< 7793 (8/4 INTRADAY A-T-H) 27757 TODAY: LEADERS LEAD AS INDEXES CLOSE STRONG 7552 (124 21EMA) € 7/314 7/233 JF210 TAT 6/29 6/234 7494/7485 (16 S0D/10WK) € 7/311 7/238 7/211 7/374 6/2970 7050/7060 (15 200D/40WK) € 4/21 3/194",
          "parse_status": "ok",
          "issue_codes": [],
          "ocr_confidence": 66,
          "ocr_profile": "threshold"
        }
      ],
      "parsed_row_count": 2,
      "phash": "946f6b90946f9436",
      "prefilter_score": -23.36,
      "prefilter_stats": {
        "brightRatio": 0.20173611111111112,
        "darkRatio": 0.6979166666666666,
        "edgeRatio": 0.0916189668574659,
        "horizontalComparisons": 14151,
        "horizontalEdgeHits": 674,
        "horizontalEdgeRatio": 0.04762914281676207,
        "meanLuma": 89.10034722222223,
        "stdDev": 91.79016831817793,
        "verticalComparisons": 14151,
        "verticalEdgeHits": 1919,
        "verticalEdgeRatio": 0.13560879089816974
      },
      "score": 92,
      "score_breakdown": {
        "chart_likeness": -6,
        "keyword_guard": 0,
        "ocr_confidence_bonus": 3.3,
        "pair_bonus": 4,
        "per_row_issues": 0,
        "per_row_metrics": 20,
        "text_density": 70.7
      },
      "screen_layout": "structured_whiteboard",
      "tickers": [
        "BE",
        "OKTA",
        "PLTR",
        "RKLB",
        "SPYM",
        "TQQQ",
        "UPRO"
      ],
      "timestamp": 896,
      "timestamp_hms": "00:14:56",
      "output_path": "C:\\Users\\admin\\Projects\\portfolio_analyzer_revere\\data\\video_scan_20260915\\ocr-20260915-backfill\\ocr-20260915-backfill\\screenshots\\20260808_ps_2.png"
    },
    {
      "confusion_with_nearby": [],
      "frame_index": 200,
      "frame_path": "C:\\Users\\admin\\Projects\\portfolio_analyzer_revere\\data\\video_scan_20260915\\ocr-20260915-backfill\\ocr-20260915-backfill\\ocr_probe\\frames\\20260808_20260808_eai-qmrf_t0_2289203f_whiteboard\\ocr\\ocr_000201.png",
      "is_intro_card": false,
      "issue_codes": [],
      "low_res_frame_path": null,
      "nearest_ffmpeg_keyframe_ts": 798,
      "observed_date": "20260807",
      "ocr_confidence": 67,
      "ocr_profile": "threshold",
      "ocr_text": "2> TALE OF THE TAPE — FRIDAY, AUGUST 7, 2026 <<\n\n* MARKET STATE: UPTREND\n\n*STOINDEXES6T OW RGBET 0 NAST USDL TNX/TYXD vs5d\n\n* SENTIMENT: VIX 14.90 (1.65% F&G 64(+4 GREED) aan 37 «6 25.1.3 [TTIE NAAM 79.70 6.32\nBULL CASE: INITIATE RALLY & TREND 21EMA  €8/3-4 REGAIN 21E & FTD\nBEAR CASE: SUSTAINED BREAK BELOW 21EMA\n\n* NEWS: WEAK JOBS REPORT, ODDS OF RATE HIKE LOWER; MON ER AMC: ASTS RKLB\n\n* TODAY'S KEYS: SPX vs 8EN/ATH QQQ vs SODT/ATH R2K vs BET/ATHY\n*DAYCT:U-d/  =>U-4/ [U-1 Be:+671 2lei+61\n\n© ACTION: 0 40.31% 17735 $7719      L                STRONG CLOSE\n*SPXO/N 7701-77547 D7735 030 7735-77284 L/M7719-7763\n*SPXATR: 1.14%% SPX +0.62% G0/40+0.16% GRO 40.87% TURBO0.78%\n* SECTORS: 1 BPS GDX ARKK IG SMH XLY  BY% USD KWEB XLE XLF\n\n* GRO HOLDINGS: SPYM,UPRO,SPXLHPE.OKTA,PLTR,CBRS\n\n* GRO RVAB/REBAR: 1.14 (0.65%/6.43%) BUY SPKL ADD to PLTR HPE SELLVLO\n\n* TURBO HOLDINGS: SPYM,UPRO,TQQQ,CBRS\n\n* TURBO RVAB/REBAR: 1.03 -0.39%/+5.36%) SELL DRAM\n\nBOTTOM LINE: -> LFADERS LEAD AS INDFXFS CLOSE STRONG\n\n* MON KEYS: SPX vs 8E/ATH QQQvs S0D/ATH R2K vs BE/ATH\n\n25> SRP50 KEV LEVELS <<<\n\n* 7793 (8/4 INTRADAY A-T-H)\n\n37757 TODAY: LEADERS LEAD AS INDEXES CLOSE STRONG\n\n*7552(124 21EMA) € 1/311 7/234 1/21 TTY 6/291 6/234\n\n* 7494/7485 (16 S0D/10WK) 4 7/311 7/234 7/211 7/374 6/291\n\n* 7050/7060 (15 200D/40WK) € 4/31 3/194\n",
      "ocr_text_snippet": "2> TALE OF THE TAPE — FRIDAY, AUGUST 7, 2026 << * MARKET STATE: UPTREND *STOINDEXES6T OW RGBET 0 NAST USDL TNX/TYXD vs5d * SENTIMENT: VIX 14.90 (1.65% F&G 64(+4 GREED) aan 37 «6 25.1.3 [TTIE NAAM 7...",
      "output_kind": "whiteboard",
      "parsed_observations": [
        {
          "portfolio": "GRO",
          "metrics_raw": "RVAB/REBAR: 1.14 (0.65%/6.43%)",
          "metric_1": null,
          "metric_2": null,
          "metric_scalar": null,
          "action_text": "BUY SPKL ADD TO PLTR HPE SELL VLO",
          "bottom_line": "-> LFADERS LEAD AS INDFXFS CLOSE STRONG MON KEYS: SPX VS 8E/ATH QQQVS S0D/ATH R2K VS BE/ATH 25> SRP50 KEV LEVELS <<< 7793 (8/4 INTRADAY A-T-H) 37757 TODAY: LEADERS LEAD AS INDEXES CLOSE STRONG 7552(124 21EMA) € 1/311 7/234 1/21 TTY 6/291 6/234 7494/7485 (16 S0D/10WK) 4 7/311 7/234 7/211 7/374 6/291 7050/7060 (15 200D/40WK) € 4/31 3/194",
          "parse_status": "ok",
          "issue_codes": [],
          "ocr_confidence": 67,
          "ocr_profile": "threshold"
        },
        {
          "portfolio": "TURBO",
          "metrics_raw": "RVAB/REBAR: 1.03 -0.39%/+5.36%)",
          "metric_1": null,
          "metric_2": null,
          "metric_scalar": null,
          "action_text": "SELL DRAM",
          "bottom_line": "-> LFADERS LEAD AS INDFXFS CLOSE STRONG MON KEYS: SPX VS 8E/ATH QQQVS S0D/ATH R2K VS BE/ATH 25> SRP50 KEV LEVELS <<< 7793 (8/4 INTRADAY A-T-H) 37757 TODAY: LEADERS LEAD AS INDEXES CLOSE STRONG 7552(124 21EMA) € 1/311 7/234 1/21 TTY 6/291 6/234 7494/7485 (16 S0D/10WK) 4 7/311 7/234 7/211 7/374 6/291 7050/7060 (15 200D/40WK) € 4/31 3/194",
          "parse_status": "ok",
          "issue_codes": [],
          "ocr_confidence": 67,
          "ocr_profile": "threshold"
        }
      ],
      "parsed_row_count": 2,
      "phash": "946f6b90946f9436",
      "prefilter_score": -23.34,
      "prefilter_stats": {
        "brightRatio": 0.20173611111111112,
        "darkRatio": 0.6979166666666666,
        "edgeRatio": 0.09147763408946365,
        "horizontalComparisons": 14151,
        "horizontalEdgeHits": 673,
        "horizontalEdgeRatio": 0.047558476432760934,
        "meanLuma": 89.0982638888889,
        "stdDev": 91.78503265352222,
        "verticalComparisons": 14151,
        "verticalEdgeHits": 1916,
        "verticalEdgeRatio": 0.13539679174616634
      },
      "score": 91.93,
      "score_breakdown": {
        "chart_likeness": -6,
        "keyword_guard": 0,
        "ocr_confidence_bonus": 3.35,
        "pair_bonus": 4,
        "per_row_issues": 0,
        "per_row_metrics": 20,
        "text_density": 70.58
      },
      "screen_layout": "structured_whiteboard",
      "tickers": [
        "BE",
        "HPE",
        "PLTR",
        "RKLB",
        "SPYM",
        "TQQQ",
        "UPRO"
      ],
      "timestamp": 800,
      "timestamp_hms": "00:13:20",
      "output_path": "C:\\Users\\admin\\Projects\\portfolio_analyzer_revere\\data\\video_scan_20260915\\ocr-20260915-backfill\\ocr-20260915-backfill\\screenshots\\20260808_ps_3.png"
    }
  ],
  "frame_count": 537,
  "frame_error_count": 0,
  "frame_errors": [],
  "max_captures_per_video": 3,
  "nearest_ffmpeg_keyframe_lookups_skipped": false,
  "nearest_ffmpeg_keyframe_pts_total": 359,
  "ocr_engine_metadata": {
    "tesseract_version": "6.0.1",
    "language": "eng",
    "dpi": 300,
    "psm": null,
    "preserve_interword_spaces": "1",
    "deskew": false
  },
  "ocr_frame_count": 60,
  "ocr_frame_width": 1280,
  "output_path": "C:\\Users\\admin\\Projects\\portfolio_analyzer_revere\\data\\video_scan_20260915\\ocr-20260915-backfill\\ocr-20260915-backfill\\screenshots\\20260808_ps.png",
  "prefilter_best_score": 19.18,
  "review_threshold": 4,
  "sample_frame_width": 640,
  "status": "done",
  "strong_threshold": 6,
  "top_candidate": {
    "confusion_with_nearby": [],
    "frame_index": 168,
    "frame_path": "C:\\Users\\admin\\Projects\\portfolio_analyzer_revere\\data\\video_scan_20260915\\ocr-20260915-backfill\\ocr-20260915-backfill\\ocr_probe\\frames\\20260808_20260808_eai-qmrf_t0_2289203f_whiteboard\\ocr\\ocr_000169.png",
    "is_intro_card": false,
    "issue_codes": [],
    "low_res_frame_path": null,
    "nearest_ffmpeg_keyframe_ts": 672,
    "observed_date": "20260807",
    "ocr_confidence": 65,
    "ocr_profile": "threshold",
    "ocr_text": "2> TALE OF THE TAPE = FRIDAY, AUGUST 7, 2026 <<\n* MARKET STATE: UPTREND\n*STOINDEXESET O04 RG83T Od NASI USDY TNX/TYXD vs 5d\n* SENTIMENT: VIX 14.90 ( 1.65%) F&G 64(+4 GREED} aan 37 +6 25.1.3 [TTI naam 79.70 .32\nBULL CASE: INITIATE RALLY & TREND 21EMA  €8/3-4 REGAIN 21 & FID.\nPEAR CASE: SUSTAINED BREAK BELOW 21EMA\n* NEWS: WEAK JOBS REPORT, ODDS OF RATE HIKE LOWER; MON ER AMC: ASTS RKLB\n* TODAY'S KEYS: SPX vs 8E T/ATH{: QQQ vs SOD /ATHY R2K vs BET /ATHY\n*DAYCT:U-d/  =>U-4/ [U-L Be:+61 2lei+61\n* ACTION: 0 40.31% 17735 $7719                      STRONG CLOSE\n“SPXO/N 7701-77547 07735 030 77357728Y L/H7719-7763\nSPXATR: 114% SPX +0.67% 60/40 +0.16% GRO +0.87% TURBO +0.78%\n* SECTORS: 4 BPS GDX AHKK IG SMH XLY { BY% USD KWEB XLE XLF\n* GRO HOLDINGS: SPYM,UPRO,SPXLHPE.OKTA,PLTR.CBRS\n* GRO RVAB/REBAR: 1.14 {0.65%/-6.43%) BUY SPXL ADD to PLTR HPE SELLVLO\n* TURBO HOLDINGS: SPYM,UPRO,TQQC,CBRS\n* TURBO RVAB/REBAR: 1.03 [-0.39%/-5.36%) SELL DRAM\n* BOTTOM LINE: LEADERS LEAD AS INDEXES C1 OSF STRONG\n* MON KEYS: SPX vs 8E/ATH QQQvs SOD/ATR R2K vs BE/ATH\n>>> S&PS00 KEY LEVELS <<<\n* 7793 (8/4 INTRADAY A-T-H)\n7757 TODAY: LEADERS LEAD AS INDEXES CLOSE STRONG\n*7552(124 21EMA) € 7/314 7/233 7/1 TAT eft 6/234\n* 7494/7485 (16 S0D/10WK) € 7/311 7/234 7/211 7/174 6/291\n* 7050/7060 (15 200D/40WK) € 4/31 3/190\nIS\n",
    "ocr_text_snippet": "2> TALE OF THE TAPE = FRIDAY, AUGUST 7, 2026 << * MARKET STATE: UPTREND *STOINDEXESET O04 RG83T Od NASI USDY TNX/TYXD vs 5d * SENTIMENT: VIX 14.90 ( 1.65%) F&G 64(+4 GREED} aan 37 +6 25.1.3 [TTI na...",
    "output_kind": "whiteboard",
    "parsed_observations": [
      {
        "portfolio": "GRO",
        "metrics_raw": "RVAB/REBAR: 1.14 {0.65%/-6.43%)",
        "metric_1": null,
        "metric_2": null,
        "metric_scalar": null,
        "action_text": "BUY SPXL ADD TO PLTR HPE SELL VLO",
        "bottom_line": "LEADERS LEAD AS INDEXES C1 OSF STRONG MON KEYS: SPX VS 8E/ATH QQQVS SOD/ATR R2K VS BE/ATH S&PS00 KEY LEVELS <<< 7793 (8/4 INTRADAY A-T-H) 7757 TODAY: LEADERS LEAD AS INDEXES CLOSE STRONG 7552(124 21EMA) € 7/314 7/233 7/1 TAT EFT 6/234 7494/7485 (16 S0D/10WK) € 7/311 7/234 7/211 7/174 6/291 7050/7060 (15 200D/40WK) € 4/31 3/190 IS",
        "parse_status": "ok",
        "issue_codes": [],
        "ocr_confidence": 65,
        "ocr_profile": "threshold"
      },
      {
        "portfolio": "TURBO",
        "metrics_raw": "RVAB/REBAR: 1.03 [-0.39%/-5.36%)",
        "metric_1": null,
        "metric_2": null,
        "metric_scalar": null,
        "action_text": "SELL DRAM",
        "bottom_line": "LEADERS LEAD AS INDEXES C1 OSF STRONG MON KEYS: SPX VS 8E/ATH QQQVS SOD/ATR R2K VS BE/ATH S&PS00 KEY LEVELS <<< 7793 (8/4 INTRADAY A-T-H) 7757 TODAY: LEADERS LEAD AS INDEXES CLOSE STRONG 7552(124 21EMA) € 7/314 7/233 7/1 TAT EFT 6/234 7494/7485 (16 S0D/10WK) € 7/311 7/234 7/211 7/174 6/291 7050/7060 (15 200D/40WK) € 4/31 3/190 IS",
        "parse_status": "ok",
        "issue_codes": [],
        "ocr_confidence": 65,
        "ocr_profile": "threshold"
      }
    ],
    "parsed_row_count": 2,
    "phash": "942f6b90946f85b6",
    "prefilter_score": -23.35,
    "prefilter_stats": {
      "brightRatio": 0.20208333333333334,
      "darkRatio": 0.6979166666666666,
      "edgeRatio": 0.0918309660094693,
      "horizontalComparisons": 14151,
      "horizontalEdgeHits": 675,
      "horizontalEdgeRatio": 0.047699809200763194,
      "meanLuma": 89.69090277777778,
      "stdDev": 91.45726582834249,
      "verticalComparisons": 14151,
      "verticalEdgeHits": 1924,
      "verticalEdgeRatio": 0.1359621228181754
    },
    "score": 93.31,
    "score_breakdown": {
      "chart_likeness": -6,
      "keyword_guard": 0,
      "ocr_confidence_bonus": 3.25,
      "pair_bonus": 4,
      "per_row_issues": 0,
      "per_row_metrics": 20,
      "text_density": 72.06
    },
    "screen_layout": "structured_whiteboard",
    "tickers": [
      "BE",
      "HPE",
      "PLTR",
      "RKLB",
      "SPYM",
      "UPRO"
    ],
    "timestamp": 672,
    "timestamp_hms": "00:11:12"
  },
  "top_candidates": [
    {
      "confusion_with_nearby": [],
      "frame_index": 168,
      "frame_path": "C:\\Users\\admin\\Projects\\portfolio_analyzer_revere\\data\\video_scan_20260915\\ocr-20260915-backfill\\ocr-20260915-backfill\\ocr_probe\\frames\\20260808_20260808_eai-qmrf_t0_2289203f_whiteboard\\ocr\\ocr_000169.png",
      "is_intro_card": false,
      "issue_codes": [],
      "low_res_frame_path": null,
      "nearest_ffmpeg_keyframe_ts": null,
      "observed_date": "20260807",
      "ocr_confidence": 65,
      "ocr_profile": "threshold",
      "ocr_text": "2> TALE OF THE TAPE = FRIDAY, AUGUST 7, 2026 <<\n* MARKET STATE: UPTREND\n*STOINDEXESET O04 RG83T Od NASI USDY TNX/TYXD vs 5d\n* SENTIMENT: VIX 14.90 ( 1.65%) F&G 64(+4 GREED} aan 37 +6 25.1.3 [TTI naam 79.70 .32\nBULL CASE: INITIATE RALLY & TREND 21EMA  €8/3-4 REGAIN 21 & FID.\nPEAR CASE: SUSTAINED BREAK BELOW 21EMA\n* NEWS: WEAK JOBS REPORT, ODDS OF RATE HIKE LOWER; MON ER AMC: ASTS RKLB\n* TODAY'S KEYS: SPX vs 8E T/ATH{: QQQ vs SOD /ATHY R2K vs BET /ATHY\n*DAYCT:U-d/  =>U-4/ [U-L Be:+61 2lei+61\n* ACTION: 0 40.31% 17735 $7719                      STRONG CLOSE\n“SPXO/N 7701-77547 07735 030 77357728Y L/H7719-7763\nSPXATR: 114% SPX +0.67% 60/40 +0.16% GRO +0.87% TURBO +0.78%\n* SECTORS: 4 BPS GDX AHKK IG SMH XLY { BY% USD KWEB XLE XLF\n* GRO HOLDINGS: SPYM,UPRO,SPXLHPE.OKTA,PLTR.CBRS\n* GRO RVAB/REBAR: 1.14 {0.65%/-6.43%) BUY SPXL ADD to PLTR HPE SELLVLO\n* TURBO HOLDINGS: SPYM,UPRO,TQQC,CBRS\n* TURBO RVAB/REBAR: 1.03 [-0.39%/-5.36%) SELL DRAM\n* BOTTOM LINE: LEADERS LEAD AS INDEXES C1 OSF STRONG\n* MON KEYS: SPX vs 8E/ATH QQQvs SOD/ATR R2K vs BE/ATH\n>>> S&PS00 KEY LEVELS <<<\n* 7793 (8/4 INTRADAY A-T-H)\n7757 TODAY: LEADERS LEAD AS INDEXES CLOSE STRONG\n*7552(124 21EMA) € 7/314 7/233 7/1 TAT eft 6/234\n* 7494/7485 (16 S0D/10WK) € 7/311 7/234 7/211 7/174 6/291\n* 7050/7060 (15 200D/40WK) € 4/31 3/190\nIS\n",
      "ocr_text_snippet": "2> TALE OF THE TAPE = FRIDAY, AUGUST 7, 2026 << * MARKET STATE: UPTREND *STOINDEXESET O04 RG83T Od NASI USDY TNX/TYXD vs 5d * SENTIMENT: VIX 14.90 ( 1.65%) F&G 64(+4 GREED} aan 37 +6 25.1.3 [TTI na...",
      "output_kind": "whiteboard",
      "parsed_observations": [
        {
          "portfolio": "GRO",
          "metrics_raw": "RVAB/REBAR: 1.14 {0.65%/-6.43%)",
          "metric_1": null,
          "metric_2": null,
          "metric_scalar": null,
          "action_text": "BUY SPXL ADD TO PLTR HPE SELL VLO",
          "bottom_line": "LEADERS LEAD AS INDEXES C1 OSF STRONG MON KEYS: SPX VS 8E/ATH QQQVS SOD/ATR R2K VS BE/ATH S&PS00 KEY LEVELS <<< 7793 (8/4 INTRADAY A-T-H) 7757 TODAY: LEADERS LEAD AS INDEXES CLOSE STRONG 7552(124 21EMA) € 7/314 7/233 7/1 TAT EFT 6/234 7494/7485 (16 S0D/10WK) € 7/311 7/234 7/211 7/174 6/291 7050/7060 (15 200D/40WK) € 4/31 3/190 IS",
          "parse_status": "ok",
          "issue_codes": [],
          "ocr_confidence": 65,
          "ocr_profile": "threshold"
        },
        {
          "portfolio": "TURBO",
          "metrics_raw": "RVAB/REBAR: 1.03 [-0.39%/-5.36%)",
          "metric_1": null,
          "metric_2": null,
          "metric_scalar": null,
          "action_text": "SELL DRAM",
          "bottom_line": "LEADERS LEAD AS INDEXES C1 OSF STRONG MON KEYS: SPX VS 8E/ATH QQQVS SOD/ATR R2K VS BE/ATH S&PS00 KEY LEVELS <<< 7793 (8/4 INTRADAY A-T-H) 7757 TODAY: LEADERS LEAD AS INDEXES CLOSE STRONG 7552(124 21EMA) € 7/314 7/233 7/1 TAT EFT 6/234 7494/7485 (16 S0D/10WK) € 7/311 7/234 7/211 7/174 6/291 7050/7060 (15 200D/40WK) € 4/31 3/190 IS",
          "parse_status": "ok",
          "issue_codes": [],
          "ocr_confidence": 65,
          "ocr_profile": "threshold"
        }
      ],
      "parsed_row_count": 2,
      "phash": "942f6b90946f85b6",
      "prefilter_score": -23.35,
      "prefilter_stats": {
        "brightRatio": 0.20208333333333334,
        "darkRatio": 0.6979166666666666,
        "edgeRatio": 0.0918309660094693,
        "horizontalComparisons": 14151,
        "horizontalEdgeHits": 675,
        "horizontalEdgeRatio": 0.047699809200763194,
        "meanLuma": 89.69090277777778,
        "stdDev": 91.45726582834249,
        "verticalComparisons": 14151,
        "verticalEdgeHits": 1924,
        "verticalEdgeRatio": 0.1359621228181754
      },
      "score": 93.31,
      "score_breakdown": {
        "chart_likeness": -6,
        "keyword_guard": 0,
        "ocr_confidence_bonus": 3.25,
        "pair_bonus": 4,
        "per_row_issues": 0,
        "per_row_metrics": 20,
        "text_density": 72.06
      },
      "screen_layout": "structured_whiteboard",
      "tickers": [
        "BE",
        "HPE",
        "PLTR",
        "RKLB",
        "SPYM",
        "UPRO"
      ],
      "timestamp": 672,
      "timestamp_hms": "00:11:12"
    },
    {
      "confusion_with_nearby": [],
      "frame_index": 224,
      "frame_path": "C:\\Users\\admin\\Projects\\portfolio_analyzer_revere\\data\\video_scan_20260915\\ocr-20260915-backfill\\ocr-20260915-backfill\\ocr_probe\\frames\\20260808_20260808_eai-qmrf_t0_2289203f_whiteboard\\ocr\\ocr_000225.png",
      "is_intro_card": false,
      "issue_codes": [],
      "low_res_frame_path": null,
      "nearest_ffmpeg_keyframe_ts": null,
      "observed_date": "20260807",
      "ocr_confidence": 66,
      "ocr_profile": "threshold",
      "ocr_text": "2> TALE OF THE TAPE = FRIDAY, AUGUST 7, 2026 <<\n\n* MARKET STATE: UPTREND\n\n*STOINDEXESET O04 RG8ED Od NASI USDY TNX/TYXD vs 5d\n\n* SENTIMENT: VIX 14.90 ( 1.65%! F&G 64(+4 GREED) aan 37 «& 25.1.3 [TTI Naam 79.70 6.32\nBULL CASE: INITIATE RALLY & TREND 21EMA  €8/3-4 REGAIN 21€ & FTO\nBEAR CASE: SUSTAINED BREAK BELOW Z1EMA\n\n* NEWS: WEAK JOBS REPORT, ODDS OF RATE HIKE LOWER; MON ER AMC: ASTS RKLB\n\n* TODAY'S KEYS: SPX vs 8EP/ATHY: QQQ vs SOD ATH, R2K vs 8ET/ATHY\nFDAYCT:U-4/  =>U-4/ [U1 8e:+67 2ler+57\n\n* ACTION: © 40.31% 17735 $7719                       STRONG CLOSE\n“SPXO/N 7701-77547 07735 030 7735-7728Y L/H7719-7763\nSPXATR: 1.14% SPX +0.67% 60/40 +0.16% GRO 40.82% TURBO0.78%\n* SECTORS: 4 BPS GDX ARKK IGY SMH XLY J BY% USD KWEB XLE XLF\n\n* GRO HOLDINGS: SPYM,UPRO,SPXLHPE OKTA,PLTR,.CBRS\n\n* GRO RVAB/REBAR: 1.14 .0.65%/-6.43%) BUY SPXL ADD to PLTRHPE SELLVLO\n\n* TURBO HOLDINGS: SPYM,UPRO,TQQQ,CBRS                  te\n\n* TURBO RVAB/REBAR: 1.03 [-0.39%/-5.36%) SELL ORAM\n\nBOTTOM LINE: -> LEADERS LEAD AS INDEXES CLOSE STRONG\n\n* MON KEYS: SPX vs 8E/ATH QQQvs S0D/ATH R2K vs BE/ATH\n\n25> SRPS00 KEY LEVELS <<<\n\n* 7793 (8/4 INTRADAY A-T-H)\n\n27757 TODAY: LEADERS LEAD AS INDEXES CLOSE STRONG\n\n+7552 (124 21EMA) € 7/314 7/233 Jf210 TAT 6/29 6/234\n\n* 7494/7485 (16 S0D/10WK) € 7/311 7/238 7/211 7/374 6/2970\n\n* 7050/7060 (15 200D/40WK) € 4/21 3/194\n",
      "ocr_text_snippet": "2> TALE OF THE TAPE = FRIDAY, AUGUST 7, 2026 << * MARKET STATE: UPTREND *STOINDEXESET O04 RG8ED Od NASI USDY TNX/TYXD vs 5d * SENTIMENT: VIX 14.90 ( 1.65%! F&G 64(+4 GREED) aan 37 «& 25.1.3 [TTI Na...",
      "output_kind": "whiteboard",
      "parsed_observations": [
        {
          "portfolio": "GRO",
          "metrics_raw": "RVAB/REBAR: 1.14 .0.65%/-6.43%)",
          "metric_1": null,
          "metric_2": null,
          "metric_scalar": null,
          "action_text": "BUY SPXL ADD TO PLTRHPE SELL VLO",
          "bottom_line": "-> LEADERS LEAD AS INDEXES CLOSE STRONG MON KEYS: SPX VS 8E/ATH QQQVS S0D/ATH R2K VS BE/ATH 25> SRPS00 KEY LEVELS <<< 7793 (8/4 INTRADAY A-T-H) 27757 TODAY: LEADERS LEAD AS INDEXES CLOSE STRONG 7552 (124 21EMA) € 7/314 7/233 JF210 TAT 6/29 6/234 7494/7485 (16 S0D/10WK) € 7/311 7/238 7/211 7/374 6/2970 7050/7060 (15 200D/40WK) € 4/21 3/194",
          "parse_status": "ok",
          "issue_codes": [],
          "ocr_confidence": 66,
          "ocr_profile": "threshold"
        },
        {
          "portfolio": "TURBO",
          "metrics_raw": "RVAB/REBAR: 1.03 [-0.39%/-5.36%)",
          "metric_1": null,
          "metric_2": null,
          "metric_scalar": null,
          "action_text": "SELL ORAM",
          "bottom_line": "-> LEADERS LEAD AS INDEXES CLOSE STRONG MON KEYS: SPX VS 8E/ATH QQQVS S0D/ATH R2K VS BE/ATH 25> SRPS00 KEY LEVELS <<< 7793 (8/4 INTRADAY A-T-H) 27757 TODAY: LEADERS LEAD AS INDEXES CLOSE STRONG 7552 (124 21EMA) € 7/314 7/233 JF210 TAT 6/29 6/234 7494/7485 (16 S0D/10WK) € 7/311 7/238 7/211 7/374 6/2970 7050/7060 (15 200D/40WK) € 4/21 3/194",
          "parse_status": "ok",
          "issue_codes": [],
          "ocr_confidence": 66,
          "ocr_profile": "threshold"
        }
      ],
      "parsed_row_count": 2,
      "phash": "946f6b90946f9436",
      "prefilter_score": -23.36,
      "prefilter_stats": {
        "brightRatio": 0.20173611111111112,
        "darkRatio": 0.6979166666666666,
        "edgeRatio": 0.0916189668574659,
        "horizontalComparisons": 14151,
        "horizontalEdgeHits": 674,
        "horizontalEdgeRatio": 0.04762914281676207,
        "meanLuma": 89.10034722222223,
        "stdDev": 91.79016831817793,
        "verticalComparisons": 14151,
        "verticalEdgeHits": 1919,
        "verticalEdgeRatio": 0.13560879089816974
      },
      "score": 92,
      "score_breakdown": {
        "chart_likeness": -6,
        "keyword_guard": 0,
        "ocr_confidence_bonus": 3.3,
        "pair_bonus": 4,
        "per_row_issues": 0,
        "per_row_metrics": 20,
        "text_density": 70.7
      },
      "screen_layout": "structured_whiteboard",
      "tickers": [
        "BE",
        "OKTA",
        "PLTR",
        "RKLB",
        "SPYM",
        "TQQQ",
        "UPRO"
      ],
      "timestamp": 896,
      "timestamp_hms": "00:14:56"
    },
    {
      "confusion_with_nearby": [],
      "frame_index": 200,
      "frame_path": "C:\\Users\\admin\\Projects\\portfolio_analyzer_revere\\data\\video_scan_20260915\\ocr-20260915-backfill\\ocr-20260915-backfill\\ocr_probe\\frames\\20260808_20260808_eai-qmrf_t0_2289203f_whiteboard\\ocr\\ocr_000201.png",
      "is_intro_card": false,
      "issue_codes": [],
      "low_res_frame_path": null,
      "nearest_ffmpeg_keyframe_ts": null,
      "observed_date": "20260807",
      "ocr_confidence": 67,
      "ocr_profile": "threshold",
      "ocr_text": "2> TALE OF THE TAPE — FRIDAY, AUGUST 7, 2026 <<\n\n* MARKET STATE: UPTREND\n\n*STOINDEXES6T OW RGBET 0 NAST USDL TNX/TYXD vs5d\n\n* SENTIMENT: VIX 14.90 (1.65% F&G 64(+4 GREED) aan 37 «6 25.1.3 [TTIE NAAM 79.70 6.32\nBULL CASE: INITIATE RALLY & TREND 21EMA  €8/3-4 REGAIN 21E & FTD\nBEAR CASE: SUSTAINED BREAK BELOW 21EMA\n\n* NEWS: WEAK JOBS REPORT, ODDS OF RATE HIKE LOWER; MON ER AMC: ASTS RKLB\n\n* TODAY'S KEYS: SPX vs 8EN/ATH QQQ vs SODT/ATH R2K vs BET/ATHY\n*DAYCT:U-d/  =>U-4/ [U-1 Be:+671 2lei+61\n\n© ACTION: 0 40.31% 17735 $7719      L                STRONG CLOSE\n*SPXO/N 7701-77547 D7735 030 7735-77284 L/M7719-7763\n*SPXATR: 1.14%% SPX +0.62% G0/40+0.16% GRO 40.87% TURBO0.78%\n* SECTORS: 1 BPS GDX ARKK IG SMH XLY  BY% USD KWEB XLE XLF\n\n* GRO HOLDINGS: SPYM,UPRO,SPXLHPE.OKTA,PLTR,CBRS\n\n* GRO RVAB/REBAR: 1.14 (0.65%/6.43%) BUY SPKL ADD to PLTR HPE SELLVLO\n\n* TURBO HOLDINGS: SPYM,UPRO,TQQQ,CBRS\n\n* TURBO RVAB/REBAR: 1.03 -0.39%/+5.36%) SELL DRAM\n\nBOTTOM LINE: -> LFADERS LEAD AS INDFXFS CLOSE STRONG\n\n* MON KEYS: SPX vs 8E/ATH QQQvs S0D/ATH R2K vs BE/ATH\n\n25> SRP50 KEV LEVELS <<<\n\n* 7793 (8/4 INTRADAY A-T-H)\n\n37757 TODAY: LEADERS LEAD AS INDEXES CLOSE STRONG\n\n*7552(124 21EMA) € 1/311 7/234 1/21 TTY 6/291 6/234\n\n* 7494/7485 (16 S0D/10WK) 4 7/311 7/234 7/211 7/374 6/291\n\n* 7050/7060 (15 200D/40WK) € 4/31 3/194\n",
      "ocr_text_snippet": "2> TALE OF THE TAPE — FRIDAY, AUGUST 7, 2026 << * MARKET STATE: UPTREND *STOINDEXES6T OW RGBET 0 NAST USDL TNX/TYXD vs5d * SENTIMENT: VIX 14.90 (1.65% F&G 64(+4 GREED) aan 37 «6 25.1.3 [TTIE NAAM 7...",
      "output_kind": "whiteboard",
      "parsed_observations": [
        {
          "portfolio": "GRO",
          "metrics_raw": "RVAB/REBAR: 1.14 (0.65%/6.43%)",
          "metric_1": null,
          "metric_2": null,
          "metric_scalar": null,
          "action_text": "BUY SPKL ADD TO PLTR HPE SELL VLO",
          "bottom_line": "-> LFADERS LEAD AS INDFXFS CLOSE STRONG MON KEYS: SPX VS 8E/ATH QQQVS S0D/ATH R2K VS BE/ATH 25> SRP50 KEV LEVELS <<< 7793 (8/4 INTRADAY A-T-H) 37757 TODAY: LEADERS LEAD AS INDEXES CLOSE STRONG 7552(124 21EMA) € 1/311 7/234 1/21 TTY 6/291 6/234 7494/7485 (16 S0D/10WK) 4 7/311 7/234 7/211 7/374 6/291 7050/7060 (15 200D/40WK) € 4/31 3/194",
          "parse_status": "ok",
          "issue_codes": [],
          "ocr_confidence": 67,
          "ocr_profile": "threshold"
        },
        {
          "portfolio": "TURBO",
          "metrics_raw": "RVAB/REBAR: 1.03 -0.39%/+5.36%)",
          "metric_1": null,
          "metric_2": null,
          "metric_scalar": null,
          "action_text": "SELL DRAM",
          "bottom_line": "-> LFADERS LEAD AS INDFXFS CLOSE STRONG MON KEYS: SPX VS 8E/ATH QQQVS S0D/ATH R2K VS BE/ATH 25> SRP50 KEV LEVELS <<< 7793 (8/4 INTRADAY A-T-H) 37757 TODAY: LEADERS LEAD AS INDEXES CLOSE STRONG 7552(124 21EMA) € 1/311 7/234 1/21 TTY 6/291 6/234 7494/7485 (16 S0D/10WK) 4 7/311 7/234 7/211 7/374 6/291 7050/7060 (15 200D/40WK) € 4/31 3/194",
          "parse_status": "ok",
          "issue_codes": [],
          "ocr_confidence": 67,
          "ocr_profile": "threshold"
        }
      ],
      "parsed_row_count": 2,
      "phash": "946f6b90946f9436",
      "prefilter_score": -23.34,
      "prefilter_stats": {
        "brightRatio": 0.20173611111111112,
        "darkRatio": 0.6979166666666666,
        "edgeRatio": 0.09147763408946365,
        "horizontalComparisons": 14151,
        "horizontalEdgeHits": 673,
        "horizontalEdgeRatio": 0.047558476432760934,
        "meanLuma": 89.0982638888889,
        "stdDev": 91.78503265352222,
        "verticalComparisons": 14151,
        "verticalEdgeHits": 1916,
        "verticalEdgeRatio": 0.13539679174616634
      },
      "score": 91.93,
      "score_breakdown": {
        "chart_likeness": -6,
        "keyword_guard": 0,
        "ocr_confidence_bonus": 3.35,
        "pair_bonus": 4,
        "per_row_issues": 0,
        "per_row_metrics": 20,
        "text_density": 70.58
      },
      "screen_layout": "structured_whiteboard",
      "tickers": [
        "BE",
        "HPE",
        "PLTR",
        "RKLB",
        "SPYM",
        "TQQQ",
        "UPRO"
      ],
      "timestamp": 800,
      "timestamp_hms": "00:13:20"
    },
    {
      "confusion_with_nearby": [],
      "frame_index": 232,
      "frame_path": "C:\\Users\\admin\\Projects\\portfolio_analyzer_revere\\data\\video_scan_20260915\\ocr-20260915-backfill\\ocr-20260915-backfill\\ocr_probe\\frames\\20260808_20260808_eai-qmrf_t0_2289203f_whiteboard\\ocr\\ocr_000233.png",
      "is_intro_card": false,
      "issue_codes": [],
      "low_res_frame_path": null,
      "nearest_ffmpeg_keyframe_ts": null,
      "observed_date": "20260807",
      "ocr_confidence": 66,
      "ocr_profile": "threshold",
      "ocr_text": "2> TALE OF THE TAPE = FRIDAY, AUGUST 7, 2026 <<\n\n* MARKET STATE: UPTREND\n\n*STOINDEXESET O04 RG8ED Od NASI USDY TNX/TYXD vs 5d\n\n* SENTIMENT: VIX 14.90 ( 1.65%! F&G 64(+4 GREED) aan 37 «& 25.1.3 [TTI Naam 79.70 6.32\nBULL CASE: INITIATE RALLY & TREND 21EMA  €8/3-4 REGAIN 21€ & FTO\nBEAR CASE: SUSTAINED BREAK BELOW Z1EMA\n\n* NEWS: WEAK JOBS REPORT, ODDS OF RATE HIKE LOWER; MON ER AMC: ASTS RKLB\n\n* TODAY'S KEYS: SPX vs 8EP/ATHY: QQQ vs SOD ATH, R2K vs 8ET/ATHY\nFDAYCT:U-4/  =>U-4/ [U1 8e:+67 2ler+57\n\n* ACTION: © 40.31% 17735 $7719                       STRONG CLOSE\n“SPXO/N 7701-77547 07735 030 7735-7728Y L/H7719-7763\nSPXATR: 1.14% SPX +0.67% 60/40 +0.16% GRO 40.82% TURBO0.78%\n* SECTORS: 4 BPS GDX ARKK IGY SMH XLY J BY% USD KWEB XLE XLF\n\n* GRO HOLDINGS: SPYM,UPRO,SPXLHPE OKTA,PLTR,.CBRS\n\n* GRO RVAB/REBAR: 1.14 .0.65%/-6.43%) BUY SPXL ADD to PLTRHPE SELLVLO\n\n* TURBO HOLDINGS: SPYM,UPRO,TQQQ,CBRS\n\n* TURBO RVAB/REBAR: 1.03 [-0.39%/-5.36%) SELL ORAM\n\nBOTTOM LINE: -> LEADERS LEAD AS INDEXES CLOSE STRING\n\n* MON KEYS: SPX vs 8E/ATH QQQvs S0D/ATR RK vs BE/ATH\n\n25> SRPS0 KEV LEVELS <<<\n\n* 7793 (8/4 INTRADAY A-T-H)\n\n27757 TODAY: LEADERS LEAD AS INDEXES CLOSE STRONG\n\n*7552 (124 21EMA) € 7/311 7/233 //210 TAT eft 6/234\n\n* 7494/7485 (16 S0D/10WK) € 7/311 7/234 7/211 7/174 6/291\n\n* 7050/7060 {15 200D/40WK) € 4/81 3/194\n",
      "ocr_text_snippet": "2> TALE OF THE TAPE = FRIDAY, AUGUST 7, 2026 << * MARKET STATE: UPTREND *STOINDEXESET O04 RG8ED Od NASI USDY TNX/TYXD vs 5d * SENTIMENT: VIX 14.90 ( 1.65%! F&G 64(+4 GREED) aan 37 «& 25.1.3 [TTI Na...",
      "output_kind": "whiteboard",
      "parsed_observations": [
        {
          "portfolio": "GRO",
          "metrics_raw": "RVAB/REBAR: 1.14 .0.65%/-6.43%)",
          "metric_1": null,
          "metric_2": null,
          "metric_scalar": null,
          "action_text": "BUY SPXL ADD TO PLTRHPE SELL VLO",
          "bottom_line": "-> LEADERS LEAD AS INDEXES CLOSE STRING MON KEYS: SPX VS 8E/ATH QQQVS S0D/ATR RK VS BE/ATH 25> SRPS0 KEV LEVELS <<< 7793 (8/4 INTRADAY A-T-H) 27757 TODAY: LEADERS LEAD AS INDEXES CLOSE STRONG 7552 (124 21EMA) € 7/311 7/233 //210 TAT EFT 6/234 7494/7485 (16 S0D/10WK) € 7/311 7/234 7/211 7/174 6/291 7050/7060 {15 200D/40WK) € 4/81 3/194",
          "parse_status": "ok",
          "issue_codes": [],
          "ocr_confidence": 66,
          "ocr_profile": "threshold"
        },
        {
          "portfolio": "TURBO",
          "metrics_raw": "RVAB/REBAR: 1.03 [-0.39%/-5.36%)",
          "metric_1": null,
          "metric_2": null,
          "metric_scalar": null,
          "action_text": "SELL ORAM",
          "bottom_line": "-> LEADERS LEAD AS INDEXES CLOSE STRING MON KEYS: SPX VS 8E/ATH QQQVS S0D/ATR RK VS BE/ATH 25> SRPS0 KEV LEVELS <<< 7793 (8/4 INTRADAY A-T-H) 27757 TODAY: LEADERS LEAD AS INDEXES CLOSE STRONG 7552 (124 21EMA) € 7/311 7/233 //210 TAT EFT 6/234 7494/7485 (16 S0D/10WK) € 7/311 7/234 7/211 7/174 6/291 7050/7060 {15 200D/40WK) € 4/81 3/194",
          "parse_status": "ok",
          "issue_codes": [],
          "ocr_confidence": 66,
          "ocr_profile": "threshold"
        }
      ],
      "parsed_row_count": 2,
      "phash": "946f6b90946f9436",
      "prefilter_score": -23.37,
      "prefilter_stats": {
        "brightRatio": 0.20166666666666666,
        "darkRatio": 0.6979166666666666,
        "edgeRatio": 0.09176029962546817,
        "horizontalComparisons": 14151,
        "horizontalEdgeHits": 672,
        "horizontalEdgeRatio": 0.04748781004875981,
        "meanLuma": 89.10576388888889,
        "stdDev": 91.7987623681994,
        "verticalComparisons": 14151,
        "verticalEdgeHits": 1925,
        "verticalEdgeRatio": 0.1360327892021765
      },
      "score": 91.88,
      "score_breakdown": {
        "chart_likeness": -6,
        "keyword_guard": 0,
        "ocr_confidence_bonus": 3.3,
        "pair_bonus": 4,
        "per_row_issues": 0,
        "per_row_metrics": 20,
        "text_density": 70.58
      },
      "screen_layout": "structured_whiteboard",
      "tickers": [
        "BE",
        "OKTA",
        "PLTR",
        "RKLB",
        "SPYM",
        "TQQQ",
        "UPRO"
      ],
      "timestamp": 928,
      "timestamp_hms": "00:15:28"
    },
    {
      "confusion_with_nearby": [],
      "frame_index": 208,
      "frame_path": "C:\\Users\\admin\\Projects\\portfolio_analyzer_revere\\data\\video_scan_20260915\\ocr-20260915-backfill\\ocr-20260915-backfill\\ocr_probe\\frames\\20260808_20260808_eai-qmrf_t0_2289203f_whiteboard\\ocr\\ocr_000209.png",
      "is_intro_card": false,
      "issue_codes": [],
      "low_res_frame_path": null,
      "nearest_ffmpeg_keyframe_ts": null,
      "observed_date": "20260807",
      "ocr_confidence": 66,
      "ocr_profile": "threshold",
      "ocr_text": "2> TALE OF THE TAPE = FRIDAY, AUGUST 7, 2026 <<\n\n* MARKET STATE: UPTREND\n\n*STOINDEXESET O04 RG8ED Od NASI USDY TNX/TYXD vs 5d\n\n* SENTIMENT: VIX 14.90 ( 1.65%! F&G 64(+4 GREED) aan 37 «& 25.1.3 [TTI Naam 79.70 6.32\nBULL CASE: INITIATE RALLY & TREND 21EMA  €8/3-4 REGAIN 21€ & FTO\nBEAR CASE: SUSTAINED BREAK BELOW Z1EMA\n\n* NEWS: WEAK JOBS REPORT, ODDS OF RATE HIKE LOWER; MON ER AMC: ASTS RKLB\n\n* TODAY'S KEYS: SPX vs 8EP/ATHY: QQQ vs SOD ATH, R2K vs 8ET/ATHY\nFDAYCT:U-4/  =>U-4/ [U1 8e:+67 2ler+57\n\n* ACTION: © 40.31% 17735 $7719                       STRONG CLOSE\n“SPXO/N 7701-77547 07735 030 7735-7728Y L/H7719-7763\n*SPXATR: 1.14% SPX +0.67% 60/40 +0.16% GRO +0.87% TURBO0.78%\n* SECTORS: 4 BPS GOX ARKK IGY SMH XLY J BY% USD KWEB XLE XLF\n\n* GRO HOLDINGS: SPYM,UPRO,SPXLHPE OKTA,PLTR.CBRS\n\n* GRO RVAB/REBAR: 1.11 (-0.65%/-6.43%) BUY SPXL ADD to PLTR.HPE SELLVLO\n\n* TURBO HOLDINGS: SPYM,UPRO,TAQQ,CBRS\n\n* TURBO RVAB/REBAR: 1.03 [-0.39%/-5.36%) SELL DRAM\n\nBOTTOM LINE: -> LEADERS LEAD AS INDEXES CLOSE STRONG\n\n* MON KEYS: SPX vs 8€/ATH QQQvs S0D/ATH R2K vs BE/ATH\n\n25> SRPS0 KEY LEVELS <<<\n\n* 7793 (8/4 INTRADAY A-T-H)\n\n27757 TODAY: LEADERS LEAD AS INDEXES CLOSE STRONG\n\n+7552 (124 21EMA) € 7/314 7/233 Jf TAT eft 6/234\n\n* 7494/7485 (16 S0D/10WK) € 7/311 7/234 7/211 7/174 6/290\n\n* 7050/7060 {15 200D/40WK) € 4/81 3/194\n",
      "ocr_text_snippet": "2> TALE OF THE TAPE = FRIDAY, AUGUST 7, 2026 << * MARKET STATE: UPTREND *STOINDEXESET O04 RG8ED Od NASI USDY TNX/TYXD vs 5d * SENTIMENT: VIX 14.90 ( 1.65%! F&G 64(+4 GREED) aan 37 «& 25.1.3 [TTI Na...",
      "output_kind": "whiteboard",
      "parsed_observations": [
        {
          "portfolio": "GRO",
          "metrics_raw": "RVAB/REBAR: 1.11 (-0.65%/-6.43%)",
          "metric_1": null,
          "metric_2": null,
          "metric_scalar": null,
          "action_text": "BUY SPXL ADD TO PLTR.HPE SELL VLO",
          "bottom_line": "-> LEADERS LEAD AS INDEXES CLOSE STRONG MON KEYS: SPX VS 8€/ATH QQQVS S0D/ATH R2K VS BE/ATH 25> SRPS0 KEY LEVELS <<< 7793 (8/4 INTRADAY A-T-H) 27757 TODAY: LEADERS LEAD AS INDEXES CLOSE STRONG 7552 (124 21EMA) € 7/314 7/233 JF TAT EFT 6/234 7494/7485 (16 S0D/10WK) € 7/311 7/234 7/211 7/174 6/290 7050/7060 {15 200D/40WK) € 4/81 3/194",
          "parse_status": "ok",
          "issue_codes": [],
          "ocr_confidence": 66,
          "ocr_profile": "threshold"
        },
        {
          "portfolio": "TURBO",
          "metrics_raw": "RVAB/REBAR: 1.03 [-0.39%/-5.36%)",
          "metric_1": null,
          "metric_2": null,
          "metric_scalar": null,
          "action_text": "SELL DRAM",
          "bottom_line": "-> LEADERS LEAD AS INDEXES CLOSE STRONG MON KEYS: SPX VS 8€/ATH QQQVS S0D/ATH R2K VS BE/ATH 25> SRPS0 KEY LEVELS <<< 7793 (8/4 INTRADAY A-T-H) 27757 TODAY: LEADERS LEAD AS INDEXES CLOSE STRONG 7552 (124 21EMA) € 7/314 7/233 JF TAT EFT 6/234 7494/7485 (16 S0D/10WK) € 7/311 7/234 7/211 7/174 6/290 7050/7060 {15 200D/40WK) € 4/81 3/194",
          "parse_status": "ok",
          "issue_codes": [],
          "ocr_confidence": 66,
          "ocr_profile": "threshold"
        }
      ],
      "parsed_row_count": 2,
      "phash": "946f6b90946f9436",
      "prefilter_score": -23.36,
      "prefilter_stats": {
        "brightRatio": 0.20173611111111112,
        "darkRatio": 0.6979166666666666,
        "edgeRatio": 0.0916189668574659,
        "horizontalComparisons": 14151,
        "horizontalEdgeHits": 671,
        "horizontalEdgeRatio": 0.047417143664758674,
        "meanLuma": 89.10895833333333,
        "stdDev": 91.80220133389102,
        "verticalComparisons": 14151,
        "verticalEdgeHits": 1922,
        "verticalEdgeRatio": 0.13582079005017314
      },
      "score": 91.88,
      "score_breakdown": {
        "chart_likeness": -6,
        "keyword_guard": 0,
        "ocr_confidence_bonus": 3.3,
        "pair_bonus": 4,
        "per_row_issues": 0,
        "per_row_metrics": 20,
        "text_density": 70.58
      },
      "screen_layout": "structured_whiteboard",
      "tickers": [
        "BE",
        "OKTA",
        "RKLB",
        "SPYM",
        "UPRO"
      ],
      "timestamp": 832,
      "timestamp_hms": "00:13:52"
    }
  ],
  "top_rejected_candidates": [
    {
      "confusion_with_nearby": [],
      "frame_index": 424,
      "frame_path": "C:\\Users\\admin\\Projects\\portfolio_analyzer_revere\\data\\video_scan_20260915\\ocr-20260915-backfill\\ocr-20260915-backfill\\ocr_probe\\frames\\20260808_20260808_eai-qmrf_t0_2289203f_whiteboard\\ocr\\ocr_000425.png",
      "is_intro_card": false,
      "issue_codes": [
        "MISSING_METRIC_LINE",
        "MISSING_BOTTOM_LINE",
        "LOW_OCR_CONFIDENCE"
      ],
      "low_res_frame_path": null,
      "nearest_ffmpeg_keyframe_ts": 1698,
      "observed_date": null,
      "ocr_confidence": 40,
      "ocr_profile": "threshold",
      "ocr_text": "J      —                                                                          °\nMarieTSURcE a (ERY      x [Dally | wesky Monti tn vars @  fms. ODBL-O\n~ Cerebras Systems Inc.                                                                                                 $228.70             $226.7\nco Sem condo Fas 1)                                 #0 ove    ova Oman. 8305s             stan war     cars (515.47) 17.20\n© Sok © WASTEREQO WOES cy + DVO Al rere ars ani atom.        EPSOvoDale  OMTZAOZE SDayAvOS Vol SISMEZSE MomaiCap  SSSSIS     Wane Coed     Vou 15684 3249\nBo —                 Ho    Sumyuie, GA OFS2eskHgn 413% 21DeyATR% 1130% 07:59PM ETOMITROZ Las Updse:0$00 HI ET 007\noa                                                         stom\nCusine              LA BE\ner EPS EPS Sues ComomeRamng 1\nOi ® Now NOW Een 6\nST   Tren ow\n2020    000               3 Month RS Rating 33                                                                                                                                            a0\n2021    000     -         © Month RS Rating 43                                                                                              J)\n022 079   -   © Group RS Rating 83.\n25 038 2% 2 acebisRamng -                                fl,         0\nde mI memes                                                hy\n=, ann SE                                             a WHEEL og J BRS\nae 0% wn Gn pe aagTRSR                              on  Wy     . , il  _\naN      a\nor    a2\na                                                            >\nSe                 Sroud                                 re              pri\n[—.                                                                      ne      n        FE\n»\nSocrates (453                                                               a eT    HS\nww ® ® BF w% ®  % sw v7 ww Fw x www\nv      Dec          an          ra         ar          apr          ay       sum      wr       ™\na vot dune 228 et                                                    Ens owe anz\noir      “      a      as      ow      es 40m\n108                 w                 ma                wa                02              Sales i 5,5 0\na             Ae Tox Mari\nScreens.    Lists  | repos   Turbo-12 List 12items © Upcsied 7 57 PH ET G6:07:2020                              0Fy - CO 2 EB A\nowe           New                     Pie Cunt Vowme Pies ES     vnc acu wR      Gono\n=                  ®        RB sme a Name       <    oh   Pre (10005)    Chg Ramp RRM sana    RS Rabg MORIN mang\n= Grotection 21/21 List                   N\n’    Roz eos    Denies ne      om mo Tae om    ©    a we    €    »    3    »\n= Tubo-12 Lisl\nm3 cars    Coates Sysans ne.    To mem ars ise    ©    nas    A    3    -    +s\n= Ratoo              —_— er ee Ee\n",
      "ocr_text_snippet": "J — ° MarieTSURcE a (ERY x [Dally | wesky Monti tn vars @ fms. ODBL-O ~ Cerebras Systems Inc. $228.70 $226.7 co Sem condo Fas 1) #0 ove ova Oman. 8305s stan war cars (515.47) 17.20 © Sok © WASTEREQ...",
      "output_kind": "whiteboard",
      "parsed_observations": [
        {
          "portfolio": "GRO",
          "metrics_raw": null,
          "metric_1": null,
          "metric_2": null,
          "metric_scalar": null,
          "action_text": null,
          "bottom_line": null,
          "parse_status": "review",
          "issue_codes": [
            "MISSING_METRIC_LINE",
            "MISSING_BOTTOM_LINE",
            "LOW_OCR_CONFIDENCE"
          ],
          "ocr_confidence": 40,
          "ocr_profile": "threshold"
        },
        {
          "portfolio": "TURBO",
          "metrics_raw": null,
          "metric_1": null,
          "metric_2": null,
          "metric_scalar": null,
          "action_text": null,
          "bottom_line": null,
          "parse_status": "review",
          "issue_codes": [
            "MISSING_METRIC_LINE",
            "MISSING_BOTTOM_LINE",
            "LOW_OCR_CONFIDENCE"
          ],
          "ocr_confidence": 40,
          "ocr_profile": "threshold"
        }
      ],
      "parsed_row_count": 2,
      "phash": "809c3b15cf35ce47",
      "prefilter_score": 15.53,
      "prefilter_stats": {
        "brightRatio": 0.7950694444444445,
        "darkRatio": 0.04472222222222222,
        "edgeRatio": 0.14536075189032577,
        "horizontalComparisons": 14151,
        "horizontalEdgeHits": 1063,
        "horizontalEdgeRatio": 0.07511836619320189,
        "meanLuma": 229.84479166666668,
        "stdDev": 45.99593891295594,
        "verticalComparisons": 14151,
        "verticalEdgeHits": 3051,
        "verticalEdgeRatio": 0.21560313758744964
      },
      "score": -26,
      "score_breakdown": {
        "chart_likeness": -6,
        "keyword_guard": -18,
        "ocr_confidence_bonus": 2,
        "pair_bonus": 0,
        "per_row_issues": -12,
        "per_row_metrics": 0,
        "text_density": 8
      },
      "screen_layout": "tale_of_the_tape",
      "tickers": [
        "BE"
      ],
      "timestamp": 1696,
      "timestamp_hms": "00:28:16"
    },
    {
      "confusion_with_nearby": [],
      "frame_index": 112,
      "frame_path": "C:\\Users\\admin\\Projects\\portfolio_analyzer_revere\\data\\video_scan_20260915\\ocr-20260915-backfill\\ocr-20260915-backfill\\ocr_probe\\frames\\20260808_20260808_eai-qmrf_t0_2289203f_whiteboard\\ocr\\ocr_000113.png",
      "is_intro_card": false,
      "issue_codes": [
        "MISSING_METRIC_LINE",
        "MISSING_BOTTOM_LINE",
        "LOW_OCR_CONFIDENCE"
      ],
      "low_res_frame_path": null,
      "nearest_ffmpeg_keyframe_ts": 450,
      "observed_date": null,
      "ocr_confidence": 40,
      "ocr_profile": "threshold",
      "ocr_text": "J       -                                                                                   °\nMARKETSURGE a        x Wey Monty Mm «ws  DAs. DBE oO\nPp        I                                                                                   E               ,\n> iShares Bitcoin Trust ETF                                                                                                             36.84                 36.81\ncota TEIN (VAIS)                                        BOON WA S0DmsAmwl  e50M562                soa sam       BT ps0.31) 085:\n0 Sater © WASTERECDWOEXES(#r +                                 EPSDuc Cote MA SODayAS Wl SLESTOIBASZ 21DoyATRY 240%       Wane Gosea      Vor 2058.40 1278\nHo     NA ONSIWeskHgh 078% 47% frompivotin2fz days 0759 PA ET QBOTZOZS Last Updte: 0600 PM ET OR7IZ\noa                                                                         pron\nCusine               LA UT                or\nYesr Pris Price Sales ComposteRatng                                     Vo ils     ¥\nDect HCW %OW Eps hag   .                      JA ny isto     pn\nm9 000         RS Rating    «                           Som dT, Cond\noon         Sonn ms rang 28      =) HEAR         Vay PARTIAL i gl TE                                   “\nwm on          & Monin RS Rating         fi       #,          7 Ca sis       FA A se ee\ncopRSRang              7       Hh             wii        ©                     No              pa\na2 0m. oberg Be     #1 Mf rem pe TES          hk        ee\nws ooo. Eaegsseniy     War   i a ol Se                  Kr NAAN       Fa\nSales Growth Fale 0%                  vs                          SA                                                          wel #®                      ase ad,                  ~~\now -                   em                                \\          2\n§    FE En                        NY  PE    w\nms dass Scope gansm GARY                                     wil   AEN\n,            a.                                                              Ire          5             |\na      wo fr Xr wa                                                                1         oy\nES)                                                                                         sma\n- round                                                       4\n00 vue             wo           i.      wm ww wm ew      —          a     on            Pn\nifr       wo       in                 baile kk      \"       lg       TIN na n—      Er or BF {PV YA Wo           it]\nhtc veokid   Pl Col i ib   | TNT   ;    ld iol    Ha\nPr Aa SY aa VE Ura Wa al A 0 San WV Sn VA WP 4 Vo NDNUR W NDZ NV an Wea PY     ES\nER RN TR WAR ER OR RN RN RE NINE UA Ph NRE RN NR BR IR BN TN NA NENA RAR AN TN NE RENN TA\nAm May dm du Aw Se Ot Mov Dec hm Fab Mar Aw Mey hm Ju Aw Sep oe Nav Dec an Fab Mar Apr May Jn ul Au\nGt Endag une 2024 Gir Ended September 2024 Or Ended December 2026 QU ENdod Arn 2023 OU Ended Junk 025 Gif Ended September 225 Of Ene December 2075 Ot ENGKAMANEN 25 Gr Encad uno 7028      Price bua iA\nTMI ow NA 16% BES ve NA 6% S305 ve NA a7 4681 ve NA 2% B12 ve S014 31% 6500 vs 3613 6% 4965 ve S305 24% a2 ve 4681 23% MZ us B21 a3      Prica [$), % Chg\nMA w NA NMA NA wu NA NA NA i NA NA NA vi NA NA NA vi NA NA NA ve NA NA NA ws NA NA NA ws NA NA NA vw NA NA      Sales i 5,5 0\n™          wa          I\"         a         =         \"          a          I\"          \"       After Tax arg\nServers    Les    Roparns   Inter Asset Correlation 35items © Jeet: a7 57 ET 08072020                          oF - TZ = EA\nowe                 New                               Prete Crew vome Pues eps       vouch nocew Suk         com wr\n=                   @         Ro sme me       RC I TT Tt    Re mam APR GOD co\n= Ras                                     v            Rosy         Shores Sir Tost              se wm mm ce           .          a         ar           .            .           °           .\n= Groton 2121 List                                   oer         Shassbuon TURETE 08s wer aw on            -           .         128           -           -          5           .\n",
      "ocr_text_snippet": "J - ° MARKETSURGE a x Wey Monty Mm «ws DAs. DBE oO Pp I E , > iShares Bitcoin Trust ETF 36.84 36.81 cota TEIN (VAIS) BOON WA S0DmsAmwl e50M562 soa sam BT ps0.31) 085: 0 Sater © WASTERECDWOEXES(#r +...",
      "output_kind": "whiteboard",
      "parsed_observations": [
        {
          "portfolio": "GRO",
          "metrics_raw": null,
          "metric_1": null,
          "metric_2": null,
          "metric_scalar": null,
          "action_text": null,
          "bottom_line": null,
          "parse_status": "review",
          "issue_codes": [
            "MISSING_METRIC_LINE",
            "MISSING_BOTTOM_LINE",
            "LOW_OCR_CONFIDENCE"
          ],
          "ocr_confidence": 40,
          "ocr_profile": "threshold"
        },
        {
          "portfolio": "TURBO",
          "metrics_raw": null,
          "metric_1": null,
          "metric_2": null,
          "metric_scalar": null,
          "action_text": null,
          "bottom_line": null,
          "parse_status": "review",
          "issue_codes": [
            "MISSING_METRIC_LINE",
            "MISSING_BOTTOM_LINE",
            "LOW_OCR_CONFIDENCE"
          ],
          "ocr_confidence": 40,
          "ocr_profile": "threshold"
        }
      ],
      "parsed_row_count": 2,
      "phash": "80f88307de61fe56",
      "prefilter_score": 14.96,
      "prefilter_stats": {
        "brightRatio": 0.7432638888888888,
        "darkRatio": 0.044583333333333336,
        "edgeRatio": 0.18899724401102397,
        "horizontalComparisons": 14151,
        "horizontalEdgeHits": 1273,
        "horizontalEdgeRatio": 0.08995830683343933,
        "meanLuma": 225.76854166666666,
        "stdDev": 47.03305246592181,
        "verticalComparisons": 14151,
        "verticalEdgeHits": 4076,
        "verticalEdgeRatio": 0.2880361811886086
      },
      "score": -26,
      "score_breakdown": {
        "chart_likeness": -6,
        "keyword_guard": -18,
        "ocr_confidence_bonus": 2,
        "pair_bonus": 0,
        "per_row_issues": -12,
        "per_row_metrics": 0,
        "text_density": 8
      },
      "screen_layout": "tale_of_the_tape",
      "tickers": [
        "BE",
        "PL",
        "URA"
      ],
      "timestamp": 448,
      "timestamp_hms": "00:07:28"
    },
    {
      "confusion_with_nearby": [],
      "frame_index": 416,
      "frame_path": "C:\\Users\\admin\\Projects\\portfolio_analyzer_revere\\data\\video_scan_20260915\\ocr-20260915-backfill\\ocr-20260915-backfill\\ocr_probe\\frames\\20260808_20260808_eai-qmrf_t0_2289203f_whiteboard\\ocr\\ocr_000417.png",
      "is_intro_card": false,
      "issue_codes": [
        "MISSING_METRIC_LINE",
        "MISSING_BOTTOM_LINE",
        "LOW_OCR_CONFIDENCE"
      ],
      "low_res_frame_path": null,
      "nearest_ffmpeg_keyframe_ts": 1662,
      "observed_date": null,
      "ocr_confidence": 39,
      "ocr_profile": "threshold",
      "ocr_text": "0    —                                             °\nMARKETSURGE a       x Vekdy  Wonlbly Min v  ( wms  Qt OBE O\ns.    .\n> Cerebras Systems Inc.                                                                                                 $228.70              226.7:\nco Secondo abs {15145                                 900me    swan oCmsAg. 8308s             stan ar     cars s13.42 1730\n© Stir © WASTER EOOWOEXES(-z) DIPS Alnirene ana using ato        EPSOUSDale OBZ SODeyAvoS Vol FLSMISZSE MamaiCsp  $53SIS     Wane Gore     Voi 4.156881 245\npr                 Ho    Sunpals,GA OFS2eskHgn 4137 Z1DsyATR% 1190% 07:59PM ET OMTTOZ Las Updse:0600 HI ET 0BTD\noa                                                         pre\nCusine               LE UT\new EPS EPS sales CamposiRatno 1\nOxi ® %ow WOw cesrmn 8\nos 0   Tenn ow\n2020    000               3 Month RS Rabng 33                                                                                                                                            20\n2021    000               © Monin RS Rating 43                                                                                              J)\n2022 078   -    Group RS Ratng 83\nNZ D582 ER ebsRang -                                  fl,          ”\nwom a eae                                                LTRS\n5 DIT vn TO sess oh                                       .   hy I, SUN ir       0\nee 0m TG God Gomme                                             PY     CN Ly     m\nre 0% dwn 04 pe (ERR                                    fi   Jos      PLT\n® Sg)   Rs Rainy\n1      23\nos    a:\n~                                                            >\nEd                  Saoue                                  red               pen\n160 vom                                                                      on               Fr)\now        phd\nsworn 1170                                                               [PR    H\nww ® ww B® Ww wm _% ®  ® vw ®% B® ® 5 ww wo\n.      Dec          Jan          Fa         ar          apr          oy       sum      at       aug\nGr Ene dune 228 ext                                                    EPs Due arz\non      w      a4      a      ow      epson\n1908                 -                 22                a                202              Sales i 5,5 0\nna             Ao Tox Margi\nScreens.    Lists  | repos   Turbo-12 List 121tems © Upcaied 07.57 PH ET 6807:2020                              0Fy - CO 2 EB A\ni rome           New                     Pues Came Vowme Pies E05     vnc mace Swe      Gono\n=           ®     Bo Smo a Name    <  cr Pae (loons  cm Ramp \"OR woos   RS Rag APR mam c\n= Grofection 21/21 List                   N\n’    Roz eos    Denies ne      00 me Tze om    ©    a wes    «    B    °    ©\n= Tubo-12 sl\nBp 3 cars    Geotess Syms oe.    To mem ais sa    w    5 ws    A    c    -    vos\n= RaT00              —_— ee ee =\n",
      "ocr_text_snippet": "0 — ° MARKETSURGE a x Vekdy Wonlbly Min v ( wms Qt OBE O s. . > Cerebras Systems Inc. $228.70 226.7: co Secondo abs {15145 900me swan oCmsAg. 8308s stan ar cars s13.42 1730 © Stir © WASTER EOOWOEXE...",
      "output_kind": "whiteboard",
      "parsed_observations": [
        {
          "portfolio": "GRO",
          "metrics_raw": null,
          "metric_1": null,
          "metric_2": null,
          "metric_scalar": null,
          "action_text": null,
          "bottom_line": null,
          "parse_status": "review",
          "issue_codes": [
            "MISSING_METRIC_LINE",
            "MISSING_BOTTOM_LINE",
            "LOW_OCR_CONFIDENCE"
          ],
          "ocr_confidence": 39,
          "ocr_profile": "threshold"
        },
        {
          "portfolio": "TURBO",
          "metrics_raw": null,
          "metric_1": null,
          "metric_2": null,
          "metric_scalar": null,
          "action_text": null,
          "bottom_line": null,
          "parse_status": "review",
          "issue_codes": [
            "MISSING_METRIC_LINE",
            "MISSING_BOTTOM_LINE",
            "LOW_OCR_CONFIDENCE"
          ],
          "ocr_confidence": 39,
          "ocr_profile": "threshold"
        }
      ],
      "parsed_row_count": 2,
      "phash": "809c3b15cf35ce47",
      "prefilter_score": 15.58,
      "prefilter_stats": {
        "brightRatio": 0.7948611111111111,
        "darkRatio": 0.04479166666666667,
        "edgeRatio": 0.14504275316232068,
        "horizontalComparisons": 14151,
        "horizontalEdgeHits": 1043,
        "horizontalEdgeRatio": 0.07370503851317928,
        "meanLuma": 229.88305555555556,
        "stdDev": 45.98710346508051,
        "verticalComparisons": 14151,
        "verticalEdgeHits": 3062,
        "verticalEdgeRatio": 0.21638046781146208
      },
      "score": -26.05,
      "score_breakdown": {
        "chart_likeness": -6,
        "keyword_guard": -18,
        "ocr_confidence_bonus": 1.95,
        "pair_bonus": 0,
        "per_row_issues": -12,
        "per_row_metrics": 0,
        "text_density": 8
      },
      "screen_layout": "tale_of_the_tape",
      "tickers": [],
      "timestamp": 1664,
      "timestamp_hms": "00:27:44"
    },
    {
      "confusion_with_nearby": [],
      "frame_index": 64,
      "frame_path": "C:\\Users\\admin\\Projects\\portfolio_analyzer_revere\\data\\video_scan_20260915\\ocr-20260915-backfill\\ocr-20260915-backfill\\ocr_probe\\frames\\20260808_20260808_eai-qmrf_t0_2289203f_whiteboard\\ocr\\ocr_000065.png",
      "is_intro_card": false,
      "issue_codes": [
        "MISSING_METRIC_LINE",
        "MISSING_BOTTOM_LINE",
        "LOW_OCR_CONFIDENCE"
      ],
      "low_res_frame_path": null,
      "nearest_ffmpeg_keyframe_ts": 258,
      "observed_date": null,
      "ocr_confidence": 39,
      "ocr_profile": "threshold",
      "ocr_text": "varkeTSURcE o (ED)       x esky Won tMn © ois © Come. mEtoo\n» Invesco QQQ Trust Series |                                                                                                                $723.34               $723.0:\nAro                                    PT  ——            asi enest     aoa psa pain\n0 Samet MASTEREDOWOBKES)  -                         Be ren TT ws. a751 mT maemo pi cs 1 ss\nCustoms,               EE EE RE                                         sex\npr pice sus GomcsteRaia -\nBT Su Ge\n2020  ANITA ean     ar                                                     Be i  EE         750\n\"     piwindisty                                                     |\non res ar   on sag £2 B                                  at  hy  m\nww wm wh eee ©                                              y aM   Zane    i\nsaws wn Ganngssabity                                            pit        TIRE\nme ans me SeksGowhRaew:                                   MW   Ln.       eS         0\n    EPS Growth Rate 1%                                  py        yy §\n025 B14 20   TORE prexsn)                                         o   ~      ws             hi\nJet  J     JPA                               |\nper                                wow aM   pd     Lo               ee          =\nus           e021         .    pr     -                   1      p            ET\n.   a MEL TN     _           ro          Ns\nha ENYA 5 Li     |         J Fi Fr IE a ea\ni       wn              !        1   Wher “                                      woo\n-                                  Ji-S    ath                                           87\n       TV Memes TN          ate\nmove      5       -              an       ow        Py                     o                            pak\nTT me Pe er          Jl                E\nI}                             TIERCE RTE, TER             fy\nScreans    Lists  |  Reports   Inter Asset Correlation 35items © Jvsatvu: 96 43 Pht ET 08:07:2026                          © Fay  2S EA\n= Browse          @ New    PB Smid Name    Co Peek Omen me Pres ES snag WAS MOOD SM unpng foe Me\n© REVERE NIGHTLY VIDEO      so      ~   2 RSP     Invesco S&F 500 Equal.     LL   22008    6.233    5           er     324            -     A\n= Inter Asset       on                            Ld      3 oo       Invesco GOA Trust Ser.         117     72300     31.052       238          -        7        254          -         -         [4         -\n= roo                 J ici SS Ss\n",
      "ocr_text_snippet": "varkeTSURcE o (ED) x esky Won tMn © ois © Come. mEtoo » Invesco QQQ Trust Series | $723.34 $723.0: Aro PT —— asi enest aoa psa pain 0 Samet MASTEREDOWOBKES) - Be ren TT ws. a751 mT maemo pi cs 1 ss...",
      "output_kind": "whiteboard",
      "parsed_observations": [
        {
          "portfolio": "GRO",
          "metrics_raw": null,
          "metric_1": null,
          "metric_2": null,
          "metric_scalar": null,
          "action_text": null,
          "bottom_line": null,
          "parse_status": "review",
          "issue_codes": [
            "MISSING_METRIC_LINE",
            "MISSING_BOTTOM_LINE",
            "LOW_OCR_CONFIDENCE"
          ],
          "ocr_confidence": 39,
          "ocr_profile": "threshold"
        },
        {
          "portfolio": "TURBO",
          "metrics_raw": null,
          "metric_1": null,
          "metric_2": null,
          "metric_scalar": null,
          "action_text": null,
          "bottom_line": null,
          "parse_status": "review",
          "issue_codes": [
            "MISSING_METRIC_LINE",
            "MISSING_BOTTOM_LINE",
            "LOW_OCR_CONFIDENCE"
          ],
          "ocr_confidence": 39,
          "ocr_profile": "threshold"
        }
      ],
      "parsed_row_count": 2,
      "phash": "806e1f11cf41ded3",
      "prefilter_score": 14.67,
      "prefilter_stats": {
        "brightRatio": 0.7613888888888889,
        "darkRatio": 0.04465277777777778,
        "edgeRatio": 0.16281534873860504,
        "horizontalComparisons": 14151,
        "horizontalEdgeHits": 1313,
        "horizontalEdgeRatio": 0.09278496219348456,
        "meanLuma": 226.31305555555556,
        "stdDev": 48.40891270781101,
        "verticalComparisons": 14151,
        "verticalEdgeHits": 3295,
        "verticalEdgeRatio": 0.23284573528372554
      },
      "score": -26.05,
      "score_breakdown": {
        "chart_likeness": -6,
        "keyword_guard": -18,
        "ocr_confidence_bonus": 1.95,
        "pair_bonus": 0,
        "per_row_issues": -12,
        "per_row_metrics": 0,
        "text_density": 8
      },
      "screen_layout": "tale_of_the_tape",
      "tickers": [
        "BE",
        "TER"
      ],
      "timestamp": 256,
      "timestamp_hms": "00:04:16"
    },
    {
      "confusion_with_nearby": [],
      "frame_index": 376,
      "frame_path": "C:\\Users\\admin\\Projects\\portfolio_analyzer_revere\\data\\video_scan_20260915\\ocr-20260915-backfill\\ocr-20260915-backfill\\ocr_probe\\frames\\20260808_20260808_eai-qmrf_t0_2289203f_whiteboard\\ocr\\ocr_000377.png",
      "is_intro_card": false,
      "issue_codes": [
        "MISSING_METRIC_LINE",
        "MISSING_BOTTOM_LINE",
        "LOW_OCR_CONFIDENCE"
      ],
      "low_res_frame_path": null,
      "nearest_ffmpeg_keyframe_ts": 1506,
      "observed_date": null,
      "ocr_confidence": 38,
      "ocr_profile": "threshold",
      "ocr_text": "J                                                                       -     °\nvarkeTSURGE a ([@)       x Wedy Won Min «(wns @  Qasr CBE ©\nx Viking Holdings Ltd.                                                                                                             $105.80              $105.7\ncoe Servees 21450                                   POUR: 0SOYIA SIDwsAwVeL 249425 MaerCmp MIB    soon swore      vik (50.401 0.\n© Sell © WASTER EOOWOEXES(sy + POU OOH AN nce v8 scons saris EOS De Dale OUIUATZE  50DayAa Sl. SHEASLANS 210rATR% 200%      Wane Gosea      Vol 1134417 55.\nsmenng om                 vo    BERMUDA OffSTWecktigh 351% 30% from pivolin Of days 07:3 PM ET ORU70Z6 Last Unde: 0400 AA ET 06A77203\noa                                                              sin\nCustoms                ECE ER EUR\new EPS EPS Sales ComposieRamn 88 =\nDo Tm ua wen cram a                                              fr\n209 000   .    © RSRaling)   -                                                              ood  APT    0\n20m 000       3Mom RS Rating 80                                                am   ul oo\n2021 397        6 Monin RS Raiing 63                                            ao     | Pan\n2022  038 «81% 408% GioupRS Rating 69                                             Ja     \\        RS Ratag.\nI Gr Sp                       He Fy gg ETE         Fa\n24185 20% IF Eames Savy                ar        at       ay Pe ATE      -    EE\n025 261 OL 2 Saks Gow Rate 0%            Rr a | Eg   Bap   NINE    EE\n026s 336 GBL- TL Ls Ge Fore            ort] 2 Bln       Put          seh\nN            pore’                         MN A    or\nA i    om      WV             Ee\npr—         ELA Ladin                                   “|\nTie an                  4     TT Ts\n&             Tee      EN                                       2                               2\nee                  re                  .     es                es\n-        Rr                         a                EET                   res\nIMIMRnIi    IVI TET 0107) TTRYTCL FER CLC RI TOTO pe SUD Sn Dunia moan   natin    (TIT    Mmm     ye\nEE TE I    2\n—F ww mw ® Ww ww Ww ® ww ® ® ©§ % ® ® ® © v7 Ww ® Bw ww mw\n™      on      oar       Nov     Dec      an      rn     War      ape      way     un      im       uy\nQtr Endos September 2025                            te Ended Decemssr 2025                             au Enea men 2028                           au Enes dune 2026 ext                                       EPs pues:\nvs            089           wn oer            vs            045           sgn am            v           024          ~b4%           126            vs            049           am        140                 EPS (8), % Chg\nM        warm       1720       “        aera tes       “       aan       wm | 2m       M       od        2295        Sales i 5.5% 0\nmm                    ran         =        sz                    a            Ao Tox Margi\nScreens    Lets    Reports   Grotection 21/21 List 21 tems © Uodates 07:57 PET C8072025                          ory - TZ = EA\nree er                     Pies Caen  Vome Pies ES     axon bao SR      Como\n=             @®      LE ied     <   Tm Pe (10005   Chg Rag \"OR ope   RS Ramp ART mam oc\n= RGB              N\n’     mw sow    Sroutaneins       FY    o    was    ~    3    ~    @w on\n= Grotecion 2121 Lit\nAw     ng Hoangs Li.     ol sr um ow    5    9 sss    5    [3    5    ©\n= Tubo12 Lisl            —_— ee er\n",
      "ocr_text_snippet": "J - ° varkeTSURGE a ([@) x Wedy Won Min «(wns @ Qasr CBE © x Viking Holdings Ltd. $105.80 $105.7 coe Servees 21450 POUR: 0SOYIA SIDwsAwVeL 249425 MaerCmp MIB soon swore vik (50.401 0. © Sell © WAST...",
      "output_kind": "whiteboard",
      "parsed_observations": [
        {
          "portfolio": "GRO",
          "metrics_raw": null,
          "metric_1": null,
          "metric_2": null,
          "metric_scalar": null,
          "action_text": null,
          "bottom_line": null,
          "parse_status": "review",
          "issue_codes": [
            "MISSING_METRIC_LINE",
            "MISSING_BOTTOM_LINE",
            "LOW_OCR_CONFIDENCE"
          ],
          "ocr_confidence": 38,
          "ocr_profile": "threshold"
        },
        {
          "portfolio": "TURBO",
          "metrics_raw": null,
          "metric_1": null,
          "metric_2": null,
          "metric_scalar": null,
          "action_text": null,
          "bottom_line": null,
          "parse_status": "review",
          "issue_codes": [
            "MISSING_METRIC_LINE",
            "MISSING_BOTTOM_LINE",
            "LOW_OCR_CONFIDENCE"
          ],
          "ocr_confidence": 38,
          "ocr_profile": "threshold"
        }
      ],
      "parsed_row_count": 2,
      "phash": "80770e35cf04ff46",
      "prefilter_score": 14.77,
      "prefilter_stats": {
        "brightRatio": 0.74875,
        "darkRatio": 0.044444444444444446,
        "edgeRatio": 0.18680658610698891,
        "horizontalComparisons": 14151,
        "horizontalEdgeHits": 1250,
        "horizontalEdgeRatio": 0.08833298000141333,
        "meanLuma": 225.46256944444445,
        "stdDev": 46.62039210543624,
        "verticalComparisons": 14151,
        "verticalEdgeHits": 4037,
        "verticalEdgeRatio": 0.2852801922125645
      },
      "score": -26.1,
      "score_breakdown": {
        "chart_likeness": -6,
        "keyword_guard": -18,
        "ocr_confidence_bonus": 1.9,
        "pair_bonus": 0,
        "per_row_issues": -12,
        "per_row_metrics": 0,
        "text_density": 8
      },
      "screen_layout": "structured_whiteboard",
      "tickers": [],
      "timestamp": 1504,
      "timestamp_hms": "00:25:04"
    }
  ],
  "whiteboard_segments": [
    {
      "capture_count": 1,
      "end_ts": 672,
      "end_hms": "00:11:12",
      "is_intro_card": false,
      "layout": "structured_whiteboard",
      "peak_frame_index": 168,
      "peak_score": 93.31,
      "start_hms": "00:11:12",
      "start_ts": 672
    },
    {
      "capture_count": 1,
      "end_ts": 800,
      "end_hms": "00:13:20",
      "is_intro_card": false,
      "layout": "structured_whiteboard",
      "peak_frame_index": 200,
      "peak_score": 91.93,
      "start_hms": "00:13:20",
      "start_ts": 800
    },
    {
      "capture_count": 1,
      "end_ts": 896,
      "end_hms": "00:14:56",
      "is_intro_card": false,
      "layout": "structured_whiteboard",
      "peak_frame_index": 224,
      "peak_score": 92,
      "start_hms": "00:14:56",
      "start_ts": 896
    }
  ],
  "log_path": "C:\\Users\\admin\\Projects\\portfolio_analyzer_revere\\data\\video_scan_20260915\\ocr-20260915-backfill\\ocr-20260915-backfill\\ocr_probe\\logs\\20260808_20260808_eai-qmrf_t0_2289203f_whiteboard.json"
}
