# cmd: node tools/scanVideoWithOcr.js --video C:\Users\admin\Projects\portfolio_analyzer_revere\data\video_pipeline\downloads_hires\20260916_GOjwRa0EWBc.mp4 --date 20260916 --output-root C:\Users\admin\Projects\portfolio_analyzer_revere\data\video_scan_20260917\ocr-20260917 --run-tag ocr-20260917 --ffmpeg-bin C:\Users\admin\AppData\Local\Microsoft\WinGet\Packages\Gyan.FFmpeg_Microsoft.Winget.Source_8wekyb3d8bbwe\ffmpeg-9.0.1-full_build\bin\ffmpeg.exe --output-kind whiteboard --prefilter-profile whiteboard --basename revere
[scan:whiteboard] ffprobe found 192 keyframe(s) for nearest-keyframe lookup
[scan:whiteboard] preflighting final whiteboard output extraction
[scan:whiteboard] extracting sample frames from C:\Users\admin\Projects\portfolio_analyzer_revere\data\video_pipeline\downloads_hires\20260916_GOjwRa0EWBc.mp4
[scan:whiteboard] extracted 246 frame(s) at 0.25 fps with width 640; starting prefilter
[scan:whiteboard] prefilter 1/246 frames after 00:00:00; best prefilter 3.79 at 00:00:00
[scan:whiteboard] prefilter 10/246 frames after 00:00:00; best prefilter 3.85 at 00:00:36
[scan:whiteboard] prefilter 20/246 frames after 00:00:00; best prefilter 3.88 at 00:01:12
[scan:whiteboard] prefilter 30/246 frames after 00:00:00; best prefilter 17.16 at 00:01:52
[scan:whiteboard] prefilter 40/246 frames after 00:00:00; best prefilter 17.16 at 00:01:52
[scan:whiteboard] prefilter 50/246 frames after 00:00:00; best prefilter 17.16 at 00:01:52
[scan:whiteboard] prefilter 60/246 frames after 00:00:01; best prefilter 17.16 at 00:01:52
[scan:whiteboard] prefilter 70/246 frames after 00:00:01; best prefilter 17.16 at 00:01:52
[scan:whiteboard] prefilter 80/246 frames after 00:00:01; best prefilter 17.16 at 00:01:52
[scan:whiteboard] prefilter 90/246 frames after 00:00:01; best prefilter 17.16 at 00:01:52
[scan:whiteboard] prefilter 100/246 frames after 00:00:01; best prefilter 17.16 at 00:01:52
[scan:whiteboard] prefilter 110/246 frames after 00:00:01; best prefilter 17.16 at 00:01:52
[scan:whiteboard] prefilter 120/246 frames after 00:00:01; best prefilter 17.16 at 00:01:52
[scan:whiteboard] prefilter 130/246 frames after 00:00:01; best prefilter 17.16 at 00:01:52
[scan:whiteboard] prefilter 140/246 frames after 00:00:01; best prefilter 17.35 at 00:09:16
[scan:whiteboard] prefilter 150/246 frames after 00:00:02; best prefilter 17.35 at 00:09:16
[scan:whiteboard] prefilter 160/246 frames after 00:00:02; best prefilter 17.35 at 00:09:16
[scan:whiteboard] prefilter 170/246 frames after 00:00:02; best prefilter 17.35 at 00:09:16
[scan:whiteboard] prefilter 180/246 frames after 00:00:02; best prefilter 18.36 at 00:11:20
[scan:whiteboard] prefilter 190/246 frames after 00:00:02; best prefilter 18.36 at 00:11:20
[scan:whiteboard] prefilter 200/246 frames after 00:00:02; best prefilter 18.36 at 00:11:20
[scan:whiteboard] prefilter 210/246 frames after 00:00:02; best prefilter 19.99 at 00:13:28
[scan:whiteboard] prefilter 220/246 frames after 00:00:02; best prefilter 19.99 at 00:13:28
[scan:whiteboard] prefilter 230/246 frames after 00:00:02; best prefilter 19.99 at 00:13:28
[scan:whiteboard] prefilter 240/246 frames after 00:00:03; best prefilter 19.99 at 00:13:28
[scan:whiteboard] prefilter 246/246 frames after 00:00:03; best prefilter 19.99 at 00:13:28
[scan:whiteboard] prefilter kept 60/246 frame(s) for OCR; best prefilter 19.99 at 00:13:28
[scan:whiteboard] extracting OCR candidates from source video at width 1280
[scan:whiteboard] OCR 1/60 frames (1.7%) after 00:00:01; best score -15.95 at 00:00:00 (ocr 0.0)
[scan:whiteboard] OCR 10/60 frames (16.7%) after 00:00:28; best score 60.16 at 00:00:48 (ocr 66.0)
Image too small to scale!! (1x36 vs min width of 3)
Line cannot be recognized!!
Image too small to scale!! (1x36 vs min width of 3)
Line cannot be recognized!!
Image too small to scale!! (1x36 vs min width of 3)
Line cannot be recognized!!
Image too small to scale!! (1x36 vs min width of 3)
Line cannot be recognized!!
[scan:whiteboard] OCR 20/60 frames (33.3%) after 00:01:08; best score 60.16 at 00:00:48 (ocr 66.0)
[scan:whiteboard] OCR 30/60 frames (50.0%) after 00:01:54; best score 111.46 at 00:06:40 (ocr 63.0)
[scan:whiteboard] OCR 40/60 frames (66.7%) after 00:02:41; best score 115.51 at 00:08:00 (ocr 64.0)
[scan:whiteboard] OCR 50/60 frames (83.3%) after 00:03:32; best score 115.51 at 00:08:00 (ocr 64.0)
[scan:whiteboard] OCR 60/60 frames (100.0%) after 00:04:35; best score 115.51 at 00:08:00 (ocr 64.0)
{
  "basename": "revere",
  "channel": "revere",
  "chart_stream_parser": false,
  "date_key": "20260916",
  "output_kind": "whiteboard",
  "phash_region": null,
  "phash_region_fraction": null,
  "prefilter_profile": "whiteboard",
  "video_path": "C:\\Users\\admin\\Projects\\portfolio_analyzer_revere\\data\\video_pipeline\\downloads_hires\\20260916_GOjwRa0EWBc.mp4",
  "captured_count": 3,
  "captures": [
    {
      "chart_stream": null,
      "confusion_with_nearby": [],
      "frame_index": 120,
      "frame_path": "C:\\Users\\admin\\Projects\\portfolio_analyzer_revere\\data\\video_scan_20260917\\ocr-20260917\\ocr-20260917\\ocr_probe\\frames\\20260916_20260916_gojwra0ewbc_eb7842b5_whiteboard\\ocr\\ocr_000121.png",
      "is_intro_card": false,
      "issue_codes": [],
      "low_res_frame_path": null,
      "nearest_ffmpeg_keyframe_ts": 477.92,
      "observed_date": "20260916",
      "ocr_confidence": 64,
      "ocr_profile": "threshold",
      "ocr_text": "® Preview Fie Eo View Go Tools Window  Melp                                                                                          GB % & 4 C ma 7 A B: © WedSenls 452PM\need                                                                                                                    WHAT'S THE MARKET TREND?\n\"THE GROTECTION GAUGE\"\n>> TALE OF THE TAPE ~ WEDNESDAY, SEPTEMBER 16, 2026 <<                                                                                                 —\n* MARKET STATE:                                                                                                                                                         EIT I EET\n“STOINDEKESUT 24 RGB1D 24 NASI USD TNX/TYXT vs Sd 2124                                                            wens | [CO] |]\n* SENTIMENT: VIX =o 2 1.4 FBG            AN 380.1722.7 40.0 SETI NAAM B9.5753.96.                                                                                   I\nPOUL CASE! INITIATE RALLY 8 TREND 21EMA                                                                                                                  =\nJ BEAR CASE: SUSTAINED BREAK BELOW 21EMA € 9/8 BROKE BELOW 21E                                                                          ——r——t I\n* NEWS: WED: FED RAISES RATES 2585 TO 3.75% - 4.00% TARGET RANGE                                                                                              i\n* TODAY'S KEYS: SPX v5 5004/1000  QQQvs SODL/700T  R2K vs 10004,/1500 1\n*DAYCT:D-2=>D-3 86: 74 216:-70 8E>21€? NO                                                                                               rovers | [<0] ||\nACTION: 00.23% FOMC HI 17622 / LOW $7507 17550 118 PT INTRA DAY RANGE                        =                   =\n“SPXO/N 758876187 O7601 030 7597-76157 L/H7507-7626\n*SPXATR:O.73%  SPX-045% 60/40-0.18% GRO-032% TURBO -0.25%                                                                   Lowa TERM (200uma) ax   HEE 3\n* SECTORS: 1 BY USD MEME SOXK X81 J BPS XLE KRE IT8 REMX HACK RSP GLD                                                          ao20 evra vp]\n* GRO HOLDINGS: SPYM,UPRO,HPE,CF AMD\n* GRO RVAB/REBAR: 0 80 {-0.06%/-2.60%) SELL QLD                 +\n* TURBO HOLDINGS: SPYM,UPRO, BT ETHA SPCX CAM\n* TURBO RVAB/REBAR: 0.95 {-0.78%/-2.56%) SELLTQQQ\n* BOTTOM LINE: - THE FED HIKES RATES FOR THE FIRST TIME SINCE JULY 2023\n* THURS KEYS: SPX vs 50D/1000 QQ vs50D/700 R2Kvs 1000/150D\n>>> S&PS00 KEY LEVELS <<<\n* 7816 (8/13 INTRADAY A-T-H}\n“7655 147 216MA) € 9/84 B31 9/14 5217\nP7620 MON: SOF TWARE/CYBER RS; INDEXES & A-1 STOCKS PULL-BACK;\n* 7611/7629 (11 S0D/10WK) € 9/154 9/111 9/104 7/311\n$7586 TUES: INDEXES RED ACROSS-THE-BOARD, SPX & QQQ¥ 50D;\n$7586 TODAY: THE FED HIKES RATES FOR THE FIRST TIME SINCE JULY 2023\n“7171/7200 (14 2000/80WK) € 3/87 3/194]\nAR                  FER cl'e  Asset             Connor Bates\n* TWITTER {X): @Connor)Bates_                                                                                                   Anatyst/assoclate PM\n* PHONE: (855) REAL-WEALTH / (855) 732-5932                \\ 1  a n a  ()  e m e nt                    Email: Connor@RevereAsset com\n* WEB SITE: revereasset.com                                                        =                                            Twittor: @GonnorBatos -\n",
      "ocr_text_snippet": "® Preview Fie Eo View Go Tools Window Melp GB % & 4 C ma 7 A B: © WedSenls 452PM eed WHAT'S THE MARKET TREND? \"THE GROTECTION GAUGE\" >> TALE OF THE TAPE ~ WEDNESDAY, SEPTEMBER 16, 2026 << — * MARKE...",
      "output_kind": "whiteboard",
      "parsed_observations": [
        {
          "portfolio": "GRO",
          "metrics_raw": "RVAB/REBAR: 0 80 {-0.06%/-2.60%)",
          "metric_1": null,
          "metric_2": null,
          "metric_scalar": null,
          "action_text": "SELL QLD +",
          "bottom_line": "- THE FED HIKES RATES FOR THE FIRST TIME SINCE JULY 2023 THURS KEYS: SPX VS 50D/1000 QQ VS50D/700 R2KVS 1000/150D S&PS00 KEY LEVELS <<< 7816 (8/13 INTRADAY A-T-H} 7655 147 216MA) € 9/84 B31 9/14 5217 P7620 MON: SOF TWARE/CYBER RS; INDEXES & A-1 STOCKS PULL-BACK; 7611/7629 (11 S0D/10WK) € 9/154 9/111 9/104 7/311 7586 TUES: INDEXES RED ACROSS-THE-BOARD, SPX & QQQ¥ 50D; 7586 TODAY: THE FED HIKES RATES FOR THE FIRST TIME SINCE JULY 2023 7171/7200 (14 2000/80WK) € 3/87 3/194] AR FER CL'E ASSET CONNOR BATES TWITTER {X): @CONNOR)BATES_ ANATYST/ASSOCLATE PM PHONE: (855) REAL-WEALTH / (855) 732-5932 \\ 1 A N A () E M E NT EMAIL: CONNOR@REVEREASSET COM WEB SITE: REVEREASSET.COM = TWITTOR: @GONNORBATOS -",
          "parse_status": "ok",
          "issue_codes": [],
          "ocr_confidence": 64,
          "ocr_profile": "threshold"
        },
        {
          "portfolio": "TURBO",
          "metrics_raw": "RVAB/REBAR: 0.95 {-0.78%/-2.56%)",
          "metric_1": null,
          "metric_2": null,
          "metric_scalar": null,
          "action_text": "SELL TQQQ",
          "bottom_line": "- THE FED HIKES RATES FOR THE FIRST TIME SINCE JULY 2023 THURS KEYS: SPX VS 50D/1000 QQ VS50D/700 R2KVS 1000/150D S&PS00 KEY LEVELS <<< 7816 (8/13 INTRADAY A-T-H} 7655 147 216MA) € 9/84 B31 9/14 5217 P7620 MON: SOF TWARE/CYBER RS; INDEXES & A-1 STOCKS PULL-BACK; 7611/7629 (11 S0D/10WK) € 9/154 9/111 9/104 7/311 7586 TUES: INDEXES RED ACROSS-THE-BOARD, SPX & QQQ¥ 50D; 7586 TODAY: THE FED HIKES RATES FOR THE FIRST TIME SINCE JULY 2023 7171/7200 (14 2000/80WK) € 3/87 3/194] AR FER CL'E ASSET CONNOR BATES TWITTER {X): @CONNOR)BATES_ ANATYST/ASSOCLATE PM PHONE: (855) REAL-WEALTH / (855) 732-5932 \\ 1 A N A () E M E NT EMAIL: CONNOR@REVEREASSET COM WEB SITE: REVEREASSET.COM = TWITTOR: @GONNORBATOS -",
          "parse_status": "ok",
          "issue_codes": [],
          "ocr_confidence": 64,
          "ocr_profile": "threshold"
        }
      ],
      "parsed_row_count": 2,
      "phash": "c291e06dc7d33ca9",
      "phash_overlay": null,
      "phash_region": null,
      "prefilter_profile": "whiteboard",
      "prefilter_score": 2.44,
      "prefilter_stats": {
        "brightRatio": 0.4338194444444444,
        "darkRatio": 0.31201388888888887,
        "edgeRatio": 0.24235036393187762,
        "horizontalComparisons": 14151,
        "horizontalEdgeHits": 2286,
        "horizontalEdgeRatio": 0.1615433538265847,
        "meanLuma": 162.0195138888889,
        "stdDev": 92.20983223536852,
        "verticalComparisons": 14151,
        "verticalEdgeHits": 4573,
        "verticalEdgeRatio": 0.32315737403717054
      },
      "score": 115.51,
      "score_breakdown": {
        "chart_likeness": -5.470586732907384,
        "keyword_guard": 0,
        "ocr_confidence_bonus": 3.2,
        "pair_bonus": 4,
        "per_row_issues": 0,
        "per_row_metrics": 20,
        "text_density": 93.78
      },
      "screen_layout": "structured_whiteboard",
      "tickers": [
        "CF",
        "ETHA",
        "GLD",
        "HPE",
        "QLD",
        "REMX",
        "SPCX",
        "SPYM",
        "UPRO"
      ],
      "timestamp": 480,
      "timestamp_hms": "00:08:00",
      "output_path": "C:\\Users\\admin\\Projects\\portfolio_analyzer_revere\\data\\video_scan_20260917\\ocr-20260917\\ocr-20260917\\screenshots\\20260916_ps.png"
    },
    {
      "chart_stream": null,
      "confusion_with_nearby": [],
      "frame_index": 100,
      "frame_path": "C:\\Users\\admin\\Projects\\portfolio_analyzer_revere\\data\\video_scan_20260917\\ocr-20260917\\ocr-20260917\\ocr_probe\\frames\\20260916_20260916_gojwra0ewbc_eb7842b5_whiteboard\\ocr\\ocr_000101.png",
      "is_intro_card": false,
      "issue_codes": [],
      "low_res_frame_path": null,
      "nearest_ffmpeg_keyframe_ts": 400.96,
      "observed_date": "20260916",
      "ocr_confidence": 63,
      "ocr_profile": "threshold",
      "ocr_text": "® Preview Fie Eo View Go Toots Window Melp                                                                                          GB % & 4 C ma 7 A § © WedSw16 450PM\nYE                                                                                                                    WHAT'S THE MARKET TREND?\n\"THE GROTECTION GAUGE\"\n>> TALE OF THE TAPE - WEDNESDAY, SEPTEMBER 16, 2026 <<\n2 TALEOF THE                                                                                                                           CE\n“STOINDEKESDT 20 RGB1D 24 NASI USD TNX/TYX vs Sd 2124                                                            were | [CO] |]\n* SENTIMENT: VIX 22.0102 11, FBG            AN 38.0.1.722.7 40.0 SETTINAAM 29.5753.96.                                                                                   I\nPULL CASE: INITIATE RALLY & TREND 21EMA                                                                                                                  -\n~DBEAR CASE: SUSTAINED BREAK BELOW 21EMA 4 9/8 BROKE BELOW 21E                                                                          |SHORY TERM (21ema) ==>    $1 | |\n* NEWS: WED: FED RAISES RATES 256PS TO 3.75% - 4.00% TARGET RANGE                                                                                              wta2s Down <= NEUTRAL]\n* TODAY'S KEYS: SPX v5 S0D/1000™  QQQvs SODL/200T RK vs 10004./1500 1\n*DAYCT:D-2=>D-3 8E: 74 216:-70 8E>21€7 NO                                                                                               a cea\n* ACTION: © -0.22%  FOMC HI P7622 f LOW $7507 7550 119 PT INTRA DAY RANGE                                               =\n“SPXO/N 7588-76187 O7601 030 7597-76150 L/H7507-7626\n*SPXATR:O.73K  SPX-045% 60/40-0.18% GRO-0.32% TURBO -0.25%                                                                   Lowa TERM (200uma) ax   HEE 3\n* SECTORS: 1 BY: USD MEME SOXK X81 \\ BPS XLE KRE IT8 REMX HACK RSP GLD                                                          J\n* GRO HOLDINGS: SPYM,UPRO,HPE,CF AMD\n* GRO RVAB/REBAR: 0 80 {-0.06%/-2.60%) SELL QLD\n* TURBO HOLDINGS: SPYM,UPRO, BIT ETHA SPC, CAM\n* TURBO RVAB/REBAR: 0.95 {-0.78%/-2.56%) SELLTQQQ\n* BOTTOM LINE: = THE FED HIKES RATES FOR THE FIRST TIME SINCE JULY 2023\n* THURS KEYS: SPX vs 50D/1000 QCM vs 500/700 R2Kvs 1000/1500\n55> S&PS00 KEY LEVELS <c<\n= 7816 (6/13 INTRADAY A-T-H)\n«7655 (47 216MA) € 9/84 13D 9/14 5/271\nP7620 MON: SOF IWARE/CYBIR RS; INDEXES & A-1 STOCKS PULL-BACK;\n“7611/7629 (71 S0D/10WK) € 9/154 9/111 9/104 7/311\n$7586 TUES: INDEXES RED ACROSS-THE-BOARD, SPX & QQQ¥ 50D;\n»7586 TODAY: THE FED HIKES RATES FOR THE FIRST TIME SINCE JULY 2023\n“7171/7200 (14 200D/40WK) € 4/51 3/194]\n—      cre Asset     —\n* TWITTER {X): @ConnorJBates_                                                                                                   Anatyst/assoclete PM\n* PHONE: (855) REAL-WEALTH / (855) 732-5932                \\ 1  a n a  ()  e m e nt                    Email; Connor@RevereAsset com\n* WEB SITE: revereasset.com                                                        =                                            Twittor: @GonnorBates -\n",
      "ocr_text_snippet": "® Preview Fie Eo View Go Toots Window Melp GB % & 4 C ma 7 A § © WedSw16 450PM YE WHAT'S THE MARKET TREND? \"THE GROTECTION GAUGE\" >> TALE OF THE TAPE - WEDNESDAY, SEPTEMBER 16, 2026 << 2 TALEOF THE...",
      "output_kind": "whiteboard",
      "parsed_observations": [
        {
          "portfolio": "GRO",
          "metrics_raw": "RVAB/REBAR: 0 80 {-0.06%/-2.60%)",
          "metric_1": null,
          "metric_2": null,
          "metric_scalar": null,
          "action_text": "SELL QLD",
          "bottom_line": "= THE FED HIKES RATES FOR THE FIRST TIME SINCE JULY 2023 THURS KEYS: SPX VS 50D/1000 QCM VS 500/700 R2KVS 1000/1500 55> S&PS00 KEY LEVELS <C< 7816 (6/13 INTRADAY A-T-H) 7655 (47 216MA) € 9/84 13D 9/14 5/271 P7620 MON: SOF IWARE/CYBIR RS; INDEXES & A-1 STOCKS PULL-BACK; 7611/7629 (71 S0D/10WK) € 9/154 9/111 9/104 7/311 7586 TUES: INDEXES RED ACROSS-THE-BOARD, SPX & QQQ¥ 50D; 7586 TODAY: THE FED HIKES RATES FOR THE FIRST TIME SINCE JULY 2023 7171/7200 (14 200D/40WK) € 4/51 3/194] CRE ASSET - TWITTER {X): @CONNORJBATES_ ANATYST/ASSOCLETE PM PHONE: (855) REAL-WEALTH / (855) 732-5932 \\ 1 A N A () E M E NT EMAIL; CONNOR@REVEREASSET COM WEB SITE: REVEREASSET.COM = TWITTOR: @GONNORBATES -",
          "parse_status": "ok",
          "issue_codes": [],
          "ocr_confidence": 63,
          "ocr_profile": "threshold"
        },
        {
          "portfolio": "TURBO",
          "metrics_raw": "RVAB/REBAR: 0.95 {-0.78%/-2.56%)",
          "metric_1": null,
          "metric_2": null,
          "metric_scalar": null,
          "action_text": "SELL TQQQ",
          "bottom_line": "= THE FED HIKES RATES FOR THE FIRST TIME SINCE JULY 2023 THURS KEYS: SPX VS 50D/1000 QCM VS 500/700 R2KVS 1000/1500 55> S&PS00 KEY LEVELS <C< 7816 (6/13 INTRADAY A-T-H) 7655 (47 216MA) € 9/84 13D 9/14 5/271 P7620 MON: SOF IWARE/CYBIR RS; INDEXES & A-1 STOCKS PULL-BACK; 7611/7629 (71 S0D/10WK) € 9/154 9/111 9/104 7/311 7586 TUES: INDEXES RED ACROSS-THE-BOARD, SPX & QQQ¥ 50D; 7586 TODAY: THE FED HIKES RATES FOR THE FIRST TIME SINCE JULY 2023 7171/7200 (14 200D/40WK) € 4/51 3/194] CRE ASSET - TWITTER {X): @CONNORJBATES_ ANATYST/ASSOCLETE PM PHONE: (855) REAL-WEALTH / (855) 732-5932 \\ 1 A N A () E M E NT EMAIL; CONNOR@REVEREASSET COM WEB SITE: REVEREASSET.COM = TWITTOR: @GONNORBATES -",
          "parse_status": "ok",
          "issue_codes": [],
          "ocr_confidence": 63,
          "ocr_profile": "threshold"
        }
      ],
      "parsed_row_count": 2,
      "phash": "c291e06dc7933cab",
      "phash_overlay": null,
      "phash_region": null,
      "prefilter_profile": "whiteboard",
      "prefilter_score": 2.42,
      "prefilter_stats": {
        "brightRatio": 0.4338194444444444,
        "darkRatio": 0.31166666666666665,
        "edgeRatio": 0.24242103031587875,
        "horizontalComparisons": 14151,
        "horizontalEdgeHits": 2285,
        "horizontalEdgeRatio": 0.16147268744258356,
        "meanLuma": 162.0225,
        "stdDev": 92.20769683091054,
        "verticalComparisons": 14151,
        "verticalEdgeHits": 4576,
        "verticalEdgeRatio": 0.3233693731891739
      },
      "score": 111.46,
      "score_breakdown": {
        "chart_likeness": -5.486688288941732,
        "keyword_guard": 0,
        "ocr_confidence_bonus": 3.15,
        "pair_bonus": 4,
        "per_row_issues": 0,
        "per_row_metrics": 20,
        "text_density": 89.8
      },
      "screen_layout": "structured_whiteboard",
      "tickers": [
        "CF",
        "ETHA",
        "GLD",
        "HPE",
        "QLD",
        "REMX",
        "SPYM",
        "UPRO"
      ],
      "timestamp": 400,
      "timestamp_hms": "00:06:40",
      "output_path": "C:\\Users\\admin\\Projects\\portfolio_analyzer_revere\\data\\video_scan_20260917\\ocr-20260917\\ocr-20260917\\screenshots\\20260916_ps_2.png"
    },
    {
      "chart_stream": null,
      "confusion_with_nearby": [],
      "frame_index": 12,
      "frame_path": "C:\\Users\\admin\\Projects\\portfolio_analyzer_revere\\data\\video_scan_20260917\\ocr-20260917\\ocr-20260917\\ocr_probe\\frames\\20260916_20260916_gojwra0ewbc_eb7842b5_whiteboard\\ocr\\ocr_000013.png",
      "is_intro_card": true,
      "issue_codes": [
        "MISSING_METRIC_LINE",
        "MISSING_BOTTOM_LINE"
      ],
      "low_res_frame_path": null,
      "nearest_ffmpeg_keyframe_ts": 45.92,
      "observed_date": "20260916",
      "ocr_confidence": 66,
      "ocr_profile": "threshold",
      "ocr_text": "® Preview Flo G8 View Go Toots Window Hel                                                                    GB % & 4 L = = Q B- © WedSenl6 44am\nER)\nWHAT'S THE MARKET TREND?\n>>> THE REVERE ROUNDUP <<<                                                                    WHAT'S THE MARKET TREND?\n-_                                                                       \"THE GROTECTION GAUGE\"\n>>> DAILY MARKET INSIGHT <<<\n.            kTok: @REVEREASSET - PLS LIKE, SHARE+SUB                                                                                                     a          pe\nYT, X%, 16, Ti      3                      -           2\nMARKET LEADERS ~=>           <\n>>> WEDNESDAY, SEPTEMBER 16, 2026 <<<                >                                                          were | [CO] |]\n* MARKET STATE:\n* WHAT HAPPENED TODAY?                                               A                                                                   povmees— [§ | |||\n=» FED HIKES RATES FOR FIRST TIME SINCE JULY 2023                                                                                       ee,\nT-12 +0.92% 71       EN                                                                                               I\nSWT-17 41.71% 114       54                                                                  [             LONG TERM 200ama) ax   EEE 3\nMAG? -0.11%                                                                                               at0z6 NeVTRAL=2 UP |\nRAIL00 +1.53%\nSPX -0.45%  RSP-0.79%\nQQQE-0.12%\nDIA -115%\nMID 0.59%                                     !\nRZK 0.43%\n60/40 -0.18%\nGRO ~032% TURBO ~0.25%\nnts mr       Revere Asset     comnorBates\n* TWITTER {X): @ConnorJBates_                                                                                                                                                          Analyst/associcte Pm\n* PHONE: (855) REAL-WEALTH / (855) 732-5932              M a n a  0)  e m e nt                    Email: Connor@RevereAssel com\n* WEB SITE: revereasset.com                                                                               =                                                              Twittor: @ConnorBates\n",
      "ocr_text_snippet": "® Preview Flo G8 View Go Toots Window Hel GB % & 4 L = = Q B- © WedSenl6 44am ER) WHAT'S THE MARKET TREND? >>> THE REVERE ROUNDUP <<< WHAT'S THE MARKET TREND? -_ \"THE GROTECTION GAUGE\" >>> DAILY MA...",
      "output_kind": "whiteboard",
      "parsed_observations": [
        {
          "portfolio": "GRO",
          "metrics_raw": null,
          "metric_1": null,
          "metric_2": null,
          "metric_scalar": null,
          "action_text": null,
          "bottom_line": null,
          "parse_status": "review",
          "issue_codes": [
            "MISSING_METRIC_LINE",
            "MISSING_BOTTOM_LINE"
          ],
          "ocr_confidence": 66,
          "ocr_profile": "threshold"
        },
        {
          "portfolio": "TURBO",
          "metrics_raw": null,
          "metric_1": null,
          "metric_2": null,
          "metric_scalar": null,
          "action_text": null,
          "bottom_line": null,
          "parse_status": "review",
          "issue_codes": [
            "MISSING_METRIC_LINE",
            "MISSING_BOTTOM_LINE"
          ],
          "ocr_confidence": 66,
          "ocr_profile": "threshold"
        }
      ],
      "parsed_row_count": 2,
      "phash": "c495e46c5b336cc5",
      "phash_overlay": null,
      "phash_region": null,
      "prefilter_profile": "whiteboard",
      "prefilter_score": 3.75,
      "prefilter_stats": {
        "brightRatio": 0.43798611111111113,
        "darkRatio": 0.3288888888888889,
        "edgeRatio": 0.2311497420676984,
        "horizontalComparisons": 14151,
        "horizontalEdgeHits": 2336,
        "horizontalEdgeRatio": 0.16507667302664122,
        "meanLuma": 158.86604166666666,
        "stdDev": 95.0090261042394,
        "verticalComparisons": 14151,
        "verticalEdgeHits": 4206,
        "verticalEdgeRatio": 0.2972228111087556
      },
      "score": 60.16,
      "score_breakdown": {
        "chart_likeness": -3.981378077182333,
        "keyword_guard": 0,
        "ocr_confidence_bonus": 3.3,
        "pair_bonus": 0,
        "per_row_issues": -8,
        "per_row_metrics": 0,
        "text_density": 68.84
      },
      "screen_layout": "dmi",
      "tickers": [],
      "timestamp": 48,
      "timestamp_hms": "00:00:48",
      "output_path": "C:\\Users\\admin\\Projects\\portfolio_analyzer_revere\\data\\video_scan_20260917\\ocr-20260917\\ocr-20260917\\screenshots\\20260916_ps_3.png"
    }
  ],
  "frame_count": 246,
  "frame_error_count": 0,
  "frame_errors": [],
  "max_captures_per_video": 3,
  "nearest_ffmpeg_keyframe_lookups_skipped": false,
  "nearest_ffmpeg_keyframe_pts_total": 192,
  "ocr_engine_metadata": {
    "tesseract_version": "6.0.1",
    "language": "eng",
    "dpi": 300,
    "psm": null,
    "preserve_interword_spaces": "1",
    "deskew": false
  },
  "ocr_frame_count": 60,
  "ocr_frame_width": 1280,
  "output_path": "C:\\Users\\admin\\Projects\\portfolio_analyzer_revere\\data\\video_scan_20260917\\ocr-20260917\\ocr-20260917\\screenshots\\20260916_ps.png",
  "prefilter_best_score": 19.99,
  "review_threshold": 4,
  "sample_frame_width": 640,
  "status": "done",
  "strong_threshold": 6,
  "top_candidate": {
    "chart_stream": null,
    "confusion_with_nearby": [],
    "frame_index": 120,
    "frame_path": "C:\\Users\\admin\\Projects\\portfolio_analyzer_revere\\data\\video_scan_20260917\\ocr-20260917\\ocr-20260917\\ocr_probe\\frames\\20260916_20260916_gojwra0ewbc_eb7842b5_whiteboard\\ocr\\ocr_000121.png",
    "is_intro_card": false,
    "issue_codes": [],
    "low_res_frame_path": null,
    "nearest_ffmpeg_keyframe_ts": 477.92,
    "observed_date": "20260916",
    "ocr_confidence": 64,
    "ocr_profile": "threshold",
    "ocr_text": "® Preview Fie Eo View Go Tools Window  Melp                                                                                          GB % & 4 C ma 7 A B: © WedSenls 452PM\need                                                                                                                    WHAT'S THE MARKET TREND?\n\"THE GROTECTION GAUGE\"\n>> TALE OF THE TAPE ~ WEDNESDAY, SEPTEMBER 16, 2026 <<                                                                                                 —\n* MARKET STATE:                                                                                                                                                         EIT I EET\n“STOINDEKESUT 24 RGB1D 24 NASI USD TNX/TYXT vs Sd 2124                                                            wens | [CO] |]\n* SENTIMENT: VIX =o 2 1.4 FBG            AN 380.1722.7 40.0 SETI NAAM B9.5753.96.                                                                                   I\nPOUL CASE! INITIATE RALLY 8 TREND 21EMA                                                                                                                  =\nJ BEAR CASE: SUSTAINED BREAK BELOW 21EMA € 9/8 BROKE BELOW 21E                                                                          ——r——t I\n* NEWS: WED: FED RAISES RATES 2585 TO 3.75% - 4.00% TARGET RANGE                                                                                              i\n* TODAY'S KEYS: SPX v5 5004/1000  QQQvs SODL/700T  R2K vs 10004,/1500 1\n*DAYCT:D-2=>D-3 86: 74 216:-70 8E>21€? NO                                                                                               rovers | [<0] ||\nACTION: 00.23% FOMC HI 17622 / LOW $7507 17550 118 PT INTRA DAY RANGE                        =                   =\n“SPXO/N 758876187 O7601 030 7597-76157 L/H7507-7626\n*SPXATR:O.73%  SPX-045% 60/40-0.18% GRO-032% TURBO -0.25%                                                                   Lowa TERM (200uma) ax   HEE 3\n* SECTORS: 1 BY USD MEME SOXK X81 J BPS XLE KRE IT8 REMX HACK RSP GLD                                                          ao20 evra vp]\n* GRO HOLDINGS: SPYM,UPRO,HPE,CF AMD\n* GRO RVAB/REBAR: 0 80 {-0.06%/-2.60%) SELL QLD                 +\n* TURBO HOLDINGS: SPYM,UPRO, BT ETHA SPCX CAM\n* TURBO RVAB/REBAR: 0.95 {-0.78%/-2.56%) SELLTQQQ\n* BOTTOM LINE: - THE FED HIKES RATES FOR THE FIRST TIME SINCE JULY 2023\n* THURS KEYS: SPX vs 50D/1000 QQ vs50D/700 R2Kvs 1000/150D\n>>> S&PS00 KEY LEVELS <<<\n* 7816 (8/13 INTRADAY A-T-H}\n“7655 147 216MA) € 9/84 B31 9/14 5217\nP7620 MON: SOF TWARE/CYBER RS; INDEXES & A-1 STOCKS PULL-BACK;\n* 7611/7629 (11 S0D/10WK) € 9/154 9/111 9/104 7/311\n$7586 TUES: INDEXES RED ACROSS-THE-BOARD, SPX & QQQ¥ 50D;\n$7586 TODAY: THE FED HIKES RATES FOR THE FIRST TIME SINCE JULY 2023\n“7171/7200 (14 2000/80WK) € 3/87 3/194]\nAR                  FER cl'e  Asset             Connor Bates\n* TWITTER {X): @Connor)Bates_                                                                                                   Anatyst/assoclate PM\n* PHONE: (855) REAL-WEALTH / (855) 732-5932                \\ 1  a n a  ()  e m e nt                    Email: Connor@RevereAsset com\n* WEB SITE: revereasset.com                                                        =                                            Twittor: @GonnorBatos -\n",
    "ocr_text_snippet": "® Preview Fie Eo View Go Tools Window Melp GB % & 4 C ma 7 A B: © WedSenls 452PM eed WHAT'S THE MARKET TREND? \"THE GROTECTION GAUGE\" >> TALE OF THE TAPE ~ WEDNESDAY, SEPTEMBER 16, 2026 << — * MARKE...",
    "output_kind": "whiteboard",
    "parsed_observations": [
      {
        "portfolio": "GRO",
        "metrics_raw": "RVAB/REBAR: 0 80 {-0.06%/-2.60%)",
        "metric_1": null,
        "metric_2": null,
        "metric_scalar": null,
        "action_text": "SELL QLD +",
        "bottom_line": "- THE FED HIKES RATES FOR THE FIRST TIME SINCE JULY 2023 THURS KEYS: SPX VS 50D/1000 QQ VS50D/700 R2KVS 1000/150D S&PS00 KEY LEVELS <<< 7816 (8/13 INTRADAY A-T-H} 7655 147 216MA) € 9/84 B31 9/14 5217 P7620 MON: SOF TWARE/CYBER RS; INDEXES & A-1 STOCKS PULL-BACK; 7611/7629 (11 S0D/10WK) € 9/154 9/111 9/104 7/311 7586 TUES: INDEXES RED ACROSS-THE-BOARD, SPX & QQQ¥ 50D; 7586 TODAY: THE FED HIKES RATES FOR THE FIRST TIME SINCE JULY 2023 7171/7200 (14 2000/80WK) € 3/87 3/194] AR FER CL'E ASSET CONNOR BATES TWITTER {X): @CONNOR)BATES_ ANATYST/ASSOCLATE PM PHONE: (855) REAL-WEALTH / (855) 732-5932 \\ 1 A N A () E M E NT EMAIL: CONNOR@REVEREASSET COM WEB SITE: REVEREASSET.COM = TWITTOR: @GONNORBATOS -",
        "parse_status": "ok",
        "issue_codes": [],
        "ocr_confidence": 64,
        "ocr_profile": "threshold"
      },
      {
        "portfolio": "TURBO",
        "metrics_raw": "RVAB/REBAR: 0.95 {-0.78%/-2.56%)",
        "metric_1": null,
        "metric_2": null,
        "metric_scalar": null,
        "action_text": "SELL TQQQ",
        "bottom_line": "- THE FED HIKES RATES FOR THE FIRST TIME SINCE JULY 2023 THURS KEYS: SPX VS 50D/1000 QQ VS50D/700 R2KVS 1000/150D S&PS00 KEY LEVELS <<< 7816 (8/13 INTRADAY A-T-H} 7655 147 216MA) € 9/84 B31 9/14 5217 P7620 MON: SOF TWARE/CYBER RS; INDEXES & A-1 STOCKS PULL-BACK; 7611/7629 (11 S0D/10WK) € 9/154 9/111 9/104 7/311 7586 TUES: INDEXES RED ACROSS-THE-BOARD, SPX & QQQ¥ 50D; 7586 TODAY: THE FED HIKES RATES FOR THE FIRST TIME SINCE JULY 2023 7171/7200 (14 2000/80WK) € 3/87 3/194] AR FER CL'E ASSET CONNOR BATES TWITTER {X): @CONNOR)BATES_ ANATYST/ASSOCLATE PM PHONE: (855) REAL-WEALTH / (855) 732-5932 \\ 1 A N A () E M E NT EMAIL: CONNOR@REVEREASSET COM WEB SITE: REVEREASSET.COM = TWITTOR: @GONNORBATOS -",
        "parse_status": "ok",
        "issue_codes": [],
        "ocr_confidence": 64,
        "ocr_profile": "threshold"
      }
    ],
    "parsed_row_count": 2,
    "phash": "c291e06dc7d33ca9",
    "phash_overlay": null,
    "phash_region": null,
    "prefilter_profile": "whiteboard",
    "prefilter_score": 2.44,
    "prefilter_stats": {
      "brightRatio": 0.4338194444444444,
      "darkRatio": 0.31201388888888887,
      "edgeRatio": 0.24235036393187762,
      "horizontalComparisons": 14151,
      "horizontalEdgeHits": 2286,
      "horizontalEdgeRatio": 0.1615433538265847,
      "meanLuma": 162.0195138888889,
      "stdDev": 92.20983223536852,
      "verticalComparisons": 14151,
      "verticalEdgeHits": 4573,
      "verticalEdgeRatio": 0.32315737403717054
    },
    "score": 115.51,
    "score_breakdown": {
      "chart_likeness": -5.470586732907384,
      "keyword_guard": 0,
      "ocr_confidence_bonus": 3.2,
      "pair_bonus": 4,
      "per_row_issues": 0,
      "per_row_metrics": 20,
      "text_density": 93.78
    },
    "screen_layout": "structured_whiteboard",
    "tickers": [
      "CF",
      "ETHA",
      "GLD",
      "HPE",
      "QLD",
      "REMX",
      "SPCX",
      "SPYM",
      "UPRO"
    ],
    "timestamp": 480,
    "timestamp_hms": "00:08:00"
  },
  "top_candidates": [
    {
      "chart_stream": null,
      "confusion_with_nearby": [],
      "frame_index": 120,
      "frame_path": "C:\\Users\\admin\\Projects\\portfolio_analyzer_revere\\data\\video_scan_20260917\\ocr-20260917\\ocr-20260917\\ocr_probe\\frames\\20260916_20260916_gojwra0ewbc_eb7842b5_whiteboard\\ocr\\ocr_000121.png",
      "is_intro_card": false,
      "issue_codes": [],
      "low_res_frame_path": null,
      "nearest_ffmpeg_keyframe_ts": null,
      "observed_date": "20260916",
      "ocr_confidence": 64,
      "ocr_profile": "threshold",
      "ocr_text": "® Preview Fie Eo View Go Tools Window  Melp                                                                                          GB % & 4 C ma 7 A B: © WedSenls 452PM\need                                                                                                                    WHAT'S THE MARKET TREND?\n\"THE GROTECTION GAUGE\"\n>> TALE OF THE TAPE ~ WEDNESDAY, SEPTEMBER 16, 2026 <<                                                                                                 —\n* MARKET STATE:                                                                                                                                                         EIT I EET\n“STOINDEKESUT 24 RGB1D 24 NASI USD TNX/TYXT vs Sd 2124                                                            wens | [CO] |]\n* SENTIMENT: VIX =o 2 1.4 FBG            AN 380.1722.7 40.0 SETI NAAM B9.5753.96.                                                                                   I\nPOUL CASE! INITIATE RALLY 8 TREND 21EMA                                                                                                                  =\nJ BEAR CASE: SUSTAINED BREAK BELOW 21EMA € 9/8 BROKE BELOW 21E                                                                          ——r——t I\n* NEWS: WED: FED RAISES RATES 2585 TO 3.75% - 4.00% TARGET RANGE                                                                                              i\n* TODAY'S KEYS: SPX v5 5004/1000  QQQvs SODL/700T  R2K vs 10004,/1500 1\n*DAYCT:D-2=>D-3 86: 74 216:-70 8E>21€? NO                                                                                               rovers | [<0] ||\nACTION: 00.23% FOMC HI 17622 / LOW $7507 17550 118 PT INTRA DAY RANGE                        =                   =\n“SPXO/N 758876187 O7601 030 7597-76157 L/H7507-7626\n*SPXATR:O.73%  SPX-045% 60/40-0.18% GRO-032% TURBO -0.25%                                                                   Lowa TERM (200uma) ax   HEE 3\n* SECTORS: 1 BY USD MEME SOXK X81 J BPS XLE KRE IT8 REMX HACK RSP GLD                                                          ao20 evra vp]\n* GRO HOLDINGS: SPYM,UPRO,HPE,CF AMD\n* GRO RVAB/REBAR: 0 80 {-0.06%/-2.60%) SELL QLD                 +\n* TURBO HOLDINGS: SPYM,UPRO, BT ETHA SPCX CAM\n* TURBO RVAB/REBAR: 0.95 {-0.78%/-2.56%) SELLTQQQ\n* BOTTOM LINE: - THE FED HIKES RATES FOR THE FIRST TIME SINCE JULY 2023\n* THURS KEYS: SPX vs 50D/1000 QQ vs50D/700 R2Kvs 1000/150D\n>>> S&PS00 KEY LEVELS <<<\n* 7816 (8/13 INTRADAY A-T-H}\n“7655 147 216MA) € 9/84 B31 9/14 5217\nP7620 MON: SOF TWARE/CYBER RS; INDEXES & A-1 STOCKS PULL-BACK;\n* 7611/7629 (11 S0D/10WK) € 9/154 9/111 9/104 7/311\n$7586 TUES: INDEXES RED ACROSS-THE-BOARD, SPX & QQQ¥ 50D;\n$7586 TODAY: THE FED HIKES RATES FOR THE FIRST TIME SINCE JULY 2023\n“7171/7200 (14 2000/80WK) € 3/87 3/194]\nAR                  FER cl'e  Asset             Connor Bates\n* TWITTER {X): @Connor)Bates_                                                                                                   Anatyst/assoclate PM\n* PHONE: (855) REAL-WEALTH / (855) 732-5932                \\ 1  a n a  ()  e m e nt                    Email: Connor@RevereAsset com\n* WEB SITE: revereasset.com                                                        =                                            Twittor: @GonnorBatos -\n",
      "ocr_text_snippet": "® Preview Fie Eo View Go Tools Window Melp GB % & 4 C ma 7 A B: © WedSenls 452PM eed WHAT'S THE MARKET TREND? \"THE GROTECTION GAUGE\" >> TALE OF THE TAPE ~ WEDNESDAY, SEPTEMBER 16, 2026 << — * MARKE...",
      "output_kind": "whiteboard",
      "parsed_observations": [
        {
          "portfolio": "GRO",
          "metrics_raw": "RVAB/REBAR: 0 80 {-0.06%/-2.60%)",
          "metric_1": null,
          "metric_2": null,
          "metric_scalar": null,
          "action_text": "SELL QLD +",
          "bottom_line": "- THE FED HIKES RATES FOR THE FIRST TIME SINCE JULY 2023 THURS KEYS: SPX VS 50D/1000 QQ VS50D/700 R2KVS 1000/150D S&PS00 KEY LEVELS <<< 7816 (8/13 INTRADAY A-T-H} 7655 147 216MA) € 9/84 B31 9/14 5217 P7620 MON: SOF TWARE/CYBER RS; INDEXES & A-1 STOCKS PULL-BACK; 7611/7629 (11 S0D/10WK) € 9/154 9/111 9/104 7/311 7586 TUES: INDEXES RED ACROSS-THE-BOARD, SPX & QQQ¥ 50D; 7586 TODAY: THE FED HIKES RATES FOR THE FIRST TIME SINCE JULY 2023 7171/7200 (14 2000/80WK) € 3/87 3/194] AR FER CL'E ASSET CONNOR BATES TWITTER {X): @CONNOR)BATES_ ANATYST/ASSOCLATE PM PHONE: (855) REAL-WEALTH / (855) 732-5932 \\ 1 A N A () E M E NT EMAIL: CONNOR@REVEREASSET COM WEB SITE: REVEREASSET.COM = TWITTOR: @GONNORBATOS -",
          "parse_status": "ok",
          "issue_codes": [],
          "ocr_confidence": 64,
          "ocr_profile": "threshold"
        },
        {
          "portfolio": "TURBO",
          "metrics_raw": "RVAB/REBAR: 0.95 {-0.78%/-2.56%)",
          "metric_1": null,
          "metric_2": null,
          "metric_scalar": null,
          "action_text": "SELL TQQQ",
          "bottom_line": "- THE FED HIKES RATES FOR THE FIRST TIME SINCE JULY 2023 THURS KEYS: SPX VS 50D/1000 QQ VS50D/700 R2KVS 1000/150D S&PS00 KEY LEVELS <<< 7816 (8/13 INTRADAY A-T-H} 7655 147 216MA) € 9/84 B31 9/14 5217 P7620 MON: SOF TWARE/CYBER RS; INDEXES & A-1 STOCKS PULL-BACK; 7611/7629 (11 S0D/10WK) € 9/154 9/111 9/104 7/311 7586 TUES: INDEXES RED ACROSS-THE-BOARD, SPX & QQQ¥ 50D; 7586 TODAY: THE FED HIKES RATES FOR THE FIRST TIME SINCE JULY 2023 7171/7200 (14 2000/80WK) € 3/87 3/194] AR FER CL'E ASSET CONNOR BATES TWITTER {X): @CONNOR)BATES_ ANATYST/ASSOCLATE PM PHONE: (855) REAL-WEALTH / (855) 732-5932 \\ 1 A N A () E M E NT EMAIL: CONNOR@REVEREASSET COM WEB SITE: REVEREASSET.COM = TWITTOR: @GONNORBATOS -",
          "parse_status": "ok",
          "issue_codes": [],
          "ocr_confidence": 64,
          "ocr_profile": "threshold"
        }
      ],
      "parsed_row_count": 2,
      "phash": "c291e06dc7d33ca9",
      "phash_overlay": null,
      "phash_region": null,
      "prefilter_profile": "whiteboard",
      "prefilter_score": 2.44,
      "prefilter_stats": {
        "brightRatio": 0.4338194444444444,
        "darkRatio": 0.31201388888888887,
        "edgeRatio": 0.24235036393187762,
        "horizontalComparisons": 14151,
        "horizontalEdgeHits": 2286,
        "horizontalEdgeRatio": 0.1615433538265847,
        "meanLuma": 162.0195138888889,
        "stdDev": 92.20983223536852,
        "verticalComparisons": 14151,
        "verticalEdgeHits": 4573,
        "verticalEdgeRatio": 0.32315737403717054
      },
      "score": 115.51,
      "score_breakdown": {
        "chart_likeness": -5.470586732907384,
        "keyword_guard": 0,
        "ocr_confidence_bonus": 3.2,
        "pair_bonus": 4,
        "per_row_issues": 0,
        "per_row_metrics": 20,
        "text_density": 93.78
      },
      "screen_layout": "structured_whiteboard",
      "tickers": [
        "CF",
        "ETHA",
        "GLD",
        "HPE",
        "QLD",
        "REMX",
        "SPCX",
        "SPYM",
        "UPRO"
      ],
      "timestamp": 480,
      "timestamp_hms": "00:08:00"
    },
    {
      "chart_stream": null,
      "confusion_with_nearby": [],
      "frame_index": 100,
      "frame_path": "C:\\Users\\admin\\Projects\\portfolio_analyzer_revere\\data\\video_scan_20260917\\ocr-20260917\\ocr-20260917\\ocr_probe\\frames\\20260916_20260916_gojwra0ewbc_eb7842b5_whiteboard\\ocr\\ocr_000101.png",
      "is_intro_card": false,
      "issue_codes": [],
      "low_res_frame_path": null,
      "nearest_ffmpeg_keyframe_ts": null,
      "observed_date": "20260916",
      "ocr_confidence": 63,
      "ocr_profile": "threshold",
      "ocr_text": "® Preview Fie Eo View Go Toots Window Melp                                                                                          GB % & 4 C ma 7 A § © WedSw16 450PM\nYE                                                                                                                    WHAT'S THE MARKET TREND?\n\"THE GROTECTION GAUGE\"\n>> TALE OF THE TAPE - WEDNESDAY, SEPTEMBER 16, 2026 <<\n2 TALEOF THE                                                                                                                           CE\n“STOINDEKESDT 20 RGB1D 24 NASI USD TNX/TYX vs Sd 2124                                                            were | [CO] |]\n* SENTIMENT: VIX 22.0102 11, FBG            AN 38.0.1.722.7 40.0 SETTINAAM 29.5753.96.                                                                                   I\nPULL CASE: INITIATE RALLY & TREND 21EMA                                                                                                                  -\n~DBEAR CASE: SUSTAINED BREAK BELOW 21EMA 4 9/8 BROKE BELOW 21E                                                                          |SHORY TERM (21ema) ==>    $1 | |\n* NEWS: WED: FED RAISES RATES 256PS TO 3.75% - 4.00% TARGET RANGE                                                                                              wta2s Down <= NEUTRAL]\n* TODAY'S KEYS: SPX v5 S0D/1000™  QQQvs SODL/200T RK vs 10004./1500 1\n*DAYCT:D-2=>D-3 8E: 74 216:-70 8E>21€7 NO                                                                                               a cea\n* ACTION: © -0.22%  FOMC HI P7622 f LOW $7507 7550 119 PT INTRA DAY RANGE                                               =\n“SPXO/N 7588-76187 O7601 030 7597-76150 L/H7507-7626\n*SPXATR:O.73K  SPX-045% 60/40-0.18% GRO-0.32% TURBO -0.25%                                                                   Lowa TERM (200uma) ax   HEE 3\n* SECTORS: 1 BY: USD MEME SOXK X81 \\ BPS XLE KRE IT8 REMX HACK RSP GLD                                                          J\n* GRO HOLDINGS: SPYM,UPRO,HPE,CF AMD\n* GRO RVAB/REBAR: 0 80 {-0.06%/-2.60%) SELL QLD\n* TURBO HOLDINGS: SPYM,UPRO, BIT ETHA SPC, CAM\n* TURBO RVAB/REBAR: 0.95 {-0.78%/-2.56%) SELLTQQQ\n* BOTTOM LINE: = THE FED HIKES RATES FOR THE FIRST TIME SINCE JULY 2023\n* THURS KEYS: SPX vs 50D/1000 QCM vs 500/700 R2Kvs 1000/1500\n55> S&PS00 KEY LEVELS <c<\n= 7816 (6/13 INTRADAY A-T-H)\n«7655 (47 216MA) € 9/84 13D 9/14 5/271\nP7620 MON: SOF IWARE/CYBIR RS; INDEXES & A-1 STOCKS PULL-BACK;\n“7611/7629 (71 S0D/10WK) € 9/154 9/111 9/104 7/311\n$7586 TUES: INDEXES RED ACROSS-THE-BOARD, SPX & QQQ¥ 50D;\n»7586 TODAY: THE FED HIKES RATES FOR THE FIRST TIME SINCE JULY 2023\n“7171/7200 (14 200D/40WK) € 4/51 3/194]\n—      cre Asset     —\n* TWITTER {X): @ConnorJBates_                                                                                                   Anatyst/assoclete PM\n* PHONE: (855) REAL-WEALTH / (855) 732-5932                \\ 1  a n a  ()  e m e nt                    Email; Connor@RevereAsset com\n* WEB SITE: revereasset.com                                                        =                                            Twittor: @GonnorBates -\n",
      "ocr_text_snippet": "® Preview Fie Eo View Go Toots Window Melp GB % & 4 C ma 7 A § © WedSw16 450PM YE WHAT'S THE MARKET TREND? \"THE GROTECTION GAUGE\" >> TALE OF THE TAPE - WEDNESDAY, SEPTEMBER 16, 2026 << 2 TALEOF THE...",
      "output_kind": "whiteboard",
      "parsed_observations": [
        {
          "portfolio": "GRO",
          "metrics_raw": "RVAB/REBAR: 0 80 {-0.06%/-2.60%)",
          "metric_1": null,
          "metric_2": null,
          "metric_scalar": null,
          "action_text": "SELL QLD",
          "bottom_line": "= THE FED HIKES RATES FOR THE FIRST TIME SINCE JULY 2023 THURS KEYS: SPX VS 50D/1000 QCM VS 500/700 R2KVS 1000/1500 55> S&PS00 KEY LEVELS <C< 7816 (6/13 INTRADAY A-T-H) 7655 (47 216MA) € 9/84 13D 9/14 5/271 P7620 MON: SOF IWARE/CYBIR RS; INDEXES & A-1 STOCKS PULL-BACK; 7611/7629 (71 S0D/10WK) € 9/154 9/111 9/104 7/311 7586 TUES: INDEXES RED ACROSS-THE-BOARD, SPX & QQQ¥ 50D; 7586 TODAY: THE FED HIKES RATES FOR THE FIRST TIME SINCE JULY 2023 7171/7200 (14 200D/40WK) € 4/51 3/194] CRE ASSET - TWITTER {X): @CONNORJBATES_ ANATYST/ASSOCLETE PM PHONE: (855) REAL-WEALTH / (855) 732-5932 \\ 1 A N A () E M E NT EMAIL; CONNOR@REVEREASSET COM WEB SITE: REVEREASSET.COM = TWITTOR: @GONNORBATES -",
          "parse_status": "ok",
          "issue_codes": [],
          "ocr_confidence": 63,
          "ocr_profile": "threshold"
        },
        {
          "portfolio": "TURBO",
          "metrics_raw": "RVAB/REBAR: 0.95 {-0.78%/-2.56%)",
          "metric_1": null,
          "metric_2": null,
          "metric_scalar": null,
          "action_text": "SELL TQQQ",
          "bottom_line": "= THE FED HIKES RATES FOR THE FIRST TIME SINCE JULY 2023 THURS KEYS: SPX VS 50D/1000 QCM VS 500/700 R2KVS 1000/1500 55> S&PS00 KEY LEVELS <C< 7816 (6/13 INTRADAY A-T-H) 7655 (47 216MA) € 9/84 13D 9/14 5/271 P7620 MON: SOF IWARE/CYBIR RS; INDEXES & A-1 STOCKS PULL-BACK; 7611/7629 (71 S0D/10WK) € 9/154 9/111 9/104 7/311 7586 TUES: INDEXES RED ACROSS-THE-BOARD, SPX & QQQ¥ 50D; 7586 TODAY: THE FED HIKES RATES FOR THE FIRST TIME SINCE JULY 2023 7171/7200 (14 200D/40WK) € 4/51 3/194] CRE ASSET - TWITTER {X): @CONNORJBATES_ ANATYST/ASSOCLETE PM PHONE: (855) REAL-WEALTH / (855) 732-5932 \\ 1 A N A () E M E NT EMAIL; CONNOR@REVEREASSET COM WEB SITE: REVEREASSET.COM = TWITTOR: @GONNORBATES -",
          "parse_status": "ok",
          "issue_codes": [],
          "ocr_confidence": 63,
          "ocr_profile": "threshold"
        }
      ],
      "parsed_row_count": 2,
      "phash": "c291e06dc7933cab",
      "phash_overlay": null,
      "phash_region": null,
      "prefilter_profile": "whiteboard",
      "prefilter_score": 2.42,
      "prefilter_stats": {
        "brightRatio": 0.4338194444444444,
        "darkRatio": 0.31166666666666665,
        "edgeRatio": 0.24242103031587875,
        "horizontalComparisons": 14151,
        "horizontalEdgeHits": 2285,
        "horizontalEdgeRatio": 0.16147268744258356,
        "meanLuma": 162.0225,
        "stdDev": 92.20769683091054,
        "verticalComparisons": 14151,
        "verticalEdgeHits": 4576,
        "verticalEdgeRatio": 0.3233693731891739
      },
      "score": 111.46,
      "score_breakdown": {
        "chart_likeness": -5.486688288941732,
        "keyword_guard": 0,
        "ocr_confidence_bonus": 3.15,
        "pair_bonus": 4,
        "per_row_issues": 0,
        "per_row_metrics": 20,
        "text_density": 89.8
      },
      "screen_layout": "structured_whiteboard",
      "tickers": [
        "CF",
        "ETHA",
        "GLD",
        "HPE",
        "QLD",
        "REMX",
        "SPYM",
        "UPRO"
      ],
      "timestamp": 400,
      "timestamp_hms": "00:06:40"
    },
    {
      "chart_stream": null,
      "confusion_with_nearby": [],
      "frame_index": 96,
      "frame_path": "C:\\Users\\admin\\Projects\\portfolio_analyzer_revere\\data\\video_scan_20260917\\ocr-20260917\\ocr-20260917\\ocr_probe\\frames\\20260916_20260916_gojwra0ewbc_eb7842b5_whiteboard\\ocr\\ocr_000097.png",
      "is_intro_card": false,
      "issue_codes": [],
      "low_res_frame_path": null,
      "nearest_ffmpeg_keyframe_ts": null,
      "observed_date": "20260916",
      "ocr_confidence": 64,
      "ocr_profile": "threshold",
      "ocr_text": "# Preview Fito Cot View Go Toots Window  Melp                                                                                       GG @ % & 4 C sa 7 Q § © WedSeols 450PM\nea                                                                                                                             WHAT'S THE MARKET TREND?\n\"THE GROTECTION GAUGE\"\n>> TALE OF THE TAPE - WEDNESDAY, SEPTEMBER 16, 2026 <<                                                                                                 EE\n2TALEOF THE                                                                                                                                             ET\n“STOINDEXESOT 24 RGB1T 24 NASI USDA THX/TYXY vs Sd 2124                                                                                      <0]\n© SENTIMENT: VIX 2/6112 15} FRG        AAn300.1.722.7 10.0 TETT NAAMA25.5743.96\nDULL CASE: INITIATE RALLY & TREND 21EMA                                                                                                                   -\nDBEAR CASE: SUSTAINED BREAK BELOW 21EMA 4 9/8 BROKE BELOW 21€                                                                          |SHORY TERM (21ema) ==>    $1 | |\n* NEWS: WED: FED RAISES RATES 2565 TO 3.75% - 4.00% TARGE] RANGE                                                                                              Fr\n* TODAY'S KEYS: SPX v5 5004/1000  QQQvs S004/700T R2K vs 10004./1500 1\n*DAYCT:D-2=>D-3 8E: 74 216:-70 8E>21€? NO                                                                                               rovers | [<2[ ||\n* ACTION: © +0.2%     FOMC HI 17622 / LOW $7507 M7550 119 PT INTRA DAY RANGE                                              =                                     I —\n“SPXO/N 7588-76187 O7601 030 7597-76151 L/H7507-7626\n*SPXATR:O.73K  SPX-045% 60/40-0.18% GRO-0.32% TURBO-0.25%                                                                 Lowa TERM (2008ma) ax>   NEE 3\n* SECTORS: 1 BY: USD MIME SOXK X81 \\ BPS XLE KRE IT8 REMX HACK RSP GLD                                                            LE\n* GRO HOLDINGS: SPYM,UPRO,HPE,CF AMD\n* GRO RVAB/REBAR: 0 20 {-0.06%/-2.60%) SELL QLD\n* TURBO HOLDINGS: SPYM,UPRO, BIT ETHA SPCK CAM\n* TURBO RVAB/REBAR: 0.95 {-0.78%/-2.56%} SELL TQQQ\n* BOTTOM LINE: = THE FED HIKES RATES FOR THE FIRST TIME SINCE JULY 2023\n* THURS KEYS: SPXvs50D/1000 QCA vs 500/700 R2Kvs 1000/1500\n55> S&PS00 KEY LEVELS <e<\n~ 7816 (8/13 INTRADAY ATH)\n7655 (47 216MA) € 3/84 9/31 9/14 8/277\nP7620 MON: SOFTWARE CYBER RS; INDEXES & A-i STOCKS PULL-BACK;\n* 7611/7629 (11 S0D/10WK) € 9/15& 9/111 9/104 7/317\n$7586 TUES: INDEXES RED ACROSS-THE-BOARD, SPX & QQQ 50D;\n»7586 TODAY: THE FED HIKES RATES FOR THE FIRST TIME SINCE JULY 2023\n* 7171/7200 (14 2000/80WK) € 2/87 3/194]\nOT —                  ....cre Asset             Po ——\n* TWITTER {X): @ConnorJBates_                                                                                                   Anatyst/assaclate PM\n* PHONE: (855) REAL-WEALTH / (855) 732-5932                 \\ 1  a n a  0)  e m e nt                     Email; Connor@RevereAsset com\n* WEB SITE: revereasset.com                                                        =                                            Twitter: @Gonnorbatos -\n",
      "ocr_text_snippet": "# Preview Fito Cot View Go Toots Window Melp GG @ % & 4 C sa 7 Q § © WedSeols 450PM ea WHAT'S THE MARKET TREND? \"THE GROTECTION GAUGE\" >> TALE OF THE TAPE - WEDNESDAY, SEPTEMBER 16, 2026 << EE 2TAL...",
      "output_kind": "whiteboard",
      "parsed_observations": [
        {
          "portfolio": "GRO",
          "metrics_raw": "RVAB/REBAR: 0 20 {-0.06%/-2.60%)",
          "metric_1": null,
          "metric_2": null,
          "metric_scalar": null,
          "action_text": "SELL QLD",
          "bottom_line": "= THE FED HIKES RATES FOR THE FIRST TIME SINCE JULY 2023 THURS KEYS: SPXVS50D/1000 QCA VS 500/700 R2KVS 1000/1500 55> S&PS00 KEY LEVELS <E< 7816 (8/13 INTRADAY ATH) 7655 (47 216MA) € 3/84 9/31 9/14 8/277 P7620 MON: SOFTWARE CYBER RS; INDEXES & A-I STOCKS PULL-BACK; 7611/7629 (11 S0D/10WK) € 9/15& 9/111 9/104 7/317 7586 TUES: INDEXES RED ACROSS-THE-BOARD, SPX & QQQ 50D; 7586 TODAY: THE FED HIKES RATES FOR THE FIRST TIME SINCE JULY 2023 7171/7200 (14 2000/80WK) € 2/87 3/194] OT - ....CRE ASSET PO -- TWITTER {X): @CONNORJBATES_ ANATYST/ASSACLATE PM PHONE: (855) REAL-WEALTH / (855) 732-5932 \\ 1 A N A 0) E M E NT EMAIL; CONNOR@REVEREASSET COM WEB SITE: REVEREASSET.COM = TWITTER: @GONNORBATOS -",
          "parse_status": "ok",
          "issue_codes": [],
          "ocr_confidence": 64,
          "ocr_profile": "threshold"
        },
        {
          "portfolio": "TURBO",
          "metrics_raw": "RVAB/REBAR: 0.95 {-0.78%/-2.56%}",
          "metric_1": null,
          "metric_2": null,
          "metric_scalar": null,
          "action_text": "SELL TQQQ",
          "bottom_line": "= THE FED HIKES RATES FOR THE FIRST TIME SINCE JULY 2023 THURS KEYS: SPXVS50D/1000 QCA VS 500/700 R2KVS 1000/1500 55> S&PS00 KEY LEVELS <E< 7816 (8/13 INTRADAY ATH) 7655 (47 216MA) € 3/84 9/31 9/14 8/277 P7620 MON: SOFTWARE CYBER RS; INDEXES & A-I STOCKS PULL-BACK; 7611/7629 (11 S0D/10WK) € 9/15& 9/111 9/104 7/317 7586 TUES: INDEXES RED ACROSS-THE-BOARD, SPX & QQQ 50D; 7586 TODAY: THE FED HIKES RATES FOR THE FIRST TIME SINCE JULY 2023 7171/7200 (14 2000/80WK) € 2/87 3/194] OT - ....CRE ASSET PO -- TWITTER {X): @CONNORJBATES_ ANATYST/ASSACLATE PM PHONE: (855) REAL-WEALTH / (855) 732-5932 \\ 1 A N A 0) E M E NT EMAIL; CONNOR@REVEREASSET COM WEB SITE: REVEREASSET.COM = TWITTER: @GONNORBATOS -",
          "parse_status": "ok",
          "issue_codes": [],
          "ocr_confidence": 64,
          "ocr_profile": "threshold"
        }
      ],
      "parsed_row_count": 2,
      "phash": "c291e06dd7933ca9",
      "phash_overlay": null,
      "phash_region": null,
      "prefilter_profile": "whiteboard",
      "prefilter_score": 2.4,
      "prefilter_stats": {
        "brightRatio": 0.4336111111111111,
        "darkRatio": 0.3117361111111111,
        "edgeRatio": 0.24132570136386122,
        "horizontalComparisons": 14151,
        "horizontalEdgeHits": 2272,
        "horizontalEdgeRatio": 0.16055402445056888,
        "meanLuma": 162.00680555555556,
        "stdDev": 92.20686259297605,
        "verticalComparisons": 14151,
        "verticalEdgeHits": 4558,
        "verticalEdgeRatio": 0.32209737827715357
      },
      "score": 111.43,
      "score_breakdown": {
        "chart_likeness": -5.508286271861312,
        "keyword_guard": 0,
        "ocr_confidence_bonus": 3.2,
        "pair_bonus": 4,
        "per_row_issues": 0,
        "per_row_metrics": 20,
        "text_density": 89.74
      },
      "screen_layout": "structured_whiteboard",
      "tickers": [
        "CF",
        "ETHA",
        "GLD",
        "HPE",
        "QLD",
        "REMX",
        "SPYM",
        "TQQQ",
        "UPRO"
      ],
      "timestamp": 384,
      "timestamp_hms": "00:06:24"
    },
    {
      "chart_stream": null,
      "confusion_with_nearby": [],
      "frame_index": 104,
      "frame_path": "C:\\Users\\admin\\Projects\\portfolio_analyzer_revere\\data\\video_scan_20260917\\ocr-20260917\\ocr-20260917\\ocr_probe\\frames\\20260916_20260916_gojwra0ewbc_eb7842b5_whiteboard\\ocr\\ocr_000105.png",
      "is_intro_card": false,
      "issue_codes": [],
      "low_res_frame_path": null,
      "nearest_ffmpeg_keyframe_ts": null,
      "observed_date": "20260916",
      "ocr_confidence": 63,
      "ocr_profile": "threshold",
      "ocr_text": "® Preview Fie Eo View Go Tools Window  Melp                                                                                          GB % & 4 C mm 7 A B @ WedSe16 450PM\nesd                                                                                                                            WHAT'S THE MARKET TREND?\n\"THE GROTECTION GAUGE\"\n>> TALE OF THE TAPE ~ WEDNESDAY, SEPTEMBER 16, 2026 <<                                                                                                 —\n2 IALEOF THE                                                                                                                                   CTS\n“STONDEXESDT 24 RGB LT 24 NASH, USDA TNX/TYXT vs Sd 2124                                                                            <0]\n* SENTIMENT: VIX 2/012 1.4 FBG            AN 380.1722.7 40.0 SETI NAAM B3.5753.96.\nPOUL CASE! INITIATE RALLY & TREND 21EMA                                                                                                                  =\nBEAR CASE: SUSTAINED BREAK BELOW 21EMA  €- 9/8 BROKE BELOW 21E                                                                          [F—    $1 | |\n* NEWS: WED: FED RAISES RATES 258PS TO 3.75% - 4.00% TARGET RANGE             N                                                                                i\n* TODAY'S KEYS: SPX v5 5004/1000  QQQvs SODL/700T  R2K vs 10004,/15001\n*DAVCT:D-2=>D.3 8E: 73 216-70 8€>21€7 NO                                                                                                                            <=]\n* ACTION: © 0.21% FOMC HI P7622 f LOW $7507 17550 119 PT INTRA DAY RANGE                                              =                                     I —\n“SPXO/N 758876187 O7601 030 7597-76157 L/H7507-7626\n*SPXATR:0.73%  SPX-0.45% 60/40-0.18% GRO -0.32% TURBO -0.25%                                                                   LONG TERM (200s) a>   EEE 3\n* SECTORS: 1 BY USD MEME SOXX X81 {BPS XLE KRE IT8 REMX HACK RSP GLD                                                          wro26 essa vp |]\n* GRO HOLDINGS: SPYM,UPRO,HPE,CF AMD\n* GRO RVAB/REBAR: C 20 {-0.06%/-2.60%) SELL QLD\n* TURBO HOLDINGS: SPYM,UPRO, BT ETHA SPO, CAM\n* TURBO RVAB/REBAR: 0.95 {-0.78%/-2.56%) SELLTQQQ\n* BOTTOM LINE: = THE FED HIKES RATES FOR THE FIRST TIME SINCE JULY 2023\n* THURS KEYS: SPX vs 50D/1000 QQ vs50D/700 R2Kvs 1000/1500\n>>> S&PSO0 KEY LEVELS <<<\n= 7816 (8/13 INTRADAY ATH)\n“7655 147 216MA) € 9/84 B31 9/14 5217\nP7620 MON: SOF 1 WARE/CYBER RS, INDEXES & A-1 STOCKS PULL-BACK;\n«7611/7629 (11 S0D/10WK) € 9/154 9/117 9/104 7/311\n$7586 TUES: INDEXES RED ACROSS-THE-BOARD, SPX & QQQ¥ 50D;\n$7586 TODAY: THE FED HIKES RATES FOR THE FIRST TIME SINCE JULY 2023\n7171/7200 (14 2000/40WK) € 5/87 3/194]\n—           wor CL8 A sset        PE—\n* TWITTER (X): @ConnorJBates_                                                                                                   Anatyst/assaclate PM\n* PHONE: (855) REAL-WEALTH / (855) 732-5932                \\ 1  a n a  ()  e m e nt                    Email; Connor@RevereAsset.com\n* WEB SITE: revereasset.com                                                        =                                            Twittor: @GonnorBatos -\n",
      "ocr_text_snippet": "® Preview Fie Eo View Go Tools Window Melp GB % & 4 C mm 7 A B @ WedSe16 450PM esd WHAT'S THE MARKET TREND? \"THE GROTECTION GAUGE\" >> TALE OF THE TAPE ~ WEDNESDAY, SEPTEMBER 16, 2026 << — 2 IALEOF ...",
      "output_kind": "whiteboard",
      "parsed_observations": [
        {
          "portfolio": "GRO",
          "metrics_raw": "RVAB/REBAR: C 20 {-0.06%/-2.60%)",
          "metric_1": null,
          "metric_2": null,
          "metric_scalar": null,
          "action_text": "SELL QLD",
          "bottom_line": "= THE FED HIKES RATES FOR THE FIRST TIME SINCE JULY 2023 THURS KEYS: SPX VS 50D/1000 QQ VS50D/700 R2KVS 1000/1500 S&PSO0 KEY LEVELS <<< 7816 (8/13 INTRADAY ATH) 7655 147 216MA) € 9/84 B31 9/14 5217 P7620 MON: SOF 1 WARE/CYBER RS, INDEXES & A-1 STOCKS PULL-BACK; 7611/7629 (11 S0D/10WK) € 9/154 9/117 9/104 7/311 7586 TUES: INDEXES RED ACROSS-THE-BOARD, SPX & QQQ¥ 50D; 7586 TODAY: THE FED HIKES RATES FOR THE FIRST TIME SINCE JULY 2023 7171/7200 (14 2000/40WK) € 5/87 3/194] WOR CL8 A SSET PE- TWITTER (X): @CONNORJBATES_ ANATYST/ASSACLATE PM PHONE: (855) REAL-WEALTH / (855) 732-5932 \\ 1 A N A () E M E NT EMAIL; CONNOR@REVEREASSET.COM WEB SITE: REVEREASSET.COM = TWITTOR: @GONNORBATOS -",
          "parse_status": "ok",
          "issue_codes": [],
          "ocr_confidence": 63,
          "ocr_profile": "threshold"
        },
        {
          "portfolio": "TURBO",
          "metrics_raw": "RVAB/REBAR: 0.95 {-0.78%/-2.56%)",
          "metric_1": null,
          "metric_2": null,
          "metric_scalar": null,
          "action_text": "SELL TQQQ",
          "bottom_line": "= THE FED HIKES RATES FOR THE FIRST TIME SINCE JULY 2023 THURS KEYS: SPX VS 50D/1000 QQ VS50D/700 R2KVS 1000/1500 S&PSO0 KEY LEVELS <<< 7816 (8/13 INTRADAY ATH) 7655 147 216MA) € 9/84 B31 9/14 5217 P7620 MON: SOF 1 WARE/CYBER RS, INDEXES & A-1 STOCKS PULL-BACK; 7611/7629 (11 S0D/10WK) € 9/154 9/117 9/104 7/311 7586 TUES: INDEXES RED ACROSS-THE-BOARD, SPX & QQQ¥ 50D; 7586 TODAY: THE FED HIKES RATES FOR THE FIRST TIME SINCE JULY 2023 7171/7200 (14 2000/40WK) € 5/87 3/194] WOR CL8 A SSET PE- TWITTER (X): @CONNORJBATES_ ANATYST/ASSACLATE PM PHONE: (855) REAL-WEALTH / (855) 732-5932 \\ 1 A N A () E M E NT EMAIL; CONNOR@REVEREASSET.COM WEB SITE: REVEREASSET.COM = TWITTOR: @GONNORBATOS -",
          "parse_status": "ok",
          "issue_codes": [],
          "ocr_confidence": 63,
          "ocr_profile": "threshold"
        }
      ],
      "parsed_row_count": 2,
      "phash": "c291e06dd7933ca9",
      "phash_overlay": null,
      "phash_region": null,
      "prefilter_profile": "whiteboard",
      "prefilter_score": 2.48,
      "prefilter_stats": {
        "brightRatio": 0.43368055555555557,
        "darkRatio": 0.31166666666666665,
        "edgeRatio": 0.2424563635078793,
        "horizontalComparisons": 14151,
        "horizontalEdgeHits": 2292,
        "horizontalEdgeRatio": 0.1619673521305915,
        "meanLuma": 162.02027777777778,
        "stdDev": 92.20500486494788,
        "verticalComparisons": 14151,
        "verticalEdgeHits": 4570,
        "verticalEdgeRatio": 0.3229453748851671
      },
      "score": 110.85,
      "score_breakdown": {
        "chart_likeness": -5.423566782137733,
        "keyword_guard": 0,
        "ocr_confidence_bonus": 3.15,
        "pair_bonus": 4,
        "per_row_issues": 0,
        "per_row_metrics": 20,
        "text_density": 89.12
      },
      "screen_layout": "structured_whiteboard",
      "tickers": [
        "CF",
        "ETHA",
        "GLD",
        "HPE",
        "QLD",
        "REMX",
        "SPYM",
        "UPRO"
      ],
      "timestamp": 416,
      "timestamp_hms": "00:06:56"
    },
    {
      "chart_stream": null,
      "confusion_with_nearby": [],
      "frame_index": 108,
      "frame_path": "C:\\Users\\admin\\Projects\\portfolio_analyzer_revere\\data\\video_scan_20260917\\ocr-20260917\\ocr-20260917\\ocr_probe\\frames\\20260916_20260916_gojwra0ewbc_eb7842b5_whiteboard\\ocr\\ocr_000109.png",
      "is_intro_card": false,
      "issue_codes": [],
      "low_res_frame_path": null,
      "nearest_ffmpeg_keyframe_ts": null,
      "observed_date": "20260916",
      "ocr_confidence": 63,
      "ocr_profile": "threshold",
      "ocr_text": "® Preview Fie Eo View Go Toots Window Melp                                                                                     GB % & 4 C =m 7 Q § © WedSwl6d5IPM\nYE                                                                                                                            WHAT'S THE MARKET TREND?\n\"THE GROTECTION GAUGE\"\n>> TALE OF THE TAPE - WEDNESDAY, SEPTEMBER 16, 2026 <<\n2 TALEOF THE                                                                                                                           CE\neo                                    Ey\n* SENTIMENT: VIX =: 0102 11, FBG            AN 38.0.1.722.7 40.0 SETTINAAM 29.5753.96.                                                                                   I\nBULL CASE: INITIATE RALLY & TREND 21EMA\n~DBEAR CASE: SUSTAINED BREAK BELOW 21EMA 4 9/8 BROKE BELOW 21E                                                                          |SHORY TERM (21ema) ==>    $1 | |\n* NEWS: WED: FED RAISES RATES 256PS TO 3.75% - 4.00% TARGET RANGE                                                                                              wta2s pow <= NEUTRAL ——————]\n* TODAY'S KEYS: SPX v5 S0DY/1000™  QQQvs S0DL/200T  R2K vs 10004,/1500 1\n*DAYCT:D-2=>D-3 8E: 74 21E:-70 8E>21€7 NO                                                                                               a ce\n* ACTION: © -0.22% FOMC HI P7622 f LOW $7507 17550 119 PT INTRA DAY RANGE                                               =\n“SPXO/N 7588-76187 O7601 030 7597-76150 L/H7507-7626\n*SPXATR:O.73K  SPX-045% 60/40-0.18% GRO-0.32% TURBO -0.25%                                                                   Lowa TERM (200uma) ax   HEE 3\n* SECTORS: 1 BY3: USD MEME SOXK X81 \\ BPS XLE KRE IT8 REMX HACK RSP GLD                                                          J\n* GRO HOLDINGS: SPYM,UPRO,HPE,CF AMD\n* GRO RVAB/REBAR: 0 20 {-0.06%/-2.60%) SELL QLD\n* TURBO HOLDINGS: SPYM,UPRO, BIT ETHA SPC, CAM\n* TURBO RVAB/REBAR: 0.95 {-0.78%/-2.56%) SELLTQQQ\n* BOTTOM LINE: - THE FED HIKES RATES FOR THE FIRST TIME SINCE JULY 2023\n* THURS KEYS: SPX vs 50D/1000 QCM vs 500/700 R2Kvs 1000/1500\n55> S&PS00 KEY LEVELS <c<\n= 7816 (8/13 INTRADAY ATH)\n“7655 (47 216MA) € 9/84 BAT 9/14 57271\nP7620 MON: SOF 1WARE/CYBIR RS; INDEXES & A-1 STOCKS PULL-BACK;\n“7611/7629 (11 S0D/10WK) € 9/154 9/111 9/104 7/311\n$7586 TUES: INDEXES RED ACROSS-THE-BOARD, SPX & QQQ¥50D;\n»7586 TODAY: THE FED HIKES RATES FOR THE FIRST TIME SINCE JULY 2023\n“7171/7200 (14 2000/80WK) € 2/57 3/194]\nNT      cre Asset     J\n* TWITTER {X): @ConnorJBates_                                                                                                   Anatyst/assoclate PM\n* PHONE: (855) REAL-WEALTH / (855) 732-5932                \\ 1  a n a  ()  e m e nt                    Email; Connor@RevereAsset com\n* WEB SITE: revereasset.com                                                        =                                            Twittor: @GonnorBates -\n",
      "ocr_text_snippet": "® Preview Fie Eo View Go Toots Window Melp GB % & 4 C =m 7 Q § © WedSwl6d5IPM YE WHAT'S THE MARKET TREND? \"THE GROTECTION GAUGE\" >> TALE OF THE TAPE - WEDNESDAY, SEPTEMBER 16, 2026 << 2 TALEOF THE ...",
      "output_kind": "whiteboard",
      "parsed_observations": [
        {
          "portfolio": "GRO",
          "metrics_raw": "RVAB/REBAR: 0 20 {-0.06%/-2.60%)",
          "metric_1": null,
          "metric_2": null,
          "metric_scalar": null,
          "action_text": "SELL QLD",
          "bottom_line": "- THE FED HIKES RATES FOR THE FIRST TIME SINCE JULY 2023 THURS KEYS: SPX VS 50D/1000 QCM VS 500/700 R2KVS 1000/1500 55> S&PS00 KEY LEVELS <C< 7816 (8/13 INTRADAY ATH) 7655 (47 216MA) € 9/84 BAT 9/14 57271 P7620 MON: SOF 1WARE/CYBIR RS; INDEXES & A-1 STOCKS PULL-BACK; 7611/7629 (11 S0D/10WK) € 9/154 9/111 9/104 7/311 7586 TUES: INDEXES RED ACROSS-THE-BOARD, SPX & QQQ¥50D; 7586 TODAY: THE FED HIKES RATES FOR THE FIRST TIME SINCE JULY 2023 7171/7200 (14 2000/80WK) € 2/57 3/194] NT CRE ASSET J TWITTER {X): @CONNORJBATES_ ANATYST/ASSOCLATE PM PHONE: (855) REAL-WEALTH / (855) 732-5932 \\ 1 A N A () E M E NT EMAIL; CONNOR@REVEREASSET COM WEB SITE: REVEREASSET.COM = TWITTOR: @GONNORBATES -",
          "parse_status": "ok",
          "issue_codes": [],
          "ocr_confidence": 63,
          "ocr_profile": "threshold"
        },
        {
          "portfolio": "TURBO",
          "metrics_raw": "RVAB/REBAR: 0.95 {-0.78%/-2.56%)",
          "metric_1": null,
          "metric_2": null,
          "metric_scalar": null,
          "action_text": "SELL TQQQ",
          "bottom_line": "- THE FED HIKES RATES FOR THE FIRST TIME SINCE JULY 2023 THURS KEYS: SPX VS 50D/1000 QCM VS 500/700 R2KVS 1000/1500 55> S&PS00 KEY LEVELS <C< 7816 (8/13 INTRADAY ATH) 7655 (47 216MA) € 9/84 BAT 9/14 57271 P7620 MON: SOF 1WARE/CYBIR RS; INDEXES & A-1 STOCKS PULL-BACK; 7611/7629 (11 S0D/10WK) € 9/154 9/111 9/104 7/311 7586 TUES: INDEXES RED ACROSS-THE-BOARD, SPX & QQQ¥50D; 7586 TODAY: THE FED HIKES RATES FOR THE FIRST TIME SINCE JULY 2023 7171/7200 (14 2000/80WK) € 2/57 3/194] NT CRE ASSET J TWITTER {X): @CONNORJBATES_ ANATYST/ASSOCLATE PM PHONE: (855) REAL-WEALTH / (855) 732-5932 \\ 1 A N A () E M E NT EMAIL; CONNOR@REVEREASSET COM WEB SITE: REVEREASSET.COM = TWITTOR: @GONNORBATES -",
          "parse_status": "ok",
          "issue_codes": [],
          "ocr_confidence": 63,
          "ocr_profile": "threshold"
        }
      ],
      "parsed_row_count": 2,
      "phash": "c291e06dd7933ca9",
      "phash_overlay": null,
      "phash_region": null,
      "prefilter_profile": "whiteboard",
      "prefilter_score": 2.42,
      "prefilter_stats": {
        "brightRatio": 0.4338888888888889,
        "darkRatio": 0.31201388888888887,
        "edgeRatio": 0.24213836477987422,
        "horizontalComparisons": 14151,
        "horizontalEdgeHits": 2282,
        "horizontalEdgeRatio": 0.16126068829058018,
        "meanLuma": 162.01270833333334,
        "stdDev": 92.21106475634181,
        "verticalComparisons": 14151,
        "verticalEdgeHits": 4571,
        "verticalEdgeRatio": 0.3230160412691683
      },
      "score": 110.54,
      "score_breakdown": {
        "chart_likeness": -5.488858721441215,
        "keyword_guard": 0,
        "ocr_confidence_bonus": 3.15,
        "pair_bonus": 4,
        "per_row_issues": 0,
        "per_row_metrics": 20,
        "text_density": 88.88
      },
      "screen_layout": "structured_whiteboard",
      "tickers": [
        "CF",
        "ETHA",
        "GLD",
        "HPE",
        "QLD",
        "REMX",
        "SPYM",
        "UPRO"
      ],
      "timestamp": 432,
      "timestamp_hms": "00:07:12"
    }
  ],
  "top_rejected_candidates": [
    {
      "chart_stream": null,
      "confusion_with_nearby": [],
      "frame_index": 0,
      "frame_path": "C:\\Users\\admin\\Projects\\portfolio_analyzer_revere\\data\\video_scan_20260917\\ocr-20260917\\ocr-20260917\\ocr_probe\\frames\\20260916_20260916_gojwra0ewbc_eb7842b5_whiteboard\\ocr\\ocr_000001.png",
      "is_intro_card": false,
      "issue_codes": [
        "MISSING_METRIC_LINE",
        "MISSING_BOTTOM_LINE",
        "LOW_OCR_CONFIDENCE"
      ],
      "low_res_frame_path": null,
      "nearest_ffmpeg_keyframe_ts": 0,
      "observed_date": null,
      "ocr_confidence": 0,
      "ocr_profile": "threshold",
      "ocr_text": "",
      "ocr_text_snippet": "",
      "output_kind": "whiteboard",
      "parsed_observations": [
        {
          "portfolio": "GRO",
          "metrics_raw": null,
          "metric_1": null,
          "metric_2": null,
          "metric_scalar": null,
          "action_text": null,
          "bottom_line": null,
          "parse_status": "review",
          "issue_codes": [
            "MISSING_METRIC_LINE",
            "MISSING_BOTTOM_LINE",
            "LOW_OCR_CONFIDENCE"
          ],
          "ocr_confidence": 0,
          "ocr_profile": "threshold"
        },
        {
          "portfolio": "TURBO",
          "metrics_raw": null,
          "metric_1": null,
          "metric_2": null,
          "metric_scalar": null,
          "action_text": null,
          "bottom_line": null,
          "parse_status": "review",
          "issue_codes": [
            "MISSING_METRIC_LINE",
            "MISSING_BOTTOM_LINE",
            "LOW_OCR_CONFIDENCE"
          ],
          "ocr_confidence": 0,
          "ocr_profile": "threshold"
        }
      ],
      "parsed_row_count": 2,
      "phash": "0000000000000000",
      "phash_overlay": null,
      "phash_region": null,
      "prefilter_profile": "whiteboard",
      "prefilter_score": 3.79,
      "prefilter_stats": {
        "brightRatio": 0.4386805555555556,
        "darkRatio": 0.3288888888888889,
        "edgeRatio": 0.2308317433396933,
        "horizontalComparisons": 14151,
        "horizontalEdgeHits": 2336,
        "horizontalEdgeRatio": 0.16507667302664122,
        "meanLuma": 158.8684722222222,
        "stdDev": 95.01590104000316,
        "verticalComparisons": 14151,
        "verticalEdgeHits": 4197,
        "verticalEdgeRatio": 0.29658681365274536
      },
      "score": -15.95,
      "score_breakdown": {
        "chart_likeness": -3.9523166404979175,
        "keyword_guard": 0,
        "ocr_confidence_bonus": 0,
        "pair_bonus": 0,
        "per_row_issues": -12,
        "per_row_metrics": 0,
        "text_density": 0
      },
      "screen_layout": "chart",
      "tickers": [],
      "timestamp": 0,
      "timestamp_hms": "00:00:00"
    },
    {
      "chart_stream": null,
      "confusion_with_nearby": [],
      "frame_index": 204,
      "frame_path": "C:\\Users\\admin\\Projects\\portfolio_analyzer_revere\\data\\video_scan_20260917\\ocr-20260917\\ocr-20260917\\ocr_probe\\frames\\20260916_20260916_gojwra0ewbc_eb7842b5_whiteboard\\ocr\\ocr_000205.png",
      "is_intro_card": false,
      "issue_codes": [
        "MISSING_METRIC_LINE",
        "MISSING_BOTTOM_LINE",
        "LOW_OCR_CONFIDENCE"
      ],
      "low_res_frame_path": null,
      "nearest_ffmpeg_keyframe_ts": 816.8,
      "observed_date": null,
      "ocr_confidence": 34,
      "ocr_profile": "threshold",
      "ocr_text": "# Sear Fie €Gh View History Bookmarks Window Help                              Gi ® % & 4 C ma 5 Q § © WedSen18 457PM\nMasars: ince ED     om | wy wee sw eum Sm. DGE oO\nRr Nablus Group N.V.CI A                                                                    $213.36        3208.37\n=, Nebius Gro        torrie mre eosin som own oomiata oman wewoe wn ooo sei\nPe Ene        Th mowi | sewm wewes we   a mem\nbono           Eo TB RO Or Bd\nCusman              Qs BmoB      an   A                          Stacnasca (1400)     ®\ney wt sa corn 5 7s     ~~ f    WN    wa\nfi  a            \\   \\,    \\   ji     y\nEl  02 6% “60% SMonmRSRang TI                                       a\nmoos mamsemeg YC MF MY\nFCI Nr\nmom Stet\nmom Emi\nTE eed                            /                        -\nHare A wn pe exe                                 4   i           4\nWALK.         I\n[l\ni !  i   0,       jo  sams       =\ni he              A\ni) in! hy   Ly fl avi en          .\nW         4h | Tego               fd\nfans)               0   1th   I\nZh               CE       -\nwe Vin           ve         Fe    -      rs        so  “\nN     ow                                     wax       i     alo                      co                     Soon\nis, tl                 [EL SE\n106 Mp   oe     a       PAN] .     =\n4     how)    rca — they   tf er\npS CCA Co amma                        h\n-       B         To                IEEE\nEX       a     .     a        pu         ne\nfi\n0g         =\n™    ec    ™    Foo    wr    rs   =    dun    IM    ay    £3    ox    Now\nScreens.    fs    Ruperts   Inter Asset Correlation 19 tems © Users 0436 PRET 0% R20                             LL  2 EEA\n[1 oom     Jom ht wa wm  Com er mm tel eee UES CR SN eww SB oo gm\nQ Smart eric.       [}  Pow om  £806 10 aa Tose  Pr  sow    .  .  .    .\noe        --      :\nFavorites       Dh ———\n",
      "ocr_text_snippet": "# Sear Fie €Gh View History Bookmarks Window Help Gi ® % & 4 C ma 5 Q § © WedSen18 457PM Masars: ince ED om | wy wee sw eum Sm. DGE oO Rr Nablus Group N.V.CI A $213.36 3208.37 =, Nebius Gro torrie ...",
      "output_kind": "whiteboard",
      "parsed_observations": [
        {
          "portfolio": "GRO",
          "metrics_raw": null,
          "metric_1": null,
          "metric_2": null,
          "metric_scalar": null,
          "action_text": null,
          "bottom_line": null,
          "parse_status": "review",
          "issue_codes": [
            "MISSING_METRIC_LINE",
            "MISSING_BOTTOM_LINE",
            "LOW_OCR_CONFIDENCE"
          ],
          "ocr_confidence": 34,
          "ocr_profile": "threshold"
        },
        {
          "portfolio": "TURBO",
          "metrics_raw": null,
          "metric_1": null,
          "metric_2": null,
          "metric_scalar": null,
          "action_text": null,
          "bottom_line": null,
          "parse_status": "review",
          "issue_codes": [
            "MISSING_METRIC_LINE",
            "MISSING_BOTTOM_LINE",
            "LOW_OCR_CONFIDENCE"
          ],
          "ocr_confidence": 34,
          "ocr_profile": "threshold"
        }
      ],
      "parsed_row_count": 2,
      "phash": "8048153b77c67797",
      "phash_overlay": null,
      "phash_region": null,
      "prefilter_profile": "whiteboard",
      "prefilter_score": 17.1,
      "prefilter_stats": {
        "brightRatio": 0.7864583333333334,
        "darkRatio": 0.029027777777777777,
        "edgeRatio": 0.1535933856264575,
        "horizontalComparisons": 14151,
        "horizontalEdgeHits": 1693,
        "horizontalEdgeRatio": 0.11963818811391422,
        "meanLuma": 230.06701388888888,
        "stdDev": 42.4980606841827,
        "verticalComparisons": 14151,
        "verticalEdgeHits": 2654,
        "verticalEdgeRatio": 0.18754858313900077
      },
      "score": -22.27,
      "score_breakdown": {
        "chart_likeness": -1.973662721925745,
        "keyword_guard": -18,
        "ocr_confidence_bonus": 1.7,
        "pair_bonus": 0,
        "per_row_issues": -12,
        "per_row_metrics": 0,
        "text_density": 8
      },
      "screen_layout": "tale_of_the_tape",
      "tickers": [
        "QS"
      ],
      "timestamp": 816,
      "timestamp_hms": "00:13:36"
    },
    {
      "chart_stream": null,
      "confusion_with_nearby": [],
      "frame_index": 192,
      "frame_path": "C:\\Users\\admin\\Projects\\portfolio_analyzer_revere\\data\\video_scan_20260917\\ocr-20260917\\ocr-20260917\\ocr_probe\\frames\\20260916_20260916_gojwra0ewbc_eb7842b5_whiteboard\\ocr\\ocr_000193.png",
      "is_intro_card": false,
      "issue_codes": [
        "MISSING_METRIC_LINE",
        "MISSING_BOTTOM_LINE",
        "LOW_OCR_CONFIDENCE"
      ],
      "low_res_frame_path": null,
      "nearest_ffmpeg_keyframe_ts": 765.92,
      "observed_date": null,
      "ocr_confidence": 34,
      "ocr_profile": "threshold",
      "ocr_text": "# Seed Fie £01 view History Bookmarks Window Herp                               GG © % & 4 C =m 7 QA BB © WedSenle 456PM\nMamiarsUra o GER)    x Tou | whety Booby sun. «wen @               EE owe: 00\n® Palantir Technologies Inc.                                                                  3174.29        $174.34\n£ Fatantlr Tech                           roves moun soommkois aman wen weve oye    rm oi\nPSA    Te em ST iin Sn, Mi   pent Bi\nfoviomiie                   ee stom cssmaSt mm won Sees\nCuromze               a sve BEme                             »         Slochassca (14033)     ©\nETT mm                 Band Gy aR\nWB 0M Th 2 perme   me TTT   ro (  i, ff Nf   —_ = —\nmo om een ann Sensis 0 LL Nua              VAY;     Ns”    S    f      4         3             »\nTeo Sees a ~ ad                         WW,\nmem nn ewes x\nmom mee\nmoh mI ew\nTL Sh mL swemee a\nMow 2 wens Hh pe wsEEXSH                                                           bd\ni    i.     es                                     3\nPR  13 A Nl                          i h          w\nLEU WEES) he     SO LLY\n—                                       Tea     ny pps            I                          0\n|”                                    fr   [i             t AY Fad\ndel     - hi -          SU\ni          TR Fs JS ae       Yo de\ny     JAE ECLA TL\nvw J    \"hy\nAAVVAYSYY\nEEE               .           .   N   N                  food\na ego fg ng          =\nBE A CR\noa     ho    ec     san    ES    ar     or   [    oo    ™     np    Ey    ox     ov\nsve [Wn eee   Inter Assot Correlation 19 items Cowes 043 PFT 0337008                             omy - RE EA\nki     Jom px ww wm  COR TH ME TH JB mee VAD UCR J owe SAW SD\nQ Sma ers.          [}    Bow om  PRER—   PY   5 ow      ©   .             .\npo         -       :\nFavortos          FS\n",
      "ocr_text_snippet": "# Seed Fie £01 view History Bookmarks Window Herp GG © % & 4 C =m 7 QA BB © WedSenle 456PM MamiarsUra o GER) x Tou | whety Booby sun. «wen @ EE owe: 00 ® Palantir Technologies Inc. 3174.29 $174.34 ...",
      "output_kind": "whiteboard",
      "parsed_observations": [
        {
          "portfolio": "GRO",
          "metrics_raw": null,
          "metric_1": null,
          "metric_2": null,
          "metric_scalar": null,
          "action_text": null,
          "bottom_line": null,
          "parse_status": "review",
          "issue_codes": [
            "MISSING_METRIC_LINE",
            "MISSING_BOTTOM_LINE",
            "LOW_OCR_CONFIDENCE"
          ],
          "ocr_confidence": 34,
          "ocr_profile": "threshold"
        },
        {
          "portfolio": "TURBO",
          "metrics_raw": null,
          "metric_1": null,
          "metric_2": null,
          "metric_scalar": null,
          "action_text": null,
          "bottom_line": null,
          "parse_status": "review",
          "issue_codes": [
            "MISSING_METRIC_LINE",
            "MISSING_BOTTOM_LINE",
            "LOW_OCR_CONFIDENCE"
          ],
          "ocr_confidence": 34,
          "ocr_profile": "threshold"
        }
      ],
      "parsed_row_count": 2,
      "phash": "803a192d5f436fd5",
      "phash_overlay": null,
      "phash_region": null,
      "prefilter_profile": "whiteboard",
      "prefilter_score": 16.55,
      "prefilter_stats": {
        "brightRatio": 0.7982638888888889,
        "darkRatio": 0.029166666666666667,
        "edgeRatio": 0.1534873860504558,
        "horizontalComparisons": 14151,
        "horizontalEdgeHits": 1668,
        "horizontalEdgeRatio": 0.11787152851388595,
        "meanLuma": 231.2226388888889,
        "stdDev": 42.170136731165016,
        "verticalComparisons": 14151,
        "verticalEdgeHits": 2676,
        "verticalEdgeRatio": 0.18910324358702565
      },
      "score": -22.53,
      "score_breakdown": {
        "chart_likeness": -2.230827129996518,
        "keyword_guard": -18,
        "ocr_confidence_bonus": 1.7,
        "pair_bonus": 0,
        "per_row_issues": -12,
        "per_row_metrics": 0,
        "text_density": 8
      },
      "screen_layout": "tale_of_the_tape",
      "tickers": [
        "BE",
        "LEU",
        "LLY"
      ],
      "timestamp": 768,
      "timestamp_hms": "00:12:48"
    },
    {
      "chart_stream": null,
      "confusion_with_nearby": [],
      "frame_index": 144,
      "frame_path": "C:\\Users\\admin\\Projects\\portfolio_analyzer_revere\\data\\video_scan_20260917\\ocr-20260917\\ocr-20260917\\ocr_probe\\frames\\20260916_20260916_gojwra0ewbc_eb7842b5_whiteboard\\ocr\\ocr_000145.png",
      "is_intro_card": false,
      "issue_codes": [
        "MISSING_METRIC_LINE",
        "MISSING_BOTTOM_LINE",
        "LOW_OCR_CONFIDENCE"
      ],
      "low_res_frame_path": null,
      "nearest_ffmpeg_keyframe_ts": 576,
      "observed_date": null,
      "ocr_confidence": 34,
      "ocr_profile": "threshold",
      "ocr_text": "# Stari Fle EGR viow Mision Bookmas  wmgow Help                               CB % & &@ C ma 7 QA 8 © WedSepl6 45IPM\nv— iN    x ou | wey Moomy swe < swm a -               EE cwe- 0st oo\n_Lumentum Holdings Inc.                               room      -                         918.00        3919.40\nPE a        EW RN JL\nfro oT dm en SU wo \" ®  Af N §   or            A mp Swonassca 14133     »\nIm mes               SOE La     IY         -\ndh i 1 Ter Gd i yg J\na        Pith Els\nang   y >           I AL A             hd\nPs          wn    Py          _——    x                 +\nom    EI       ww             =             -\nret NAL                                         -\nLm  A.\nHor    oe     Sn    -    i     sr   [:-    an     ai     ay     £     ou\nows [Wm ew   Inter Assot Correlation 19 items Cosma 043 Pare T 04 v7000                             omy - RE EA\n[= oom     Jom pt vw wm  Com Mu Wm \"BL 5 mee VEG) OR SS eee SN om SX\nSma mers       [}  Bom mx cao ove Tem  wos om  PRET    .           .\nrs         o-oo\n",
      "ocr_text_snippet": "# Stari Fle EGR viow Mision Bookmas wmgow Help CB % & &@ C ma 7 QA 8 © WedSepl6 45IPM v— iN x ou | wey Moomy swe < swm a - EE cwe- 0st oo _Lumentum Holdings Inc. room - 918.00 3919.40 PE a EW RN JL...",
      "output_kind": "whiteboard",
      "parsed_observations": [
        {
          "portfolio": "GRO",
          "metrics_raw": null,
          "metric_1": null,
          "metric_2": null,
          "metric_scalar": null,
          "action_text": null,
          "bottom_line": null,
          "parse_status": "review",
          "issue_codes": [
            "MISSING_METRIC_LINE",
            "MISSING_BOTTOM_LINE",
            "LOW_OCR_CONFIDENCE"
          ],
          "ocr_confidence": 34,
          "ocr_profile": "threshold"
        },
        {
          "portfolio": "TURBO",
          "metrics_raw": null,
          "metric_1": null,
          "metric_2": null,
          "metric_scalar": null,
          "action_text": null,
          "bottom_line": null,
          "parse_status": "review",
          "issue_codes": [
            "MISSING_METRIC_LINE",
            "MISSING_BOTTOM_LINE",
            "LOW_OCR_CONFIDENCE"
          ],
          "ocr_confidence": 34,
          "ocr_profile": "threshold"
        }
      ],
      "parsed_row_count": 2,
      "phash": "80681c3b7d4377d5",
      "phash_overlay": null,
      "phash_region": null,
      "prefilter_profile": "whiteboard",
      "prefilter_score": 17.12,
      "prefilter_stats": {
        "brightRatio": 0.7891666666666667,
        "darkRatio": 0.029027777777777777,
        "edgeRatio": 0.15016606600240265,
        "horizontalComparisons": 14151,
        "horizontalEdgeHits": 1624,
        "horizontalEdgeRatio": 0.11476220761783619,
        "meanLuma": 230.25770833333334,
        "stdDev": 42.799570549162105,
        "verticalComparisons": 14151,
        "verticalEdgeHits": 2626,
        "verticalEdgeRatio": 0.18556992438696912
      },
      "score": -22.6,
      "score_breakdown": {
        "chart_likeness": -2.2991113049487133,
        "keyword_guard": -18,
        "ocr_confidence_bonus": 1.7,
        "pair_bonus": 0,
        "per_row_issues": -12,
        "per_row_metrics": 0,
        "text_density": 8
      },
      "screen_layout": "tale_of_the_tape",
      "tickers": [
        "MU",
        "TEM",
        "TER"
      ],
      "timestamp": 576,
      "timestamp_hms": "00:09:36"
    },
    {
      "chart_stream": null,
      "confusion_with_nearby": [],
      "frame_index": 148,
      "frame_path": "C:\\Users\\admin\\Projects\\portfolio_analyzer_revere\\data\\video_scan_20260917\\ocr-20260917\\ocr-20260917\\ocr_probe\\frames\\20260916_20260916_gojwra0ewbc_eb7842b5_whiteboard\\ocr\\ocr_000149.png",
      "is_intro_card": false,
      "issue_codes": [
        "MISSING_METRIC_LINE",
        "MISSING_BOTTOM_LINE",
        "LOW_OCR_CONFIDENCE"
      ],
      "low_res_frame_path": null,
      "nearest_ffmpeg_keyframe_ts": 590.88,
      "observed_date": null,
      "ocr_confidence": 33,
      "ocr_profile": "threshold",
      "ocr_text": "® seari Fie £0 View Mutoy Bookmarks Window  Hoip                              GiB % & 4 C ma 7 Q 8 8 WedSepls 45IPM\nMarkeETS ROC o ERY     x ou | wey Moony sun.  wem © Que. DBE ©\n® Ciena Corp.                                                                            $341.00        3340.50\n©, Glana Carp        ro arn sr srsitvns von cnn womrars msm wave tom oom coro\nTLE matin SE              SN. Sm mms gem oe, ton emnn gmpenom\nme          een SO SL WTR TY omic i Se\nCEs wee commoner 7 EER we [2 ®    Vata taal   A    A        A    Stochas (14.33)     Is\nmomen the                      SW AAV VERRAN       .\nmoles Sweeny 0000000\nom Em a                     or\nBr mm EE                       it                          -\nCan TL                   w\n4 i  tT   TATE  7  NN         «\nwe        BE LL TATE     -\n[Oa         ]                   :       Lind\n&      tH     -     2       =    ES      -\ni\"      =e rly I EL\nTE rT  LL\n- Servns  Ce -   Iter Asset Conettion i ¢ i     -     -      ”     ” © ray = 2s Ea\nhi     Jom px vw wm  COR Tu WE TH WN eee VAD OR J§ owe GJS\n Smart Aare       [  Boe om  €80E 10 Yea Trawm,  woe om  ° ow    .           .\nen         --       :\nFavorites          rh ——\n",
      "ocr_text_snippet": "® seari Fie £0 View Mutoy Bookmarks Window Hoip GiB % & 4 C ma 7 Q 8 8 WedSepls 45IPM MarkeETS ROC o ERY x ou | wey Moony sun. wem © Que. DBE © ® Ciena Corp. $341.00 3340.50 ©, Glana Carp ro arn sr...",
      "output_kind": "whiteboard",
      "parsed_observations": [
        {
          "portfolio": "GRO",
          "metrics_raw": null,
          "metric_1": null,
          "metric_2": null,
          "metric_scalar": null,
          "action_text": null,
          "bottom_line": null,
          "parse_status": "review",
          "issue_codes": [
            "MISSING_METRIC_LINE",
            "MISSING_BOTTOM_LINE",
            "LOW_OCR_CONFIDENCE"
          ],
          "ocr_confidence": 33,
          "ocr_profile": "threshold"
        },
        {
          "portfolio": "TURBO",
          "metrics_raw": null,
          "metric_1": null,
          "metric_2": null,
          "metric_scalar": null,
          "action_text": null,
          "bottom_line": null,
          "parse_status": "review",
          "issue_codes": [
            "MISSING_METRIC_LINE",
            "MISSING_BOTTOM_LINE",
            "LOW_OCR_CONFIDENCE"
          ],
          "ocr_confidence": 33,
          "ocr_profile": "threshold"
        }
      ],
      "parsed_row_count": 2,
      "phash": "80681d3b5dc35797",
      "phash_overlay": null,
      "phash_region": null,
      "prefilter_profile": "whiteboard",
      "prefilter_score": 16.51,
      "prefilter_stats": {
        "brightRatio": 0.8061805555555556,
        "darkRatio": 0.029166666666666667,
        "edgeRatio": 0.15122606176241962,
        "horizontalComparisons": 14151,
        "horizontalEdgeHits": 1635,
        "horizontalEdgeRatio": 0.11553953784184863,
        "meanLuma": 231.7867361111111,
        "stdDev": 41.96377742453511,
        "verticalComparisons": 14151,
        "verticalEdgeHits": 2645,
        "verticalEdgeRatio": 0.1869125856829906
      },
      "score": -22.66,
      "score_breakdown": {
        "chart_likeness": -2.310994027615944,
        "keyword_guard": -18,
        "ocr_confidence_bonus": 1.65,
        "pair_bonus": 0,
        "per_row_issues": -12,
        "per_row_metrics": 0,
        "text_density": 8
      },
      "screen_layout": "tale_of_the_tape",
      "tickers": [
        "BE"
      ],
      "timestamp": 592,
      "timestamp_hms": "00:09:52"
    }
  ],
  "whiteboard_segments": [
    {
      "capture_count": 1,
      "end_ts": 48,
      "end_hms": "00:00:48",
      "is_intro_card": true,
      "layout": "dmi",
      "peak_frame_index": 12,
      "peak_score": 60.16,
      "start_hms": "00:00:48",
      "start_ts": 48
    },
    {
      "capture_count": 2,
      "end_ts": 480,
      "end_hms": "00:08:00",
      "is_intro_card": false,
      "layout": "structured_whiteboard",
      "peak_frame_index": 120,
      "peak_score": 115.51,
      "start_hms": "00:06:40",
      "start_ts": 400
    }
  ],
  "log_path": "C:\\Users\\admin\\Projects\\portfolio_analyzer_revere\\data\\video_scan_20260917\\ocr-20260917\\ocr-20260917\\ocr_probe\\logs\\20260916_20260916_gojwra0ewbc_eb7842b5_whiteboard.json"
}
