# cmd: node tools/scanVideoWithOcr.js --video C:\Users\admin\Projects\portfolio_analyzer_revere\data\video_pipeline\downloads_hires\20260904_bPeges-eRl0.mp4 --date 20260904 --output-root C:\Users\admin\Projects\portfolio_analyzer_revere\data\video_scan_20260915\ocr-20260915-p4 --run-tag ocr-20260915-p4 --ffmpeg-bin c:/Users/admin/AppData/Local/Microsoft/WinGet/Packages/Gyan.FFmpeg_Microsoft.Winget.Source_8wekyb3d8bbwe/ffmpeg-9.0.1-full_build/bin/ffmpeg.exe
[scan:whiteboard] ffprobe found 611 keyframe(s) for nearest-keyframe lookup
[scan:whiteboard] preflighting final whiteboard output extraction
[scan:whiteboard] extracting sample frames from C:\Users\admin\Projects\portfolio_analyzer_revere\data\video_pipeline\downloads_hires\20260904_bPeges-eRl0.mp4
[scan:whiteboard] extracted 651 frame(s) at 0.25 fps with width 640; starting prefilter
[scan:whiteboard] prefilter 1/651 frames after 00:00:00; best prefilter 4.69 at 00:00:00
[scan:whiteboard] prefilter 10/651 frames after 00:00:00; best prefilter 4.76 at 00:00:16
[scan:whiteboard] prefilter 20/651 frames after 00:00:00; best prefilter 4.76 at 00:00:16
[scan:whiteboard] prefilter 30/651 frames after 00:00:00; best prefilter 4.77 at 00:01:24
[scan:whiteboard] prefilter 40/651 frames after 00:00:01; best prefilter 4.77 at 00:01:24
[scan:whiteboard] prefilter 50/651 frames after 00:00:01; best prefilter 4.77 at 00:01:24
[scan:whiteboard] prefilter 60/651 frames after 00:00:01; best prefilter 11.69 at 00:03:44
[scan:whiteboard] prefilter 70/651 frames after 00:00:01; best prefilter 11.69 at 00:03:44
[scan:whiteboard] prefilter 80/651 frames after 00:00:01; best prefilter 11.69 at 00:03:44
[scan:whiteboard] prefilter 90/651 frames after 00:00:01; best prefilter 11.69 at 00:03:44
[scan:whiteboard] prefilter 100/651 frames after 00:00:01; best prefilter 11.69 at 00:03:44
[scan:whiteboard] prefilter 110/651 frames after 00:00:01; best prefilter 11.69 at 00:03:44
[scan:whiteboard] prefilter 120/651 frames after 00:00:02; best prefilter 14.66 at 00:07:44
[scan:whiteboard] prefilter 130/651 frames after 00:00:02; best prefilter 14.66 at 00:07:44
[scan:whiteboard] prefilter 140/651 frames after 00:00:02; best prefilter 14.66 at 00:07:44
[scan:whiteboard] prefilter 150/651 frames after 00:00:02; best prefilter 14.66 at 00:07:44
[scan:whiteboard] prefilter 160/651 frames after 00:00:02; best prefilter 14.66 at 00:07:44
[scan:whiteboard] prefilter 170/651 frames after 00:00:02; best prefilter 14.66 at 00:07:44
[scan:whiteboard] prefilter 180/651 frames after 00:00:02; best prefilter 14.66 at 00:07:44
[scan:whiteboard] prefilter 190/651 frames after 00:00:02; best prefilter 14.66 at 00:07:44
[scan:whiteboard] prefilter 200/651 frames after 00:00:03; best prefilter 14.66 at 00:07:44
[scan:whiteboard] prefilter 210/651 frames after 00:00:03; best prefilter 14.66 at 00:07:44
[scan:whiteboard] prefilter 220/651 frames after 00:00:03; best prefilter 14.66 at 00:07:44
[scan:whiteboard] prefilter 230/651 frames after 00:00:03; best prefilter 14.66 at 00:07:44
[scan:whiteboard] prefilter 240/651 frames after 00:00:03; best prefilter 14.66 at 00:07:44
[scan:whiteboard] prefilter 250/651 frames after 00:00:03; best prefilter 14.66 at 00:07:44
[scan:whiteboard] prefilter 260/651 frames after 00:00:03; best prefilter 14.66 at 00:07:44
[scan:whiteboard] prefilter 270/651 frames after 00:00:03; best prefilter 14.66 at 00:07:44
[scan:whiteboard] prefilter 280/651 frames after 00:00:04; best prefilter 14.66 at 00:07:44
[scan:whiteboard] prefilter 290/651 frames after 00:00:04; best prefilter 14.66 at 00:07:44
[scan:whiteboard] prefilter 300/651 frames after 00:00:04; best prefilter 14.66 at 00:07:44
[scan:whiteboard] prefilter 310/651 frames after 00:00:04; best prefilter 14.66 at 00:07:44
[scan:whiteboard] prefilter 320/651 frames after 00:00:04; best prefilter 14.66 at 00:07:44
[scan:whiteboard] prefilter 330/651 frames after 00:00:04; best prefilter 14.66 at 00:07:44
[scan:whiteboard] prefilter 340/651 frames after 00:00:04; best prefilter 14.66 at 00:07:44
[scan:whiteboard] prefilter 350/651 frames after 00:00:04; best prefilter 14.66 at 00:07:44
[scan:whiteboard] prefilter 360/651 frames after 00:00:04; best prefilter 14.66 at 00:07:44
[scan:whiteboard] prefilter 370/651 frames after 00:00:05; best prefilter 14.66 at 00:07:44
[scan:whiteboard] prefilter 380/651 frames after 00:00:05; best prefilter 14.66 at 00:07:44
[scan:whiteboard] prefilter 390/651 frames after 00:00:05; best prefilter 14.66 at 00:07:44
[scan:whiteboard] prefilter 400/651 frames after 00:00:05; best prefilter 14.66 at 00:07:44
[scan:whiteboard] prefilter 410/651 frames after 00:00:05; best prefilter 14.66 at 00:07:44
[scan:whiteboard] prefilter 420/651 frames after 00:00:05; best prefilter 14.66 at 00:07:44
[scan:whiteboard] prefilter 430/651 frames after 00:00:05; best prefilter 14.66 at 00:07:44
[scan:whiteboard] prefilter 440/651 frames after 00:00:05; best prefilter 14.66 at 00:07:44
[scan:whiteboard] prefilter 450/651 frames after 00:00:05; best prefilter 14.66 at 00:07:44
[scan:whiteboard] prefilter 460/651 frames after 00:00:06; best prefilter 14.66 at 00:07:44
[scan:whiteboard] prefilter 470/651 frames after 00:00:06; best prefilter 14.66 at 00:07:44
[scan:whiteboard] prefilter 480/651 frames after 00:00:06; best prefilter 14.66 at 00:07:44
[scan:whiteboard] prefilter 490/651 frames after 00:00:06; best prefilter 14.66 at 00:07:44
[scan:whiteboard] prefilter 500/651 frames after 00:00:06; best prefilter 14.66 at 00:07:44
[scan:whiteboard] prefilter 510/651 frames after 00:00:06; best prefilter 14.66 at 00:07:44
[scan:whiteboard] prefilter 520/651 frames after 00:00:06; best prefilter 14.66 at 00:07:44
[scan:whiteboard] prefilter 530/651 frames after 00:00:06; best prefilter 14.66 at 00:07:44
[scan:whiteboard] prefilter 540/651 frames after 00:00:07; best prefilter 14.66 at 00:07:44
[scan:whiteboard] prefilter 550/651 frames after 00:00:07; best prefilter 14.66 at 00:07:44
[scan:whiteboard] prefilter 560/651 frames after 00:00:07; best prefilter 14.66 at 00:07:44
[scan:whiteboard] prefilter 570/651 frames after 00:00:07; best prefilter 14.66 at 00:07:44
[scan:whiteboard] prefilter 580/651 frames after 00:00:07; best prefilter 14.66 at 00:07:44
[scan:whiteboard] prefilter 590/651 frames after 00:00:07; best prefilter 14.66 at 00:07:44
[scan:whiteboard] prefilter 600/651 frames after 00:00:07; best prefilter 14.66 at 00:07:44
[scan:whiteboard] prefilter 610/651 frames after 00:00:07; best prefilter 14.66 at 00:07:44
[scan:whiteboard] prefilter 620/651 frames after 00:00:08; best prefilter 14.66 at 00:07:44
[scan:whiteboard] prefilter 630/651 frames after 00:00:08; best prefilter 14.66 at 00:07:44
[scan:whiteboard] prefilter 640/651 frames after 00:00:08; best prefilter 14.66 at 00:07:44
[scan:whiteboard] prefilter 650/651 frames after 00:00:08; best prefilter 14.66 at 00:07:44
[scan:whiteboard] prefilter 651/651 frames after 00:00:08; best prefilter 14.66 at 00:07:44
[scan:whiteboard] prefilter kept 60/651 frame(s) for OCR; best prefilter 14.66 at 00:07:44
[scan:whiteboard] extracting OCR candidates from source video at width 1280
[scan:whiteboard] OCR 1/60 frames (1.7%) after 00:00:05; best score 51.89 at 00:00:00 (ocr 60.0)
[scan:whiteboard] OCR 10/60 frames (16.7%) after 00:01:02; best score 51.89 at 00:00:00 (ocr 60.0)
[scan:whiteboard] OCR 20/60 frames (33.3%) after 00:04:58; best score 51.89 at 00:00:00 (ocr 60.0)
[scan:whiteboard] OCR 30/60 frames (50.0%) after 00:06:56; best score 97.69 at 00:17:20 (ocr 65.0)
[scan:whiteboard] OCR 40/60 frames (66.7%) after 00:07:45; best score 97.69 at 00:17:20 (ocr 65.0)
[scan:whiteboard] OCR 50/60 frames (83.3%) after 00:09:39; best score 97.69 at 00:17:20 (ocr 65.0)
[scan:whiteboard] OCR 60/60 frames (100.0%) after 00:11:34; best score 97.69 at 00:17:20 (ocr 65.0)
{
  "date_key": "20260904",
  "output_kind": "whiteboard",
  "video_path": "C:\\Users\\admin\\Projects\\portfolio_analyzer_revere\\data\\video_pipeline\\downloads_hires\\20260904_bPeges-eRl0.mp4",
  "captured_count": 3,
  "captures": [
    {
      "confusion_with_nearby": [],
      "frame_index": 260,
      "frame_path": "C:\\Users\\admin\\Projects\\portfolio_analyzer_revere\\data\\video_scan_20260915\\ocr-20260915-p4\\ocr-20260915-p4\\ocr_probe\\frames\\20260904_20260904_bpeges-erl0_6372125f_whiteboard\\ocr\\ocr_000261.png",
      "is_intro_card": false,
      "issue_codes": [],
      "low_res_frame_path": null,
      "nearest_ffmpeg_keyframe_ts": 1041.066667,
      "observed_date": "20260904",
      "ocr_confidence": 65,
      "ocr_profile": "threshold",
      "ocr_text": "> TALE OF THE TAPE ~ FRIDAY, SEPTEMBER 4, 2026 <<\n\n* MARKET STATE: UPTREND\n\n*STOINDEXESET OL RGBST 34 NASI USD TNX/TYXA vs5d5048\n* SENTIMENT: VIX 12.53 (1.4/5) F&G.            An 3.7 10.8227 0.01 [EERE NAAM 85.61 16.89\nBULL CASE: INTIAIL RALLY & TRIND 21EMA  €8/3-4 RLGAIN 211 8 110\nDBEAR CASE: SUSTAINED BREAK BELOW 21EMA € 9/1 BROKE BELOW 21E\n\n* NEWS: BLS EMPLOYMENT REPORT MON: LABOR DAY MKTS CLOSED THU: CPI FRi: PPI\n\n+ TODAY'S KEYS: SPX vs 21E/78004 QQQs SDF /21ET  R2K vs 1000/5004.\n\n* DAY CT:U-1=>U-2 BE: +11 21E: 421  8E> 21E? vis\n\n* ACTION: © -0.03% 47706 7/729 $7707\n\n*SPXO/N 7723-77581 07750 030 7734-77501 L/H7706-775C\n\n* SPX ATR: 0.68% SPX -0.38% 60/40          GRO -0.26% TURBO -0.83%\n\n* SECTORS: I RPS RY% LISD SME SOXX EFM X1K NIR J BY% IBIT GDX IGV XLY\n\n* GRO HOLDINGS: SPYM,UPRO,QLD,PLTR, MU HPE OKTA\n\n* GRO RVAB/REBAR: 1.0 (-0.26%/-4.81%) BUY HPE OKTA\n\n* TURBO HOLDINGS: SPYM,UPRO,TQQQ, BIT, ETHA,GDXU,FCX, MRNA SPOX, HOOD, PURR\n\n* TURBO RVAB/REBAR: 1.09 {-2.05%/-5.30%) NO CHANGES\n\n* BOTTOM LINE: 3 STRONG JOBS NUMBER PAUSLS INDLXLS BUT A-1 STOCKS RALLY\n* MON KEYS: SPX vs 21E/7800 QQ@vs 50D/21€ R2K vs 100D/50D\n\n22> SPSOD KEY LEVELS <c<\n\n* 7816 {8/13 INTRADAY A-T-H)\n\n7748 THURSDAY: DOVISH TONE FUFLS DAY 2 RALLY ATTEMPT\n\n27719 TODAY: STRONG JOBS NUMBER PAUSES INDEXES BUT A 1 STOCKS RALLY\n\n* 7678 (V3 21EMA) € 9/18 8/711 8/204 7/311\n\n7667 WED: RFIIFE BOUNCE ATTER 3-DAYS DOWN.\n\n* 7592/7606 (13 S0D/10WK) € 7/312 7/234 7/711 7/174 6/290\n\n* 7142/7160 (M4 200D/40WK) € 4/81 3/193\n",
      "ocr_text_snippet": "> TALE OF THE TAPE ~ FRIDAY, SEPTEMBER 4, 2026 << * MARKET STATE: UPTREND *STOINDEXESET OL RGBST 34 NASI USD TNX/TYXA vs5d5048 * SENTIMENT: VIX 12.53 (1.4/5) F&G. An 3.7 10.8227 0.01 [EERE NAAM 85....",
      "output_kind": "whiteboard",
      "parsed_observations": [
        {
          "portfolio": "GRO",
          "metrics_raw": "RVAB/REBAR: 1.0 (-0.26%/-4.81%)",
          "metric_1": null,
          "metric_2": null,
          "metric_scalar": null,
          "action_text": "BUY HPE OKTA",
          "bottom_line": "3 STRONG JOBS NUMBER PAUSLS INDLXLS BUT A-1 STOCKS RALLY MON KEYS: SPX VS 21E/7800 QQ@VS 50D/21€ R2K VS 100D/50D 22> SPSOD KEY LEVELS <C< 7816 {8/13 INTRADAY A-T-H) 7748 THURSDAY: DOVISH TONE FUFLS DAY 2 RALLY ATTEMPT 27719 TODAY: STRONG JOBS NUMBER PAUSES INDEXES BUT A 1 STOCKS RALLY 7678 (V3 21EMA) € 9/18 8/711 8/204 7/311 7667 WED: RFIIFE BOUNCE ATTER 3-DAYS DOWN. 7592/7606 (13 S0D/10WK) € 7/312 7/234 7/711 7/174 6/290 7142/7160 (M4 200D/40WK) € 4/81 3/193",
          "parse_status": "ok",
          "issue_codes": [],
          "ocr_confidence": 65,
          "ocr_profile": "threshold"
        },
        {
          "portfolio": "TURBO",
          "metrics_raw": "RVAB/REBAR: 1.09 {-2.05%/-5.30%)",
          "metric_1": null,
          "metric_2": null,
          "metric_scalar": null,
          "action_text": "NO CHANGES",
          "bottom_line": "3 STRONG JOBS NUMBER PAUSLS INDLXLS BUT A-1 STOCKS RALLY MON KEYS: SPX VS 21E/7800 QQ@VS 50D/21€ R2K VS 100D/50D 22> SPSOD KEY LEVELS <C< 7816 {8/13 INTRADAY A-T-H) 7748 THURSDAY: DOVISH TONE FUFLS DAY 2 RALLY ATTEMPT 27719 TODAY: STRONG JOBS NUMBER PAUSES INDEXES BUT A 1 STOCKS RALLY 7678 (V3 21EMA) € 9/18 8/711 8/204 7/311 7667 WED: RFIIFE BOUNCE ATTER 3-DAYS DOWN. 7592/7606 (13 S0D/10WK) € 7/312 7/234 7/711 7/174 6/290 7142/7160 (M4 200D/40WK) € 4/81 3/193",
          "parse_status": "ok",
          "issue_codes": [],
          "ocr_confidence": 65,
          "ocr_profile": "threshold"
        }
      ],
      "parsed_row_count": 2,
      "phash": "946b6b94946b953c",
      "prefilter_score": -24.43,
      "prefilter_stats": {
        "brightRatio": 0.21625,
        "darkRatio": 0.6802777777777778,
        "edgeRatio": 0.10006359974560101,
        "horizontalComparisons": 14151,
        "horizontalEdgeHits": 693,
        "horizontalEdgeRatio": 0.04897180411278355,
        "meanLuma": 91.39694444444444,
        "stdDev": 93.23662737952304,
        "verticalComparisons": 14151,
        "verticalEdgeHits": 2139,
        "verticalEdgeRatio": 0.1511553953784185
      },
      "score": 97.69,
      "score_breakdown": {
        "chart_likeness": -6,
        "keyword_guard": 0,
        "ocr_confidence_bonus": 3.25,
        "pair_bonus": 4,
        "per_row_issues": 0,
        "per_row_metrics": 20,
        "text_density": 76.44
      },
      "screen_layout": "structured_whiteboard",
      "tickers": [
        "BE",
        "ETHA",
        "FCX",
        "GDXU",
        "HOOD",
        "HPE",
        "IBIT",
        "MU",
        "OKTA",
        "PLTR",
        "PURR",
        "QLD",
        "SPYM",
        "TQQQ",
        "UPRO"
      ],
      "timestamp": 1040,
      "timestamp_hms": "00:17:20",
      "output_path": "C:\\Users\\admin\\Projects\\portfolio_analyzer_revere\\data\\video_scan_20260915\\ocr-20260915-p4\\ocr-20260915-p4\\screenshots\\20260904_ps.png"
    },
    {
      "confusion_with_nearby": [],
      "frame_index": 330,
      "frame_path": "C:\\Users\\admin\\Projects\\portfolio_analyzer_revere\\data\\video_scan_20260915\\ocr-20260915-p4\\ocr-20260915-p4\\ocr_probe\\frames\\20260904_20260904_bpeges-erl0_6372125f_whiteboard\\ocr\\ocr_000331.png",
      "is_intro_card": false,
      "issue_codes": [],
      "low_res_frame_path": null,
      "nearest_ffmpeg_keyframe_ts": 1318.4,
      "observed_date": "20260904",
      "ocr_confidence": 66,
      "ocr_profile": "threshold",
      "ocr_text": "> TALE OF THE TAPE ~ FRIDAY, SEPTEMBER 4, 2026 <<\n\n* MARKET STATE: UPTREND\n\n*STOINDEXESET OL RGBST 34 NASId USD TNX/TYXA vsSd5048\n= SENTIMENT: Vix 105 (14/79 F&G           138.7 v03227 001 [EER sim sit 163\nBULL CASE: INITIAIL RALLY & TREND 21EMA    €8/3-4 REGAIN 210 & 1 TD\nDBEAR CASE: SUSTAINED BREAK BELOW 21EMA € 9/1 BROKE BELOW 21E\n\n* NEWS: BLS EMPLOYMENT REPORT MON: LABOR DAY MKTS CLOSED THU: CPI FRI: PPI\n\n* TODAY'S KEYS: SPX vs 21€/78004  QOQvs SOD /21ET R2Kvs 1000/5004\n\n* DAY CT: U-1=>U-2 BE: +411 21E: 4271  8E> 21E? Yi$\n\n* ACTION: © -0.03% 47706 1/724 $7707\n\n*SPXO/N 7723-77581 07750 030 7734-77501 L/H 7706-7750\n\n* SPX ATR: 0.68% SPX -0.38% 60/40          GRO -0.26% TURBO -0.83%\n\n* SECTORS: I BPS R¥% LSD SME SOXX FFM XK NIR J BY% (BIT GDX IGV XLY\n\n* GRO HOLDINGS: SPYM,UPRO,QLD,PLTR, MU, HPE OKTA\n\n* GRO RVAB/REBAR: 1.05 (-0.26%/-4.81%) BUY HPE OKTA\n\n* TURBO HOLDINGS: SPYM,UPRO,TQQQ, BIT, ETHA,GDXU,FCX, MRNA SPOL HOOD, PURR\n\n* TURBO RVAB/REBAR: 1.69 {-2.05%/-5.30%) NO CHANGES\n\n* BOTTOM LINE: 3 STRONG JOBS NUMBER PAUSLS INDLXLS BUT A-1 STOCKS RALLY\n* MON KEYS: SPX vs 21E/7800 QQQ vs 50D/21€ R2K vs 100D/50D\n\n25> SPSO0 KEY LEVELS <c<\n\n* 7816 {8/13 INTRADAY A-T-H}\n\n~¥7748 THURSDAY: DOVISH TONE FUELS DAY 2 RALLY ATTFMPT\n\nP7719 TODAY: STRONG JOBS NUMBER PAUSES INDEXFS RUT A 1 STOCKS RALLY\n*7678 (V3 21EMA) € 9/18 8/217 8/204 7/311\n\n7667 WED: REIFF BOUNCE ATTFR 3 DAYS DOWN.\n\n* 7592/7606 (13 SOD/10WK] € 7/312 7/234 7/211 7/174 6/291\n\n* 7142/7160 (4 2000/40WK) € 4/871 3/134\n",
      "ocr_text_snippet": "> TALE OF THE TAPE ~ FRIDAY, SEPTEMBER 4, 2026 << * MARKET STATE: UPTREND *STOINDEXESET OL RGBST 34 NASId USD TNX/TYXA vsSd5048 = SENTIMENT: Vix 105 (14/79 F&G 138.7 v03227 001 [EER sim sit 163 BUL...",
      "output_kind": "whiteboard",
      "parsed_observations": [
        {
          "portfolio": "GRO",
          "metrics_raw": "RVAB/REBAR: 1.05 (-0.26%/-4.81%)",
          "metric_1": null,
          "metric_2": null,
          "metric_scalar": null,
          "action_text": "BUY HPE OKTA",
          "bottom_line": "3 STRONG JOBS NUMBER PAUSLS INDLXLS BUT A-1 STOCKS RALLY MON KEYS: SPX VS 21E/7800 QQQ VS 50D/21€ R2K VS 100D/50D 25> SPSO0 KEY LEVELS <C< 7816 {8/13 INTRADAY A-T-H} 7748 THURSDAY: DOVISH TONE FUELS DAY 2 RALLY ATTFMPT P7719 TODAY: STRONG JOBS NUMBER PAUSES INDEXFS RUT A 1 STOCKS RALLY 7678 (V3 21EMA) € 9/18 8/217 8/204 7/311 7667 WED: REIFF BOUNCE ATTFR 3 DAYS DOWN. 7592/7606 (13 SOD/10WK] € 7/312 7/234 7/211 7/174 6/291 7142/7160 (4 2000/40WK) € 4/871 3/134",
          "parse_status": "ok",
          "issue_codes": [],
          "ocr_confidence": 66,
          "ocr_profile": "threshold"
        },
        {
          "portfolio": "TURBO",
          "metrics_raw": "RVAB/REBAR: 1.69 {-2.05%/-5.30%)",
          "metric_1": null,
          "metric_2": null,
          "metric_scalar": null,
          "action_text": "NO CHANGES",
          "bottom_line": "3 STRONG JOBS NUMBER PAUSLS INDLXLS BUT A-1 STOCKS RALLY MON KEYS: SPX VS 21E/7800 QQQ VS 50D/21€ R2K VS 100D/50D 25> SPSO0 KEY LEVELS <C< 7816 {8/13 INTRADAY A-T-H} 7748 THURSDAY: DOVISH TONE FUELS DAY 2 RALLY ATTFMPT P7719 TODAY: STRONG JOBS NUMBER PAUSES INDEXFS RUT A 1 STOCKS RALLY 7678 (V3 21EMA) € 9/18 8/217 8/204 7/311 7667 WED: REIFF BOUNCE ATTFR 3 DAYS DOWN. 7592/7606 (13 SOD/10WK] € 7/312 7/234 7/211 7/174 6/291 7142/7160 (4 2000/40WK) € 4/871 3/134",
          "parse_status": "ok",
          "issue_codes": [],
          "ocr_confidence": 66,
          "ocr_profile": "threshold"
        }
      ],
      "parsed_row_count": 2,
      "phash": "946b6b94946b953c",
      "prefilter_score": -24.42,
      "prefilter_stats": {
        "brightRatio": 0.21638888888888888,
        "darkRatio": 0.6802777777777778,
        "edgeRatio": 0.09992226697759876,
        "horizontalComparisons": 14151,
        "horizontalEdgeHits": 691,
        "horizontalEdgeRatio": 0.04883047134478129,
        "meanLuma": 91.39645833333333,
        "stdDev": 93.23960085721171,
        "verticalComparisons": 14151,
        "verticalEdgeHits": 2137,
        "verticalEdgeRatio": 0.15101406261041622
      },
      "score": 97.56,
      "score_breakdown": {
        "chart_likeness": -6,
        "keyword_guard": 0,
        "ocr_confidence_bonus": 3.3,
        "pair_bonus": 4,
        "per_row_issues": 0,
        "per_row_metrics": 20,
        "text_density": 76.26
      },
      "screen_layout": "structured_whiteboard",
      "tickers": [
        "BE",
        "ETHA",
        "FCX",
        "GDXU",
        "HOOD",
        "HPE",
        "MU",
        "OKTA",
        "PLTR",
        "PURR",
        "QLD",
        "SPYM",
        "TQQQ",
        "UPRO"
      ],
      "timestamp": 1320,
      "timestamp_hms": "00:22:00",
      "output_path": "C:\\Users\\admin\\Projects\\portfolio_analyzer_revere\\data\\video_scan_20260915\\ocr-20260915-p4\\ocr-20260915-p4\\screenshots\\20260904_ps_2.png"
    },
    {
      "confusion_with_nearby": [],
      "frame_index": 290,
      "frame_path": "C:\\Users\\admin\\Projects\\portfolio_analyzer_revere\\data\\video_scan_20260915\\ocr-20260915-p4\\ocr-20260915-p4\\ocr_probe\\frames\\20260904_20260904_bpeges-erl0_6372125f_whiteboard\\ocr\\ocr_000291.png",
      "is_intro_card": false,
      "issue_codes": [],
      "low_res_frame_path": null,
      "nearest_ffmpeg_keyframe_ts": 1160.533333,
      "observed_date": "20260904",
      "ocr_confidence": 63,
      "ocr_profile": "threshold",
      "ocr_text": "> TALE OF THE TAPE ~ FRIDAY, SEPTEMBER 4, 2026 <<\n\n* MARKET STATE: UPTREND\n\n*STOINDEXESET OL RGBST 34 NASId USD TNX/TYXA vs5d5048\n* SENTIMENT: VIX 10.55 (+1.4/%) F&6           An 39.7 16822.7 0.01 [EERE Nansw £5.61 16.89\nDBULL CASE: INTIATL RALLY & TREND 21EMA  €8/3-4 REGAIN 211 & ITD\nBEAR CASE: SUSTAINED BREAK BELOW 21EMA € 9/1 BROKE BELOW 21E\n\n* NEWS: BLS EMPLOYMENT REPORT MON: LABOR DAY MKTS CLOSED THU: CPI FRI: PPI\n«TODAY'S KEYS: SPX vs 21E7/78004  QQQvs SODA /21E 4 R2K vs 1000/5004\n*DAY CT: U1 => U-2 BE: 417 21E:427  8E> 21E7 YiS\n\n* ACTION: 00.03% 7706 1/729 $7707\n\n“SPXO/N 7723-77581 07750 030 7734-77501 L/H 7706-7750\n\n* SPX ATR: 0.68% SPX-0.38% 60/40          GRO 0.26% TURBO -0.83%\n\n* SECTORS: M BPS BY% USD SMH SOXx EFM X1K NIR J BY% IBMT GDX IGY XLY\n\n* GRO HOLDINGS: SPYM,UPRO,QLD,PLTRMUHPE OKTA\n\n* GRO RVAB/REBAR: 1.08 -0.26%/-4.81%) BUY HPE OKTA\n\n* TURBO HOLDINGS: SPYM,UPRO,TGAQ, IBIT.ETHA, GOXU,FCX MRNA, SPCX HOOD, PURR\n\n* TURBO RVAB/REBAR: 1.60 (-2.05%/-5.30%) NO CHANGES\n\n* BOTTOM LINE: 3 STRONG JOBS NUMBER PAUSLS INDLXLS BUI A-1 S1OCKS RALLY\n* MON KEYS: SPX vs 21E/7800 QQQvs 500/21 R2K vs 100D/500\n\n25> SBPSO0 KEY LEVELS <<<\n\n* 7816 (8/13 INTRADAY ATH)\n\n27748 THURSDAY: DOVISH TONE EUFLS DAY 2 RALLY ATTEMPT\n\n37719 TODAY: STRONG JOBS NUMBER PAUSES INDEXES BUT A | STOCKS RALLY\n*7678 (V3 21EMA) €9/1% 8/217 8/204 7/311\n\n7667 WED: RFI IFE BOUNCE ATTFR 3.DAYS DOWN.\n\n* 7592/7606 (13 SOD/10WK) € 7/312 7/234 7/11 7/174 6/290\n\n* 7142/7160 (14 2000/40WK)_€ 4/37 3/193\n",
      "ocr_text_snippet": "> TALE OF THE TAPE ~ FRIDAY, SEPTEMBER 4, 2026 << * MARKET STATE: UPTREND *STOINDEXESET OL RGBST 34 NASId USD TNX/TYXA vs5d5048 * SENTIMENT: VIX 10.55 (+1.4/%) F&6 An 39.7 16822.7 0.01 [EERE Nansw ...",
      "output_kind": "whiteboard",
      "parsed_observations": [
        {
          "portfolio": "GRO",
          "metrics_raw": "RVAB/REBAR: 1.08 -0.26%/-4.81%)",
          "metric_1": null,
          "metric_2": null,
          "metric_scalar": null,
          "action_text": "BUY HPE OKTA",
          "bottom_line": "3 STRONG JOBS NUMBER PAUSLS INDLXLS BUI A-1 S1OCKS RALLY MON KEYS: SPX VS 21E/7800 QQQVS 500/21 R2K VS 100D/500 25> SBPSO0 KEY LEVELS <<< 7816 (8/13 INTRADAY ATH) 27748 THURSDAY: DOVISH TONE EUFLS DAY 2 RALLY ATTEMPT 37719 TODAY: STRONG JOBS NUMBER PAUSES INDEXES BUT A STOCKS RALLY 7678 (V3 21EMA) €9/1% 8/217 8/204 7/311 7667 WED: RFI IFE BOUNCE ATTFR 3.DAYS DOWN. 7592/7606 (13 SOD/10WK) € 7/312 7/234 7/11 7/174 6/290 7142/7160 (14 2000/40WK)_€ 4/37 3/193",
          "parse_status": "ok",
          "issue_codes": [],
          "ocr_confidence": 63,
          "ocr_profile": "threshold"
        },
        {
          "portfolio": "TURBO",
          "metrics_raw": "RVAB/REBAR: 1.60 (-2.05%/-5.30%)",
          "metric_1": null,
          "metric_2": null,
          "metric_scalar": null,
          "action_text": "NO CHANGES",
          "bottom_line": "3 STRONG JOBS NUMBER PAUSLS INDLXLS BUI A-1 S1OCKS RALLY MON KEYS: SPX VS 21E/7800 QQQVS 500/21 R2K VS 100D/500 25> SBPSO0 KEY LEVELS <<< 7816 (8/13 INTRADAY ATH) 27748 THURSDAY: DOVISH TONE EUFLS DAY 2 RALLY ATTEMPT 37719 TODAY: STRONG JOBS NUMBER PAUSES INDEXES BUT A STOCKS RALLY 7678 (V3 21EMA) €9/1% 8/217 8/204 7/311 7667 WED: RFI IFE BOUNCE ATTFR 3.DAYS DOWN. 7592/7606 (13 SOD/10WK) € 7/312 7/234 7/11 7/174 6/290 7142/7160 (14 2000/40WK)_€ 4/37 3/193",
          "parse_status": "ok",
          "issue_codes": [],
          "ocr_confidence": 63,
          "ocr_profile": "threshold"
        }
      ],
      "parsed_row_count": 2,
      "phash": "946b6b94946b953c",
      "prefilter_score": -24.44,
      "prefilter_stats": {
        "brightRatio": 0.21659722222222222,
        "darkRatio": 0.6802777777777778,
        "edgeRatio": 0.10009893293760158,
        "horizontalComparisons": 14151,
        "horizontalEdgeHits": 692,
        "horizontalEdgeRatio": 0.04890113772878242,
        "meanLuma": 91.41763888888889,
        "stdDev": 93.24824928343241,
        "verticalComparisons": 14151,
        "verticalEdgeHits": 2141,
        "verticalEdgeRatio": 0.15129672814642076
      },
      "score": 97.55,
      "score_breakdown": {
        "chart_likeness": -6,
        "keyword_guard": 0,
        "ocr_confidence_bonus": 3.15,
        "pair_bonus": 4,
        "per_row_issues": 0,
        "per_row_metrics": 20,
        "text_density": 76.4
      },
      "screen_layout": "structured_whiteboard",
      "tickers": [
        "BE",
        "FCX",
        "HOOD",
        "HPE",
        "OKTA",
        "PURR",
        "QLD",
        "SPCX",
        "SPYM",
        "UPRO"
      ],
      "timestamp": 1160,
      "timestamp_hms": "00:19:20",
      "output_path": "C:\\Users\\admin\\Projects\\portfolio_analyzer_revere\\data\\video_scan_20260915\\ocr-20260915-p4\\ocr-20260915-p4\\screenshots\\20260904_ps_3.png"
    }
  ],
  "frame_count": 651,
  "frame_error_count": 0,
  "frame_errors": [],
  "max_captures_per_video": 3,
  "nearest_ffmpeg_keyframe_lookups_skipped": false,
  "nearest_ffmpeg_keyframe_pts_total": 611,
  "ocr_engine_metadata": {
    "tesseract_version": "6.0.1",
    "language": "eng",
    "dpi": 300,
    "psm": null,
    "preserve_interword_spaces": "1",
    "deskew": false
  },
  "ocr_frame_count": 60,
  "ocr_frame_width": 1280,
  "output_path": "C:\\Users\\admin\\Projects\\portfolio_analyzer_revere\\data\\video_scan_20260915\\ocr-20260915-p4\\ocr-20260915-p4\\screenshots\\20260904_ps.png",
  "prefilter_best_score": 14.66,
  "review_threshold": 4,
  "sample_frame_width": 640,
  "status": "done",
  "strong_threshold": 6,
  "top_candidate": {
    "confusion_with_nearby": [],
    "frame_index": 260,
    "frame_path": "C:\\Users\\admin\\Projects\\portfolio_analyzer_revere\\data\\video_scan_20260915\\ocr-20260915-p4\\ocr-20260915-p4\\ocr_probe\\frames\\20260904_20260904_bpeges-erl0_6372125f_whiteboard\\ocr\\ocr_000261.png",
    "is_intro_card": false,
    "issue_codes": [],
    "low_res_frame_path": null,
    "nearest_ffmpeg_keyframe_ts": 1041.066667,
    "observed_date": "20260904",
    "ocr_confidence": 65,
    "ocr_profile": "threshold",
    "ocr_text": "> TALE OF THE TAPE ~ FRIDAY, SEPTEMBER 4, 2026 <<\n\n* MARKET STATE: UPTREND\n\n*STOINDEXESET OL RGBST 34 NASI USD TNX/TYXA vs5d5048\n* SENTIMENT: VIX 12.53 (1.4/5) F&G.            An 3.7 10.8227 0.01 [EERE NAAM 85.61 16.89\nBULL CASE: INTIAIL RALLY & TRIND 21EMA  €8/3-4 RLGAIN 211 8 110\nDBEAR CASE: SUSTAINED BREAK BELOW 21EMA € 9/1 BROKE BELOW 21E\n\n* NEWS: BLS EMPLOYMENT REPORT MON: LABOR DAY MKTS CLOSED THU: CPI FRi: PPI\n\n+ TODAY'S KEYS: SPX vs 21E/78004 QQQs SDF /21ET  R2K vs 1000/5004.\n\n* DAY CT:U-1=>U-2 BE: +11 21E: 421  8E> 21E? vis\n\n* ACTION: © -0.03% 47706 7/729 $7707\n\n*SPXO/N 7723-77581 07750 030 7734-77501 L/H7706-775C\n\n* SPX ATR: 0.68% SPX -0.38% 60/40          GRO -0.26% TURBO -0.83%\n\n* SECTORS: I RPS RY% LISD SME SOXX EFM X1K NIR J BY% IBIT GDX IGV XLY\n\n* GRO HOLDINGS: SPYM,UPRO,QLD,PLTR, MU HPE OKTA\n\n* GRO RVAB/REBAR: 1.0 (-0.26%/-4.81%) BUY HPE OKTA\n\n* TURBO HOLDINGS: SPYM,UPRO,TQQQ, BIT, ETHA,GDXU,FCX, MRNA SPOX, HOOD, PURR\n\n* TURBO RVAB/REBAR: 1.09 {-2.05%/-5.30%) NO CHANGES\n\n* BOTTOM LINE: 3 STRONG JOBS NUMBER PAUSLS INDLXLS BUT A-1 STOCKS RALLY\n* MON KEYS: SPX vs 21E/7800 QQ@vs 50D/21€ R2K vs 100D/50D\n\n22> SPSOD KEY LEVELS <c<\n\n* 7816 {8/13 INTRADAY A-T-H)\n\n7748 THURSDAY: DOVISH TONE FUFLS DAY 2 RALLY ATTEMPT\n\n27719 TODAY: STRONG JOBS NUMBER PAUSES INDEXES BUT A 1 STOCKS RALLY\n\n* 7678 (V3 21EMA) € 9/18 8/711 8/204 7/311\n\n7667 WED: RFIIFE BOUNCE ATTER 3-DAYS DOWN.\n\n* 7592/7606 (13 S0D/10WK) € 7/312 7/234 7/711 7/174 6/290\n\n* 7142/7160 (M4 200D/40WK) € 4/81 3/193\n",
    "ocr_text_snippet": "> TALE OF THE TAPE ~ FRIDAY, SEPTEMBER 4, 2026 << * MARKET STATE: UPTREND *STOINDEXESET OL RGBST 34 NASI USD TNX/TYXA vs5d5048 * SENTIMENT: VIX 12.53 (1.4/5) F&G. An 3.7 10.8227 0.01 [EERE NAAM 85....",
    "output_kind": "whiteboard",
    "parsed_observations": [
      {
        "portfolio": "GRO",
        "metrics_raw": "RVAB/REBAR: 1.0 (-0.26%/-4.81%)",
        "metric_1": null,
        "metric_2": null,
        "metric_scalar": null,
        "action_text": "BUY HPE OKTA",
        "bottom_line": "3 STRONG JOBS NUMBER PAUSLS INDLXLS BUT A-1 STOCKS RALLY MON KEYS: SPX VS 21E/7800 QQ@VS 50D/21€ R2K VS 100D/50D 22> SPSOD KEY LEVELS <C< 7816 {8/13 INTRADAY A-T-H) 7748 THURSDAY: DOVISH TONE FUFLS DAY 2 RALLY ATTEMPT 27719 TODAY: STRONG JOBS NUMBER PAUSES INDEXES BUT A 1 STOCKS RALLY 7678 (V3 21EMA) € 9/18 8/711 8/204 7/311 7667 WED: RFIIFE BOUNCE ATTER 3-DAYS DOWN. 7592/7606 (13 S0D/10WK) € 7/312 7/234 7/711 7/174 6/290 7142/7160 (M4 200D/40WK) € 4/81 3/193",
        "parse_status": "ok",
        "issue_codes": [],
        "ocr_confidence": 65,
        "ocr_profile": "threshold"
      },
      {
        "portfolio": "TURBO",
        "metrics_raw": "RVAB/REBAR: 1.09 {-2.05%/-5.30%)",
        "metric_1": null,
        "metric_2": null,
        "metric_scalar": null,
        "action_text": "NO CHANGES",
        "bottom_line": "3 STRONG JOBS NUMBER PAUSLS INDLXLS BUT A-1 STOCKS RALLY MON KEYS: SPX VS 21E/7800 QQ@VS 50D/21€ R2K VS 100D/50D 22> SPSOD KEY LEVELS <C< 7816 {8/13 INTRADAY A-T-H) 7748 THURSDAY: DOVISH TONE FUFLS DAY 2 RALLY ATTEMPT 27719 TODAY: STRONG JOBS NUMBER PAUSES INDEXES BUT A 1 STOCKS RALLY 7678 (V3 21EMA) € 9/18 8/711 8/204 7/311 7667 WED: RFIIFE BOUNCE ATTER 3-DAYS DOWN. 7592/7606 (13 S0D/10WK) € 7/312 7/234 7/711 7/174 6/290 7142/7160 (M4 200D/40WK) € 4/81 3/193",
        "parse_status": "ok",
        "issue_codes": [],
        "ocr_confidence": 65,
        "ocr_profile": "threshold"
      }
    ],
    "parsed_row_count": 2,
    "phash": "946b6b94946b953c",
    "prefilter_score": -24.43,
    "prefilter_stats": {
      "brightRatio": 0.21625,
      "darkRatio": 0.6802777777777778,
      "edgeRatio": 0.10006359974560101,
      "horizontalComparisons": 14151,
      "horizontalEdgeHits": 693,
      "horizontalEdgeRatio": 0.04897180411278355,
      "meanLuma": 91.39694444444444,
      "stdDev": 93.23662737952304,
      "verticalComparisons": 14151,
      "verticalEdgeHits": 2139,
      "verticalEdgeRatio": 0.1511553953784185
    },
    "score": 97.69,
    "score_breakdown": {
      "chart_likeness": -6,
      "keyword_guard": 0,
      "ocr_confidence_bonus": 3.25,
      "pair_bonus": 4,
      "per_row_issues": 0,
      "per_row_metrics": 20,
      "text_density": 76.44
    },
    "screen_layout": "structured_whiteboard",
    "tickers": [
      "BE",
      "ETHA",
      "FCX",
      "GDXU",
      "HOOD",
      "HPE",
      "IBIT",
      "MU",
      "OKTA",
      "PLTR",
      "PURR",
      "QLD",
      "SPYM",
      "TQQQ",
      "UPRO"
    ],
    "timestamp": 1040,
    "timestamp_hms": "00:17:20"
  },
  "top_candidates": [
    {
      "confusion_with_nearby": [],
      "frame_index": 260,
      "frame_path": "C:\\Users\\admin\\Projects\\portfolio_analyzer_revere\\data\\video_scan_20260915\\ocr-20260915-p4\\ocr-20260915-p4\\ocr_probe\\frames\\20260904_20260904_bpeges-erl0_6372125f_whiteboard\\ocr\\ocr_000261.png",
      "is_intro_card": false,
      "issue_codes": [],
      "low_res_frame_path": null,
      "nearest_ffmpeg_keyframe_ts": null,
      "observed_date": "20260904",
      "ocr_confidence": 65,
      "ocr_profile": "threshold",
      "ocr_text": "> TALE OF THE TAPE ~ FRIDAY, SEPTEMBER 4, 2026 <<\n\n* MARKET STATE: UPTREND\n\n*STOINDEXESET OL RGBST 34 NASI USD TNX/TYXA vs5d5048\n* SENTIMENT: VIX 12.53 (1.4/5) F&G.            An 3.7 10.8227 0.01 [EERE NAAM 85.61 16.89\nBULL CASE: INTIAIL RALLY & TRIND 21EMA  €8/3-4 RLGAIN 211 8 110\nDBEAR CASE: SUSTAINED BREAK BELOW 21EMA € 9/1 BROKE BELOW 21E\n\n* NEWS: BLS EMPLOYMENT REPORT MON: LABOR DAY MKTS CLOSED THU: CPI FRi: PPI\n\n+ TODAY'S KEYS: SPX vs 21E/78004 QQQs SDF /21ET  R2K vs 1000/5004.\n\n* DAY CT:U-1=>U-2 BE: +11 21E: 421  8E> 21E? vis\n\n* ACTION: © -0.03% 47706 7/729 $7707\n\n*SPXO/N 7723-77581 07750 030 7734-77501 L/H7706-775C\n\n* SPX ATR: 0.68% SPX -0.38% 60/40          GRO -0.26% TURBO -0.83%\n\n* SECTORS: I RPS RY% LISD SME SOXX EFM X1K NIR J BY% IBIT GDX IGV XLY\n\n* GRO HOLDINGS: SPYM,UPRO,QLD,PLTR, MU HPE OKTA\n\n* GRO RVAB/REBAR: 1.0 (-0.26%/-4.81%) BUY HPE OKTA\n\n* TURBO HOLDINGS: SPYM,UPRO,TQQQ, BIT, ETHA,GDXU,FCX, MRNA SPOX, HOOD, PURR\n\n* TURBO RVAB/REBAR: 1.09 {-2.05%/-5.30%) NO CHANGES\n\n* BOTTOM LINE: 3 STRONG JOBS NUMBER PAUSLS INDLXLS BUT A-1 STOCKS RALLY\n* MON KEYS: SPX vs 21E/7800 QQ@vs 50D/21€ R2K vs 100D/50D\n\n22> SPSOD KEY LEVELS <c<\n\n* 7816 {8/13 INTRADAY A-T-H)\n\n7748 THURSDAY: DOVISH TONE FUFLS DAY 2 RALLY ATTEMPT\n\n27719 TODAY: STRONG JOBS NUMBER PAUSES INDEXES BUT A 1 STOCKS RALLY\n\n* 7678 (V3 21EMA) € 9/18 8/711 8/204 7/311\n\n7667 WED: RFIIFE BOUNCE ATTER 3-DAYS DOWN.\n\n* 7592/7606 (13 S0D/10WK) € 7/312 7/234 7/711 7/174 6/290\n\n* 7142/7160 (M4 200D/40WK) € 4/81 3/193\n",
      "ocr_text_snippet": "> TALE OF THE TAPE ~ FRIDAY, SEPTEMBER 4, 2026 << * MARKET STATE: UPTREND *STOINDEXESET OL RGBST 34 NASI USD TNX/TYXA vs5d5048 * SENTIMENT: VIX 12.53 (1.4/5) F&G. An 3.7 10.8227 0.01 [EERE NAAM 85....",
      "output_kind": "whiteboard",
      "parsed_observations": [
        {
          "portfolio": "GRO",
          "metrics_raw": "RVAB/REBAR: 1.0 (-0.26%/-4.81%)",
          "metric_1": null,
          "metric_2": null,
          "metric_scalar": null,
          "action_text": "BUY HPE OKTA",
          "bottom_line": "3 STRONG JOBS NUMBER PAUSLS INDLXLS BUT A-1 STOCKS RALLY MON KEYS: SPX VS 21E/7800 QQ@VS 50D/21€ R2K VS 100D/50D 22> SPSOD KEY LEVELS <C< 7816 {8/13 INTRADAY A-T-H) 7748 THURSDAY: DOVISH TONE FUFLS DAY 2 RALLY ATTEMPT 27719 TODAY: STRONG JOBS NUMBER PAUSES INDEXES BUT A 1 STOCKS RALLY 7678 (V3 21EMA) € 9/18 8/711 8/204 7/311 7667 WED: RFIIFE BOUNCE ATTER 3-DAYS DOWN. 7592/7606 (13 S0D/10WK) € 7/312 7/234 7/711 7/174 6/290 7142/7160 (M4 200D/40WK) € 4/81 3/193",
          "parse_status": "ok",
          "issue_codes": [],
          "ocr_confidence": 65,
          "ocr_profile": "threshold"
        },
        {
          "portfolio": "TURBO",
          "metrics_raw": "RVAB/REBAR: 1.09 {-2.05%/-5.30%)",
          "metric_1": null,
          "metric_2": null,
          "metric_scalar": null,
          "action_text": "NO CHANGES",
          "bottom_line": "3 STRONG JOBS NUMBER PAUSLS INDLXLS BUT A-1 STOCKS RALLY MON KEYS: SPX VS 21E/7800 QQ@VS 50D/21€ R2K VS 100D/50D 22> SPSOD KEY LEVELS <C< 7816 {8/13 INTRADAY A-T-H) 7748 THURSDAY: DOVISH TONE FUFLS DAY 2 RALLY ATTEMPT 27719 TODAY: STRONG JOBS NUMBER PAUSES INDEXES BUT A 1 STOCKS RALLY 7678 (V3 21EMA) € 9/18 8/711 8/204 7/311 7667 WED: RFIIFE BOUNCE ATTER 3-DAYS DOWN. 7592/7606 (13 S0D/10WK) € 7/312 7/234 7/711 7/174 6/290 7142/7160 (M4 200D/40WK) € 4/81 3/193",
          "parse_status": "ok",
          "issue_codes": [],
          "ocr_confidence": 65,
          "ocr_profile": "threshold"
        }
      ],
      "parsed_row_count": 2,
      "phash": "946b6b94946b953c",
      "prefilter_score": -24.43,
      "prefilter_stats": {
        "brightRatio": 0.21625,
        "darkRatio": 0.6802777777777778,
        "edgeRatio": 0.10006359974560101,
        "horizontalComparisons": 14151,
        "horizontalEdgeHits": 693,
        "horizontalEdgeRatio": 0.04897180411278355,
        "meanLuma": 91.39694444444444,
        "stdDev": 93.23662737952304,
        "verticalComparisons": 14151,
        "verticalEdgeHits": 2139,
        "verticalEdgeRatio": 0.1511553953784185
      },
      "score": 97.69,
      "score_breakdown": {
        "chart_likeness": -6,
        "keyword_guard": 0,
        "ocr_confidence_bonus": 3.25,
        "pair_bonus": 4,
        "per_row_issues": 0,
        "per_row_metrics": 20,
        "text_density": 76.44
      },
      "screen_layout": "structured_whiteboard",
      "tickers": [
        "BE",
        "ETHA",
        "FCX",
        "GDXU",
        "HOOD",
        "HPE",
        "IBIT",
        "MU",
        "OKTA",
        "PLTR",
        "PURR",
        "QLD",
        "SPYM",
        "TQQQ",
        "UPRO"
      ],
      "timestamp": 1040,
      "timestamp_hms": "00:17:20"
    },
    {
      "confusion_with_nearby": [],
      "frame_index": 330,
      "frame_path": "C:\\Users\\admin\\Projects\\portfolio_analyzer_revere\\data\\video_scan_20260915\\ocr-20260915-p4\\ocr-20260915-p4\\ocr_probe\\frames\\20260904_20260904_bpeges-erl0_6372125f_whiteboard\\ocr\\ocr_000331.png",
      "is_intro_card": false,
      "issue_codes": [],
      "low_res_frame_path": null,
      "nearest_ffmpeg_keyframe_ts": null,
      "observed_date": "20260904",
      "ocr_confidence": 66,
      "ocr_profile": "threshold",
      "ocr_text": "> TALE OF THE TAPE ~ FRIDAY, SEPTEMBER 4, 2026 <<\n\n* MARKET STATE: UPTREND\n\n*STOINDEXESET OL RGBST 34 NASId USD TNX/TYXA vsSd5048\n= SENTIMENT: Vix 105 (14/79 F&G           138.7 v03227 001 [EER sim sit 163\nBULL CASE: INITIAIL RALLY & TREND 21EMA    €8/3-4 REGAIN 210 & 1 TD\nDBEAR CASE: SUSTAINED BREAK BELOW 21EMA € 9/1 BROKE BELOW 21E\n\n* NEWS: BLS EMPLOYMENT REPORT MON: LABOR DAY MKTS CLOSED THU: CPI FRI: PPI\n\n* TODAY'S KEYS: SPX vs 21€/78004  QOQvs SOD /21ET R2Kvs 1000/5004\n\n* DAY CT: U-1=>U-2 BE: +411 21E: 4271  8E> 21E? Yi$\n\n* ACTION: © -0.03% 47706 1/724 $7707\n\n*SPXO/N 7723-77581 07750 030 7734-77501 L/H 7706-7750\n\n* SPX ATR: 0.68% SPX -0.38% 60/40          GRO -0.26% TURBO -0.83%\n\n* SECTORS: I BPS R¥% LSD SME SOXX FFM XK NIR J BY% (BIT GDX IGV XLY\n\n* GRO HOLDINGS: SPYM,UPRO,QLD,PLTR, MU, HPE OKTA\n\n* GRO RVAB/REBAR: 1.05 (-0.26%/-4.81%) BUY HPE OKTA\n\n* TURBO HOLDINGS: SPYM,UPRO,TQQQ, BIT, ETHA,GDXU,FCX, MRNA SPOL HOOD, PURR\n\n* TURBO RVAB/REBAR: 1.69 {-2.05%/-5.30%) NO CHANGES\n\n* BOTTOM LINE: 3 STRONG JOBS NUMBER PAUSLS INDLXLS BUT A-1 STOCKS RALLY\n* MON KEYS: SPX vs 21E/7800 QQQ vs 50D/21€ R2K vs 100D/50D\n\n25> SPSO0 KEY LEVELS <c<\n\n* 7816 {8/13 INTRADAY A-T-H}\n\n~¥7748 THURSDAY: DOVISH TONE FUELS DAY 2 RALLY ATTFMPT\n\nP7719 TODAY: STRONG JOBS NUMBER PAUSES INDEXFS RUT A 1 STOCKS RALLY\n*7678 (V3 21EMA) € 9/18 8/217 8/204 7/311\n\n7667 WED: REIFF BOUNCE ATTFR 3 DAYS DOWN.\n\n* 7592/7606 (13 SOD/10WK] € 7/312 7/234 7/211 7/174 6/291\n\n* 7142/7160 (4 2000/40WK) € 4/871 3/134\n",
      "ocr_text_snippet": "> TALE OF THE TAPE ~ FRIDAY, SEPTEMBER 4, 2026 << * MARKET STATE: UPTREND *STOINDEXESET OL RGBST 34 NASId USD TNX/TYXA vsSd5048 = SENTIMENT: Vix 105 (14/79 F&G 138.7 v03227 001 [EER sim sit 163 BUL...",
      "output_kind": "whiteboard",
      "parsed_observations": [
        {
          "portfolio": "GRO",
          "metrics_raw": "RVAB/REBAR: 1.05 (-0.26%/-4.81%)",
          "metric_1": null,
          "metric_2": null,
          "metric_scalar": null,
          "action_text": "BUY HPE OKTA",
          "bottom_line": "3 STRONG JOBS NUMBER PAUSLS INDLXLS BUT A-1 STOCKS RALLY MON KEYS: SPX VS 21E/7800 QQQ VS 50D/21€ R2K VS 100D/50D 25> SPSO0 KEY LEVELS <C< 7816 {8/13 INTRADAY A-T-H} 7748 THURSDAY: DOVISH TONE FUELS DAY 2 RALLY ATTFMPT P7719 TODAY: STRONG JOBS NUMBER PAUSES INDEXFS RUT A 1 STOCKS RALLY 7678 (V3 21EMA) € 9/18 8/217 8/204 7/311 7667 WED: REIFF BOUNCE ATTFR 3 DAYS DOWN. 7592/7606 (13 SOD/10WK] € 7/312 7/234 7/211 7/174 6/291 7142/7160 (4 2000/40WK) € 4/871 3/134",
          "parse_status": "ok",
          "issue_codes": [],
          "ocr_confidence": 66,
          "ocr_profile": "threshold"
        },
        {
          "portfolio": "TURBO",
          "metrics_raw": "RVAB/REBAR: 1.69 {-2.05%/-5.30%)",
          "metric_1": null,
          "metric_2": null,
          "metric_scalar": null,
          "action_text": "NO CHANGES",
          "bottom_line": "3 STRONG JOBS NUMBER PAUSLS INDLXLS BUT A-1 STOCKS RALLY MON KEYS: SPX VS 21E/7800 QQQ VS 50D/21€ R2K VS 100D/50D 25> SPSO0 KEY LEVELS <C< 7816 {8/13 INTRADAY A-T-H} 7748 THURSDAY: DOVISH TONE FUELS DAY 2 RALLY ATTFMPT P7719 TODAY: STRONG JOBS NUMBER PAUSES INDEXFS RUT A 1 STOCKS RALLY 7678 (V3 21EMA) € 9/18 8/217 8/204 7/311 7667 WED: REIFF BOUNCE ATTFR 3 DAYS DOWN. 7592/7606 (13 SOD/10WK] € 7/312 7/234 7/211 7/174 6/291 7142/7160 (4 2000/40WK) € 4/871 3/134",
          "parse_status": "ok",
          "issue_codes": [],
          "ocr_confidence": 66,
          "ocr_profile": "threshold"
        }
      ],
      "parsed_row_count": 2,
      "phash": "946b6b94946b953c",
      "prefilter_score": -24.42,
      "prefilter_stats": {
        "brightRatio": 0.21638888888888888,
        "darkRatio": 0.6802777777777778,
        "edgeRatio": 0.09992226697759876,
        "horizontalComparisons": 14151,
        "horizontalEdgeHits": 691,
        "horizontalEdgeRatio": 0.04883047134478129,
        "meanLuma": 91.39645833333333,
        "stdDev": 93.23960085721171,
        "verticalComparisons": 14151,
        "verticalEdgeHits": 2137,
        "verticalEdgeRatio": 0.15101406261041622
      },
      "score": 97.56,
      "score_breakdown": {
        "chart_likeness": -6,
        "keyword_guard": 0,
        "ocr_confidence_bonus": 3.3,
        "pair_bonus": 4,
        "per_row_issues": 0,
        "per_row_metrics": 20,
        "text_density": 76.26
      },
      "screen_layout": "structured_whiteboard",
      "tickers": [
        "BE",
        "ETHA",
        "FCX",
        "GDXU",
        "HOOD",
        "HPE",
        "MU",
        "OKTA",
        "PLTR",
        "PURR",
        "QLD",
        "SPYM",
        "TQQQ",
        "UPRO"
      ],
      "timestamp": 1320,
      "timestamp_hms": "00:22:00"
    },
    {
      "confusion_with_nearby": [],
      "frame_index": 290,
      "frame_path": "C:\\Users\\admin\\Projects\\portfolio_analyzer_revere\\data\\video_scan_20260915\\ocr-20260915-p4\\ocr-20260915-p4\\ocr_probe\\frames\\20260904_20260904_bpeges-erl0_6372125f_whiteboard\\ocr\\ocr_000291.png",
      "is_intro_card": false,
      "issue_codes": [],
      "low_res_frame_path": null,
      "nearest_ffmpeg_keyframe_ts": null,
      "observed_date": "20260904",
      "ocr_confidence": 63,
      "ocr_profile": "threshold",
      "ocr_text": "> TALE OF THE TAPE ~ FRIDAY, SEPTEMBER 4, 2026 <<\n\n* MARKET STATE: UPTREND\n\n*STOINDEXESET OL RGBST 34 NASId USD TNX/TYXA vs5d5048\n* SENTIMENT: VIX 10.55 (+1.4/%) F&6           An 39.7 16822.7 0.01 [EERE Nansw £5.61 16.89\nDBULL CASE: INTIATL RALLY & TREND 21EMA  €8/3-4 REGAIN 211 & ITD\nBEAR CASE: SUSTAINED BREAK BELOW 21EMA € 9/1 BROKE BELOW 21E\n\n* NEWS: BLS EMPLOYMENT REPORT MON: LABOR DAY MKTS CLOSED THU: CPI FRI: PPI\n«TODAY'S KEYS: SPX vs 21E7/78004  QQQvs SODA /21E 4 R2K vs 1000/5004\n*DAY CT: U1 => U-2 BE: 417 21E:427  8E> 21E7 YiS\n\n* ACTION: 00.03% 7706 1/729 $7707\n\n“SPXO/N 7723-77581 07750 030 7734-77501 L/H 7706-7750\n\n* SPX ATR: 0.68% SPX-0.38% 60/40          GRO 0.26% TURBO -0.83%\n\n* SECTORS: M BPS BY% USD SMH SOXx EFM X1K NIR J BY% IBMT GDX IGY XLY\n\n* GRO HOLDINGS: SPYM,UPRO,QLD,PLTRMUHPE OKTA\n\n* GRO RVAB/REBAR: 1.08 -0.26%/-4.81%) BUY HPE OKTA\n\n* TURBO HOLDINGS: SPYM,UPRO,TGAQ, IBIT.ETHA, GOXU,FCX MRNA, SPCX HOOD, PURR\n\n* TURBO RVAB/REBAR: 1.60 (-2.05%/-5.30%) NO CHANGES\n\n* BOTTOM LINE: 3 STRONG JOBS NUMBER PAUSLS INDLXLS BUI A-1 S1OCKS RALLY\n* MON KEYS: SPX vs 21E/7800 QQQvs 500/21 R2K vs 100D/500\n\n25> SBPSO0 KEY LEVELS <<<\n\n* 7816 (8/13 INTRADAY ATH)\n\n27748 THURSDAY: DOVISH TONE EUFLS DAY 2 RALLY ATTEMPT\n\n37719 TODAY: STRONG JOBS NUMBER PAUSES INDEXES BUT A | STOCKS RALLY\n*7678 (V3 21EMA) €9/1% 8/217 8/204 7/311\n\n7667 WED: RFI IFE BOUNCE ATTFR 3.DAYS DOWN.\n\n* 7592/7606 (13 SOD/10WK) € 7/312 7/234 7/11 7/174 6/290\n\n* 7142/7160 (14 2000/40WK)_€ 4/37 3/193\n",
      "ocr_text_snippet": "> TALE OF THE TAPE ~ FRIDAY, SEPTEMBER 4, 2026 << * MARKET STATE: UPTREND *STOINDEXESET OL RGBST 34 NASId USD TNX/TYXA vs5d5048 * SENTIMENT: VIX 10.55 (+1.4/%) F&6 An 39.7 16822.7 0.01 [EERE Nansw ...",
      "output_kind": "whiteboard",
      "parsed_observations": [
        {
          "portfolio": "GRO",
          "metrics_raw": "RVAB/REBAR: 1.08 -0.26%/-4.81%)",
          "metric_1": null,
          "metric_2": null,
          "metric_scalar": null,
          "action_text": "BUY HPE OKTA",
          "bottom_line": "3 STRONG JOBS NUMBER PAUSLS INDLXLS BUI A-1 S1OCKS RALLY MON KEYS: SPX VS 21E/7800 QQQVS 500/21 R2K VS 100D/500 25> SBPSO0 KEY LEVELS <<< 7816 (8/13 INTRADAY ATH) 27748 THURSDAY: DOVISH TONE EUFLS DAY 2 RALLY ATTEMPT 37719 TODAY: STRONG JOBS NUMBER PAUSES INDEXES BUT A STOCKS RALLY 7678 (V3 21EMA) €9/1% 8/217 8/204 7/311 7667 WED: RFI IFE BOUNCE ATTFR 3.DAYS DOWN. 7592/7606 (13 SOD/10WK) € 7/312 7/234 7/11 7/174 6/290 7142/7160 (14 2000/40WK)_€ 4/37 3/193",
          "parse_status": "ok",
          "issue_codes": [],
          "ocr_confidence": 63,
          "ocr_profile": "threshold"
        },
        {
          "portfolio": "TURBO",
          "metrics_raw": "RVAB/REBAR: 1.60 (-2.05%/-5.30%)",
          "metric_1": null,
          "metric_2": null,
          "metric_scalar": null,
          "action_text": "NO CHANGES",
          "bottom_line": "3 STRONG JOBS NUMBER PAUSLS INDLXLS BUI A-1 S1OCKS RALLY MON KEYS: SPX VS 21E/7800 QQQVS 500/21 R2K VS 100D/500 25> SBPSO0 KEY LEVELS <<< 7816 (8/13 INTRADAY ATH) 27748 THURSDAY: DOVISH TONE EUFLS DAY 2 RALLY ATTEMPT 37719 TODAY: STRONG JOBS NUMBER PAUSES INDEXES BUT A STOCKS RALLY 7678 (V3 21EMA) €9/1% 8/217 8/204 7/311 7667 WED: RFI IFE BOUNCE ATTFR 3.DAYS DOWN. 7592/7606 (13 SOD/10WK) € 7/312 7/234 7/11 7/174 6/290 7142/7160 (14 2000/40WK)_€ 4/37 3/193",
          "parse_status": "ok",
          "issue_codes": [],
          "ocr_confidence": 63,
          "ocr_profile": "threshold"
        }
      ],
      "parsed_row_count": 2,
      "phash": "946b6b94946b953c",
      "prefilter_score": -24.44,
      "prefilter_stats": {
        "brightRatio": 0.21659722222222222,
        "darkRatio": 0.6802777777777778,
        "edgeRatio": 0.10009893293760158,
        "horizontalComparisons": 14151,
        "horizontalEdgeHits": 692,
        "horizontalEdgeRatio": 0.04890113772878242,
        "meanLuma": 91.41763888888889,
        "stdDev": 93.24824928343241,
        "verticalComparisons": 14151,
        "verticalEdgeHits": 2141,
        "verticalEdgeRatio": 0.15129672814642076
      },
      "score": 97.55,
      "score_breakdown": {
        "chart_likeness": -6,
        "keyword_guard": 0,
        "ocr_confidence_bonus": 3.15,
        "pair_bonus": 4,
        "per_row_issues": 0,
        "per_row_metrics": 20,
        "text_density": 76.4
      },
      "screen_layout": "structured_whiteboard",
      "tickers": [
        "BE",
        "FCX",
        "HOOD",
        "HPE",
        "OKTA",
        "PURR",
        "QLD",
        "SPCX",
        "SPYM",
        "UPRO"
      ],
      "timestamp": 1160,
      "timestamp_hms": "00:19:20"
    },
    {
      "confusion_with_nearby": [],
      "frame_index": 310,
      "frame_path": "C:\\Users\\admin\\Projects\\portfolio_analyzer_revere\\data\\video_scan_20260915\\ocr-20260915-p4\\ocr-20260915-p4\\ocr_probe\\frames\\20260904_20260904_bpeges-erl0_6372125f_whiteboard\\ocr\\ocr_000311.png",
      "is_intro_card": false,
      "issue_codes": [],
      "low_res_frame_path": null,
      "nearest_ffmpeg_keyframe_ts": null,
      "observed_date": "20260904",
      "ocr_confidence": 66,
      "ocr_profile": "threshold",
      "ocr_text": "> TALE OF THE TAPE ~ FRIDAY, SEPTEMBER 4, 2026 <<\n\n* MARKET STATE: UPTREND\n\n*STOINDEXESET OL RGBST 34 NASId USD TNX/TYXA vsSd5048\n= SENTIMENT: Vix 105 (14/79 F&G           138.7 v03227 001 [EER sim sit 163\nBULL CASE: INITIAIL RALLY & TREND 21EMA    €8/3-4 REGAIN 210 & 1 TD\nDBEAR CASE: SUSTAINED BREAK BELOW 21EMA € 9/1 BROKE BELOW 21E\n\n* NEWS: BLS EMPLOYMENT REPORT MON: LABOR DAY MKTS CLOSED THU: CPI FRI: PPI\n\n* TODAY'S KEYS: SPX vs 21€/78004  QOQvs SOD /21ET R2Kvs 1000/5004\n\n* DAY CT: U-1=>U-2 BE: +411 21E: 427  8E> 21E? Yi$\n\n* ACTION: © -0.03% 7706-1 //24 $7707\n\n*SPXO/N 7723-77581 07750 030 7734-77501 L/H 7706-7750\n\n* SPX ATR: 0.68% SPX -0.38% 60/40          GRO -0.26% TURBO -0.83%\n\n* SECTORS: I BPS RY% LSD SMH SOXX FFM XLK NIR J BY% (BIT GDX IGY XLY\n\n* GRO HOLDINGS: SPYM,UPRO,QLD,PLTR, MU HPE OKTA\n\n* GRO RVAB/REBAR: 1.05 (-0.26%/-4.81%) BUY HPE OKTA\n\n* TURBO HOLDINGS: SPYM,UPRO,TQQQ, BIT, ETHA,GDXU,FCX, MRNA SPO HOOD, PURR\n\n* TURBO RVAB/REBAR: 1.69 (-2.05%/-5.30%) NO CHANGES\n\n* BOTTOM LINE: 3 STRONG JOBS NUMBER PAUSLS INDLXLS BUT A-1 STOCKS RALLY\n* MON KEYS: SPX vs 21E/7800 QQQ vs 50D/21€ R2K vs 100D/50D\n\n25> SPSOD KEY LEVELS <c<\n\n* 7816 {8/13 INTRADAY A-T-H}\n\n~¥7748 THURSDAY: DOVISH TONE FUELS DAY 2 RALLY ATTFMPT\n\n27719 TODAY: STRONG JOBS NUMBER PAUSES INDEXFS RUT A 1 STOCKS RALLY\n*7678 (V3 21EMA) €9/18 8/217 8/204 7/311\n\nD7667 WED: REIFF BOUNCE ATTER 3 DAYS DOWN.\n\n* 7592/7606 (13 SOD/10WK] € 7/312 7/234 7/711 7/174 6/290\n\n* 7142/7160 (4 2000/40WK) € 4/871 3/194\n",
      "ocr_text_snippet": "> TALE OF THE TAPE ~ FRIDAY, SEPTEMBER 4, 2026 << * MARKET STATE: UPTREND *STOINDEXESET OL RGBST 34 NASId USD TNX/TYXA vsSd5048 = SENTIMENT: Vix 105 (14/79 F&G 138.7 v03227 001 [EER sim sit 163 BUL...",
      "output_kind": "whiteboard",
      "parsed_observations": [
        {
          "portfolio": "GRO",
          "metrics_raw": "RVAB/REBAR: 1.05 (-0.26%/-4.81%)",
          "metric_1": null,
          "metric_2": null,
          "metric_scalar": null,
          "action_text": "BUY HPE OKTA",
          "bottom_line": "3 STRONG JOBS NUMBER PAUSLS INDLXLS BUT A-1 STOCKS RALLY MON KEYS: SPX VS 21E/7800 QQQ VS 50D/21€ R2K VS 100D/50D 25> SPSOD KEY LEVELS <C< 7816 {8/13 INTRADAY A-T-H} 7748 THURSDAY: DOVISH TONE FUELS DAY 2 RALLY ATTFMPT 27719 TODAY: STRONG JOBS NUMBER PAUSES INDEXFS RUT A 1 STOCKS RALLY 7678 (V3 21EMA) €9/18 8/217 8/204 7/311 D7667 WED: REIFF BOUNCE ATTER 3 DAYS DOWN. 7592/7606 (13 SOD/10WK] € 7/312 7/234 7/711 7/174 6/290 7142/7160 (4 2000/40WK) € 4/871 3/194",
          "parse_status": "ok",
          "issue_codes": [],
          "ocr_confidence": 66,
          "ocr_profile": "threshold"
        },
        {
          "portfolio": "TURBO",
          "metrics_raw": "RVAB/REBAR: 1.69 (-2.05%/-5.30%)",
          "metric_1": null,
          "metric_2": null,
          "metric_scalar": null,
          "action_text": "NO CHANGES",
          "bottom_line": "3 STRONG JOBS NUMBER PAUSLS INDLXLS BUT A-1 STOCKS RALLY MON KEYS: SPX VS 21E/7800 QQQ VS 50D/21€ R2K VS 100D/50D 25> SPSOD KEY LEVELS <C< 7816 {8/13 INTRADAY A-T-H} 7748 THURSDAY: DOVISH TONE FUELS DAY 2 RALLY ATTFMPT 27719 TODAY: STRONG JOBS NUMBER PAUSES INDEXFS RUT A 1 STOCKS RALLY 7678 (V3 21EMA) €9/18 8/217 8/204 7/311 D7667 WED: REIFF BOUNCE ATTER 3 DAYS DOWN. 7592/7606 (13 SOD/10WK] € 7/312 7/234 7/711 7/174 6/290 7142/7160 (4 2000/40WK) € 4/871 3/194",
          "parse_status": "ok",
          "issue_codes": [],
          "ocr_confidence": 66,
          "ocr_profile": "threshold"
        }
      ],
      "parsed_row_count": 2,
      "phash": "946b6b94946b953c",
      "prefilter_score": -24.4,
      "prefilter_stats": {
        "brightRatio": 0.21625,
        "darkRatio": 0.6802777777777778,
        "edgeRatio": 0.0997809342095965,
        "horizontalComparisons": 14151,
        "horizontalEdgeHits": 693,
        "horizontalEdgeRatio": 0.04897180411278355,
        "meanLuma": 91.39319444444445,
        "stdDev": 93.22397452322356,
        "verticalComparisons": 14151,
        "verticalEdgeHits": 2131,
        "verticalEdgeRatio": 0.15059006430640945
      },
      "score": 97.54,
      "score_breakdown": {
        "chart_likeness": -6,
        "keyword_guard": 0,
        "ocr_confidence_bonus": 3.3,
        "pair_bonus": 4,
        "per_row_issues": 0,
        "per_row_metrics": 20,
        "text_density": 76.24
      },
      "screen_layout": "structured_whiteboard",
      "tickers": [
        "BE",
        "ETHA",
        "FCX",
        "GDXU",
        "HOOD",
        "HPE",
        "MU",
        "OKTA",
        "PLTR",
        "PURR",
        "QLD",
        "SPYM",
        "TQQQ",
        "UPRO"
      ],
      "timestamp": 1240,
      "timestamp_hms": "00:20:40"
    },
    {
      "confusion_with_nearby": [],
      "frame_index": 270,
      "frame_path": "C:\\Users\\admin\\Projects\\portfolio_analyzer_revere\\data\\video_scan_20260915\\ocr-20260915-p4\\ocr-20260915-p4\\ocr_probe\\frames\\20260904_20260904_bpeges-erl0_6372125f_whiteboard\\ocr\\ocr_000271.png",
      "is_intro_card": false,
      "issue_codes": [],
      "low_res_frame_path": null,
      "nearest_ffmpeg_keyframe_ts": null,
      "observed_date": "20260904",
      "ocr_confidence": 66,
      "ocr_profile": "threshold",
      "ocr_text": "> TALE OF THE TAPE ~ FRIDAY, SEPTEMBER 4, 2026 <<\n\n* MARKET STATE: UPTREND\n\n*STOINDEXESET OL RGBST 34 NASId USD TNX/TYXA vsSd5048\n= SENTIMENT: VK 105 (1 4/59 186 -          i307 v03227 001 [ER sm sit 169\nSBULL CASE: INTIAL RALLY & TRIAD 21 MA €8/3-4 REGAIN 211 & 110\nDBEAR CASE: SUSTAINED BREAK BELOW 21EMA € 9/1 BROKE BELOW 21E\n\n* NEWS: BLS EMPLOYMENT REPORT MON: LABOR DAY MKTS CLOSED THU: CPI FRI: PPI\n\n* TODAY'S KEYS: SPX vs 21€1/78004  QOQvs SODF/21ET R2Kvs 1000/5004\n\n* DAY CT: U-1=>U-2 BE: +411 21E: 427 8E> 21E? Yi$\n\n* ACTION: © -0.03% 47706 1//29 $7707\n\n*SPXO/N 7723-77581 07750 030 7734-77501 L/H 7706-7750\n\n* SPX ATR: 0.68% SPX -0.38% 60/40          GRO -0.26% TURBO -0.83%\n\n* SECTORS: I BPS RY% LSD SMH SOXX FFM XLK NIR J BY% (BIT GDX IGY XLY\n\n* GRO HOLDINGS: SPYM,UPRO,QLD,PLTR, MU, HPE OKTA\n\n* GRO RVAB/REBAR: 1.05 (-0.26%/-4.81%) BUY HPE OKTA\n\n* TURBO HOLDINGS: SPYM,UPRO,TQQQ, BIT, ETHA,GDXU,FCX, MRNA SPO HOOD, PURR\n\n* TURBO RVAB/REBAR: 1.69 {-2.05%/-5.30%) NO CHANGES\n\n* BOTTOM LINE: 3 STRONG JOBS NUMBER PAUSLS INDLXLS BUT A-1 STLCKS RALLY\n* MON KEYS: SPX vs 21E/7800 QQQ vs 50D/21€  R2K vs 100D/50D\n\n25> SRPSO0 KEY LEVELS <c<\n\n* 7816 {8/13 INTRADAY A-T-H}\n\n~¥7748 THURSDAY: DOVISH TONE FUELS DAY 2 RALLY ATTFMPT\n\n27719 TODAY: STRONG JOBS NUMBER PAUSES INDEXFS RUT A 1 STOCKS RALLY\n*7678 (V3 21EMA) €9/18 8/717 8/204 7/311\n\n7667 WED: REIFF BOUNCE ATTER 3 DAYS DOWN.\n\n* 7592/7606 (13 SOD/10WK) € 7/312 7/234 7/711 7/174 6/290\n\n* 7142/7160 (4 2000/40WK) € 4/871 3/194\n",
      "ocr_text_snippet": "> TALE OF THE TAPE ~ FRIDAY, SEPTEMBER 4, 2026 << * MARKET STATE: UPTREND *STOINDEXESET OL RGBST 34 NASId USD TNX/TYXA vsSd5048 = SENTIMENT: VK 105 (1 4/59 186 - i307 v03227 001 [ER sm sit 169 SBUL...",
      "output_kind": "whiteboard",
      "parsed_observations": [
        {
          "portfolio": "GRO",
          "metrics_raw": "RVAB/REBAR: 1.05 (-0.26%/-4.81%)",
          "metric_1": null,
          "metric_2": null,
          "metric_scalar": null,
          "action_text": "BUY HPE OKTA",
          "bottom_line": "3 STRONG JOBS NUMBER PAUSLS INDLXLS BUT A-1 STLCKS RALLY MON KEYS: SPX VS 21E/7800 QQQ VS 50D/21€ R2K VS 100D/50D 25> SRPSO0 KEY LEVELS <C< 7816 {8/13 INTRADAY A-T-H} 7748 THURSDAY: DOVISH TONE FUELS DAY 2 RALLY ATTFMPT 27719 TODAY: STRONG JOBS NUMBER PAUSES INDEXFS RUT A 1 STOCKS RALLY 7678 (V3 21EMA) €9/18 8/717 8/204 7/311 7667 WED: REIFF BOUNCE ATTER 3 DAYS DOWN. 7592/7606 (13 SOD/10WK) € 7/312 7/234 7/711 7/174 6/290 7142/7160 (4 2000/40WK) € 4/871 3/194",
          "parse_status": "ok",
          "issue_codes": [],
          "ocr_confidence": 66,
          "ocr_profile": "threshold"
        },
        {
          "portfolio": "TURBO",
          "metrics_raw": "RVAB/REBAR: 1.69 {-2.05%/-5.30%)",
          "metric_1": null,
          "metric_2": null,
          "metric_scalar": null,
          "action_text": "NO CHANGES",
          "bottom_line": "3 STRONG JOBS NUMBER PAUSLS INDLXLS BUT A-1 STLCKS RALLY MON KEYS: SPX VS 21E/7800 QQQ VS 50D/21€ R2K VS 100D/50D 25> SRPSO0 KEY LEVELS <C< 7816 {8/13 INTRADAY A-T-H} 7748 THURSDAY: DOVISH TONE FUELS DAY 2 RALLY ATTFMPT 27719 TODAY: STRONG JOBS NUMBER PAUSES INDEXFS RUT A 1 STOCKS RALLY 7678 (V3 21EMA) €9/18 8/717 8/204 7/311 7667 WED: REIFF BOUNCE ATTER 3 DAYS DOWN. 7592/7606 (13 SOD/10WK) € 7/312 7/234 7/711 7/174 6/290 7142/7160 (4 2000/40WK) € 4/871 3/194",
          "parse_status": "ok",
          "issue_codes": [],
          "ocr_confidence": 66,
          "ocr_profile": "threshold"
        }
      ],
      "parsed_row_count": 2,
      "phash": "946b6b94946b953c",
      "prefilter_score": -24.4,
      "prefilter_stats": {
        "brightRatio": 0.21659722222222222,
        "darkRatio": 0.6802777777777778,
        "edgeRatio": 0.09981626740159706,
        "horizontalComparisons": 14151,
        "horizontalEdgeHits": 693,
        "horizontalEdgeRatio": 0.04897180411278355,
        "meanLuma": 91.39354166666666,
        "stdDev": 93.23326733975104,
        "verticalComparisons": 14151,
        "verticalEdgeHits": 2132,
        "verticalEdgeRatio": 0.15066073069041058
      },
      "score": 97.5,
      "score_breakdown": {
        "chart_likeness": -6,
        "keyword_guard": 0,
        "ocr_confidence_bonus": 3.3,
        "pair_bonus": 4,
        "per_row_issues": 0,
        "per_row_metrics": 20,
        "text_density": 76.2
      },
      "screen_layout": "structured_whiteboard",
      "tickers": [
        "BE",
        "ETHA",
        "FCX",
        "GDXU",
        "HOOD",
        "HPE",
        "MU",
        "OKTA",
        "PLTR",
        "PURR",
        "QLD",
        "SPYM",
        "TQQQ",
        "UPRO"
      ],
      "timestamp": 1080,
      "timestamp_hms": "00:18:00"
    }
  ],
  "top_rejected_candidates": [
    {
      "confusion_with_nearby": [],
      "frame_index": 370,
      "frame_path": "C:\\Users\\admin\\Projects\\portfolio_analyzer_revere\\data\\video_scan_20260915\\ocr-20260915-p4\\ocr-20260915-p4\\ocr_probe\\frames\\20260904_20260904_bpeges-erl0_6372125f_whiteboard\\ocr\\ocr_000371.png",
      "is_intro_card": false,
      "issue_codes": [
        "MISSING_METRIC_LINE",
        "MISSING_BOTTOM_LINE",
        "LOW_OCR_CONFIDENCE"
      ],
      "low_res_frame_path": null,
      "nearest_ffmpeg_keyframe_ts": 1480.533333,
      "observed_date": null,
      "ocr_confidence": 0,
      "ocr_profile": "threshold",
      "ocr_text": "",
      "ocr_text_snippet": "",
      "output_kind": "whiteboard",
      "parsed_observations": [
        {
          "portfolio": "GRO",
          "metrics_raw": null,
          "metric_1": null,
          "metric_2": null,
          "metric_scalar": null,
          "action_text": null,
          "bottom_line": null,
          "parse_status": "review",
          "issue_codes": [
            "MISSING_METRIC_LINE",
            "MISSING_BOTTOM_LINE",
            "LOW_OCR_CONFIDENCE"
          ],
          "ocr_confidence": 0,
          "ocr_profile": "threshold"
        },
        {
          "portfolio": "TURBO",
          "metrics_raw": null,
          "metric_1": null,
          "metric_2": null,
          "metric_scalar": null,
          "action_text": null,
          "bottom_line": null,
          "parse_status": "review",
          "issue_codes": [
            "MISSING_METRIC_LINE",
            "MISSING_BOTTOM_LINE",
            "LOW_OCR_CONFIDENCE"
          ],
          "ocr_confidence": 0,
          "ocr_profile": "threshold"
        }
      ],
      "parsed_row_count": 2,
      "phash": "80ffff0000007fff",
      "prefilter_score": 10.35,
      "prefilter_stats": {
        "brightRatio": 0.9777777777777777,
        "darkRatio": 0.011111111111111112,
        "edgeRatio": 0.011306621440180907,
        "horizontalComparisons": 14151,
        "horizontalEdgeHits": 2,
        "horizontalEdgeRatio": 0.00014133276800226132,
        "meanLuma": 249.0209722222222,
        "stdDev": 27.32294729810077,
        "verticalComparisons": 14151,
        "verticalEdgeHits": 318,
        "verticalEdgeRatio": 0.02247191011235955
      },
      "score": -12,
      "score_breakdown": {
        "chart_likeness": 0,
        "keyword_guard": 0,
        "ocr_confidence_bonus": 0,
        "pair_bonus": 0,
        "per_row_issues": -12,
        "per_row_metrics": 0,
        "text_density": 0
      },
      "screen_layout": "chart",
      "tickers": [],
      "timestamp": 1480,
      "timestamp_hms": "00:24:40"
    },
    {
      "confusion_with_nearby": [],
      "frame_index": 480,
      "frame_path": "C:\\Users\\admin\\Projects\\portfolio_analyzer_revere\\data\\video_scan_20260915\\ocr-20260915-p4\\ocr-20260915-p4\\ocr_probe\\frames\\20260904_20260904_bpeges-erl0_6372125f_whiteboard\\ocr\\ocr_000481.png",
      "is_intro_card": false,
      "issue_codes": [
        "MISSING_METRIC_LINE",
        "MISSING_BOTTOM_LINE",
        "LOW_OCR_CONFIDENCE"
      ],
      "low_res_frame_path": null,
      "nearest_ffmpeg_keyframe_ts": 1920,
      "observed_date": null,
      "ocr_confidence": 33,
      "ocr_profile": "threshold",
      "ocr_text": "ee\no\nMarkeTsRsE « (ID     oy [wy oy nv om ame DBs\n© Okta Inc. Cl A                                                                     $170.55        $170.60\nComprises 115            Posts sana tty arses 170 ae     oT Roma SHOT umetcm 7     sain oan     ox sean en\nBo noo NODES + wn                Cv wma omit sence Doane ain      ors     Palani\namon              FT son Bannen OA CHGS S10 nom cin 6 we 0628 HET Ochs Lot Ut a ow EF A038\nCusomize               Nsw Boh #\nYoru re cr swentm ew | nan                                                        I.\npir         Ph a ve              Pat\n;         Fiaarans tan                                                                                     .        ES\nfA    Wwe em LP     iy                    ~ nesngecion      BEER     =\nEy    om ww 1m wen               Wy                        Cy ——                  fxd\noo    Moo i                Ih                      —  ym\nfs      Te wim amo                        Ii                          ,                                !     w\nme    anew ze                 v                  aw)          “\nones         ae am oe                                         3                                                         i                        }           i\n260   prey   “ae sz ews                    Wy                bo,          \"   \\              100\nmre am ams aw own                       [1 A        I ay    le RTT.     Ge\n1. I   CLI         Wr              Ww       3\nNoe    ho TL\nComosteruim WES CramRae fn                   ais Loe gw          pe        pi\nEPS Rating     6 Eamiogs Suprisa    w                                     SEH              al       ee       ys      «0\nRor    27 Cains si    :                        hl                                  lV      i\n3 Moth RS.    97 Sales Grown Rate.   14%                          fi\npro ET | IOS       oR A ST A VC\nFET A (ar\nGrupRS Rating 95 Refumon Equity    Ps   BE A IE es A ES\nteas A Camron     PELs ls BB BSB\nSoran    a ow       ne                                                              p      on\nUnvanme 13 mo       on                     i                               \"                 so\nna     fs     wars                                                                     un\nEe me i toc ATALE GE kaa fd       [HL       =\nDuman pesto     oan JUL\nfred    | SENN           Nn pS         EN        p     ®\nShares nFloar 166M Shon merest 2.1 Days 425.2%    RE Va   vs      ANF   NALIN Nr  7   N     Fons      n\nSr rrn  290%                    ~~ NS TNS NT VRS ees\nowe a TS OH Vr See Oe TS on Sep Tees Wr TT Sor ne rE nS Bec Vr Te oe ee\nworsnor ws mecome Neots | oo ow 4m on oor am oz am oo ow om am om om oes om nw om ow em om om ox te|  Esm\nSoe, on sn ngs is |e oe   a\nprose, par 000% wed Te | un ar ar en 0 en eT ah GSR SOD ES CE SE UY 0B a 0 ow 6 in| how\nGone Ova 3 ® a | oem taml ama aur mo wes wer wo awa ne 10 G00 S80 Seo Sao Wo no 600 Gs) enol weo TRO MEO Teno 7e> wso| ose\nToe GD RL RNEE IL nam ars am en es eso ave EERO ZF 2M 0% 0h le sw I en eB ee en sie ews]. wong\nsree Gm] Reps   Grotection 21/21 List 21 items © Usdated 05:33 PU ET asionz028                          em - O28 a\nwee Jew           a me     ome own me mer ms ol wron mioms se      come\nEX    Pv Boma       Te WE TED eee WED OW 00 mee Go\nmE\n= cop            V\nmn wm ne       so mew ws mw ow a om wy\n= Grotecion 2121 Lit           \"\n",
      "ocr_text_snippet": "ee o MarkeTsRsE « (ID oy [wy oy nv om ame DBs © Okta Inc. Cl A $170.55 $170.60 Comprises 115 Posts sana tty arses 170 ae oT Roma SHOT umetcm 7 sain oan ox sean en Bo noo NODES + wn Cv wma omit senc...",
      "output_kind": "whiteboard",
      "parsed_observations": [
        {
          "portfolio": "GRO",
          "metrics_raw": null,
          "metric_1": null,
          "metric_2": null,
          "metric_scalar": null,
          "action_text": null,
          "bottom_line": null,
          "parse_status": "review",
          "issue_codes": [
            "MISSING_METRIC_LINE",
            "MISSING_BOTTOM_LINE",
            "LOW_OCR_CONFIDENCE"
          ],
          "ocr_confidence": 33,
          "ocr_profile": "threshold"
        },
        {
          "portfolio": "TURBO",
          "metrics_raw": null,
          "metric_1": null,
          "metric_2": null,
          "metric_scalar": null,
          "action_text": null,
          "bottom_line": null,
          "parse_status": "review",
          "issue_codes": [
            "MISSING_METRIC_LINE",
            "MISSING_BOTTOM_LINE",
            "LOW_OCR_CONFIDENCE"
          ],
          "ocr_confidence": 33,
          "ocr_profile": "threshold"
        }
      ],
      "parsed_row_count": 2,
      "phash": "809e9321f304df6f",
      "prefilter_score": 13.47,
      "prefilter_stats": {
        "brightRatio": 0.7583333333333333,
        "darkRatio": 0.029444444444444443,
        "edgeRatio": 0.19217723129107483,
        "horizontalComparisons": 14151,
        "horizontalEdgeHits": 1826,
        "horizontalEdgeRatio": 0.12903681718606458,
        "meanLuma": 229.20909722222223,
        "stdDev": 40.26472764393852,
        "verticalComparisons": 14151,
        "verticalEdgeHits": 3613,
        "verticalEdgeRatio": 0.2553176453960851
      },
      "score": -25.44,
      "score_breakdown": {
        "chart_likeness": -5.090649602797445,
        "keyword_guard": -18,
        "ocr_confidence_bonus": 1.65,
        "pair_bonus": 0,
        "per_row_issues": -12,
        "per_row_metrics": 0,
        "text_density": 8
      },
      "screen_layout": "tale_of_the_tape",
      "tickers": [
        "BE",
        "OKTA",
        "TAN"
      ],
      "timestamp": 1920,
      "timestamp_hms": "00:32:00"
    },
    {
      "confusion_with_nearby": [],
      "frame_index": 130,
      "frame_path": "C:\\Users\\admin\\Projects\\portfolio_analyzer_revere\\data\\video_scan_20260915\\ocr-20260915-p4\\ocr-20260915-p4\\ocr_probe\\frames\\20260904_20260904_bpeges-erl0_6372125f_whiteboard\\ocr\\ocr_000131.png",
      "is_intro_card": false,
      "issue_codes": [
        "MISSING_METRIC_LINE",
        "MISSING_BOTTOM_LINE",
        "LOW_OCR_CONFIDENCE"
      ],
      "low_res_frame_path": null,
      "nearest_ffmpeg_keyframe_ts": 520.533333,
      "observed_date": null,
      "ocr_confidence": 32,
      "ocr_profile": "threshold",
      "ocr_text": "EE ———\nMareTsdros o (E)       x [oor weer Menow Mn om Chun. DE 0\n® U.S. Dollar Index (DXY)                                                                                          oxy Port\n:         © wstenzoo Eres                                                                                                         Con ontop er\nEO ETE RA                                          NPY   was    RE )\n\nSa                   Ti               Th An\n\n-                                     /   100.35            100\n                  wo ffl       ve i -      hi   > hy\ngl Mp                  )            LLL.\n\nN   I A  Pind \" - Wr  Lk  TH  - pe Cel    L\nNN     bf         LL NG ee ™            -\n\n! i gr TA              hia      it.        ull\ni   sin         )                       [ {ip                                          :\nx.             L                       f                                           .\n\nwis\nCss\nove\nOta it sable\nSINS zp NAC TN    RAN amie     4   w=    .\nom om ow om wow mom ow wom om om wm wm sm ow ow ww mow om ww ow mw\ni\"     \"    ww    on     or    on     wn     cof     -    oo    Sn     ww     nis    an\nScrvens.    ust    Reports.   Inter Asset Correlation 35items © Under bs 21 PM LT i9nac20z6                           Ory - WEE]\n2          Jom ov sm we     COTE CHR WE MED JS eee WISH OR ON eee SN 0\nseenemveo sed 0 CTL        oo     )     '\n2 Inter Ase] Correlation.         —  in re  Ce rt ove   —  I.   i.  ne\n",
      "ocr_text_snippet": "EE ——— MareTsdros o (E) x [oor weer Menow Mn om Chun. DE 0 ® U.S. Dollar Index (DXY) oxy Port : © wstenzoo Eres Con ontop er EO ETE RA NPY was RE ) Sa Ti Th An - / 100.35 100 wo ffl ve i - hi > hy ...",
      "output_kind": "whiteboard",
      "parsed_observations": [
        {
          "portfolio": "GRO",
          "metrics_raw": null,
          "metric_1": null,
          "metric_2": null,
          "metric_scalar": null,
          "action_text": null,
          "bottom_line": null,
          "parse_status": "review",
          "issue_codes": [
            "MISSING_METRIC_LINE",
            "MISSING_BOTTOM_LINE",
            "LOW_OCR_CONFIDENCE"
          ],
          "ocr_confidence": 32,
          "ocr_profile": "threshold"
        },
        {
          "portfolio": "TURBO",
          "metrics_raw": null,
          "metric_1": null,
          "metric_2": null,
          "metric_scalar": null,
          "action_text": null,
          "bottom_line": null,
          "parse_status": "review",
          "issue_codes": [
            "MISSING_METRIC_LINE",
            "MISSING_BOTTOM_LINE",
            "LOW_OCR_CONFIDENCE"
          ],
          "ocr_confidence": 32,
          "ocr_profile": "threshold"
        }
      ],
      "parsed_row_count": 2,
      "phash": "807107397344fcfe",
      "prefilter_score": 10.13,
      "prefilter_stats": {
        "brightRatio": 0.8497916666666666,
        "darkRatio": 0.011805555555555555,
        "edgeRatio": 0.15122606176241962,
        "horizontalComparisons": 14151,
        "horizontalEdgeHits": 1408,
        "horizontalEdgeRatio": 0.09949826867359197,
        "meanLuma": 237.19756944444444,
        "stdDev": 33.40794869127809,
        "verticalComparisons": 14151,
        "verticalEdgeHits": 2872,
        "verticalEdgeRatio": 0.20295385485124726
      },
      "score": -25.63,
      "score_breakdown": {
        "chart_likeness": -5.227913340346303,
        "keyword_guard": -18,
        "ocr_confidence_bonus": 1.6,
        "pair_bonus": 0,
        "per_row_issues": -12,
        "per_row_metrics": 0,
        "text_density": 8
      },
      "screen_layout": "tale_of_the_tape",
      "tickers": [],
      "timestamp": 520,
      "timestamp_hms": "00:08:40"
    },
    {
      "confusion_with_nearby": [],
      "frame_index": 420,
      "frame_path": "C:\\Users\\admin\\Projects\\portfolio_analyzer_revere\\data\\video_scan_20260915\\ocr-20260915-p4\\ocr-20260915-p4\\ocr_probe\\frames\\20260904_20260904_bpeges-erl0_6372125f_whiteboard\\ocr\\ocr_000421.png",
      "is_intro_card": false,
      "issue_codes": [
        "MISSING_METRIC_LINE",
        "MISSING_BOTTOM_LINE",
        "LOW_OCR_CONFIDENCE"
      ],
      "low_res_frame_path": null,
      "nearest_ffmpeg_keyframe_ts": 1681.066667,
      "observed_date": null,
      "ocr_confidence": 36,
      "ocr_profile": "threshold",
      "ocr_text": "EE ———\no\nMasersUee o EEN   x [ede Mn sD aun. D@too\n® JFrog Ltd.                                                                                                  87.01             *87.60\nComp Sur Ene @1161                                PODNe  GHGEN WDmsAgV ZS MaeCw SATB     conan oer     FROG csit18) 28%\n8 men | © rooTeREcO NDEs + DPD Ey chin sor pm         CPODeDHe MANS ODay ApS STATE 21DmATRY 64%       ts ss      [rppieiing\nsocom                a    Sumnale, CA OR Sa Med Hin TTA 12% rom pt in Zeeks 0613 PH ET OSAZ0RS Lost Ut: G00 oI ET RMR0Z6\nGuromis              EN BLE\nvere Ersm  wong seam wow | ~~ TO 2                                                       -\n2010    ow we awn os                                                           _         hs\n0    053 ew 130m) ean                                                IEE\n21    00s   Tn ees ars                                   J                     Ea\naz    oo eam ame an                  oo     EES         .                or      100\n2023          051     175     nes esa fl4—————————————————                                                                                                ho\n200    oes em ase am                                       =                Pl)         3\nmas    orm am sis om                                         pe           ni    f=\nee    om am. en an                                          Ty,                        @\nmore    Ve Del sere es\noo                           sun 50\nPTI LL    Sal               Nin 7g       Te 8s\nComposite Rating   % EPS Growth Rate   un                  FER 7 7 7                    n       _       w\nimme umm                   JE                             dp\nRS Rating     35 Earnings Stabilty    B                yr He                  -       Thee AL   -            »\nSuoanks    © SasGoampae 2%     nafs?     ANIL pra cE                           x\norn    5 remo ey |b     ra D4     x     [3      a     a     a     »\nGroup RS Rating    % Remon Equiy    oo I         LAT     EEN     =       ed        ed       =       =\nsects tg   5 Corin    sia\nSNR Rating     © Dent       \"                                                                      R    saa\nuD va Rate    13 Rao      sos                                                                          so\nsora      > pr     saoxse                                                                          ow\nfo      ET 11      Imumnimmiminmnil nmin                           w\nfa —     \" punto Sas    500\n£10m Doe      © Masri    7                                                                          w\nShares In Float   109M Shortinierest 3 Days 8.9% TTT Se TTT Se a TT    »\nShort re Font 750%          000-000-000\nE20     =     rE      gE      Ex     =     rs      gE     Er     oe\nTop RsinGy   ws trscoms  Neorrumss | 015     I     om     os     oz     wn     oar     or     prs   eso\nRegeariat. WG % So % | ands a                oy     oo      oe      .      Jo     I      .\nstaid al A PC IY      on     2      zon     ar      ox     -     so      sw   wens\nZeatiomtio. ET ® © 8% | oes wel we     nea     24    72     ws     sa     1540    we     wee sawsam\nFoon Tw 95 7      fra\nre con WNT     re     waz     =n     a     a     a     a     pe   chy\nses Lew] Rees Grotection 21/21 List 21 ems © sss 052 me ETossuzme                           om - og aa\n= own              New    ame      Prot Cum me Pies ES Ll vac micms SHR       com\nEX     Br deme        Te CRD Mm TED mo WEG WOW BN som Emo\nBE\n= Ros             '                                                                       ]\nns ex   [——   on mm ams on   El   nae   5   °   owl\n= Grotecton 21721 List            -\n",
      "ocr_text_snippet": "EE ——— o MasersUee o EEN x [ede Mn sD aun. D@too ® JFrog Ltd. 87.01 *87.60 Comp Sur Ene @1161 PODNe GHGEN WDmsAgV ZS MaeCw SATB conan oer FROG csit18) 28% 8 men | © rooTeREcO NDEs + DPD Ey chin sor...",
      "output_kind": "whiteboard",
      "parsed_observations": [
        {
          "portfolio": "GRO",
          "metrics_raw": null,
          "metric_1": null,
          "metric_2": null,
          "metric_scalar": null,
          "action_text": null,
          "bottom_line": null,
          "parse_status": "review",
          "issue_codes": [
            "MISSING_METRIC_LINE",
            "MISSING_BOTTOM_LINE",
            "LOW_OCR_CONFIDENCE"
          ],
          "ocr_confidence": 36,
          "ocr_profile": "threshold"
        },
        {
          "portfolio": "TURBO",
          "metrics_raw": null,
          "metric_1": null,
          "metric_2": null,
          "metric_scalar": null,
          "action_text": null,
          "bottom_line": null,
          "parse_status": "review",
          "issue_codes": [
            "MISSING_METRIC_LINE",
            "MISSING_BOTTOM_LINE",
            "LOW_OCR_CONFIDENCE"
          ],
          "ocr_confidence": 36,
          "ocr_profile": "threshold"
        }
      ],
      "parsed_row_count": 2,
      "phash": "80db1a31db44df6c",
      "prefilter_score": 11.34,
      "prefilter_stats": {
        "brightRatio": 0.7832638888888889,
        "darkRatio": 0.021111111111111112,
        "edgeRatio": 0.17567663062681083,
        "horizontalComparisons": 14151,
        "horizontalEdgeHits": 1620,
        "horizontalEdgeRatio": 0.11447954208183167,
        "meanLuma": 231.83125,
        "stdDev": 37.80514362555185,
        "verticalComparisons": 14151,
        "verticalEdgeHits": 3352,
        "verticalEdgeRatio": 0.23687371917178998
      },
      "score": -25.82,
      "score_breakdown": {
        "chart_likeness": -5.623302734585669,
        "keyword_guard": -18,
        "ocr_confidence_bonus": 1.8,
        "pair_bonus": 0,
        "per_row_issues": -12,
        "per_row_metrics": 0,
        "text_density": 8
      },
      "screen_layout": "tale_of_the_tape",
      "tickers": [
        "BE",
        "PL"
      ],
      "timestamp": 1680,
      "timestamp_hms": "00:28:00"
    },
    {
      "confusion_with_nearby": [],
      "frame_index": 450,
      "frame_path": "C:\\Users\\admin\\Projects\\portfolio_analyzer_revere\\data\\video_scan_20260915\\ocr-20260915-p4\\ocr-20260915-p4\\ocr_probe\\frames\\20260904_20260904_bpeges-erl0_6372125f_whiteboard\\ocr\\ocr_000451.png",
      "is_intro_card": false,
      "issue_codes": [
        "MISSING_METRIC_LINE",
        "MISSING_BOTTOM_LINE",
        "LOW_OCR_CONFIDENCE"
      ],
      "low_res_frame_path": null,
      "nearest_ffmpeg_keyframe_ts": 1800.533333,
      "observed_date": null,
      "ocr_confidence": 34,
      "ocr_profile": "threshold",
      "ocr_text": "EE —\n——                                                  o\nMarerscres     [or wor dow ov om Qu. BEEo0\n~ Cloudflare Inc. CIA                                                                                                            278.51              278.92\nComp Sur. Emre 6145)                               Fone     Bane MomsAgie.  ISMAD MaetCm  S101918     canon oa      We (35m 190%\n8 samen © rooreREoo DES + PAs chats seston wate.     EPSDwue RRND 0 Dayo Vol SSHSAZ005 21DmATR%  SAT%       ts rs      vi. 1307147 41.65%\ndonators com            va    SanFuandocn GA O52 ied High 1800 <8 fom uate G67 PM ET OMAZoZ8 Losi Undete, 0452 PM ET 09042025\nCusomize               Qs ow Woh @                                     EE     sans\nYar EPS Es Sees ComwsioRaing @\nTe xO nem coop                                                             oo)\nWo 0 ow nema Te                                                            LO\n\\                 00\n2020  012 50% 3 Monin RS Ralng 35                                             r=      =   >\nW005 Ee gyn RS Rang 87                               or           CR\na2 013 Who GoupRoRaing 5% Bi                                   \"       un ily\nam ba me a eebenang o                              ra      fH    -\nJE 0m mn 0 cues ase ath                   oss        [i    I     fit    us        ras\nme 12 Ge 5 cescowmRae wh          2am                        . \\    11  fs   .              _\nreir id                             )               Ce ——\nfh wn     [I       tt WL TITY 4 A 1% RW Aan\nads        IVAN oh i ery A     —— gf    ns aa ad | 187    -                               20\n4       ”      Hi  I     yoo      -     WJ\nPR              | \"   a       )       res                   ~\n_                   he TE                     &\n_        pe                          ~               Seo a of        peas                            a\ni.                                rk\n60 volume      wa                       Fd             Fs           we           ow\nI mmm         Timm  I     i     Hil   [ll   ilo     =\nw\n~        FN -    em RT        NS    TTT TN pe —\nmW WRB WF wh % ww BW WwW ® Fw Eh ww mw\noa       Wor     oe      san      vob     ai      ror      way      sn      Ja       I)      sb\nau Ended December 2025              P——              a Ende une 2026             Qt Ends Sopember 2076 es E93 Due 1079\n=    I]     -     [x    Ea    ws    -    [0    ES    3    -    oa    En    =]     -     ww memos\na   as   “   wns   wa   sons   “   ros   war   owt   “   sta   pe   78s    “    620 Saks. % hg\nome                     I                    ‘umm                  een                   Aer Taran\nsms Len] Rees Grotection 21/21 List 21 kems © stad co mu ET ose                          om - O08 aa\n5 aan              New    ane      (Pek Cwm Vame Pes ES oo akc mcm SWR       como\nER     LEE:        Te HWE TED ES eee WED OW 30 wee SF\nY= or wwe mT mT\n= ros             .\nnse    Gren Enero ne     se mw sen us ew sr    3    PE    = dq\n= Grotecton 21721 List\n",
      "ocr_text_snippet": "EE — —— o Marerscres [or wor dow ov om Qu. BEEo0 ~ Cloudflare Inc. CIA 278.51 278.92 Comp Sur. Emre 6145) Fone Bane MomsAgie. ISMAD MaetCm S101918 canon oa We (35m 190% 8 samen © rooreREoo DES + PA...",
      "output_kind": "whiteboard",
      "parsed_observations": [
        {
          "portfolio": "GRO",
          "metrics_raw": null,
          "metric_1": null,
          "metric_2": null,
          "metric_scalar": null,
          "action_text": null,
          "bottom_line": null,
          "parse_status": "review",
          "issue_codes": [
            "MISSING_METRIC_LINE",
            "MISSING_BOTTOM_LINE",
            "LOW_OCR_CONFIDENCE"
          ],
          "ocr_confidence": 34,
          "ocr_profile": "threshold"
        },
        {
          "portfolio": "TURBO",
          "metrics_raw": null,
          "metric_1": null,
          "metric_2": null,
          "metric_scalar": null,
          "action_text": null,
          "bottom_line": null,
          "parse_status": "review",
          "issue_codes": [
            "MISSING_METRIC_LINE",
            "MISSING_BOTTOM_LINE",
            "LOW_OCR_CONFIDENCE"
          ],
          "ocr_confidence": 34,
          "ocr_profile": "threshold"
        }
      ],
      "parsed_row_count": 2,
      "phash": "a0f79835c704e33e",
      "prefilter_score": 10.53,
      "prefilter_stats": {
        "brightRatio": 0.7757638888888889,
        "darkRatio": 0.011805555555555555,
        "edgeRatio": 0.19359055897109745,
        "horizontalComparisons": 14151,
        "horizontalEdgeHits": 1793,
        "horizontalEdgeRatio": 0.12670482651402729,
        "meanLuma": 229.84986111111112,
        "stdDev": 36.51906598663574,
        "verticalComparisons": 14151,
        "verticalEdgeHits": 3686,
        "verticalEdgeRatio": 0.26047629142816764
      },
      "score": -25.94,
      "score_breakdown": {
        "chart_likeness": -5.643136504851357,
        "keyword_guard": -18,
        "ocr_confidence_bonus": 1.7,
        "pair_bonus": 0,
        "per_row_issues": -12,
        "per_row_metrics": 0,
        "text_density": 8
      },
      "screen_layout": "tale_of_the_tape",
      "tickers": [
        "MU"
      ],
      "timestamp": 1800,
      "timestamp_hms": "00:30:00"
    }
  ],
  "whiteboard_segments": [
    {
      "capture_count": 1,
      "end_ts": 1040,
      "end_hms": "00:17:20",
      "is_intro_card": false,
      "layout": "structured_whiteboard",
      "peak_frame_index": 260,
      "peak_score": 97.69,
      "start_hms": "00:17:20",
      "start_ts": 1040
    },
    {
      "capture_count": 1,
      "end_ts": 1160,
      "end_hms": "00:19:20",
      "is_intro_card": false,
      "layout": "structured_whiteboard",
      "peak_frame_index": 290,
      "peak_score": 97.55,
      "start_hms": "00:19:20",
      "start_ts": 1160
    },
    {
      "capture_count": 1,
      "end_ts": 1320,
      "end_hms": "00:22:00",
      "is_intro_card": false,
      "layout": "structured_whiteboard",
      "peak_frame_index": 330,
      "peak_score": 97.56,
      "start_hms": "00:22:00",
      "start_ts": 1320
    }
  ],
  "log_path": "C:\\Users\\admin\\Projects\\portfolio_analyzer_revere\\data\\video_scan_20260915\\ocr-20260915-p4\\ocr-20260915-p4\\ocr_probe\\logs\\20260904_20260904_bpeges-erl0_6372125f_whiteboard.json"
}
