[fetch-captions] candidates=49 channel=qullamaggie
[fetch-captions] JNVA5cd_m7M (qullamaggie) "Speculation money is back!"
[fetch-captions] TZnX1qEiOkM (qullamaggie) "EP party!"
[fetch-captions] VdQSDGZBLQE (qullamaggie) "Market mechanics, setups and more"
[fetch-captions] SLhbpNuHegw (qullamaggie) "EPs, AI and quantum computing stocks"
[fetch-captions] C7ZZhSxYYLk (qullamaggie) "Zzzlow"
[fetch-captions] 30ksgwzWboo (qullamaggie) "Lots of fades"
[fetch-captions] no .en.vtt produced for 30ksgwzWboo (likely no auto-captions)
[fetch-captions] 1HFPeLD2zwc (qullamaggie) "AI and the shittier the stock, the bigger the move"
[fetch-captions] 2UgJ5CvVVK4 (qullamaggie) "EPs good follow through. AI and Quantum names waki"
[fetch-captions] 8Pa6cllRZNw (qullamaggie) "May 22 Stream"
[fetch-captions] no .en.vtt produced for 8Pa6cllRZNw (likely no auto-captions)
[fetch-captions] _y9Wo0eBP4A (qullamaggie) "Episodic Pivots, Kenny boy and old times"
[fetch-captions] 1AJIzXSkfyM (qullamaggie) "Episodic Pivots galore"
[fetch-captions] GdMs1y_RTnM (qullamaggie) "New BULL?"
[fetch-captions] sN_vorSS83c (qullamaggie) "Gap down and bounce day"
[fetch-captions] no .en.vtt produced for sN_vorSS83c (likely no auto-captions)
[fetch-captions] xtDinDnf3-o (qullamaggie) "Gap and fade"
[fetch-captions] no .en.vtt produced for xtDinDnf3-o (likely no auto-captions)
[fetch-captions] 9lzYgB-b9yE (qullamaggie) "I'm BACK! 2022-11-03"
[fetch-captions] faG8Mb_tV9g (qullamaggie) "Meltdown scenario or dhort term bottom?"
[fetch-captions] no .en.vtt produced for faG8Mb_tV9g (likely no auto-captions)
[fetch-captions] MWiFMdc6fBo (qullamaggie) "Speculation money coming back"
[fetch-captions] no .en.vtt produced for MWiFMdc6fBo (likely no auto-captions)
[fetch-captions] i0Iq83_54Xs (qullamaggie) "Energy sector going parabolic?"
[fetch-captions] no .en.vtt produced for i0Iq83_54Xs (likely no auto-captions)
[fetch-captions] ST8lvpOVjeM (qullamaggie) "Some things setting up"
[fetch-captions] no .en.vtt produced for ST8lvpOVjeM (likely no auto-captions)
[fetch-captions] aaIlqb7HUJQ (qullamaggie) "Some things setting up"
[fetch-captions] no .en.vtt produced for aaIlqb7HUJQ (likely no auto-captions)
[fetch-captions] Axs8VyUKFRk (qullamaggie) "Some things setting up"
[fetch-captions] no .en.vtt produced for Axs8VyUKFRk (likely no auto-captions)
[fetch-captions] eX7XDCdoa0c (qullamaggie) "How long will this bear market rally last?"
[fetch-captions] no .en.vtt produced for eX7XDCdoa0c (likely no auto-captions)
[fetch-captions] 3ZRiHbMRr0w (qullamaggie) "Big opportunity awaits"
[fetch-captions] NtIRVae1Igo (qullamaggie) "shortest stream ever?"
[fetch-captions] no .en.vtt produced for NtIRVae1Igo (likely no auto-captions)
[fetch-captions] K4PzGs13b-4 (qullamaggie) "no fat pitches"
[fetch-captions] no .en.vtt produced for K4PzGs13b-4 (likely no auto-captions)
[fetch-captions] PquLytys1k4 (qullamaggie) "patience is king"
[fetch-captions] wPMNdbuaoJc (qullamaggie) "not many setups"
[fetch-captions] no .en.vtt produced for wPMNdbuaoJc (likely no auto-captions)
[fetch-captions] Q-oK6u6tZ3M (qullamaggie) "not many setups"
[fetch-captions] no .en.vtt produced for Q-oK6u6tZ3M (likely no auto-captions)
[fetch-captions] dtFCCcfgf3Y (qullamaggie) "not many setups"
[fetch-captions] no .en.vtt produced for dtFCCcfgf3Y (likely no auto-captions)
[fetch-captions] uDfm0ClZ8yE (qullamaggie) "whoa things are slow"
[fetch-captions] no .en.vtt produced for uDfm0ClZ8yE (likely no auto-captions)
[fetch-captions] s6jdpRmrGck (qullamaggie) "patience is king"
[fetch-captions] no .en.vtt produced for s6jdpRmrGck (likely no auto-captions)
[fetch-captions] BMl5Ml24crg (qullamaggie) "give us some trends"
[fetch-captions] no .en.vtt produced for BMl5Ml24crg (likely no auto-captions)
[fetch-captions] yn2pIMXdFg8 (qullamaggie) "EP scan"
[fetch-captions] KQplQq01oy0 (qullamaggie) "portfolio straight up"
[fetch-captions] mKkOtiFjc_E (qullamaggie) "New setups emerging"
[fetch-captions] n6Gm1mLN7T0 (qullamaggie) "Fucked by the oil & gas sector this whole week"
[fetch-captions] bnPcAPjdAz4 (qullamaggie) "Not many easter setups"
[fetch-captions] TeWiXhJTeyI (qullamaggie) "Epic stream filled with wisdom on trading psycholo"
[fetch-captions] fXN3uTL01f4 (qullamaggie) "Let's go"
[fetch-captions] no .en.vtt produced for fXN3uTL01f4 (likely no auto-captions)
[fetch-captions] CkJEeFvlDzc (qullamaggie) "Waiting for setups"
[fetch-captions] no .en.vtt produced for CkJEeFvlDzc (likely no auto-captions)
[fetch-captions] B2PcGc--FnM (qullamaggie) "Big bounce - now what?"
[fetch-captions] no .en.vtt produced for B2PcGc--FnM (likely no auto-captions)
[fetch-captions] Xsk8dD6eoEA (qullamaggie) "commodities boom"
[fetch-captions] no .en.vtt produced for Xsk8dD6eoEA (likely no auto-captions)
[fetch-captions] Fsh39kp9XPM (qullamaggie) "Commodities boom"
[fetch-captions] CRvSLzJs6i8 (qullamaggie) "I'm back!"
[fetch-captions] no .en.vtt produced for CRvSLzJs6i8 (likely no auto-captions)
[fetch-captions] BAlC_cRvESM (qullamaggie) "Russia stocks going toward zero"
[fetch-captions] no .en.vtt produced for BAlC_cRvESM (likely no auto-captions)
[fetch-captions] BYPiofqBhvQ (qullamaggie) "Commodity leaders"
[fetch-captions] uX2B8fAMuLE (qullamaggie) "Back from Italy!"
[fetch-captions] X1Rp33_-R9E (qullamaggie) "Thanks for joining, see you tomorrow!"
[fetch-captions] no .en.vtt produced for X1Rp33_-R9E (likely no auto-captions)
[fetch-captions] Cd_IXyHwO3o (qullamaggie) "What does $UPST do? It goes UP! (and DOWN)"
[fetch-captions] no .en.vtt produced for Cd_IXyHwO3o (likely no auto-captions)
[fetch-captions] done: fetched=22 skipped=0 errors=27 total=49
