# cmd: node tools/scanVideoWithOcr.js --video C:\Users\admin\Projects\portfolio_analyzer_revere\data\video_pipeline\downloads_hires\20220414_mKkOtiFjc_E.mp4 --date 20220414 --output-root C:\Users\admin\Projects\portfolio_analyzer_revere\data\video_scan_20260917\qmg-ocr-20260917-missing19 --run-tag qmg-ocr-20260917-missing19 --ffmpeg-bin C:\Users\admin\AppData\Local\Microsoft\WinGet\Packages\Gyan.FFmpeg_Microsoft.Winget.Source_8wekyb3d8bbwe\ffmpeg-9.0.1-full_build\bin\ffmpeg.exe --output-kind snapshot --prefilter-profile chart_stream --basename qmg --chart-stream-parser
[scan:snapshot] ffprobe found 398 keyframe(s) for nearest-keyframe lookup
[scan:snapshot] preflighting final snapshot output extraction
[scan:snapshot] extracting sample frames from C:\Users\admin\Projects\portfolio_analyzer_revere\data\video_pipeline\downloads_hires\20220414_mKkOtiFjc_E.mp4
[scan:snapshot] extracted 529 frame(s) at 0.25 fps with width 640; starting prefilter
[scan:snapshot] prefilter 1/529 frames after 00:00:00; best prefilter 5.40 at 00:00:00
[scan:snapshot] prefilter 10/529 frames after 00:00:00; best prefilter 12.49 at 00:00:24
[scan:snapshot] prefilter 20/529 frames after 00:00:00; best prefilter 12.49 at 00:00:24
[scan:snapshot] prefilter 30/529 frames after 00:00:00; best prefilter 12.49 at 00:00:24
[scan:snapshot] prefilter 40/529 frames after 00:00:01; best prefilter 12.49 at 00:00:24
[scan:snapshot] prefilter 50/529 frames after 00:00:01; best prefilter 12.49 at 00:00:24
[scan:snapshot] prefilter 60/529 frames after 00:00:01; best prefilter 12.49 at 00:00:24
[scan:snapshot] prefilter 70/529 frames after 00:00:01; best prefilter 12.49 at 00:00:24
[scan:snapshot] prefilter 80/529 frames after 00:00:01; best prefilter 12.49 at 00:00:24
[scan:snapshot] prefilter 90/529 frames after 00:00:01; best prefilter 12.49 at 00:00:24
[scan:snapshot] prefilter 100/529 frames after 00:00:02; best prefilter 12.54 at 00:06:00
[scan:snapshot] prefilter 110/529 frames after 00:00:02; best prefilter 12.54 at 00:06:00
[scan:snapshot] prefilter 120/529 frames after 00:00:02; best prefilter 12.54 at 00:06:00
[scan:snapshot] prefilter 130/529 frames after 00:00:02; best prefilter 12.61 at 00:08:32
[scan:snapshot] prefilter 140/529 frames after 00:00:02; best prefilter 13.41 at 00:08:52
[scan:snapshot] prefilter 150/529 frames after 00:00:02; best prefilter 13.41 at 00:08:52
[scan:snapshot] prefilter 160/529 frames after 00:00:02; best prefilter 13.41 at 00:08:52
[scan:snapshot] prefilter 170/529 frames after 00:00:03; best prefilter 13.41 at 00:08:52
[scan:snapshot] prefilter 180/529 frames after 00:00:03; best prefilter 13.41 at 00:08:52
[scan:snapshot] prefilter 190/529 frames after 00:00:03; best prefilter 13.41 at 00:08:52
[scan:snapshot] prefilter 200/529 frames after 00:00:03; best prefilter 13.41 at 00:08:52
[scan:snapshot] prefilter 210/529 frames after 00:00:03; best prefilter 13.41 at 00:08:52
[scan:snapshot] prefilter 220/529 frames after 00:00:03; best prefilter 13.41 at 00:08:52
[scan:snapshot] prefilter 230/529 frames after 00:00:04; best prefilter 13.41 at 00:08:52
[scan:snapshot] prefilter 240/529 frames after 00:00:04; best prefilter 13.41 at 00:08:52
[scan:snapshot] prefilter 250/529 frames after 00:00:04; best prefilter 13.41 at 00:08:52
[scan:snapshot] prefilter 260/529 frames after 00:00:04; best prefilter 13.41 at 00:08:52
[scan:snapshot] prefilter 270/529 frames after 00:00:04; best prefilter 13.41 at 00:08:52
[scan:snapshot] prefilter 280/529 frames after 00:00:04; best prefilter 13.41 at 00:08:52
[scan:snapshot] prefilter 290/529 frames after 00:00:04; best prefilter 13.41 at 00:08:52
[scan:snapshot] prefilter 300/529 frames after 00:00:05; best prefilter 13.41 at 00:08:52
[scan:snapshot] prefilter 310/529 frames after 00:00:05; best prefilter 13.41 at 00:08:52
[scan:snapshot] prefilter 320/529 frames after 00:00:05; best prefilter 13.41 at 00:08:52
[scan:snapshot] prefilter 330/529 frames after 00:00:05; best prefilter 13.41 at 00:08:52
[scan:snapshot] prefilter 340/529 frames after 00:00:05; best prefilter 13.41 at 00:08:52
[scan:snapshot] prefilter 350/529 frames after 00:00:05; best prefilter 13.41 at 00:08:52
[scan:snapshot] prefilter 360/529 frames after 00:00:05; best prefilter 13.41 at 00:08:52
[scan:snapshot] prefilter 370/529 frames after 00:00:05; best prefilter 13.41 at 00:08:52
[scan:snapshot] prefilter 380/529 frames after 00:00:06; best prefilter 13.41 at 00:08:52
[scan:snapshot] prefilter 390/529 frames after 00:00:06; best prefilter 13.41 at 00:08:52
[scan:snapshot] prefilter 400/529 frames after 00:00:06; best prefilter 13.41 at 00:08:52
[scan:snapshot] prefilter 410/529 frames after 00:00:06; best prefilter 13.41 at 00:08:52
[scan:snapshot] prefilter 420/529 frames after 00:00:06; best prefilter 13.41 at 00:08:52
[scan:snapshot] prefilter 430/529 frames after 00:00:06; best prefilter 13.41 at 00:08:52
[scan:snapshot] prefilter 440/529 frames after 00:00:06; best prefilter 13.41 at 00:08:52
[scan:snapshot] prefilter 450/529 frames after 00:00:07; best prefilter 13.41 at 00:08:52
[scan:snapshot] prefilter 460/529 frames after 00:00:07; best prefilter 13.41 at 00:08:52
[scan:snapshot] prefilter 470/529 frames after 00:00:07; best prefilter 13.41 at 00:08:52
[scan:snapshot] prefilter 480/529 frames after 00:00:07; best prefilter 13.41 at 00:08:52
[scan:snapshot] prefilter 490/529 frames after 00:00:07; best prefilter 13.41 at 00:08:52
[scan:snapshot] prefilter 500/529 frames after 00:00:07; best prefilter 13.41 at 00:08:52
[scan:snapshot] prefilter 510/529 frames after 00:00:07; best prefilter 13.41 at 00:08:52
[scan:snapshot] prefilter 520/529 frames after 00:00:07; best prefilter 13.41 at 00:08:52
[scan:snapshot] prefilter 529/529 frames after 00:00:07; best prefilter 13.41 at 00:08:52
[scan:snapshot] prefilter kept 60/529 frame(s) for OCR; best prefilter 13.41 at 00:08:52
[scan:snapshot] extracting OCR candidates from source video at width 1280
[scan:snapshot] OCR 1/60 frames (1.7%) after 00:00:05; best score 4.40 at 00:00:00 (ocr 88.0)
[scan:snapshot] OCR 10/60 frames (16.7%) after 00:00:42; best score 4.40 at 00:00:00 (ocr 88.0)
[scan:snapshot] OCR 20/60 frames (33.3%) after 00:01:17; best score 4.40 at 00:00:00 (ocr 88.0)
[scan:snapshot] OCR 30/60 frames (50.0%) after 00:01:46; best score 4.40 at 00:00:00 (ocr 88.0)
[scan:snapshot] OCR 40/60 frames (66.7%) after 00:02:18; best score 4.40 at 00:00:00 (ocr 88.0)
[scan:snapshot] OCR 50/60 frames (83.3%) after 00:02:41; best score 4.40 at 00:00:00 (ocr 88.0)
Image too small to scale!! (2x36 vs min width of 3)
Line cannot be recognized!!
[scan:snapshot] OCR 60/60 frames (100.0%) after 00:03:08; best score 4.40 at 00:00:00 (ocr 88.0)
{
  "basename": "qmg",
  "channel": "qmg",
  "chart_stream_parser": true,
  "date_key": "20220414",
  "output_kind": "snapshot",
  "phash_region": null,
  "phash_region_fraction": {
    "xFraction": 0.7,
    "yFraction": 0.84,
    "wFraction": 0.28,
    "hFraction": 0.14
  },
  "prefilter_profile": "chart_stream",
  "video_path": "C:\\Users\\admin\\Projects\\portfolio_analyzer_revere\\data\\video_pipeline\\downloads_hires\\20220414_mKkOtiFjc_E.mp4",
  "captured_count": 3,
  "captures": [
    {
      "chart_stream": {
        "confidence": 0,
        "parse_status": "no_seed_tickers",
        "position_list": [],
        "price_action": "",
        "tickers_rejected": 0
      },
      "confusion_with_nearby": [],
      "frame_index": 200,
      "frame_path": "C:\\Users\\admin\\Projects\\portfolio_analyzer_revere\\data\\video_scan_20260917\\qmg-ocr-20260917-missing19\\qmg-ocr-20260917-missing19\\ocr_probe\\frames\\20220414_20220414_mkkotifjc_e_587dceb2_snapshot\\ocr\\ocr_000201.png",
      "is_intro_card": false,
      "issue_codes": [],
      "low_res_frame_path": null,
      "nearest_ffmpeg_keyframe_ts": 800,
      "observed_date": null,
      "ocr_confidence": 90,
      "ocr_profile": "threshold",
      "ocr_text": "PLEASE read this first > qullamaggie.com\n",
      "ocr_text_snippet": "PLEASE read this first > qullamaggie.com",
      "output_kind": "snapshot",
      "parsed_observations": [],
      "parsed_row_count": 0,
      "phash": "afa8f2e8d640f0d8",
      "phash_overlay": "c2c23dd9c19c3c97",
      "phash_region": {
        "xFraction": 0.7,
        "yFraction": 0.84,
        "wFraction": 0.28,
        "hFraction": 0.14
      },
      "prefilter_profile": null,
      "prefilter_score": 3.54,
      "prefilter_stats": {
        "brightRatio": 0,
        "darkRatio": 0.9669444444444445,
        "edgeRatio": 0.11299554801780792,
        "horizontalComparisons": 14151,
        "horizontalEdgeHits": 1272,
        "horizontalEdgeRatio": 0.0898876404494382,
        "meanLuma": 15.71888888888889,
        "stdDev": 28.231545179282634,
        "verticalComparisons": 14151,
        "verticalEdgeHits": 1926,
        "verticalEdgeRatio": 0.13610345558617765
      },
      "score": 4.5,
      "score_breakdown": null,
      "screen_layout": "chart",
      "tickers": [],
      "timestamp": 800,
      "timestamp_hms": "00:13:20",
      "output_path": "C:\\Users\\admin\\Projects\\portfolio_analyzer_revere\\data\\video_scan_20260917\\qmg-ocr-20260917-missing19\\qmg-ocr-20260917-missing19\\snapshots\\qmg_20220414.png"
    },
    {
      "chart_stream": {
        "confidence": 0,
        "parse_status": "no_seed_tickers",
        "position_list": [],
        "price_action": "",
        "tickers_rejected": 0
      },
      "confusion_with_nearby": [],
      "frame_index": 472,
      "frame_path": "C:\\Users\\admin\\Projects\\portfolio_analyzer_revere\\data\\video_scan_20260917\\qmg-ocr-20260917-missing19\\qmg-ocr-20260917-missing19\\ocr_probe\\frames\\20220414_20220414_mkkotifjc_e_587dceb2_snapshot\\ocr\\ocr_000473.png",
      "is_intro_card": false,
      "issue_codes": [],
      "low_res_frame_path": null,
      "nearest_ffmpeg_keyframe_ts": 1888,
      "observed_date": null,
      "ocr_confidence": 89,
      "ocr_profile": "threshold",
      "ocr_text": "PLEASE read this first > qullamaggie.com\n",
      "ocr_text_snippet": "PLEASE read this first > qullamaggie.com",
      "output_kind": "snapshot",
      "parsed_observations": [],
      "parsed_row_count": 0,
      "phash": "ffa8fa68d24072c8",
      "phash_overlay": "c5c53d99c30c3c97",
      "phash_region": {
        "xFraction": 0.7,
        "yFraction": 0.84,
        "wFraction": 0.28,
        "hFraction": 0.14
      },
      "prefilter_profile": null,
      "prefilter_score": 12.66,
      "prefilter_stats": {
        "brightRatio": 0.011111111111111112,
        "darkRatio": 0.9584027777777778,
        "edgeRatio": 0.10098226273761572,
        "horizontalComparisons": 14151,
        "horizontalEdgeHits": 1175,
        "horizontalEdgeRatio": 0.08303300120132853,
        "meanLuma": 15.134305555555555,
        "stdDev": 36.542504031697604,
        "verticalComparisons": 14151,
        "verticalEdgeHits": 1683,
        "verticalEdgeRatio": 0.11893152427390291
      },
      "score": 4.45,
      "score_breakdown": null,
      "screen_layout": "chart",
      "tickers": [],
      "timestamp": 1888,
      "timestamp_hms": "00:31:28",
      "output_path": "C:\\Users\\admin\\Projects\\portfolio_analyzer_revere\\data\\video_scan_20260917\\qmg-ocr-20260917-missing19\\qmg-ocr-20260917-missing19\\snapshots\\qmg_20220414_2.png"
    },
    {
      "chart_stream": {
        "confidence": 0,
        "parse_status": "no_seed_tickers",
        "position_list": [],
        "price_action": "",
        "tickers_rejected": 0
      },
      "confusion_with_nearby": [],
      "frame_index": 424,
      "frame_path": "C:\\Users\\admin\\Projects\\portfolio_analyzer_revere\\data\\video_scan_20260917\\qmg-ocr-20260917-missing19\\qmg-ocr-20260917-missing19\\ocr_probe\\frames\\20220414_20220414_mkkotifjc_e_587dceb2_snapshot\\ocr\\ocr_000425.png",
      "is_intro_card": false,
      "issue_codes": [],
      "low_res_frame_path": null,
      "nearest_ffmpeg_keyframe_ts": 1696,
      "observed_date": null,
      "ocr_confidence": 89,
      "ocr_profile": "threshold",
      "ocr_text": "PLEASE read this first > qullamaggie.com\n",
      "ocr_text_snippet": "PLEASE read this first > qullamaggie.com",
      "output_kind": "snapshot",
      "parsed_observations": [],
      "parsed_row_count": 0,
      "phash": "afe8ee60d66058e4",
      "phash_overlay": "c6c63d69c3981cc7",
      "phash_region": {
        "xFraction": 0.7,
        "yFraction": 0.84,
        "wFraction": 0.28,
        "hFraction": 0.14
      },
      "prefilter_profile": null,
      "prefilter_score": 5.22,
      "prefilter_stats": {
        "brightRatio": 0,
        "darkRatio": 0.9664583333333333,
        "edgeRatio": 0.10430358278566886,
        "horizontalComparisons": 14151,
        "horizontalEdgeHits": 1212,
        "horizontalEdgeRatio": 0.08564765740937036,
        "meanLuma": 14.266180555555556,
        "stdDev": 28.105024671768803,
        "verticalComparisons": 14151,
        "verticalEdgeHits": 1740,
        "verticalEdgeRatio": 0.12295950816196735
      },
      "score": 4.45,
      "score_breakdown": null,
      "screen_layout": "chart",
      "tickers": [],
      "timestamp": 1696,
      "timestamp_hms": "00:28:16",
      "output_path": "C:\\Users\\admin\\Projects\\portfolio_analyzer_revere\\data\\video_scan_20260917\\qmg-ocr-20260917-missing19\\qmg-ocr-20260917-missing19\\snapshots\\qmg_20220414_3.png"
    }
  ],
  "frame_count": 529,
  "frame_error_count": 0,
  "frame_errors": [],
  "max_captures_per_video": 3,
  "nearest_ffmpeg_keyframe_lookups_skipped": false,
  "nearest_ffmpeg_keyframe_pts_total": 398,
  "ocr_engine_metadata": {
    "tesseract_version": "6.0.1",
    "language": "eng",
    "dpi": 300,
    "psm": null,
    "preserve_interword_spaces": "1",
    "deskew": false
  },
  "ocr_frame_count": 60,
  "ocr_frame_width": 1280,
  "output_path": "C:\\Users\\admin\\Projects\\portfolio_analyzer_revere\\data\\video_scan_20260917\\qmg-ocr-20260917-missing19\\qmg-ocr-20260917-missing19\\snapshots\\qmg_20220414.png",
  "prefilter_best_score": 13.41,
  "review_threshold": 4,
  "sample_frame_width": 640,
  "status": "review",
  "strong_threshold": 6,
  "top_candidate": {
    "chart_stream": {
      "confidence": 0,
      "parse_status": "no_seed_tickers",
      "position_list": [],
      "price_action": "",
      "tickers_rejected": 0
    },
    "confusion_with_nearby": [],
    "frame_index": 200,
    "frame_path": "C:\\Users\\admin\\Projects\\portfolio_analyzer_revere\\data\\video_scan_20260917\\qmg-ocr-20260917-missing19\\qmg-ocr-20260917-missing19\\ocr_probe\\frames\\20220414_20220414_mkkotifjc_e_587dceb2_snapshot\\ocr\\ocr_000201.png",
    "is_intro_card": false,
    "issue_codes": [],
    "low_res_frame_path": null,
    "nearest_ffmpeg_keyframe_ts": 800,
    "observed_date": null,
    "ocr_confidence": 90,
    "ocr_profile": "threshold",
    "ocr_text": "PLEASE read this first > qullamaggie.com\n",
    "ocr_text_snippet": "PLEASE read this first > qullamaggie.com",
    "output_kind": "snapshot",
    "parsed_observations": [],
    "parsed_row_count": 0,
    "phash": "afa8f2e8d640f0d8",
    "phash_overlay": "c2c23dd9c19c3c97",
    "phash_region": {
      "xFraction": 0.7,
      "yFraction": 0.84,
      "wFraction": 0.28,
      "hFraction": 0.14
    },
    "prefilter_profile": null,
    "prefilter_score": 3.54,
    "prefilter_stats": {
      "brightRatio": 0,
      "darkRatio": 0.9669444444444445,
      "edgeRatio": 0.11299554801780792,
      "horizontalComparisons": 14151,
      "horizontalEdgeHits": 1272,
      "horizontalEdgeRatio": 0.0898876404494382,
      "meanLuma": 15.71888888888889,
      "stdDev": 28.231545179282634,
      "verticalComparisons": 14151,
      "verticalEdgeHits": 1926,
      "verticalEdgeRatio": 0.13610345558617765
    },
    "score": 4.5,
    "score_breakdown": null,
    "screen_layout": "chart",
    "tickers": [],
    "timestamp": 800,
    "timestamp_hms": "00:13:20"
  },
  "top_candidates": [
    {
      "chart_stream": {
        "confidence": 0,
        "parse_status": "no_seed_tickers",
        "position_list": [],
        "price_action": "",
        "tickers_rejected": 0
      },
      "confusion_with_nearby": [],
      "frame_index": 200,
      "frame_path": "C:\\Users\\admin\\Projects\\portfolio_analyzer_revere\\data\\video_scan_20260917\\qmg-ocr-20260917-missing19\\qmg-ocr-20260917-missing19\\ocr_probe\\frames\\20220414_20220414_mkkotifjc_e_587dceb2_snapshot\\ocr\\ocr_000201.png",
      "is_intro_card": false,
      "issue_codes": [],
      "low_res_frame_path": null,
      "nearest_ffmpeg_keyframe_ts": null,
      "observed_date": null,
      "ocr_confidence": 90,
      "ocr_profile": "threshold",
      "ocr_text": "PLEASE read this first > qullamaggie.com\n",
      "ocr_text_snippet": "PLEASE read this first > qullamaggie.com",
      "output_kind": "snapshot",
      "parsed_observations": [],
      "parsed_row_count": 0,
      "phash": "afa8f2e8d640f0d8",
      "phash_overlay": "c2c23dd9c19c3c97",
      "phash_region": {
        "xFraction": 0.7,
        "yFraction": 0.84,
        "wFraction": 0.28,
        "hFraction": 0.14
      },
      "prefilter_profile": null,
      "prefilter_score": 3.54,
      "prefilter_stats": {
        "brightRatio": 0,
        "darkRatio": 0.9669444444444445,
        "edgeRatio": 0.11299554801780792,
        "horizontalComparisons": 14151,
        "horizontalEdgeHits": 1272,
        "horizontalEdgeRatio": 0.0898876404494382,
        "meanLuma": 15.71888888888889,
        "stdDev": 28.231545179282634,
        "verticalComparisons": 14151,
        "verticalEdgeHits": 1926,
        "verticalEdgeRatio": 0.13610345558617765
      },
      "score": 4.5,
      "score_breakdown": null,
      "screen_layout": "chart",
      "tickers": [],
      "timestamp": 800,
      "timestamp_hms": "00:13:20"
    },
    {
      "chart_stream": {
        "confidence": 0,
        "parse_status": "no_seed_tickers",
        "position_list": [],
        "price_action": "",
        "tickers_rejected": 0
      },
      "confusion_with_nearby": [],
      "frame_index": 472,
      "frame_path": "C:\\Users\\admin\\Projects\\portfolio_analyzer_revere\\data\\video_scan_20260917\\qmg-ocr-20260917-missing19\\qmg-ocr-20260917-missing19\\ocr_probe\\frames\\20220414_20220414_mkkotifjc_e_587dceb2_snapshot\\ocr\\ocr_000473.png",
      "is_intro_card": false,
      "issue_codes": [],
      "low_res_frame_path": null,
      "nearest_ffmpeg_keyframe_ts": null,
      "observed_date": null,
      "ocr_confidence": 89,
      "ocr_profile": "threshold",
      "ocr_text": "PLEASE read this first > qullamaggie.com\n",
      "ocr_text_snippet": "PLEASE read this first > qullamaggie.com",
      "output_kind": "snapshot",
      "parsed_observations": [],
      "parsed_row_count": 0,
      "phash": "ffa8fa68d24072c8",
      "phash_overlay": "c5c53d99c30c3c97",
      "phash_region": {
        "xFraction": 0.7,
        "yFraction": 0.84,
        "wFraction": 0.28,
        "hFraction": 0.14
      },
      "prefilter_profile": null,
      "prefilter_score": 12.66,
      "prefilter_stats": {
        "brightRatio": 0.011111111111111112,
        "darkRatio": 0.9584027777777778,
        "edgeRatio": 0.10098226273761572,
        "horizontalComparisons": 14151,
        "horizontalEdgeHits": 1175,
        "horizontalEdgeRatio": 0.08303300120132853,
        "meanLuma": 15.134305555555555,
        "stdDev": 36.542504031697604,
        "verticalComparisons": 14151,
        "verticalEdgeHits": 1683,
        "verticalEdgeRatio": 0.11893152427390291
      },
      "score": 4.45,
      "score_breakdown": null,
      "screen_layout": "chart",
      "tickers": [],
      "timestamp": 1888,
      "timestamp_hms": "00:31:28"
    },
    {
      "chart_stream": {
        "confidence": 0,
        "parse_status": "no_seed_tickers",
        "position_list": [],
        "price_action": "",
        "tickers_rejected": 0
      },
      "confusion_with_nearby": [],
      "frame_index": 424,
      "frame_path": "C:\\Users\\admin\\Projects\\portfolio_analyzer_revere\\data\\video_scan_20260917\\qmg-ocr-20260917-missing19\\qmg-ocr-20260917-missing19\\ocr_probe\\frames\\20220414_20220414_mkkotifjc_e_587dceb2_snapshot\\ocr\\ocr_000425.png",
      "is_intro_card": false,
      "issue_codes": [],
      "low_res_frame_path": null,
      "nearest_ffmpeg_keyframe_ts": null,
      "observed_date": null,
      "ocr_confidence": 89,
      "ocr_profile": "threshold",
      "ocr_text": "PLEASE read this first > qullamaggie.com\n",
      "ocr_text_snippet": "PLEASE read this first > qullamaggie.com",
      "output_kind": "snapshot",
      "parsed_observations": [],
      "parsed_row_count": 0,
      "phash": "afe8ee60d66058e4",
      "phash_overlay": "c6c63d69c3981cc7",
      "phash_region": {
        "xFraction": 0.7,
        "yFraction": 0.84,
        "wFraction": 0.28,
        "hFraction": 0.14
      },
      "prefilter_profile": null,
      "prefilter_score": 5.22,
      "prefilter_stats": {
        "brightRatio": 0,
        "darkRatio": 0.9664583333333333,
        "edgeRatio": 0.10430358278566886,
        "horizontalComparisons": 14151,
        "horizontalEdgeHits": 1212,
        "horizontalEdgeRatio": 0.08564765740937036,
        "meanLuma": 14.266180555555556,
        "stdDev": 28.105024671768803,
        "verticalComparisons": 14151,
        "verticalEdgeHits": 1740,
        "verticalEdgeRatio": 0.12295950816196735
      },
      "score": 4.45,
      "score_breakdown": null,
      "screen_layout": "chart",
      "tickers": [],
      "timestamp": 1696,
      "timestamp_hms": "00:28:16"
    },
    {
      "chart_stream": {
        "confidence": 0,
        "parse_status": "no_seed_tickers",
        "position_list": [],
        "price_action": "",
        "tickers_rejected": 0
      },
      "confusion_with_nearby": [],
      "frame_index": 416,
      "frame_path": "C:\\Users\\admin\\Projects\\portfolio_analyzer_revere\\data\\video_scan_20260917\\qmg-ocr-20260917-missing19\\qmg-ocr-20260917-missing19\\ocr_probe\\frames\\20220414_20220414_mkkotifjc_e_587dceb2_snapshot\\ocr\\ocr_000417.png",
      "is_intro_card": false,
      "issue_codes": [],
      "low_res_frame_path": null,
      "nearest_ffmpeg_keyframe_ts": null,
      "observed_date": null,
      "ocr_confidence": 89,
      "ocr_profile": "threshold",
      "ocr_text": "PLEASE read this first > qullamaggie.com\n",
      "ocr_text_snippet": "PLEASE read this first > qullamaggie.com",
      "output_kind": "snapshot",
      "parsed_observations": [],
      "parsed_row_count": 0,
      "phash": "afe8e2e0d2607acc",
      "phash_overlay": "c6c63d69c3981cc7",
      "phash_region": {
        "xFraction": 0.7,
        "yFraction": 0.84,
        "wFraction": 0.28,
        "hFraction": 0.14
      },
      "prefilter_profile": null,
      "prefilter_score": 3.35,
      "prefilter_stats": {
        "brightRatio": 0,
        "darkRatio": 0.9689583333333334,
        "edgeRatio": 0.10882623136174122,
        "horizontalComparisons": 14151,
        "horizontalEdgeHits": 1194,
        "horizontalEdgeRatio": 0.08437566249735001,
        "meanLuma": 14.006736111111111,
        "stdDev": 27.392226120690324,
        "verticalComparisons": 14151,
        "verticalEdgeHits": 1886,
        "verticalEdgeRatio": 0.13327680022613242
      },
      "score": 4.45,
      "score_breakdown": null,
      "screen_layout": "chart",
      "tickers": [],
      "timestamp": 1664,
      "timestamp_hms": "00:27:44"
    },
    {
      "chart_stream": {
        "confidence": 0,
        "parse_status": "no_seed_tickers",
        "position_list": [],
        "price_action": "",
        "tickers_rejected": 0
      },
      "confusion_with_nearby": [],
      "frame_index": 376,
      "frame_path": "C:\\Users\\admin\\Projects\\portfolio_analyzer_revere\\data\\video_scan_20260917\\qmg-ocr-20260917-missing19\\qmg-ocr-20260917-missing19\\ocr_probe\\frames\\20220414_20220414_mkkotifjc_e_587dceb2_snapshot\\ocr\\ocr_000377.png",
      "is_intro_card": false,
      "issue_codes": [],
      "low_res_frame_path": null,
      "nearest_ffmpeg_keyframe_ts": null,
      "observed_date": null,
      "ocr_confidence": 89,
      "ocr_profile": "threshold",
      "ocr_text": "PLEASE read this first > qullamaggie.com\n",
      "ocr_text_snippet": "PLEASE read this first > qullamaggie.com",
      "output_kind": "snapshot",
      "parsed_observations": [],
      "parsed_row_count": 0,
      "phash": "bfa872e8d260f8d0",
      "phash_overlay": "c6c21dd9c19c3cd3",
      "phash_region": {
        "xFraction": 0.7,
        "yFraction": 0.84,
        "wFraction": 0.28,
        "hFraction": 0.14
      },
      "prefilter_profile": null,
      "prefilter_score": 13.13,
      "prefilter_stats": {
        "brightRatio": 0.011111111111111112,
        "darkRatio": 0.956875,
        "edgeRatio": 0.10511624620168186,
        "horizontalComparisons": 14151,
        "horizontalEdgeHits": 1325,
        "horizontalEdgeRatio": 0.09363295880149813,
        "meanLuma": 16.53375,
        "stdDev": 37.047416686723544,
        "verticalComparisons": 14151,
        "verticalEdgeHits": 1650,
        "verticalEdgeRatio": 0.11659953360186559
      },
      "score": 4.45,
      "score_breakdown": null,
      "screen_layout": "chart",
      "tickers": [],
      "timestamp": 1504,
      "timestamp_hms": "00:25:04"
    }
  ],
  "top_rejected_candidates": [
    {
      "chart_stream": {
        "confidence": 0,
        "parse_status": "no_seed_tickers",
        "position_list": [],
        "price_action": "",
        "tickers_rejected": 0
      },
      "confusion_with_nearby": [],
      "frame_index": 232,
      "frame_path": "C:\\Users\\admin\\Projects\\portfolio_analyzer_revere\\data\\video_scan_20260917\\qmg-ocr-20260917-missing19\\qmg-ocr-20260917-missing19\\ocr_probe\\frames\\20220414_20220414_mkkotifjc_e_587dceb2_snapshot\\ocr\\ocr_000233.png",
      "is_intro_card": false,
      "issue_codes": [],
      "low_res_frame_path": null,
      "nearest_ffmpeg_keyframe_ts": 928,
      "observed_date": null,
      "ocr_confidence": 76,
      "ocr_profile": "threshold",
      "ocr_text": "PLEASE read this first > gullamaggie.com\n",
      "ocr_text_snippet": "PLEASE read this first > gullamaggie.com",
      "output_kind": "snapshot",
      "parsed_observations": [],
      "parsed_row_count": 0,
      "phash": "af3972e8d640f8d0",
      "phash_overlay": "c6c21dd9c19c3c67",
      "phash_region": {
        "xFraction": 0.7,
        "yFraction": 0.84,
        "wFraction": 0.28,
        "hFraction": 0.14
      },
      "prefilter_profile": null,
      "prefilter_score": 4.67,
      "prefilter_stats": {
        "brightRatio": 0,
        "darkRatio": 0.9677777777777777,
        "edgeRatio": 0.10596424280969542,
        "horizontalComparisons": 14151,
        "horizontalEdgeHits": 1214,
        "horizontalEdgeRatio": 0.08578899017737263,
        "meanLuma": 14.308680555555556,
        "stdDev": 27.57050421058224,
        "verticalComparisons": 14151,
        "verticalEdgeHits": 1785,
        "verticalEdgeRatio": 0.12613949544201825
      },
      "score": 3.8,
      "score_breakdown": null,
      "screen_layout": "chart",
      "tickers": [],
      "timestamp": 928,
      "timestamp_hms": "00:15:28"
    },
    {
      "chart_stream": {
        "confidence": 0,
        "parse_status": "no_seed_tickers",
        "position_list": [],
        "price_action": "",
        "tickers_rejected": 0
      },
      "confusion_with_nearby": [],
      "frame_index": 48,
      "frame_path": "C:\\Users\\admin\\Projects\\portfolio_analyzer_revere\\data\\video_scan_20260917\\qmg-ocr-20260917-missing19\\qmg-ocr-20260917-missing19\\ocr_probe\\frames\\20220414_20220414_mkkotifjc_e_587dceb2_snapshot\\ocr\\ocr_000049.png",
      "is_intro_card": false,
      "issue_codes": [],
      "low_res_frame_path": null,
      "nearest_ffmpeg_keyframe_ts": 192,
      "observed_date": null,
      "ocr_confidence": 76,
      "ocr_profile": "threshold",
      "ocr_text": "[EE\nPLEASE read this first > qullamaggie.com\n",
      "ocr_text_snippet": "[EE PLEASE read this first > qullamaggie.com",
      "output_kind": "snapshot",
      "parsed_observations": [],
      "parsed_row_count": 0,
      "phash": "af28daecd630cad0",
      "phash_overlay": "c6c299d9c19c3c67",
      "phash_region": {
        "xFraction": 0.7,
        "yFraction": 0.84,
        "wFraction": 0.28,
        "hFraction": 0.14
      },
      "prefilter_profile": null,
      "prefilter_score": 6.15,
      "prefilter_stats": {
        "brightRatio": 0,
        "darkRatio": 0.9697916666666667,
        "edgeRatio": 0.10084092996961345,
        "horizontalComparisons": 14151,
        "horizontalEdgeHits": 1207,
        "horizontalEdgeRatio": 0.0852943254893647,
        "meanLuma": 13.678194444444445,
        "stdDev": 26.88725786741478,
        "verticalComparisons": 14151,
        "verticalEdgeHits": 1647,
        "verticalEdgeRatio": 0.1163875344498622
      },
      "score": 3.8,
      "score_breakdown": null,
      "screen_layout": "chart",
      "tickers": [],
      "timestamp": 192,
      "timestamp_hms": "00:03:12"
    },
    {
      "chart_stream": {
        "confidence": 0,
        "parse_status": "no_seed_tickers",
        "position_list": [],
        "price_action": "",
        "tickers_rejected": 0
      },
      "confusion_with_nearby": [],
      "frame_index": 168,
      "frame_path": "C:\\Users\\admin\\Projects\\portfolio_analyzer_revere\\data\\video_scan_20260917\\qmg-ocr-20260917-missing19\\qmg-ocr-20260917-missing19\\ocr_probe\\frames\\20220414_20220414_mkkotifjc_e_587dceb2_snapshot\\ocr\\ocr_000169.png",
      "is_intro_card": false,
      "issue_codes": [],
      "low_res_frame_path": null,
      "nearest_ffmpeg_keyframe_ts": 672,
      "observed_date": null,
      "ocr_confidence": 73,
      "ocr_profile": "threshold",
      "ocr_text": "PLEASE read this first > a.\n",
      "ocr_text_snippet": "PLEASE read this first > a.",
      "output_kind": "snapshot",
      "parsed_observations": [],
      "parsed_row_count": 0,
      "phash": "bf68b248b64cb54a",
      "phash_overlay": "c50add094bdd3c27",
      "phash_region": {
        "xFraction": 0.7,
        "yFraction": 0.84,
        "wFraction": 0.28,
        "hFraction": 0.14
      },
      "prefilter_profile": null,
      "prefilter_score": 4.79,
      "prefilter_stats": {
        "brightRatio": 0,
        "darkRatio": 0.9664583333333333,
        "edgeRatio": 0.09391562433750265,
        "horizontalComparisons": 14151,
        "horizontalEdgeHits": 1070,
        "horizontalEdgeRatio": 0.07561303088120981,
        "meanLuma": 13.579097222222222,
        "stdDev": 28.385601186879025,
        "verticalComparisons": 14151,
        "verticalEdgeHits": 1588,
        "verticalEdgeRatio": 0.1122182177937955
      },
      "score": 3.65,
      "score_breakdown": null,
      "screen_layout": "chart",
      "tickers": [],
      "timestamp": 672,
      "timestamp_hms": "00:11:12"
    }
  ],
  "whiteboard_segments": [
    {
      "capture_count": 1,
      "end_ts": 800,
      "end_hms": "00:13:20",
      "is_intro_card": false,
      "layout": "chart",
      "peak_frame_index": 200,
      "peak_score": 4.5,
      "start_hms": "00:13:20",
      "start_ts": 800
    },
    {
      "capture_count": 1,
      "end_ts": 1696,
      "end_hms": "00:28:16",
      "is_intro_card": false,
      "layout": "chart",
      "peak_frame_index": 424,
      "peak_score": 4.45,
      "start_hms": "00:28:16",
      "start_ts": 1696
    },
    {
      "capture_count": 1,
      "end_ts": 1888,
      "end_hms": "00:31:28",
      "is_intro_card": false,
      "layout": "chart",
      "peak_frame_index": 472,
      "peak_score": 4.45,
      "start_hms": "00:31:28",
      "start_ts": 1888
    }
  ],
  "log_path": "C:\\Users\\admin\\Projects\\portfolio_analyzer_revere\\data\\video_scan_20260917\\qmg-ocr-20260917-missing19\\qmg-ocr-20260917-missing19\\ocr_probe\\logs\\20220414_20220414_mkkotifjc_e_587dceb2_snapshot.json"
}
