# cmd: node tools/scanVideoWithOcr.js --video C:\Users\admin\Projects\portfolio_analyzer_revere\data\video_pipeline\downloads_hires\20220412_bnPcAPjdAz4.mp4 --date 20220412 --output-root C:\Users\admin\Projects\portfolio_analyzer_revere\data\video_scan_20260917\qmg-ocr-20260917-missing19 --run-tag qmg-ocr-20260917-missing19 --ffmpeg-bin C:\Users\admin\AppData\Local\Microsoft\WinGet\Packages\Gyan.FFmpeg_Microsoft.Winget.Source_8wekyb3d8bbwe\ffmpeg-9.0.1-full_build\bin\ffmpeg.exe --output-kind snapshot --prefilter-profile chart_stream --basename qmg --chart-stream-parser
[scan:snapshot] ffprobe found 617 keyframe(s) for nearest-keyframe lookup
[scan:snapshot] preflighting final snapshot output extraction
[scan:snapshot] extracting sample frames from C:\Users\admin\Projects\portfolio_analyzer_revere\data\video_pipeline\downloads_hires\20220412_bnPcAPjdAz4.mp4
[scan:snapshot] extracted 820 frame(s) at 0.25 fps with width 640; starting prefilter
[scan:snapshot] prefilter 1/820 frames after 00:00:00; best prefilter 11.28 at 00:00:00
[scan:snapshot] prefilter 10/820 frames after 00:00:00; best prefilter 11.33 at 00:00:16
[scan:snapshot] prefilter 20/820 frames after 00:00:00; best prefilter 12.60 at 00:01:00
[scan:snapshot] prefilter 30/820 frames after 00:00:00; best prefilter 12.60 at 00:01:00
[scan:snapshot] prefilter 40/820 frames after 00:00:00; best prefilter 12.60 at 00:01:00
[scan:snapshot] prefilter 50/820 frames after 00:00:00; best prefilter 12.60 at 00:01:00
[scan:snapshot] prefilter 60/820 frames after 00:00:01; best prefilter 12.60 at 00:01:00
[scan:snapshot] prefilter 70/820 frames after 00:00:01; best prefilter 12.60 at 00:01:00
[scan:snapshot] prefilter 80/820 frames after 00:00:01; best prefilter 12.60 at 00:01:00
[scan:snapshot] prefilter 90/820 frames after 00:00:01; best prefilter 12.60 at 00:01:00
[scan:snapshot] prefilter 100/820 frames after 00:00:01; best prefilter 12.60 at 00:01:00
[scan:snapshot] prefilter 110/820 frames after 00:00:01; best prefilter 13.09 at 00:07:04
[scan:snapshot] prefilter 120/820 frames after 00:00:01; best prefilter 13.09 at 00:07:04
[scan:snapshot] prefilter 130/820 frames after 00:00:01; best prefilter 13.09 at 00:07:04
[scan:snapshot] prefilter 140/820 frames after 00:00:01; best prefilter 13.09 at 00:07:04
[scan:snapshot] prefilter 150/820 frames after 00:00:01; best prefilter 13.09 at 00:07:04
[scan:snapshot] prefilter 160/820 frames after 00:00:02; best prefilter 13.09 at 00:07:04
[scan:snapshot] prefilter 170/820 frames after 00:00:02; best prefilter 13.09 at 00:07:04
[scan:snapshot] prefilter 180/820 frames after 00:00:02; best prefilter 13.09 at 00:07:04
[scan:snapshot] prefilter 190/820 frames after 00:00:02; best prefilter 13.09 at 00:07:04
[scan:snapshot] prefilter 200/820 frames after 00:00:02; best prefilter 13.09 at 00:07:04
[scan:snapshot] prefilter 210/820 frames after 00:00:02; best prefilter 13.09 at 00:07:04
[scan:snapshot] prefilter 220/820 frames after 00:00:02; best prefilter 13.96 at 00:14:04
[scan:snapshot] prefilter 230/820 frames after 00:00:02; best prefilter 13.96 at 00:14:04
[scan:snapshot] prefilter 240/820 frames after 00:00:02; best prefilter 13.96 at 00:14:04
[scan:snapshot] prefilter 250/820 frames after 00:00:03; best prefilter 13.96 at 00:14:04
[scan:snapshot] prefilter 260/820 frames after 00:00:03; best prefilter 14.17 at 00:16:40
[scan:snapshot] prefilter 270/820 frames after 00:00:03; best prefilter 14.17 at 00:16:40
[scan:snapshot] prefilter 280/820 frames after 00:00:03; best prefilter 14.17 at 00:16:40
[scan:snapshot] prefilter 290/820 frames after 00:00:03; best prefilter 14.17 at 00:16:40
[scan:snapshot] prefilter 300/820 frames after 00:00:03; best prefilter 14.17 at 00:16:40
[scan:snapshot] prefilter 310/820 frames after 00:00:03; best prefilter 14.17 at 00:16:40
[scan:snapshot] prefilter 320/820 frames after 00:00:04; best prefilter 14.17 at 00:16:40
[scan:snapshot] prefilter 330/820 frames after 00:00:04; best prefilter 14.17 at 00:16:40
[scan:snapshot] prefilter 340/820 frames after 00:00:04; best prefilter 14.17 at 00:16:40
[scan:snapshot] prefilter 350/820 frames after 00:00:04; best prefilter 14.17 at 00:16:40
[scan:snapshot] prefilter 360/820 frames after 00:00:04; best prefilter 14.17 at 00:16:40
[scan:snapshot] prefilter 370/820 frames after 00:00:04; best prefilter 14.17 at 00:16:40
[scan:snapshot] prefilter 380/820 frames after 00:00:04; best prefilter 14.17 at 00:16:40
[scan:snapshot] prefilter 390/820 frames after 00:00:04; best prefilter 14.17 at 00:16:40
[scan:snapshot] prefilter 400/820 frames after 00:00:04; best prefilter 14.17 at 00:16:40
[scan:snapshot] prefilter 410/820 frames after 00:00:05; best prefilter 14.17 at 00:16:40
[scan:snapshot] prefilter 420/820 frames after 00:00:05; best prefilter 14.17 at 00:16:40
[scan:snapshot] prefilter 430/820 frames after 00:00:05; best prefilter 14.17 at 00:16:40
[scan:snapshot] prefilter 440/820 frames after 00:00:05; best prefilter 14.17 at 00:16:40
[scan:snapshot] prefilter 450/820 frames after 00:00:05; best prefilter 14.17 at 00:16:40
[scan:snapshot] prefilter 460/820 frames after 00:00:05; best prefilter 14.17 at 00:16:40
[scan:snapshot] prefilter 470/820 frames after 00:00:05; best prefilter 14.17 at 00:16:40
[scan:snapshot] prefilter 480/820 frames after 00:00:05; best prefilter 14.17 at 00:16:40
[scan:snapshot] prefilter 490/820 frames after 00:00:05; best prefilter 14.17 at 00:16:40
[scan:snapshot] prefilter 500/820 frames after 00:00:06; best prefilter 14.17 at 00:16:40
[scan:snapshot] prefilter 510/820 frames after 00:00:06; best prefilter 14.37 at 00:33:44
[scan:snapshot] prefilter 520/820 frames after 00:00:06; best prefilter 14.37 at 00:33:44
[scan:snapshot] prefilter 530/820 frames after 00:00:06; best prefilter 14.37 at 00:33:44
[scan:snapshot] prefilter 540/820 frames after 00:00:06; best prefilter 14.37 at 00:33:44
[scan:snapshot] prefilter 550/820 frames after 00:00:06; best prefilter 14.37 at 00:33:44
[scan:snapshot] prefilter 560/820 frames after 00:00:06; best prefilter 14.37 at 00:33:44
[scan:snapshot] prefilter 570/820 frames after 00:00:06; best prefilter 19.07 at 00:37:44
[scan:snapshot] prefilter 580/820 frames after 00:00:06; best prefilter 19.07 at 00:37:44
[scan:snapshot] prefilter 590/820 frames after 00:00:07; best prefilter 19.07 at 00:37:44
[scan:snapshot] prefilter 600/820 frames after 00:00:07; best prefilter 19.07 at 00:37:44
[scan:snapshot] prefilter 610/820 frames after 00:00:07; best prefilter 19.07 at 00:37:44
[scan:snapshot] prefilter 620/820 frames after 00:00:07; best prefilter 19.07 at 00:37:44
[scan:snapshot] prefilter 630/820 frames after 00:00:07; best prefilter 19.07 at 00:37:44
[scan:snapshot] prefilter 640/820 frames after 00:00:07; best prefilter 19.07 at 00:37:44
[scan:snapshot] prefilter 650/820 frames after 00:00:07; best prefilter 19.07 at 00:37:44
[scan:snapshot] prefilter 660/820 frames after 00:00:07; best prefilter 19.07 at 00:37:44
[scan:snapshot] prefilter 670/820 frames after 00:00:08; best prefilter 19.07 at 00:37:44
[scan:snapshot] prefilter 680/820 frames after 00:00:08; best prefilter 19.07 at 00:37:44
[scan:snapshot] prefilter 690/820 frames after 00:00:08; best prefilter 19.07 at 00:37:44
[scan:snapshot] prefilter 700/820 frames after 00:00:08; best prefilter 19.07 at 00:37:44
[scan:snapshot] prefilter 710/820 frames after 00:00:08; best prefilter 19.07 at 00:37:44
[scan:snapshot] prefilter 720/820 frames after 00:00:08; best prefilter 19.07 at 00:37:44
[scan:snapshot] prefilter 730/820 frames after 00:00:08; best prefilter 19.07 at 00:37:44
[scan:snapshot] prefilter 740/820 frames after 00:00:08; best prefilter 19.07 at 00:37:44
[scan:snapshot] prefilter 750/820 frames after 00:00:09; best prefilter 19.07 at 00:37:44
[scan:snapshot] prefilter 760/820 frames after 00:00:09; best prefilter 19.07 at 00:37:44
[scan:snapshot] prefilter 770/820 frames after 00:00:09; best prefilter 19.07 at 00:37:44
[scan:snapshot] prefilter 780/820 frames after 00:00:09; best prefilter 19.07 at 00:37:44
[scan:snapshot] prefilter 790/820 frames after 00:00:09; best prefilter 19.07 at 00:37:44
[scan:snapshot] prefilter 800/820 frames after 00:00:09; best prefilter 19.07 at 00:37:44
[scan:snapshot] prefilter 810/820 frames after 00:00:09; best prefilter 19.07 at 00:37:44
[scan:snapshot] prefilter 820/820 frames after 00:00:09; best prefilter 19.07 at 00:37:44
[scan:snapshot] prefilter kept 60/820 frame(s) for OCR; best prefilter 19.07 at 00:37:44
[scan:snapshot] extracting OCR candidates from source video at width 1280
[scan:snapshot] OCR 1/60 frames (1.7%) after 00:00:04; best score 3.15 at 00:00:00 (ocr 63.0)
[scan:snapshot] OCR 10/60 frames (16.7%) after 00:00:35; best score 3.15 at 00:00:00 (ocr 63.0)
[scan:snapshot] OCR 20/60 frames (33.3%) after 00:01:14; best score 3.15 at 00:00:00 (ocr 63.0)
[scan:snapshot] OCR 30/60 frames (50.0%) after 00:01:52; best score 3.15 at 00:00:00 (ocr 63.0)
[scan:snapshot] OCR 40/60 frames (66.7%) after 00:02:30; best score 12.50 at 00:26:00 (ocr 30.0)
[scan:snapshot] OCR 50/60 frames (83.3%) after 00:03:27; best score 12.50 at 00:26:00 (ocr 30.0)
[scan:snapshot] OCR 60/60 frames (100.0%) after 00:04:05; best score 12.50 at 00:26:00 (ocr 30.0)
{
  "basename": "qmg",
  "channel": "qmg",
  "chart_stream_parser": true,
  "date_key": "20220412",
  "output_kind": "snapshot",
  "phash_region": null,
  "phash_region_fraction": {
    "xFraction": 0.7,
    "yFraction": 0.84,
    "wFraction": 0.28,
    "hFraction": 0.14
  },
  "prefilter_profile": "chart_stream",
  "video_path": "C:\\Users\\admin\\Projects\\portfolio_analyzer_revere\\data\\video_pipeline\\downloads_hires\\20220412_bnPcAPjdAz4.mp4",
  "captured_count": 1,
  "captures": [
    {
      "chart_stream": {
        "confidence": 0.5,
        "parse_status": "ok",
        "position_list": [
          "ON"
        ],
        "price_action": "",
        "tickers_rejected": 2
      },
      "confusion_with_nearby": [],
      "frame_index": 390,
      "frame_path": "C:\\Users\\admin\\Projects\\portfolio_analyzer_revere\\data\\video_scan_20260917\\qmg-ocr-20260917-missing19\\qmg-ocr-20260917-missing19\\ocr_probe\\frames\\20220412_20220412_bnpcapjdaz4_61e32b8a_snapshot\\ocr\\ocr_000391.png",
      "is_intro_card": false,
      "issue_codes": [],
      "low_res_frame_path": null,
      "nearest_ffmpeg_keyframe_ts": 1562.666667,
      "observed_date": null,
      "ocr_confidence": 30,
      "ocr_profile": "normalized",
      "ocr_text": "Bee Mmm Berm Gros pon Bom oe em TE a\nEr hte [wn Wr | By | Fs hc 32 2                             uy pc gn                          age\ntp J                      EES rE to —       sma se Flr\n\ni              nN                              BN\n\n=                            =           Ah  I      -\nHee                                        oe                   /       hy         a a\nfy <8              |    J        Whi = Eis\n=E                                             y=\n\nI                                                J        CE                  N                           B\n\n(     ~            /                     i)\ni        |               Jy       -              J                     -\n\\    iW  Ten     If     I        :\n\nhon LE aE Ia Riffs he I)        Jaf                  Be\nhpi” SER SH               Te                          mr\n2  on     Wo”    get = ii i    Ne          a     i |   [i                             wn Krai rmsd\nIp      s          iN            So Na                            MEE\nN=\" _~      i                        EEE\n~__ _                               A                         on [Fem\n                                        !                NER\n\nx ——                                       .      .         .         |       .                       .      preg\n\n./PLEASE read this first => qullamaggie.com\n\nLim  1 et i ee ee vn     =    li TT Eh it   =\n",
      "ocr_text_snippet": "Bee Mmm Berm Gros pon Bom oe em TE a Er hte [wn Wr | By | Fs hc 32 2 uy pc gn age tp J EES rE to — sma se Flr i nN BN = = Ah I - Hee oe / hy a a fy <8 | J Whi = Eis =E y= I J CE N B ( ~ / i) i | Jy...",
      "output_kind": "snapshot",
      "parsed_observations": [],
      "parsed_row_count": 0,
      "phash": "afb8f2e0d260f2d0",
      "phash_overlay": "c6c21dd9c19c3c67",
      "phash_region": {
        "xFraction": 0.7,
        "yFraction": 0.84,
        "wFraction": 0.28,
        "hFraction": 0.14
      },
      "prefilter_profile": null,
      "prefilter_score": 5.45,
      "prefilter_stats": {
        "brightRatio": 0,
        "darkRatio": 0.9674305555555556,
        "edgeRatio": 0.10575224365769204,
        "horizontalComparisons": 14151,
        "horizontalEdgeHits": 1253,
        "horizontalEdgeRatio": 0.08854497915341672,
        "meanLuma": 14.546319444444444,
        "stdDev": 27.845916697628912,
        "verticalComparisons": 14151,
        "verticalEdgeHits": 1740,
        "verticalEdgeRatio": 0.12295950816196735
      },
      "score": 12.5,
      "score_breakdown": null,
      "screen_layout": "tale_of_the_tape",
      "tickers": [
        "BE",
        "LI",
        "ON"
      ],
      "timestamp": 1560,
      "timestamp_hms": "00:26:00",
      "output_path": "C:\\Users\\admin\\Projects\\portfolio_analyzer_revere\\data\\video_scan_20260917\\qmg-ocr-20260917-missing19\\qmg-ocr-20260917-missing19\\snapshots\\qmg_20220412.png"
    }
  ],
  "frame_count": 820,
  "frame_error_count": 0,
  "frame_errors": [],
  "max_captures_per_video": 3,
  "nearest_ffmpeg_keyframe_lookups_skipped": false,
  "nearest_ffmpeg_keyframe_pts_total": 617,
  "ocr_engine_metadata": {
    "tesseract_version": "6.0.1",
    "language": "eng",
    "dpi": 300,
    "psm": null,
    "preserve_interword_spaces": "1",
    "deskew": false
  },
  "ocr_frame_count": 60,
  "ocr_frame_width": 1280,
  "output_path": "C:\\Users\\admin\\Projects\\portfolio_analyzer_revere\\data\\video_scan_20260917\\qmg-ocr-20260917-missing19\\qmg-ocr-20260917-missing19\\snapshots\\qmg_20220412.png",
  "prefilter_best_score": 19.07,
  "review_threshold": 4,
  "sample_frame_width": 640,
  "status": "done",
  "strong_threshold": 6,
  "top_candidate": {
    "chart_stream": {
      "confidence": 0.5,
      "parse_status": "ok",
      "position_list": [
        "ON"
      ],
      "price_action": "",
      "tickers_rejected": 2
    },
    "confusion_with_nearby": [],
    "frame_index": 390,
    "frame_path": "C:\\Users\\admin\\Projects\\portfolio_analyzer_revere\\data\\video_scan_20260917\\qmg-ocr-20260917-missing19\\qmg-ocr-20260917-missing19\\ocr_probe\\frames\\20220412_20220412_bnpcapjdaz4_61e32b8a_snapshot\\ocr\\ocr_000391.png",
    "is_intro_card": false,
    "issue_codes": [],
    "low_res_frame_path": null,
    "nearest_ffmpeg_keyframe_ts": 1562.666667,
    "observed_date": null,
    "ocr_confidence": 30,
    "ocr_profile": "normalized",
    "ocr_text": "Bee Mmm Berm Gros pon Bom oe em TE a\nEr hte [wn Wr | By | Fs hc 32 2                             uy pc gn                          age\ntp J                      EES rE to —       sma se Flr\n\ni              nN                              BN\n\n=                            =           Ah  I      -\nHee                                        oe                   /       hy         a a\nfy <8              |    J        Whi = Eis\n=E                                             y=\n\nI                                                J        CE                  N                           B\n\n(     ~            /                     i)\ni        |               Jy       -              J                     -\n\\    iW  Ten     If     I        :\n\nhon LE aE Ia Riffs he I)        Jaf                  Be\nhpi” SER SH               Te                          mr\n2  on     Wo”    get = ii i    Ne          a     i |   [i                             wn Krai rmsd\nIp      s          iN            So Na                            MEE\nN=\" _~      i                        EEE\n~__ _                               A                         on [Fem\n                                        !                NER\n\nx ——                                       .      .         .         |       .                       .      preg\n\n./PLEASE read this first => qullamaggie.com\n\nLim  1 et i ee ee vn     =    li TT Eh it   =\n",
    "ocr_text_snippet": "Bee Mmm Berm Gros pon Bom oe em TE a Er hte [wn Wr | By | Fs hc 32 2 uy pc gn age tp J EES rE to — sma se Flr i nN BN = = Ah I - Hee oe / hy a a fy <8 | J Whi = Eis =E y= I J CE N B ( ~ / i) i | Jy...",
    "output_kind": "snapshot",
    "parsed_observations": [],
    "parsed_row_count": 0,
    "phash": "afb8f2e0d260f2d0",
    "phash_overlay": "c6c21dd9c19c3c67",
    "phash_region": {
      "xFraction": 0.7,
      "yFraction": 0.84,
      "wFraction": 0.28,
      "hFraction": 0.14
    },
    "prefilter_profile": null,
    "prefilter_score": 5.45,
    "prefilter_stats": {
      "brightRatio": 0,
      "darkRatio": 0.9674305555555556,
      "edgeRatio": 0.10575224365769204,
      "horizontalComparisons": 14151,
      "horizontalEdgeHits": 1253,
      "horizontalEdgeRatio": 0.08854497915341672,
      "meanLuma": 14.546319444444444,
      "stdDev": 27.845916697628912,
      "verticalComparisons": 14151,
      "verticalEdgeHits": 1740,
      "verticalEdgeRatio": 0.12295950816196735
    },
    "score": 12.5,
    "score_breakdown": null,
    "screen_layout": "tale_of_the_tape",
    "tickers": [
      "BE",
      "LI",
      "ON"
    ],
    "timestamp": 1560,
    "timestamp_hms": "00:26:00"
  },
  "top_candidates": [
    {
      "chart_stream": {
        "confidence": 0.5,
        "parse_status": "ok",
        "position_list": [
          "ON"
        ],
        "price_action": "",
        "tickers_rejected": 2
      },
      "confusion_with_nearby": [],
      "frame_index": 390,
      "frame_path": "C:\\Users\\admin\\Projects\\portfolio_analyzer_revere\\data\\video_scan_20260917\\qmg-ocr-20260917-missing19\\qmg-ocr-20260917-missing19\\ocr_probe\\frames\\20220412_20220412_bnpcapjdaz4_61e32b8a_snapshot\\ocr\\ocr_000391.png",
      "is_intro_card": false,
      "issue_codes": [],
      "low_res_frame_path": null,
      "nearest_ffmpeg_keyframe_ts": null,
      "observed_date": null,
      "ocr_confidence": 30,
      "ocr_profile": "normalized",
      "ocr_text": "Bee Mmm Berm Gros pon Bom oe em TE a\nEr hte [wn Wr | By | Fs hc 32 2                             uy pc gn                          age\ntp J                      EES rE to —       sma se Flr\n\ni              nN                              BN\n\n=                            =           Ah  I      -\nHee                                        oe                   /       hy         a a\nfy <8              |    J        Whi = Eis\n=E                                             y=\n\nI                                                J        CE                  N                           B\n\n(     ~            /                     i)\ni        |               Jy       -              J                     -\n\\    iW  Ten     If     I        :\n\nhon LE aE Ia Riffs he I)        Jaf                  Be\nhpi” SER SH               Te                          mr\n2  on     Wo”    get = ii i    Ne          a     i |   [i                             wn Krai rmsd\nIp      s          iN            So Na                            MEE\nN=\" _~      i                        EEE\n~__ _                               A                         on [Fem\n                                        !                NER\n\nx ——                                       .      .         .         |       .                       .      preg\n\n./PLEASE read this first => qullamaggie.com\n\nLim  1 et i ee ee vn     =    li TT Eh it   =\n",
      "ocr_text_snippet": "Bee Mmm Berm Gros pon Bom oe em TE a Er hte [wn Wr | By | Fs hc 32 2 uy pc gn age tp J EES rE to — sma se Flr i nN BN = = Ah I - Hee oe / hy a a fy <8 | J Whi = Eis =E y= I J CE N B ( ~ / i) i | Jy...",
      "output_kind": "snapshot",
      "parsed_observations": [],
      "parsed_row_count": 0,
      "phash": "afb8f2e0d260f2d0",
      "phash_overlay": "c6c21dd9c19c3c67",
      "phash_region": {
        "xFraction": 0.7,
        "yFraction": 0.84,
        "wFraction": 0.28,
        "hFraction": 0.14
      },
      "prefilter_profile": null,
      "prefilter_score": 5.45,
      "prefilter_stats": {
        "brightRatio": 0,
        "darkRatio": 0.9674305555555556,
        "edgeRatio": 0.10575224365769204,
        "horizontalComparisons": 14151,
        "horizontalEdgeHits": 1253,
        "horizontalEdgeRatio": 0.08854497915341672,
        "meanLuma": 14.546319444444444,
        "stdDev": 27.845916697628912,
        "verticalComparisons": 14151,
        "verticalEdgeHits": 1740,
        "verticalEdgeRatio": 0.12295950816196735
      },
      "score": 12.5,
      "score_breakdown": null,
      "screen_layout": "tale_of_the_tape",
      "tickers": [
        "BE",
        "LI",
        "ON"
      ],
      "timestamp": 1560,
      "timestamp_hms": "00:26:00"
    },
    {
      "chart_stream": {
        "confidence": 0,
        "parse_status": "no_seed_tickers",
        "position_list": [],
        "price_action": "",
        "tickers_rejected": 0
      },
      "confusion_with_nearby": [],
      "frame_index": 299,
      "frame_path": "C:\\Users\\admin\\Projects\\portfolio_analyzer_revere\\data\\video_scan_20260917\\qmg-ocr-20260917-missing19\\qmg-ocr-20260917-missing19\\ocr_probe\\frames\\20220412_20220412_bnpcapjdaz4_61e32b8a_snapshot\\ocr\\ocr_000300.png",
      "is_intro_card": false,
      "issue_codes": [],
      "low_res_frame_path": null,
      "nearest_ffmpeg_keyframe_ts": null,
      "observed_date": null,
      "ocr_confidence": 91,
      "ocr_profile": "threshold",
      "ocr_text": "PLEASE read this first -> qullamaggie.com\n",
      "ocr_text_snippet": "PLEASE read this first -> qullamaggie.com",
      "output_kind": "snapshot",
      "parsed_observations": [],
      "parsed_row_count": 0,
      "phash": "af3872e8d260f8d8",
      "phash_overlay": "c6c29dc9c19c3c97",
      "phash_region": {
        "xFraction": 0.7,
        "yFraction": 0.84,
        "wFraction": 0.28,
        "hFraction": 0.14
      },
      "prefilter_profile": null,
      "prefilter_score": 5.21,
      "prefilter_stats": {
        "brightRatio": 0,
        "darkRatio": 0.9678472222222222,
        "edgeRatio": 0.10426824959366829,
        "horizontalComparisons": 14151,
        "horizontalEdgeHits": 1213,
        "horizontalEdgeRatio": 0.08571832379337149,
        "meanLuma": 14.171458333333334,
        "stdDev": 27.705983195290298,
        "verticalComparisons": 14151,
        "verticalEdgeHits": 1738,
        "verticalEdgeRatio": 0.12281817539396508
      },
      "score": 4.55,
      "score_breakdown": null,
      "screen_layout": "chart",
      "tickers": [],
      "timestamp": 1196,
      "timestamp_hms": "00:19:56"
    },
    {
      "chart_stream": {
        "confidence": 0,
        "parse_status": "no_seed_tickers",
        "position_list": [],
        "price_action": "",
        "tickers_rejected": 0
      },
      "confusion_with_nearby": [],
      "frame_index": 429,
      "frame_path": "C:\\Users\\admin\\Projects\\portfolio_analyzer_revere\\data\\video_scan_20260917\\qmg-ocr-20260917-missing19\\qmg-ocr-20260917-missing19\\ocr_probe\\frames\\20220412_20220412_bnpcapjdaz4_61e32b8a_snapshot\\ocr\\ocr_000430.png",
      "is_intro_card": false,
      "issue_codes": [],
      "low_res_frame_path": null,
      "nearest_ffmpeg_keyframe_ts": null,
      "observed_date": null,
      "ocr_confidence": 90,
      "ocr_profile": "threshold",
      "ocr_text": "PLEASE read this first > qullamaggie.com\n",
      "ocr_text_snippet": "PLEASE read this first > qullamaggie.com",
      "output_kind": "snapshot",
      "parsed_observations": [],
      "parsed_row_count": 0,
      "phash": "afb8f2e0d260f8d0",
      "phash_overlay": "c6c299d9c19c3c67",
      "phash_region": {
        "xFraction": 0.7,
        "yFraction": 0.84,
        "wFraction": 0.28,
        "hFraction": 0.14
      },
      "prefilter_profile": null,
      "prefilter_score": 5.8,
      "prefilter_stats": {
        "brightRatio": 0,
        "darkRatio": 0.9690277777777778,
        "edgeRatio": 0.10225425764963607,
        "horizontalComparisons": 14151,
        "horizontalEdgeHits": 1212,
        "horizontalEdgeRatio": 0.08564765740937036,
        "meanLuma": 13.745902777777777,
        "stdDev": 27.151922453759923,
        "verticalComparisons": 14151,
        "verticalEdgeHits": 1682,
        "verticalEdgeRatio": 0.11886085788990178
      },
      "score": 4.5,
      "score_breakdown": null,
      "screen_layout": "chart",
      "tickers": [],
      "timestamp": 1716,
      "timestamp_hms": "00:28:36"
    },
    {
      "chart_stream": {
        "confidence": 0,
        "parse_status": "no_seed_tickers",
        "position_list": [],
        "price_action": "",
        "tickers_rejected": 0
      },
      "confusion_with_nearby": [],
      "frame_index": 416,
      "frame_path": "C:\\Users\\admin\\Projects\\portfolio_analyzer_revere\\data\\video_scan_20260917\\qmg-ocr-20260917-missing19\\qmg-ocr-20260917-missing19\\ocr_probe\\frames\\20220412_20220412_bnpcapjdaz4_61e32b8a_snapshot\\ocr\\ocr_000417.png",
      "is_intro_card": false,
      "issue_codes": [],
      "low_res_frame_path": null,
      "nearest_ffmpeg_keyframe_ts": null,
      "observed_date": null,
      "ocr_confidence": 90,
      "ocr_profile": "threshold",
      "ocr_text": "PLEASE read this first > qullamaggie.com\n",
      "ocr_text_snippet": "PLEASE read this first > qullamaggie.com",
      "output_kind": "snapshot",
      "parsed_observations": [],
      "parsed_row_count": 0,
      "phash": "afe8f2e8d260f0d0",
      "phash_overlay": "c6c299d9c39c3c27",
      "phash_region": {
        "xFraction": 0.7,
        "yFraction": 0.84,
        "wFraction": 0.28,
        "hFraction": 0.14
      },
      "prefilter_profile": null,
      "prefilter_score": 5.91,
      "prefilter_stats": {
        "brightRatio": 0,
        "darkRatio": 0.9692361111111111,
        "edgeRatio": 0.10561091088968977,
        "horizontalComparisons": 14151,
        "horizontalEdgeHits": 1329,
        "horizontalEdgeRatio": 0.09391562433750265,
        "meanLuma": 14.125208333333333,
        "stdDev": 27.0437958193318,
        "verticalComparisons": 14151,
        "verticalEdgeHits": 1660,
        "verticalEdgeRatio": 0.1173061974418769
      },
      "score": 4.5,
      "score_breakdown": null,
      "screen_layout": "chart",
      "tickers": [],
      "timestamp": 1664,
      "timestamp_hms": "00:27:44"
    },
    {
      "chart_stream": {
        "confidence": 0,
        "parse_status": "no_seed_tickers",
        "position_list": [],
        "price_action": "",
        "tickers_rejected": 0
      },
      "confusion_with_nearby": [],
      "frame_index": 13,
      "frame_path": "C:\\Users\\admin\\Projects\\portfolio_analyzer_revere\\data\\video_scan_20260917\\qmg-ocr-20260917-missing19\\qmg-ocr-20260917-missing19\\ocr_probe\\frames\\20220412_20220412_bnpcapjdaz4_61e32b8a_snapshot\\ocr\\ocr_000014.png",
      "is_intro_card": false,
      "issue_codes": [],
      "low_res_frame_path": null,
      "nearest_ffmpeg_keyframe_ts": null,
      "observed_date": null,
      "ocr_confidence": 90,
      "ocr_profile": "threshold",
      "ocr_text": "PLEASE read this first > qullamaggie.com\n",
      "ocr_text_snippet": "PLEASE read this first > qullamaggie.com",
      "output_kind": "snapshot",
      "parsed_observations": [],
      "parsed_row_count": 0,
      "phash": "bfa8d2e8d640f0d8",
      "phash_overlay": "c2c23dc9c39c3cc7",
      "phash_region": {
        "xFraction": 0.7,
        "yFraction": 0.84,
        "wFraction": 0.28,
        "hFraction": 0.14
      },
      "prefilter_profile": null,
      "prefilter_score": 11.18,
      "prefilter_stats": {
        "brightRatio": 0.011111111111111112,
        "darkRatio": 0.9561111111111111,
        "edgeRatio": 0.11147622076178362,
        "horizontalComparisons": 14151,
        "horizontalEdgeHits": 1277,
        "horizontalEdgeRatio": 0.09024097236944385,
        "meanLuma": 17.773194444444446,
        "stdDev": 37.18529919076403,
        "verticalComparisons": 14151,
        "verticalEdgeHits": 1878,
        "verticalEdgeRatio": 0.13271146915412338
      },
      "score": 4.5,
      "score_breakdown": null,
      "screen_layout": "chart",
      "tickers": [],
      "timestamp": 52,
      "timestamp_hms": "00:00:52"
    }
  ],
  "top_rejected_candidates": [
    {
      "chart_stream": {
        "confidence": 0,
        "parse_status": "no_seed_tickers",
        "position_list": [],
        "price_action": "",
        "tickers_rejected": 0
      },
      "confusion_with_nearby": [],
      "frame_index": 299,
      "frame_path": "C:\\Users\\admin\\Projects\\portfolio_analyzer_revere\\data\\video_scan_20260917\\qmg-ocr-20260917-missing19\\qmg-ocr-20260917-missing19\\ocr_probe\\frames\\20220412_20220412_bnpcapjdaz4_61e32b8a_snapshot\\ocr\\ocr_000300.png",
      "is_intro_card": false,
      "issue_codes": [],
      "low_res_frame_path": null,
      "nearest_ffmpeg_keyframe_ts": 1194.666667,
      "observed_date": null,
      "ocr_confidence": 91,
      "ocr_profile": "threshold",
      "ocr_text": "PLEASE read this first -> qullamaggie.com\n",
      "ocr_text_snippet": "PLEASE read this first -> qullamaggie.com",
      "output_kind": "snapshot",
      "parsed_observations": [],
      "parsed_row_count": 0,
      "phash": "af3872e8d260f8d8",
      "phash_overlay": "c6c29dc9c19c3c97",
      "phash_region": {
        "xFraction": 0.7,
        "yFraction": 0.84,
        "wFraction": 0.28,
        "hFraction": 0.14
      },
      "prefilter_profile": null,
      "prefilter_score": 5.21,
      "prefilter_stats": {
        "brightRatio": 0,
        "darkRatio": 0.9678472222222222,
        "edgeRatio": 0.10426824959366829,
        "horizontalComparisons": 14151,
        "horizontalEdgeHits": 1213,
        "horizontalEdgeRatio": 0.08571832379337149,
        "meanLuma": 14.171458333333334,
        "stdDev": 27.705983195290298,
        "verticalComparisons": 14151,
        "verticalEdgeHits": 1738,
        "verticalEdgeRatio": 0.12281817539396508
      },
      "score": 4.55,
      "score_breakdown": null,
      "screen_layout": "chart",
      "tickers": [],
      "timestamp": 1196,
      "timestamp_hms": "00:19:56"
    },
    {
      "chart_stream": {
        "confidence": 0,
        "parse_status": "no_seed_tickers",
        "position_list": [],
        "price_action": "",
        "tickers_rejected": 0
      },
      "confusion_with_nearby": [],
      "frame_index": 429,
      "frame_path": "C:\\Users\\admin\\Projects\\portfolio_analyzer_revere\\data\\video_scan_20260917\\qmg-ocr-20260917-missing19\\qmg-ocr-20260917-missing19\\ocr_probe\\frames\\20220412_20220412_bnpcapjdaz4_61e32b8a_snapshot\\ocr\\ocr_000430.png",
      "is_intro_card": false,
      "issue_codes": [],
      "low_res_frame_path": null,
      "nearest_ffmpeg_keyframe_ts": 1717.333333,
      "observed_date": null,
      "ocr_confidence": 90,
      "ocr_profile": "threshold",
      "ocr_text": "PLEASE read this first > qullamaggie.com\n",
      "ocr_text_snippet": "PLEASE read this first > qullamaggie.com",
      "output_kind": "snapshot",
      "parsed_observations": [],
      "parsed_row_count": 0,
      "phash": "afb8f2e0d260f8d0",
      "phash_overlay": "c6c299d9c19c3c67",
      "phash_region": {
        "xFraction": 0.7,
        "yFraction": 0.84,
        "wFraction": 0.28,
        "hFraction": 0.14
      },
      "prefilter_profile": null,
      "prefilter_score": 5.8,
      "prefilter_stats": {
        "brightRatio": 0,
        "darkRatio": 0.9690277777777778,
        "edgeRatio": 0.10225425764963607,
        "horizontalComparisons": 14151,
        "horizontalEdgeHits": 1212,
        "horizontalEdgeRatio": 0.08564765740937036,
        "meanLuma": 13.745902777777777,
        "stdDev": 27.151922453759923,
        "verticalComparisons": 14151,
        "verticalEdgeHits": 1682,
        "verticalEdgeRatio": 0.11886085788990178
      },
      "score": 4.5,
      "score_breakdown": null,
      "screen_layout": "chart",
      "tickers": [],
      "timestamp": 1716,
      "timestamp_hms": "00:28:36"
    },
    {
      "chart_stream": {
        "confidence": 0,
        "parse_status": "no_seed_tickers",
        "position_list": [],
        "price_action": "",
        "tickers_rejected": 0
      },
      "confusion_with_nearby": [],
      "frame_index": 416,
      "frame_path": "C:\\Users\\admin\\Projects\\portfolio_analyzer_revere\\data\\video_scan_20260917\\qmg-ocr-20260917-missing19\\qmg-ocr-20260917-missing19\\ocr_probe\\frames\\20220412_20220412_bnpcapjdaz4_61e32b8a_snapshot\\ocr\\ocr_000417.png",
      "is_intro_card": false,
      "issue_codes": [],
      "low_res_frame_path": null,
      "nearest_ffmpeg_keyframe_ts": 1664,
      "observed_date": null,
      "ocr_confidence": 90,
      "ocr_profile": "threshold",
      "ocr_text": "PLEASE read this first > qullamaggie.com\n",
      "ocr_text_snippet": "PLEASE read this first > qullamaggie.com",
      "output_kind": "snapshot",
      "parsed_observations": [],
      "parsed_row_count": 0,
      "phash": "afe8f2e8d260f0d0",
      "phash_overlay": "c6c299d9c39c3c27",
      "phash_region": {
        "xFraction": 0.7,
        "yFraction": 0.84,
        "wFraction": 0.28,
        "hFraction": 0.14
      },
      "prefilter_profile": null,
      "prefilter_score": 5.91,
      "prefilter_stats": {
        "brightRatio": 0,
        "darkRatio": 0.9692361111111111,
        "edgeRatio": 0.10561091088968977,
        "horizontalComparisons": 14151,
        "horizontalEdgeHits": 1329,
        "horizontalEdgeRatio": 0.09391562433750265,
        "meanLuma": 14.125208333333333,
        "stdDev": 27.0437958193318,
        "verticalComparisons": 14151,
        "verticalEdgeHits": 1660,
        "verticalEdgeRatio": 0.1173061974418769
      },
      "score": 4.5,
      "score_breakdown": null,
      "screen_layout": "chart",
      "tickers": [],
      "timestamp": 1664,
      "timestamp_hms": "00:27:44"
    },
    {
      "chart_stream": {
        "confidence": 0,
        "parse_status": "no_seed_tickers",
        "position_list": [],
        "price_action": "",
        "tickers_rejected": 0
      },
      "confusion_with_nearby": [],
      "frame_index": 13,
      "frame_path": "C:\\Users\\admin\\Projects\\portfolio_analyzer_revere\\data\\video_scan_20260917\\qmg-ocr-20260917-missing19\\qmg-ocr-20260917-missing19\\ocr_probe\\frames\\20220412_20220412_bnpcapjdaz4_61e32b8a_snapshot\\ocr\\ocr_000014.png",
      "is_intro_card": false,
      "issue_codes": [],
      "low_res_frame_path": null,
      "nearest_ffmpeg_keyframe_ts": 53.333333,
      "observed_date": null,
      "ocr_confidence": 90,
      "ocr_profile": "threshold",
      "ocr_text": "PLEASE read this first > qullamaggie.com\n",
      "ocr_text_snippet": "PLEASE read this first > qullamaggie.com",
      "output_kind": "snapshot",
      "parsed_observations": [],
      "parsed_row_count": 0,
      "phash": "bfa8d2e8d640f0d8",
      "phash_overlay": "c2c23dc9c39c3cc7",
      "phash_region": {
        "xFraction": 0.7,
        "yFraction": 0.84,
        "wFraction": 0.28,
        "hFraction": 0.14
      },
      "prefilter_profile": null,
      "prefilter_score": 11.18,
      "prefilter_stats": {
        "brightRatio": 0.011111111111111112,
        "darkRatio": 0.9561111111111111,
        "edgeRatio": 0.11147622076178362,
        "horizontalComparisons": 14151,
        "horizontalEdgeHits": 1277,
        "horizontalEdgeRatio": 0.09024097236944385,
        "meanLuma": 17.773194444444446,
        "stdDev": 37.18529919076403,
        "verticalComparisons": 14151,
        "verticalEdgeHits": 1878,
        "verticalEdgeRatio": 0.13271146915412338
      },
      "score": 4.5,
      "score_breakdown": null,
      "screen_layout": "chart",
      "tickers": [],
      "timestamp": 52,
      "timestamp_hms": "00:00:52"
    },
    {
      "chart_stream": {
        "confidence": 0,
        "parse_status": "no_seed_tickers",
        "position_list": [],
        "price_action": "",
        "tickers_rejected": 0
      },
      "confusion_with_nearby": [],
      "frame_index": 364,
      "frame_path": "C:\\Users\\admin\\Projects\\portfolio_analyzer_revere\\data\\video_scan_20260917\\qmg-ocr-20260917-missing19\\qmg-ocr-20260917-missing19\\ocr_probe\\frames\\20220412_20220412_bnpcapjdaz4_61e32b8a_snapshot\\ocr\\ocr_000365.png",
      "is_intro_card": false,
      "issue_codes": [],
      "low_res_frame_path": null,
      "nearest_ffmpeg_keyframe_ts": 1456,
      "observed_date": null,
      "ocr_confidence": 89,
      "ocr_profile": "threshold",
      "ocr_text": "PLEASE read this first > qullamaggie.com\n",
      "ocr_text_snippet": "PLEASE read this first > qullamaggie.com",
      "output_kind": "snapshot",
      "parsed_observations": [],
      "parsed_row_count": 0,
      "phash": "afa8f2e8d260dae0",
      "phash_overlay": "c6c63dd9c1983c27",
      "phash_region": {
        "xFraction": 0.7,
        "yFraction": 0.84,
        "wFraction": 0.28,
        "hFraction": 0.14
      },
      "prefilter_profile": null,
      "prefilter_score": 4.29,
      "prefilter_stats": {
        "brightRatio": 0,
        "darkRatio": 0.9665972222222222,
        "edgeRatio": 0.10917956328174687,
        "horizontalComparisons": 14151,
        "horizontalEdgeHits": 1248,
        "horizontalEdgeRatio": 0.08819164723341107,
        "meanLuma": 14.707430555555556,
        "stdDev": 27.92607851907444,
        "verticalComparisons": 14151,
        "verticalEdgeHits": 1842,
        "verticalEdgeRatio": 0.13016747933008269
      },
      "score": 4.45,
      "score_breakdown": null,
      "screen_layout": "chart",
      "tickers": [],
      "timestamp": 1456,
      "timestamp_hms": "00:24:16"
    }
  ],
  "whiteboard_segments": [
    {
      "capture_count": 1,
      "end_ts": 1560,
      "end_hms": "00:26:00",
      "is_intro_card": false,
      "layout": "tale_of_the_tape",
      "peak_frame_index": 390,
      "peak_score": 12.5,
      "start_hms": "00:26:00",
      "start_ts": 1560
    }
  ],
  "log_path": "C:\\Users\\admin\\Projects\\portfolio_analyzer_revere\\data\\video_scan_20260917\\qmg-ocr-20260917-missing19\\qmg-ocr-20260917-missing19\\ocr_probe\\logs\\20220412_20220412_bnpcapjdaz4_61e32b8a_snapshot.json"
}
