# cmd: node tools/scanVideoWithOcr.js --video C:\Users\admin\Projects\portfolio_analyzer_revere\data\video_pipeline\downloads_hires\20220330_B2PcGc--FnM.mp4 --date 20220330 --output-root C:\Users\admin\Projects\portfolio_analyzer_revere\data\video_scan_20260917\qmg-ocr-20260917-missing19 --run-tag qmg-ocr-20260917-missing19 --ffmpeg-bin C:\Users\admin\AppData\Local\Microsoft\WinGet\Packages\Gyan.FFmpeg_Microsoft.Winget.Source_8wekyb3d8bbwe\ffmpeg-9.0.1-full_build\bin\ffmpeg.exe --output-kind snapshot --prefilter-profile chart_stream --basename qmg --chart-stream-parser
[scan:snapshot] ffprobe found 646 keyframe(s) for nearest-keyframe lookup
[scan:snapshot] preflighting final snapshot output extraction
[scan:snapshot] extracting sample frames from C:\Users\admin\Projects\portfolio_analyzer_revere\data\video_pipeline\downloads_hires\20220330_B2PcGc--FnM.mp4
[scan:snapshot] extracted 860 frame(s) at 0.25 fps with width 640; starting prefilter
[scan:snapshot] prefilter 1/860 frames after 00:00:00; best prefilter 12.69 at 00:00:00
[scan:snapshot] prefilter 10/860 frames after 00:00:00; best prefilter 12.79 at 00:00:36
[scan:snapshot] prefilter 20/860 frames after 00:00:01; best prefilter 12.79 at 00:00:36
[scan:snapshot] prefilter 30/860 frames after 00:00:01; best prefilter 12.79 at 00:00:36
[scan:snapshot] prefilter 40/860 frames after 00:00:01; best prefilter 12.79 at 00:00:36
[scan:snapshot] prefilter 50/860 frames after 00:00:02; best prefilter 12.79 at 00:00:36
[scan:snapshot] prefilter 60/860 frames after 00:00:02; best prefilter 12.79 at 00:00:36
[scan:snapshot] prefilter 70/860 frames after 00:00:02; best prefilter 12.79 at 00:00:36
[scan:snapshot] prefilter 80/860 frames after 00:00:03; best prefilter 12.79 at 00:00:36
[scan:snapshot] prefilter 90/860 frames after 00:00:03; best prefilter 12.79 at 00:00:36
[scan:snapshot] prefilter 100/860 frames after 00:00:03; best prefilter 12.79 at 00:00:36
[scan:snapshot] prefilter 110/860 frames after 00:00:04; best prefilter 12.79 at 00:00:36
[scan:snapshot] prefilter 120/860 frames after 00:00:04; best prefilter 12.79 at 00:00:36
[scan:snapshot] prefilter 130/860 frames after 00:00:04; best prefilter 12.79 at 00:00:36
[scan:snapshot] prefilter 140/860 frames after 00:00:05; best prefilter 12.79 at 00:00:36
[scan:snapshot] prefilter 150/860 frames after 00:00:05; best prefilter 14.45 at 00:09:40
[scan:snapshot] prefilter 160/860 frames after 00:00:05; best prefilter 14.45 at 00:09:40
[scan:snapshot] prefilter 170/860 frames after 00:00:06; best prefilter 14.45 at 00:09:40
[scan:snapshot] prefilter 180/860 frames after 00:00:06; best prefilter 14.45 at 00:09:40
[scan:snapshot] prefilter 190/860 frames after 00:00:07; best prefilter 14.45 at 00:09:40
[scan:snapshot] prefilter 200/860 frames after 00:00:07; best prefilter 14.45 at 00:09:40
[scan:snapshot] prefilter 210/860 frames after 00:00:07; best prefilter 14.45 at 00:09:40
[scan:snapshot] prefilter 220/860 frames after 00:00:08; best prefilter 14.45 at 00:09:40
[scan:snapshot] prefilter 230/860 frames after 00:00:08; best prefilter 14.71 at 00:14:40
[scan:snapshot] prefilter 240/860 frames after 00:00:08; best prefilter 14.71 at 00:14:40
[scan:snapshot] prefilter 250/860 frames after 00:00:09; best prefilter 14.71 at 00:14:40
[scan:snapshot] prefilter 260/860 frames after 00:00:09; best prefilter 14.71 at 00:14:40
[scan:snapshot] prefilter 270/860 frames after 00:00:09; best prefilter 14.71 at 00:14:40
[scan:snapshot] prefilter 280/860 frames after 00:00:10; best prefilter 14.71 at 00:14:40
[scan:snapshot] prefilter 290/860 frames after 00:00:10; best prefilter 14.71 at 00:14:40
[scan:snapshot] prefilter 300/860 frames after 00:00:10; best prefilter 14.71 at 00:14:40
[scan:snapshot] prefilter 310/860 frames after 00:00:10; best prefilter 14.71 at 00:14:40
[scan:snapshot] prefilter 320/860 frames after 00:00:11; best prefilter 14.71 at 00:14:40
[scan:snapshot] prefilter 330/860 frames after 00:00:11; best prefilter 14.71 at 00:14:40
[scan:snapshot] prefilter 340/860 frames after 00:00:11; best prefilter 14.71 at 00:14:40
[scan:snapshot] prefilter 350/860 frames after 00:00:12; best prefilter 14.71 at 00:14:40
[scan:snapshot] prefilter 360/860 frames after 00:00:12; best prefilter 14.71 at 00:14:40
[scan:snapshot] prefilter 370/860 frames after 00:00:12; best prefilter 14.71 at 00:14:40
[scan:snapshot] prefilter 380/860 frames after 00:00:13; best prefilter 14.71 at 00:14:40
[scan:snapshot] prefilter 390/860 frames after 00:00:13; best prefilter 14.71 at 00:14:40
[scan:snapshot] prefilter 400/860 frames after 00:00:13; best prefilter 14.71 at 00:14:40
[scan:snapshot] prefilter 410/860 frames after 00:00:14; best prefilter 14.71 at 00:14:40
[scan:snapshot] prefilter 420/860 frames after 00:00:14; best prefilter 14.71 at 00:14:40
[scan:snapshot] prefilter 430/860 frames after 00:00:14; best prefilter 14.71 at 00:14:40
[scan:snapshot] prefilter 440/860 frames after 00:00:15; best prefilter 14.71 at 00:14:40
[scan:snapshot] prefilter 450/860 frames after 00:00:15; best prefilter 14.71 at 00:14:40
[scan:snapshot] prefilter 460/860 frames after 00:00:15; best prefilter 14.71 at 00:14:40
[scan:snapshot] prefilter 470/860 frames after 00:00:16; best prefilter 14.71 at 00:14:40
[scan:snapshot] prefilter 480/860 frames after 00:00:16; best prefilter 14.71 at 00:14:40
[scan:snapshot] prefilter 490/860 frames after 00:00:16; best prefilter 14.71 at 00:14:40
[scan:snapshot] prefilter 500/860 frames after 00:00:17; best prefilter 14.71 at 00:14:40
[scan:snapshot] prefilter 510/860 frames after 00:00:17; best prefilter 14.71 at 00:14:40
[scan:snapshot] prefilter 520/860 frames after 00:00:17; best prefilter 14.71 at 00:14:40
[scan:snapshot] prefilter 530/860 frames after 00:00:18; best prefilter 14.71 at 00:14:40
[scan:snapshot] prefilter 540/860 frames after 00:00:18; best prefilter 14.71 at 00:14:40
[scan:snapshot] prefilter 550/860 frames after 00:00:18; best prefilter 14.71 at 00:14:40
[scan:snapshot] prefilter 560/860 frames after 00:00:19; best prefilter 14.71 at 00:14:40
[scan:snapshot] prefilter 570/860 frames after 00:00:19; best prefilter 14.71 at 00:14:40
[scan:snapshot] prefilter 580/860 frames after 00:00:19; best prefilter 14.71 at 00:14:40
[scan:snapshot] prefilter 590/860 frames after 00:00:20; best prefilter 14.71 at 00:14:40
[scan:snapshot] prefilter 600/860 frames after 00:00:20; best prefilter 14.71 at 00:14:40
[scan:snapshot] prefilter 610/860 frames after 00:00:21; best prefilter 14.71 at 00:14:40
[scan:snapshot] prefilter 620/860 frames after 00:00:21; best prefilter 14.71 at 00:14:40
[scan:snapshot] prefilter 630/860 frames after 00:00:21; best prefilter 14.71 at 00:14:40
[scan:snapshot] prefilter 640/860 frames after 00:00:22; best prefilter 14.71 at 00:14:40
[scan:snapshot] prefilter 650/860 frames after 00:00:22; best prefilter 16.60 at 00:43:12
[scan:snapshot] prefilter 660/860 frames after 00:00:22; best prefilter 16.60 at 00:43:12
[scan:snapshot] prefilter 670/860 frames after 00:00:23; best prefilter 16.60 at 00:43:12
[scan:snapshot] prefilter 680/860 frames after 00:00:23; best prefilter 16.60 at 00:43:12
[scan:snapshot] prefilter 690/860 frames after 00:00:23; best prefilter 16.60 at 00:43:12
[scan:snapshot] prefilter 700/860 frames after 00:00:24; best prefilter 16.60 at 00:43:12
[scan:snapshot] prefilter 710/860 frames after 00:00:24; best prefilter 16.60 at 00:43:12
[scan:snapshot] prefilter 720/860 frames after 00:00:25; best prefilter 16.60 at 00:43:12
[scan:snapshot] prefilter 730/860 frames after 00:00:25; best prefilter 16.60 at 00:43:12
[scan:snapshot] prefilter 740/860 frames after 00:00:25; best prefilter 16.60 at 00:43:12
[scan:snapshot] prefilter 750/860 frames after 00:00:26; best prefilter 16.60 at 00:43:12
[scan:snapshot] prefilter 760/860 frames after 00:00:26; best prefilter 16.60 at 00:43:12
[scan:snapshot] prefilter 770/860 frames after 00:00:26; best prefilter 16.60 at 00:43:12
[scan:snapshot] prefilter 780/860 frames after 00:00:27; best prefilter 16.60 at 00:43:12
[scan:snapshot] prefilter 790/860 frames after 00:00:27; best prefilter 16.60 at 00:43:12
[scan:snapshot] prefilter 800/860 frames after 00:00:27; best prefilter 16.60 at 00:43:12
[scan:snapshot] prefilter 810/860 frames after 00:00:28; best prefilter 16.60 at 00:43:12
[scan:snapshot] prefilter 820/860 frames after 00:00:28; best prefilter 16.60 at 00:43:12
[scan:snapshot] prefilter 830/860 frames after 00:00:28; best prefilter 16.60 at 00:43:12
[scan:snapshot] prefilter 840/860 frames after 00:00:29; best prefilter 16.60 at 00:43:12
[scan:snapshot] prefilter 850/860 frames after 00:00:29; best prefilter 16.60 at 00:43:12
[scan:snapshot] prefilter 860/860 frames after 00:00:29; best prefilter 16.60 at 00:43:12
[scan:snapshot] prefilter kept 60/860 frame(s) for OCR; best prefilter 16.60 at 00:43:12
[scan:snapshot] extracting OCR candidates from source video at width 1280
[scan:snapshot] OCR 1/60 frames (1.7%) after 00:00:11; best score 3.75 at 00:00:00 (ocr 75.0)
[scan:snapshot] OCR 10/60 frames (16.7%) after 00:01:04; best score 3.75 at 00:00:00 (ocr 75.0)
[scan:snapshot] OCR 20/60 frames (33.3%) after 00:01:39; best score 3.75 at 00:00:00 (ocr 75.0)
[scan:snapshot] OCR 30/60 frames (50.0%) after 00:02:16; best score 3.75 at 00:00:00 (ocr 75.0)
[scan:snapshot] OCR 40/60 frames (66.7%) after 00:02:54; best score 3.75 at 00:00:00 (ocr 75.0)
[scan:snapshot] OCR 50/60 frames (83.3%) after 00:03:27; best score 3.75 at 00:00:00 (ocr 75.0)
[scan:snapshot] OCR 60/60 frames (100.0%) after 00:04:32; best score 3.75 at 00:00:00 (ocr 75.0)
{
  "basename": "qmg",
  "channel": "qmg",
  "chart_stream_parser": true,
  "date_key": "20220330",
  "output_kind": "snapshot",
  "phash_region": null,
  "phash_region_fraction": {
    "xFraction": 0.7,
    "yFraction": 0.84,
    "wFraction": 0.28,
    "hFraction": 0.14
  },
  "prefilter_profile": "chart_stream",
  "video_path": "C:\\Users\\admin\\Projects\\portfolio_analyzer_revere\\data\\video_pipeline\\downloads_hires\\20220330_B2PcGc--FnM.mp4",
  "captured_count": 3,
  "captures": [
    {
      "chart_stream": {
        "confidence": 0,
        "parse_status": "no_seed_tickers",
        "position_list": [],
        "price_action": "",
        "tickers_rejected": 0
      },
      "confusion_with_nearby": [],
      "frame_index": 154,
      "frame_path": "C:\\Users\\admin\\Projects\\portfolio_analyzer_revere\\data\\video_scan_20260917\\qmg-ocr-20260917-missing19\\qmg-ocr-20260917-missing19\\ocr_probe\\frames\\20220330_20220330_b2pcgc--fnm_baa8e308_snapshot\\ocr\\ocr_000155.png",
      "is_intro_card": false,
      "issue_codes": [],
      "low_res_frame_path": null,
      "nearest_ffmpeg_keyframe_ts": 618.666667,
      "observed_date": null,
      "ocr_confidence": 93,
      "ocr_profile": "threshold",
      "ocr_text": "PLEASE read this first -> qullamaggie.com\n",
      "ocr_text_snippet": "PLEASE read this first -> qullamaggie.com",
      "output_kind": "snapshot",
      "parsed_observations": [],
      "parsed_row_count": 0,
      "phash": "af3933accc2133cc",
      "phash_overlay": "c6c23dc9c19c3cc7",
      "phash_region": {
        "xFraction": 0.7,
        "yFraction": 0.84,
        "wFraction": 0.28,
        "hFraction": 0.14
      },
      "prefilter_profile": null,
      "prefilter_score": 5.77,
      "prefilter_stats": {
        "brightRatio": 0,
        "darkRatio": 0.9658333333333333,
        "edgeRatio": 0.10571691046569147,
        "horizontalComparisons": 14151,
        "horizontalEdgeHits": 1270,
        "horizontalEdgeRatio": 0.08974630768143595,
        "meanLuma": 14.612569444444444,
        "stdDev": 28.012603221251833,
        "verticalComparisons": 14151,
        "verticalEdgeHits": 1722,
        "verticalEdgeRatio": 0.121687513249947
      },
      "score": 4.65,
      "score_breakdown": null,
      "screen_layout": "chart",
      "tickers": [],
      "timestamp": 616,
      "timestamp_hms": "00:10:16",
      "output_path": "C:\\Users\\admin\\Projects\\portfolio_analyzer_revere\\data\\video_scan_20260917\\qmg-ocr-20260917-missing19\\qmg-ocr-20260917-missing19\\snapshots\\qmg_20220330.png"
    },
    {
      "chart_stream": {
        "confidence": 0,
        "parse_status": "no_seed_tickers",
        "position_list": [],
        "price_action": "",
        "tickers_rejected": 0
      },
      "confusion_with_nearby": [],
      "frame_index": 462,
      "frame_path": "C:\\Users\\admin\\Projects\\portfolio_analyzer_revere\\data\\video_scan_20260917\\qmg-ocr-20260917-missing19\\qmg-ocr-20260917-missing19\\ocr_probe\\frames\\20220330_20220330_b2pcgc--fnm_baa8e308_snapshot\\ocr\\ocr_000463.png",
      "is_intro_card": false,
      "issue_codes": [],
      "low_res_frame_path": null,
      "nearest_ffmpeg_keyframe_ts": 1850.666667,
      "observed_date": null,
      "ocr_confidence": 92,
      "ocr_profile": "threshold",
      "ocr_text": "PLEASE read this first -> qullamaggie.com\n",
      "ocr_text_snippet": "PLEASE read this first -> qullamaggie.com",
      "output_kind": "snapshot",
      "parsed_observations": [],
      "parsed_row_count": 0,
      "phash": "ae2873cccc3333cc",
      "phash_overlay": "c6c43dd9c19c3c27",
      "phash_region": {
        "xFraction": 0.7,
        "yFraction": 0.84,
        "wFraction": 0.28,
        "hFraction": 0.14
      },
      "prefilter_profile": null,
      "prefilter_score": 6.16,
      "prefilter_stats": {
        "brightRatio": 0,
        "darkRatio": 0.9400694444444444,
        "edgeRatio": 0.108437566249735,
        "horizontalComparisons": 14151,
        "horizontalEdgeHits": 1280,
        "horizontalEdgeRatio": 0.09045297152144725,
        "meanLuma": 19.493194444444445,
        "stdDev": 38.49593533111966,
        "verticalComparisons": 14151,
        "verticalEdgeHits": 1789,
        "verticalEdgeRatio": 0.12642216097802275
      },
      "score": 4.6,
      "score_breakdown": null,
      "screen_layout": "chart",
      "tickers": [],
      "timestamp": 1848,
      "timestamp_hms": "00:30:48",
      "output_path": "C:\\Users\\admin\\Projects\\portfolio_analyzer_revere\\data\\video_scan_20260917\\qmg-ocr-20260917-missing19\\qmg-ocr-20260917-missing19\\snapshots\\qmg_20220330_2.png"
    },
    {
      "chart_stream": {
        "confidence": 0,
        "parse_status": "no_seed_tickers",
        "position_list": [],
        "price_action": "",
        "tickers_rejected": 0
      },
      "confusion_with_nearby": [],
      "frame_index": 196,
      "frame_path": "C:\\Users\\admin\\Projects\\portfolio_analyzer_revere\\data\\video_scan_20260917\\qmg-ocr-20260917-missing19\\qmg-ocr-20260917-missing19\\ocr_probe\\frames\\20220330_20220330_b2pcgc--fnm_baa8e308_snapshot\\ocr\\ocr_000197.png",
      "is_intro_card": false,
      "issue_codes": [],
      "low_res_frame_path": null,
      "nearest_ffmpeg_keyframe_ts": 784,
      "observed_date": null,
      "ocr_confidence": 90,
      "ocr_profile": "threshold",
      "ocr_text": "PLEASE read this first > qullamaggie.com\n",
      "ocr_text_snippet": "PLEASE read this first > qullamaggie.com",
      "output_kind": "snapshot",
      "parsed_observations": [],
      "parsed_row_count": 0,
      "phash": "afa8f2e8f238f0c0",
      "phash_overlay": "c6c699d9c19c3c47",
      "phash_region": {
        "xFraction": 0.7,
        "yFraction": 0.84,
        "wFraction": 0.28,
        "hFraction": 0.14
      },
      "prefilter_profile": null,
      "prefilter_score": 5.76,
      "prefilter_stats": {
        "brightRatio": 0,
        "darkRatio": 0.9695833333333334,
        "edgeRatio": 0.10571691046569147,
        "horizontalComparisons": 14151,
        "horizontalEdgeHits": 1275,
        "horizontalEdgeRatio": 0.0900996396014416,
        "meanLuma": 13.99798611111111,
        "stdDev": 26.982619073310186,
        "verticalComparisons": 14151,
        "verticalEdgeHits": 1717,
        "verticalEdgeRatio": 0.12133418132994135
      },
      "score": 4.5,
      "score_breakdown": null,
      "screen_layout": "chart",
      "tickers": [],
      "timestamp": 784,
      "timestamp_hms": "00:13:04",
      "output_path": "C:\\Users\\admin\\Projects\\portfolio_analyzer_revere\\data\\video_scan_20260917\\qmg-ocr-20260917-missing19\\qmg-ocr-20260917-missing19\\snapshots\\qmg_20220330_3.png"
    }
  ],
  "frame_count": 860,
  "frame_error_count": 0,
  "frame_errors": [],
  "max_captures_per_video": 3,
  "nearest_ffmpeg_keyframe_lookups_skipped": false,
  "nearest_ffmpeg_keyframe_pts_total": 646,
  "ocr_engine_metadata": {
    "tesseract_version": "6.0.1",
    "language": "eng",
    "dpi": 300,
    "psm": null,
    "preserve_interword_spaces": "1",
    "deskew": false
  },
  "ocr_frame_count": 60,
  "ocr_frame_width": 1280,
  "output_path": "C:\\Users\\admin\\Projects\\portfolio_analyzer_revere\\data\\video_scan_20260917\\qmg-ocr-20260917-missing19\\qmg-ocr-20260917-missing19\\snapshots\\qmg_20220330.png",
  "prefilter_best_score": 16.6,
  "review_threshold": 4,
  "sample_frame_width": 640,
  "status": "review",
  "strong_threshold": 6,
  "top_candidate": {
    "chart_stream": {
      "confidence": 0,
      "parse_status": "no_seed_tickers",
      "position_list": [],
      "price_action": "",
      "tickers_rejected": 0
    },
    "confusion_with_nearby": [],
    "frame_index": 154,
    "frame_path": "C:\\Users\\admin\\Projects\\portfolio_analyzer_revere\\data\\video_scan_20260917\\qmg-ocr-20260917-missing19\\qmg-ocr-20260917-missing19\\ocr_probe\\frames\\20220330_20220330_b2pcgc--fnm_baa8e308_snapshot\\ocr\\ocr_000155.png",
    "is_intro_card": false,
    "issue_codes": [],
    "low_res_frame_path": null,
    "nearest_ffmpeg_keyframe_ts": 618.666667,
    "observed_date": null,
    "ocr_confidence": 93,
    "ocr_profile": "threshold",
    "ocr_text": "PLEASE read this first -> qullamaggie.com\n",
    "ocr_text_snippet": "PLEASE read this first -> qullamaggie.com",
    "output_kind": "snapshot",
    "parsed_observations": [],
    "parsed_row_count": 0,
    "phash": "af3933accc2133cc",
    "phash_overlay": "c6c23dc9c19c3cc7",
    "phash_region": {
      "xFraction": 0.7,
      "yFraction": 0.84,
      "wFraction": 0.28,
      "hFraction": 0.14
    },
    "prefilter_profile": null,
    "prefilter_score": 5.77,
    "prefilter_stats": {
      "brightRatio": 0,
      "darkRatio": 0.9658333333333333,
      "edgeRatio": 0.10571691046569147,
      "horizontalComparisons": 14151,
      "horizontalEdgeHits": 1270,
      "horizontalEdgeRatio": 0.08974630768143595,
      "meanLuma": 14.612569444444444,
      "stdDev": 28.012603221251833,
      "verticalComparisons": 14151,
      "verticalEdgeHits": 1722,
      "verticalEdgeRatio": 0.121687513249947
    },
    "score": 4.65,
    "score_breakdown": null,
    "screen_layout": "chart",
    "tickers": [],
    "timestamp": 616,
    "timestamp_hms": "00:10:16"
  },
  "top_candidates": [
    {
      "chart_stream": {
        "confidence": 0,
        "parse_status": "no_seed_tickers",
        "position_list": [],
        "price_action": "",
        "tickers_rejected": 0
      },
      "confusion_with_nearby": [],
      "frame_index": 154,
      "frame_path": "C:\\Users\\admin\\Projects\\portfolio_analyzer_revere\\data\\video_scan_20260917\\qmg-ocr-20260917-missing19\\qmg-ocr-20260917-missing19\\ocr_probe\\frames\\20220330_20220330_b2pcgc--fnm_baa8e308_snapshot\\ocr\\ocr_000155.png",
      "is_intro_card": false,
      "issue_codes": [],
      "low_res_frame_path": null,
      "nearest_ffmpeg_keyframe_ts": null,
      "observed_date": null,
      "ocr_confidence": 93,
      "ocr_profile": "threshold",
      "ocr_text": "PLEASE read this first -> qullamaggie.com\n",
      "ocr_text_snippet": "PLEASE read this first -> qullamaggie.com",
      "output_kind": "snapshot",
      "parsed_observations": [],
      "parsed_row_count": 0,
      "phash": "af3933accc2133cc",
      "phash_overlay": "c6c23dc9c19c3cc7",
      "phash_region": {
        "xFraction": 0.7,
        "yFraction": 0.84,
        "wFraction": 0.28,
        "hFraction": 0.14
      },
      "prefilter_profile": null,
      "prefilter_score": 5.77,
      "prefilter_stats": {
        "brightRatio": 0,
        "darkRatio": 0.9658333333333333,
        "edgeRatio": 0.10571691046569147,
        "horizontalComparisons": 14151,
        "horizontalEdgeHits": 1270,
        "horizontalEdgeRatio": 0.08974630768143595,
        "meanLuma": 14.612569444444444,
        "stdDev": 28.012603221251833,
        "verticalComparisons": 14151,
        "verticalEdgeHits": 1722,
        "verticalEdgeRatio": 0.121687513249947
      },
      "score": 4.65,
      "score_breakdown": null,
      "screen_layout": "chart",
      "tickers": [],
      "timestamp": 616,
      "timestamp_hms": "00:10:16"
    },
    {
      "chart_stream": {
        "confidence": 0,
        "parse_status": "no_seed_tickers",
        "position_list": [],
        "price_action": "",
        "tickers_rejected": 0
      },
      "confusion_with_nearby": [],
      "frame_index": 462,
      "frame_path": "C:\\Users\\admin\\Projects\\portfolio_analyzer_revere\\data\\video_scan_20260917\\qmg-ocr-20260917-missing19\\qmg-ocr-20260917-missing19\\ocr_probe\\frames\\20220330_20220330_b2pcgc--fnm_baa8e308_snapshot\\ocr\\ocr_000463.png",
      "is_intro_card": false,
      "issue_codes": [],
      "low_res_frame_path": null,
      "nearest_ffmpeg_keyframe_ts": null,
      "observed_date": null,
      "ocr_confidence": 92,
      "ocr_profile": "threshold",
      "ocr_text": "PLEASE read this first -> qullamaggie.com\n",
      "ocr_text_snippet": "PLEASE read this first -> qullamaggie.com",
      "output_kind": "snapshot",
      "parsed_observations": [],
      "parsed_row_count": 0,
      "phash": "ae2873cccc3333cc",
      "phash_overlay": "c6c43dd9c19c3c27",
      "phash_region": {
        "xFraction": 0.7,
        "yFraction": 0.84,
        "wFraction": 0.28,
        "hFraction": 0.14
      },
      "prefilter_profile": null,
      "prefilter_score": 6.16,
      "prefilter_stats": {
        "brightRatio": 0,
        "darkRatio": 0.9400694444444444,
        "edgeRatio": 0.108437566249735,
        "horizontalComparisons": 14151,
        "horizontalEdgeHits": 1280,
        "horizontalEdgeRatio": 0.09045297152144725,
        "meanLuma": 19.493194444444445,
        "stdDev": 38.49593533111966,
        "verticalComparisons": 14151,
        "verticalEdgeHits": 1789,
        "verticalEdgeRatio": 0.12642216097802275
      },
      "score": 4.6,
      "score_breakdown": null,
      "screen_layout": "chart",
      "tickers": [],
      "timestamp": 1848,
      "timestamp_hms": "00:30:48"
    },
    {
      "chart_stream": {
        "confidence": 0,
        "parse_status": "no_seed_tickers",
        "position_list": [],
        "price_action": "",
        "tickers_rejected": 0
      },
      "confusion_with_nearby": [],
      "frame_index": 196,
      "frame_path": "C:\\Users\\admin\\Projects\\portfolio_analyzer_revere\\data\\video_scan_20260917\\qmg-ocr-20260917-missing19\\qmg-ocr-20260917-missing19\\ocr_probe\\frames\\20220330_20220330_b2pcgc--fnm_baa8e308_snapshot\\ocr\\ocr_000197.png",
      "is_intro_card": false,
      "issue_codes": [],
      "low_res_frame_path": null,
      "nearest_ffmpeg_keyframe_ts": null,
      "observed_date": null,
      "ocr_confidence": 90,
      "ocr_profile": "threshold",
      "ocr_text": "PLEASE read this first > qullamaggie.com\n",
      "ocr_text_snippet": "PLEASE read this first > qullamaggie.com",
      "output_kind": "snapshot",
      "parsed_observations": [],
      "parsed_row_count": 0,
      "phash": "afa8f2e8f238f0c0",
      "phash_overlay": "c6c699d9c19c3c47",
      "phash_region": {
        "xFraction": 0.7,
        "yFraction": 0.84,
        "wFraction": 0.28,
        "hFraction": 0.14
      },
      "prefilter_profile": null,
      "prefilter_score": 5.76,
      "prefilter_stats": {
        "brightRatio": 0,
        "darkRatio": 0.9695833333333334,
        "edgeRatio": 0.10571691046569147,
        "horizontalComparisons": 14151,
        "horizontalEdgeHits": 1275,
        "horizontalEdgeRatio": 0.0900996396014416,
        "meanLuma": 13.99798611111111,
        "stdDev": 26.982619073310186,
        "verticalComparisons": 14151,
        "verticalEdgeHits": 1717,
        "verticalEdgeRatio": 0.12133418132994135
      },
      "score": 4.5,
      "score_breakdown": null,
      "screen_layout": "chart",
      "tickers": [],
      "timestamp": 784,
      "timestamp_hms": "00:13:04"
    },
    {
      "chart_stream": {
        "confidence": 0,
        "parse_status": "no_seed_tickers",
        "position_list": [],
        "price_action": "",
        "tickers_rejected": 0
      },
      "confusion_with_nearby": [],
      "frame_index": 756,
      "frame_path": "C:\\Users\\admin\\Projects\\portfolio_analyzer_revere\\data\\video_scan_20260917\\qmg-ocr-20260917-missing19\\qmg-ocr-20260917-missing19\\ocr_probe\\frames\\20220330_20220330_b2pcgc--fnm_baa8e308_snapshot\\ocr\\ocr_000757.png",
      "is_intro_card": false,
      "issue_codes": [],
      "low_res_frame_path": null,
      "nearest_ffmpeg_keyframe_ts": null,
      "observed_date": null,
      "ocr_confidence": 89,
      "ocr_profile": "threshold",
      "ocr_text": "PLEASE read this first > qullamaggie.com\n",
      "ocr_text_snippet": "PLEASE read this first > qullamaggie.com",
      "output_kind": "snapshot",
      "parsed_observations": [],
      "parsed_row_count": 0,
      "phash": "afb9f2e8d240e2d0",
      "phash_overlay": "c6c219d9c39c3cc7",
      "phash_region": {
        "xFraction": 0.7,
        "yFraction": 0.84,
        "wFraction": 0.28,
        "hFraction": 0.14
      },
      "prefilter_profile": null,
      "prefilter_score": 6.24,
      "prefilter_stats": {
        "brightRatio": 0,
        "darkRatio": 0.9690972222222223,
        "edgeRatio": 0.09932160271358914,
        "horizontalComparisons": 14151,
        "horizontalEdgeHits": 1192,
        "horizontalEdgeRatio": 0.08423432972934775,
        "meanLuma": 13.407083333333333,
        "stdDev": 26.87230564982283,
        "verticalComparisons": 14151,
        "verticalEdgeHits": 1619,
        "verticalEdgeRatio": 0.11440887569783054
      },
      "score": 4.45,
      "score_breakdown": null,
      "screen_layout": "chart",
      "tickers": [],
      "timestamp": 3024,
      "timestamp_hms": "00:50:24"
    },
    {
      "chart_stream": {
        "confidence": 0,
        "parse_status": "no_seed_tickers",
        "position_list": [],
        "price_action": "",
        "tickers_rejected": 0
      },
      "confusion_with_nearby": [],
      "frame_index": 532,
      "frame_path": "C:\\Users\\admin\\Projects\\portfolio_analyzer_revere\\data\\video_scan_20260917\\qmg-ocr-20260917-missing19\\qmg-ocr-20260917-missing19\\ocr_probe\\frames\\20220330_20220330_b2pcgc--fnm_baa8e308_snapshot\\ocr\\ocr_000533.png",
      "is_intro_card": false,
      "issue_codes": [],
      "low_res_frame_path": null,
      "nearest_ffmpeg_keyframe_ts": null,
      "observed_date": null,
      "ocr_confidence": 89,
      "ocr_profile": "threshold",
      "ocr_text": "PLEASE read this first > qullamaggie.com\n",
      "ocr_text_snippet": "PLEASE read this first > qullamaggie.com",
      "output_kind": "snapshot",
      "parsed_observations": [],
      "parsed_row_count": 0,
      "phash": "afa9fa61d241f2c0",
      "phash_overlay": "c5c999d9c19c3c47",
      "phash_region": {
        "xFraction": 0.7,
        "yFraction": 0.84,
        "wFraction": 0.28,
        "hFraction": 0.14
      },
      "prefilter_profile": null,
      "prefilter_score": 5.45,
      "prefilter_stats": {
        "brightRatio": 0,
        "darkRatio": 0.9686805555555555,
        "edgeRatio": 0.10960356158575366,
        "horizontalComparisons": 14151,
        "horizontalEdgeHits": 1328,
        "horizontalEdgeRatio": 0.09384495795350152,
        "meanLuma": 14.47125,
        "stdDev": 27.286652335156877,
        "verticalComparisons": 14151,
        "verticalEdgeHits": 1774,
        "verticalEdgeRatio": 0.1253621652180058
      },
      "score": 4.45,
      "score_breakdown": null,
      "screen_layout": "chart",
      "tickers": [],
      "timestamp": 2128,
      "timestamp_hms": "00:35:28"
    }
  ],
  "top_rejected_candidates": [
    {
      "chart_stream": {
        "confidence": 0,
        "parse_status": "no_seed_tickers",
        "position_list": [],
        "price_action": "",
        "tickers_rejected": 0
      },
      "confusion_with_nearby": [],
      "frame_index": 0,
      "frame_path": "C:\\Users\\admin\\Projects\\portfolio_analyzer_revere\\data\\video_scan_20260917\\qmg-ocr-20260917-missing19\\qmg-ocr-20260917-missing19\\ocr_probe\\frames\\20220330_20220330_b2pcgc--fnm_baa8e308_snapshot\\ocr\\ocr_000001.png",
      "is_intro_card": false,
      "issue_codes": [],
      "low_res_frame_path": null,
      "nearest_ffmpeg_keyframe_ts": 0,
      "observed_date": null,
      "ocr_confidence": 75,
      "ocr_profile": "threshold",
      "ocr_text": "~ PLEASE read this first > qullamaggie.com\n",
      "ocr_text_snippet": "~ PLEASE read this first > qullamaggie.com",
      "output_kind": "snapshot",
      "parsed_observations": [],
      "parsed_row_count": 0,
      "phash": "bfa9e2acd248f0d0",
      "phash_overlay": "c6c299d9c39c3c47",
      "phash_region": {
        "xFraction": 0.7,
        "yFraction": 0.84,
        "wFraction": 0.28,
        "hFraction": 0.14
      },
      "prefilter_profile": null,
      "prefilter_score": 12.69,
      "prefilter_stats": {
        "brightRatio": 0.011111111111111112,
        "darkRatio": 0.9563194444444445,
        "edgeRatio": 0.10946222881775139,
        "horizontalComparisons": 14151,
        "horizontalEdgeHits": 1369,
        "horizontalEdgeRatio": 0.09674227969754788,
        "meanLuma": 16.779097222222223,
        "stdDev": 37.022000130050195,
        "verticalComparisons": 14151,
        "verticalEdgeHits": 1729,
        "verticalEdgeRatio": 0.12218217793795491
      },
      "score": 3.75,
      "score_breakdown": null,
      "screen_layout": "chart",
      "tickers": [],
      "timestamp": 0,
      "timestamp_hms": "00:00:00"
    },
    {
      "chart_stream": {
        "confidence": 0,
        "parse_status": "no_seed_tickers",
        "position_list": [],
        "price_action": "",
        "tickers_rejected": 0
      },
      "confusion_with_nearby": [],
      "frame_index": 504,
      "frame_path": "C:\\Users\\admin\\Projects\\portfolio_analyzer_revere\\data\\video_scan_20260917\\qmg-ocr-20260917-missing19\\qmg-ocr-20260917-missing19\\ocr_probe\\frames\\20220330_20220330_b2pcgc--fnm_baa8e308_snapshot\\ocr\\ocr_000505.png",
      "is_intro_card": false,
      "issue_codes": [],
      "low_res_frame_path": null,
      "nearest_ffmpeg_keyframe_ts": 2016,
      "observed_date": null,
      "ocr_confidence": 72,
      "ocr_profile": "threshold",
      "ocr_text": "PLEASE read this first > qullamaggie.com\n",
      "ocr_text_snippet": "PLEASE read this first > qullamaggie.com",
      "output_kind": "snapshot",
      "parsed_observations": [],
      "parsed_row_count": 0,
      "phash": "af68c6a9d261d8e4",
      "phash_overlay": "c6c23dd9c11c3e93",
      "phash_region": {
        "xFraction": 0.7,
        "yFraction": 0.84,
        "wFraction": 0.28,
        "hFraction": 0.14
      },
      "prefilter_profile": null,
      "prefilter_score": 6.18,
      "prefilter_stats": {
        "brightRatio": 0,
        "darkRatio": 0.966875,
        "edgeRatio": 0.10356158575365698,
        "horizontalComparisons": 14151,
        "horizontalEdgeHits": 1266,
        "horizontalEdgeRatio": 0.08946364214543141,
        "meanLuma": 14.576041666666667,
        "stdDev": 27.777834806799095,
        "verticalComparisons": 14151,
        "verticalEdgeHits": 1665,
        "verticalEdgeRatio": 0.11765952936188255
      },
      "score": 3.6,
      "score_breakdown": null,
      "screen_layout": "chart",
      "tickers": [],
      "timestamp": 2016,
      "timestamp_hms": "00:33:36"
    },
    {
      "chart_stream": {
        "confidence": 0,
        "parse_status": "no_seed_tickers",
        "position_list": [],
        "price_action": "",
        "tickers_rejected": 0
      },
      "confusion_with_nearby": [],
      "frame_index": 350,
      "frame_path": "C:\\Users\\admin\\Projects\\portfolio_analyzer_revere\\data\\video_scan_20260917\\qmg-ocr-20260917-missing19\\qmg-ocr-20260917-missing19\\ocr_probe\\frames\\20220330_20220330_b2pcgc--fnm_baa8e308_snapshot\\ocr\\ocr_000351.png",
      "is_intro_card": false,
      "issue_codes": [],
      "low_res_frame_path": null,
      "nearest_ffmpeg_keyframe_ts": 1402.666667,
      "observed_date": null,
      "ocr_confidence": 70,
      "ocr_profile": "threshold",
      "ocr_text": "PLEASE read this first > qullamaggie.com\n",
      "ocr_text_snippet": "PLEASE read this first > qullamaggie.com",
      "output_kind": "snapshot",
      "parsed_observations": [],
      "parsed_row_count": 0,
      "phash": "afa946acd645da50",
      "phash_overlay": "c6c219d9c71c3cc7",
      "phash_region": {
        "xFraction": 0.7,
        "yFraction": 0.84,
        "wFraction": 0.28,
        "hFraction": 0.14
      },
      "prefilter_profile": null,
      "prefilter_score": 5.21,
      "prefilter_stats": {
        "brightRatio": 0,
        "darkRatio": 0.9677083333333333,
        "edgeRatio": 0.10921489647374744,
        "horizontalComparisons": 14151,
        "horizontalEdgeHits": 1303,
        "horizontalEdgeRatio": 0.09207829835347325,
        "meanLuma": 14.999930555555556,
        "stdDev": 27.761780532388602,
        "verticalComparisons": 14151,
        "verticalEdgeHits": 1788,
        "verticalEdgeRatio": 0.12635149459402162
      },
      "score": 3.5,
      "score_breakdown": null,
      "screen_layout": "chart",
      "tickers": [],
      "timestamp": 1400,
      "timestamp_hms": "00:23:20"
    },
    {
      "chart_stream": {
        "confidence": 0,
        "parse_status": "no_position_list",
        "position_list": [],
        "price_action": "",
        "tickers_rejected": 3
      },
      "confusion_with_nearby": [],
      "frame_index": 546,
      "frame_path": "C:\\Users\\admin\\Projects\\portfolio_analyzer_revere\\data\\video_scan_20260917\\qmg-ocr-20260917-missing19\\qmg-ocr-20260917-missing19\\ocr_probe\\frames\\20220330_20220330_b2pcgc--fnm_baa8e308_snapshot\\ocr\\ocr_000547.png",
      "is_intro_card": false,
      "issue_codes": [],
      "low_res_frame_path": null,
      "nearest_ffmpeg_keyframe_ts": 2186.666667,
      "observed_date": null,
      "ocr_confidence": 33,
      "ocr_profile": "normalized",
      "ocr_text": "soma ——— Ea i\npe Bhs [win We |B mrs pm gn 5 3                         a                                        a               cand\nEON yo laa                                               ee ST a m—                 pe\nFa                                      2%                              -\n=                                      ve                               )\nAme                                          fred                                  aw\nAmes                           oo Zt                  f\nSE                                        2                           I —\nSm                            fd                   A   - ee\nay.                                   E                           w=\nm= fir                                                  |       be ee\n4 WA   h i  pL os SE   Lo ~~        |                                Wf\n)         Toundial Growersing          —                               \\         -\nWw          5  INT .     —    =                          /\n-          |  Winch)   Neng           a        ===\nw   ’    .    /  av ~~         © Baek\noT\nPLEASE read this first                       e.com\nI                                      _-                             |\non I am SE re Gs d th s first  -> qullamaggie.c  ili i    -\na    .     SE                             =   re             strstr   PEN\na Psamemse 22 mn e@ mee lla                                             New|\n",
      "ocr_text_snippet": "soma ——— Ea i pe Bhs [win We |B mrs pm gn 5 3 a a cand EON yo laa ee ST a m— pe Fa 2% - = ve ) Ame fred aw Ames oo Zt f SE 2 I — Sm fd A - ee ay. E w= m= fir | be ee 4 WA h i pL os SE Lo ~~ | Wf ) ...",
      "output_kind": "snapshot",
      "parsed_observations": [],
      "parsed_row_count": 0,
      "phash": "afa9cae8d221f2c8",
      "phash_overlay": "c4c63dd9c39c3c07",
      "phash_region": {
        "xFraction": 0.7,
        "yFraction": 0.84,
        "wFraction": 0.28,
        "hFraction": 0.14
      },
      "prefilter_profile": null,
      "prefilter_score": 5.2,
      "prefilter_stats": {
        "brightRatio": 0,
        "darkRatio": 0.9686805555555555,
        "edgeRatio": 0.10250158999364002,
        "horizontalComparisons": 14151,
        "horizontalEdgeHits": 1183,
        "horizontalEdgeRatio": 0.08359833227333757,
        "meanLuma": 13.592777777777778,
        "stdDev": 27.217993498083732,
        "verticalComparisons": 14151,
        "verticalEdgeHits": 1718,
        "verticalEdgeRatio": 0.12140484771394247
      },
      "score": 0.9,
      "score_breakdown": null,
      "screen_layout": "tale_of_the_tape",
      "tickers": [
        "BE",
        "ON",
        "PL"
      ],
      "timestamp": 2184,
      "timestamp_hms": "00:36:24"
    }
  ],
  "whiteboard_segments": [
    {
      "capture_count": 1,
      "end_ts": 616,
      "end_hms": "00:10:16",
      "is_intro_card": false,
      "layout": "chart",
      "peak_frame_index": 154,
      "peak_score": 4.65,
      "start_hms": "00:10:16",
      "start_ts": 616
    },
    {
      "capture_count": 1,
      "end_ts": 784,
      "end_hms": "00:13:04",
      "is_intro_card": false,
      "layout": "chart",
      "peak_frame_index": 196,
      "peak_score": 4.5,
      "start_hms": "00:13:04",
      "start_ts": 784
    },
    {
      "capture_count": 1,
      "end_ts": 1848,
      "end_hms": "00:30:48",
      "is_intro_card": false,
      "layout": "chart",
      "peak_frame_index": 462,
      "peak_score": 4.6,
      "start_hms": "00:30:48",
      "start_ts": 1848
    }
  ],
  "log_path": "C:\\Users\\admin\\Projects\\portfolio_analyzer_revere\\data\\video_scan_20260917\\qmg-ocr-20260917-missing19\\qmg-ocr-20260917-missing19\\ocr_probe\\logs\\20220330_20220330_b2pcgc--fnm_baa8e308_snapshot.json"
}
