# cmd: node tools/scanVideoWithOcr.js --video C:\Users\admin\Projects\portfolio_analyzer_revere\data\video_pipeline\downloads\20230523_2UgJ5CvVVK4.mp4 --date 20230523 --output-root C:\Users\admin\Projects\portfolio_analyzer_revere\data\video_scan_20260917\qmg-ocr-20260917-missing19 --run-tag qmg-ocr-20260917-missing19 --ffmpeg-bin C:\Users\admin\AppData\Local\Microsoft\WinGet\Packages\Gyan.FFmpeg_Microsoft.Winget.Source_8wekyb3d8bbwe\ffmpeg-9.0.1-full_build\bin\ffmpeg.exe --output-kind snapshot --prefilter-profile chart_stream --basename qmg --chart-stream-parser
[scan:snapshot] ffprobe found 1 keyframe(s) for nearest-keyframe lookup
[scan:snapshot] preflighting final snapshot output extraction
[scan:snapshot] extracting sample frames from C:\Users\admin\Projects\portfolio_analyzer_revere\data\video_pipeline\downloads\20230523_2UgJ5CvVVK4.mp4
[scan:snapshot] extracted 602 frame(s) at 0.25 fps with width 640; starting prefilter
[scan:snapshot] prefilter 1/602 frames after 00:00:00; best prefilter 13.23 at 00:00:00
[scan:snapshot] prefilter 10/602 frames after 00:00:00; best prefilter 13.46 at 00:00:24
[scan:snapshot] prefilter 20/602 frames after 00:00:01; best prefilter 13.46 at 00:00:24
[scan:snapshot] prefilter 30/602 frames after 00:00:01; best prefilter 13.46 at 00:00:24
[scan:snapshot] prefilter 40/602 frames after 00:00:02; best prefilter 13.46 at 00:00:24
[scan:snapshot] prefilter 50/602 frames after 00:00:02; best prefilter 13.46 at 00:00:24
[scan:snapshot] prefilter 60/602 frames after 00:00:03; best prefilter 13.46 at 00:00:24
[scan:snapshot] prefilter 70/602 frames after 00:00:03; best prefilter 13.46 at 00:00:24
[scan:snapshot] prefilter 80/602 frames after 00:00:04; best prefilter 13.46 at 00:00:24
[scan:snapshot] prefilter 90/602 frames after 00:00:04; best prefilter 13.46 at 00:00:24
[scan:snapshot] prefilter 100/602 frames after 00:00:05; best prefilter 13.46 at 00:00:24
[scan:snapshot] prefilter 110/602 frames after 00:00:05; best prefilter 13.46 at 00:00:24
[scan:snapshot] prefilter 120/602 frames after 00:00:05; best prefilter 13.46 at 00:00:24
[scan:snapshot] prefilter 130/602 frames after 00:00:06; best prefilter 13.46 at 00:00:24
[scan:snapshot] prefilter 140/602 frames after 00:00:06; best prefilter 13.46 at 00:00:24
[scan:snapshot] prefilter 150/602 frames after 00:00:07; best prefilter 13.46 at 00:00:24
[scan:snapshot] prefilter 160/602 frames after 00:00:07; best prefilter 13.46 at 00:00:24
[scan:snapshot] prefilter 170/602 frames after 00:00:07; best prefilter 13.46 at 00:00:24
[scan:snapshot] prefilter 180/602 frames after 00:00:08; best prefilter 13.46 at 00:00:24
[scan:snapshot] prefilter 190/602 frames after 00:00:08; best prefilter 13.46 at 00:00:24
[scan:snapshot] prefilter 200/602 frames after 00:00:09; best prefilter 13.46 at 00:00:24
[scan:snapshot] prefilter 210/602 frames after 00:00:09; best prefilter 13.46 at 00:00:24
[scan:snapshot] prefilter 220/602 frames after 00:00:09; best prefilter 13.46 at 00:00:24
[scan:snapshot] prefilter 230/602 frames after 00:00:10; best prefilter 13.46 at 00:00:24
[scan:snapshot] prefilter 240/602 frames after 00:00:10; best prefilter 13.46 at 00:00:24
[scan:snapshot] prefilter 250/602 frames after 00:00:11; best prefilter 13.46 at 00:00:24
[scan:snapshot] prefilter 260/602 frames after 00:00:11; best prefilter 13.46 at 00:00:24
[scan:snapshot] prefilter 270/602 frames after 00:00:11; best prefilter 13.46 at 00:00:24
[scan:snapshot] prefilter 280/602 frames after 00:00:12; best prefilter 13.46 at 00:00:24
[scan:snapshot] prefilter 290/602 frames after 00:00:12; best prefilter 13.46 at 00:00:24
[scan:snapshot] prefilter 300/602 frames after 00:00:13; best prefilter 13.46 at 00:00:24
[scan:snapshot] prefilter 310/602 frames after 00:00:13; best prefilter 13.46 at 00:00:24
[scan:snapshot] prefilter 320/602 frames after 00:00:13; best prefilter 13.46 at 00:00:24
[scan:snapshot] prefilter 330/602 frames after 00:00:14; best prefilter 13.46 at 00:00:24
[scan:snapshot] prefilter 340/602 frames after 00:00:14; best prefilter 13.46 at 00:00:24
[scan:snapshot] prefilter 350/602 frames after 00:00:15; best prefilter 13.46 at 00:00:24
[scan:snapshot] prefilter 360/602 frames after 00:00:15; best prefilter 13.46 at 00:00:24
[scan:snapshot] prefilter 370/602 frames after 00:00:16; best prefilter 13.46 at 00:00:24
[scan:snapshot] prefilter 380/602 frames after 00:00:16; best prefilter 13.46 at 00:00:24
[scan:snapshot] prefilter 390/602 frames after 00:00:17; best prefilter 13.46 at 00:00:24
[scan:snapshot] prefilter 400/602 frames after 00:00:17; best prefilter 13.46 at 00:00:24
[scan:snapshot] prefilter 410/602 frames after 00:00:17; best prefilter 13.46 at 00:00:24
[scan:snapshot] prefilter 420/602 frames after 00:00:18; best prefilter 13.46 at 00:00:24
[scan:snapshot] prefilter 430/602 frames after 00:00:18; best prefilter 13.46 at 00:00:24
[scan:snapshot] prefilter 440/602 frames after 00:00:18; best prefilter 13.46 at 00:00:24
[scan:snapshot] prefilter 450/602 frames after 00:00:19; best prefilter 13.46 at 00:00:24
[scan:snapshot] prefilter 460/602 frames after 00:00:19; best prefilter 13.46 at 00:00:24
[scan:snapshot] prefilter 470/602 frames after 00:00:20; best prefilter 13.46 at 00:00:24
[scan:snapshot] prefilter 480/602 frames after 00:00:20; best prefilter 13.46 at 00:00:24
[scan:snapshot] prefilter 490/602 frames after 00:00:20; best prefilter 13.46 at 00:00:24
[scan:snapshot] prefilter 500/602 frames after 00:00:21; best prefilter 13.46 at 00:00:24
[scan:snapshot] prefilter 510/602 frames after 00:00:21; best prefilter 13.46 at 00:00:24
[scan:snapshot] prefilter 520/602 frames after 00:00:22; best prefilter 13.46 at 00:00:24
[scan:snapshot] prefilter 530/602 frames after 00:00:22; best prefilter 13.46 at 00:00:24
[scan:snapshot] prefilter 540/602 frames after 00:00:23; best prefilter 13.46 at 00:00:24
[scan:snapshot] prefilter 550/602 frames after 00:00:23; best prefilter 13.46 at 00:00:24
[scan:snapshot] prefilter 560/602 frames after 00:00:23; best prefilter 13.46 at 00:00:24
[scan:snapshot] prefilter 570/602 frames after 00:00:24; best prefilter 13.46 at 00:00:24
[scan:snapshot] prefilter 580/602 frames after 00:00:24; best prefilter 13.46 at 00:00:24
[scan:snapshot] prefilter 590/602 frames after 00:00:24; best prefilter 13.46 at 00:00:24
[scan:snapshot] prefilter 600/602 frames after 00:00:25; best prefilter 13.46 at 00:00:24
[scan:snapshot] prefilter 602/602 frames after 00:00:25; best prefilter 13.46 at 00:00:24
[scan:snapshot] prefilter kept 60/602 frame(s) for OCR; best prefilter 13.46 at 00:00:24
[scan:snapshot] extracting OCR candidates from source video at width 1280
[scan:snapshot] OCR 1/60 frames (1.7%) after 00:00:02; best score 4.60 at 00:00:00 (ocr 92.0)
[scan:snapshot] OCR 10/60 frames (16.7%) after 00:00:22; best score 4.60 at 00:00:00 (ocr 92.0)
[scan:snapshot] OCR 20/60 frames (33.3%) after 00:01:37; best score 4.60 at 00:00:00 (ocr 92.0)
[scan:snapshot] OCR 30/60 frames (50.0%) after 00:02:29; best score 4.60 at 00:00:00 (ocr 92.0)
Image too small to scale!! (2x36 vs min width of 3)
Line cannot be recognized!!
[scan:snapshot] OCR 40/60 frames (66.7%) after 00:03:35; best score 4.60 at 00:00:00 (ocr 92.0)
[scan:snapshot] OCR 50/60 frames (83.3%) after 00:04:36; best score 4.60 at 00:00:00 (ocr 92.0)
[scan:snapshot] OCR 60/60 frames (100.0%) after 00:05:29; best score 4.60 at 00:00:00 (ocr 92.0)
{
  "basename": "qmg",
  "channel": "qmg",
  "chart_stream_parser": true,
  "date_key": "20230523",
  "output_kind": "snapshot",
  "phash_region": null,
  "phash_region_fraction": {
    "xFraction": 0.7,
    "yFraction": 0.84,
    "wFraction": 0.28,
    "hFraction": 0.14
  },
  "prefilter_profile": "chart_stream",
  "video_path": "C:\\Users\\admin\\Projects\\portfolio_analyzer_revere\\data\\video_pipeline\\downloads\\20230523_2UgJ5CvVVK4.mp4",
  "captured_count": 3,
  "captures": [
    {
      "chart_stream": {
        "confidence": 0,
        "parse_status": "no_seed_tickers",
        "position_list": [],
        "price_action": "",
        "tickers_rejected": 0
      },
      "confusion_with_nearby": [],
      "frame_index": 540,
      "frame_path": "C:\\Users\\admin\\Projects\\portfolio_analyzer_revere\\data\\video_scan_20260917\\qmg-ocr-20260917-missing19\\qmg-ocr-20260917-missing19\\ocr_probe\\frames\\20230523_20230523_2ugj5cvvvk4_1a847e84_snapshot\\ocr\\ocr_000541.png",
      "is_intro_card": false,
      "issue_codes": [],
      "low_res_frame_path": null,
      "nearest_ffmpeg_keyframe_ts": 0,
      "observed_date": null,
      "ocr_confidence": 93,
      "ocr_profile": "threshold",
      "ocr_text": "PLEASE read this first -> qullamaggie.com\n",
      "ocr_text_snippet": "PLEASE read this first -> qullamaggie.com",
      "output_kind": "snapshot",
      "parsed_observations": [],
      "parsed_row_count": 0,
      "phash": "bfb99aa1da9012d4",
      "phash_overlay": "c5c509f9c5dc1c27",
      "phash_region": {
        "xFraction": 0.7,
        "yFraction": 0.84,
        "wFraction": 0.28,
        "hFraction": 0.14
      },
      "prefilter_profile": null,
      "prefilter_score": 11.2,
      "prefilter_stats": {
        "brightRatio": 0.011111111111111112,
        "darkRatio": 0.9485416666666666,
        "edgeRatio": 0.11327821355381246,
        "horizontalComparisons": 14151,
        "horizontalEdgeHits": 1297,
        "horizontalEdgeRatio": 0.09165430004946647,
        "meanLuma": 19.541458333333335,
        "stdDev": 39.59974681577224,
        "verticalComparisons": 14151,
        "verticalEdgeHits": 1909,
        "verticalEdgeRatio": 0.13490212705815843
      },
      "score": 4.65,
      "score_breakdown": null,
      "screen_layout": "chart",
      "tickers": [],
      "timestamp": 2160,
      "timestamp_hms": "00:36:00",
      "output_path": "C:\\Users\\admin\\Projects\\portfolio_analyzer_revere\\data\\video_scan_20260917\\qmg-ocr-20260917-missing19\\qmg-ocr-20260917-missing19\\snapshots\\qmg_20230523.png"
    },
    {
      "chart_stream": {
        "confidence": 0,
        "parse_status": "no_seed_tickers",
        "position_list": [],
        "price_action": "",
        "tickers_rejected": 0
      },
      "confusion_with_nearby": [],
      "frame_index": 530,
      "frame_path": "C:\\Users\\admin\\Projects\\portfolio_analyzer_revere\\data\\video_scan_20260917\\qmg-ocr-20260917-missing19\\qmg-ocr-20260917-missing19\\ocr_probe\\frames\\20230523_20230523_2ugj5cvvvk4_1a847e84_snapshot\\ocr\\ocr_000531.png",
      "is_intro_card": false,
      "issue_codes": [],
      "low_res_frame_path": null,
      "nearest_ffmpeg_keyframe_ts": 0,
      "observed_date": null,
      "ocr_confidence": 93,
      "ocr_profile": "threshold",
      "ocr_text": "PLEASE read this first -> qullamaggie.com\n",
      "ocr_text_snippet": "PLEASE read this first -> qullamaggie.com",
      "output_kind": "snapshot",
      "parsed_observations": [],
      "parsed_row_count": 0,
      "phash": "afb9daa1da9012d4",
      "phash_overlay": "c5c509f9c5dc1c27",
      "phash_region": {
        "xFraction": 0.7,
        "yFraction": 0.84,
        "wFraction": 0.28,
        "hFraction": 0.14
      },
      "prefilter_profile": null,
      "prefilter_score": 4.19,
      "prefilter_stats": {
        "brightRatio": 0,
        "darkRatio": 0.9591666666666666,
        "edgeRatio": 0.1127128824818034,
        "horizontalComparisons": 14151,
        "horizontalEdgeHits": 1288,
        "horizontalEdgeRatio": 0.0910183025934563,
        "meanLuma": 16.94965277777778,
        "stdDev": 31.667138700718567,
        "verticalComparisons": 14151,
        "verticalEdgeHits": 1902,
        "verticalEdgeRatio": 0.13440746237015053
      },
      "score": 4.65,
      "score_breakdown": null,
      "screen_layout": "chart",
      "tickers": [],
      "timestamp": 2120,
      "timestamp_hms": "00:35:20",
      "output_path": "C:\\Users\\admin\\Projects\\portfolio_analyzer_revere\\data\\video_scan_20260917\\qmg-ocr-20260917-missing19\\qmg-ocr-20260917-missing19\\snapshots\\qmg_20230523_2.png"
    },
    {
      "chart_stream": {
        "confidence": 0,
        "parse_status": "no_seed_tickers",
        "position_list": [],
        "price_action": "",
        "tickers_rejected": 0
      },
      "confusion_with_nearby": [],
      "frame_index": 510,
      "frame_path": "C:\\Users\\admin\\Projects\\portfolio_analyzer_revere\\data\\video_scan_20260917\\qmg-ocr-20260917-missing19\\qmg-ocr-20260917-missing19\\ocr_probe\\frames\\20230523_20230523_2ugj5cvvvk4_1a847e84_snapshot\\ocr\\ocr_000511.png",
      "is_intro_card": false,
      "issue_codes": [],
      "low_res_frame_path": null,
      "nearest_ffmpeg_keyframe_ts": 0,
      "observed_date": null,
      "ocr_confidence": 92,
      "ocr_profile": "threshold",
      "ocr_text": "PLEASE read this first -> qullamaggie.com\n",
      "ocr_text_snippet": "PLEASE read this first -> qullamaggie.com",
      "output_kind": "snapshot",
      "parsed_observations": [],
      "parsed_row_count": 0,
      "phash": "bfb9d2b1da941290",
      "phash_overlay": "c5cd19d9c5d81c27",
      "phash_region": {
        "xFraction": 0.7,
        "yFraction": 0.84,
        "wFraction": 0.28,
        "hFraction": 0.14
      },
      "prefilter_profile": null,
      "prefilter_score": 11.99,
      "prefilter_stats": {
        "brightRatio": 0.011111111111111112,
        "darkRatio": 0.951875,
        "edgeRatio": 0.11773019574588368,
        "horizontalComparisons": 14151,
        "horizontalEdgeHits": 1474,
        "horizontalEdgeRatio": 0.1041622500176666,
        "meanLuma": 19.467291666666668,
        "stdDev": 38.60065539380902,
        "verticalComparisons": 14151,
        "verticalEdgeHits": 1858,
        "verticalEdgeRatio": 0.13129814147410077
      },
      "score": 4.6,
      "score_breakdown": null,
      "screen_layout": "chart",
      "tickers": [],
      "timestamp": 2040,
      "timestamp_hms": "00:34:00",
      "output_path": "C:\\Users\\admin\\Projects\\portfolio_analyzer_revere\\data\\video_scan_20260917\\qmg-ocr-20260917-missing19\\qmg-ocr-20260917-missing19\\snapshots\\qmg_20230523_3.png"
    }
  ],
  "frame_count": 602,
  "frame_error_count": 0,
  "frame_errors": [],
  "max_captures_per_video": 3,
  "nearest_ffmpeg_keyframe_lookups_skipped": false,
  "nearest_ffmpeg_keyframe_pts_total": 1,
  "ocr_engine_metadata": {
    "tesseract_version": "6.0.1",
    "language": "eng",
    "dpi": 300,
    "psm": null,
    "preserve_interword_spaces": "1",
    "deskew": false
  },
  "ocr_frame_count": 60,
  "ocr_frame_width": 1280,
  "output_path": "C:\\Users\\admin\\Projects\\portfolio_analyzer_revere\\data\\video_scan_20260917\\qmg-ocr-20260917-missing19\\qmg-ocr-20260917-missing19\\snapshots\\qmg_20230523.png",
  "prefilter_best_score": 13.46,
  "review_threshold": 4,
  "sample_frame_width": 640,
  "status": "review",
  "strong_threshold": 6,
  "top_candidate": {
    "chart_stream": {
      "confidence": 0,
      "parse_status": "no_seed_tickers",
      "position_list": [],
      "price_action": "",
      "tickers_rejected": 0
    },
    "confusion_with_nearby": [],
    "frame_index": 540,
    "frame_path": "C:\\Users\\admin\\Projects\\portfolio_analyzer_revere\\data\\video_scan_20260917\\qmg-ocr-20260917-missing19\\qmg-ocr-20260917-missing19\\ocr_probe\\frames\\20230523_20230523_2ugj5cvvvk4_1a847e84_snapshot\\ocr\\ocr_000541.png",
    "is_intro_card": false,
    "issue_codes": [],
    "low_res_frame_path": null,
    "nearest_ffmpeg_keyframe_ts": 0,
    "observed_date": null,
    "ocr_confidence": 93,
    "ocr_profile": "threshold",
    "ocr_text": "PLEASE read this first -> qullamaggie.com\n",
    "ocr_text_snippet": "PLEASE read this first -> qullamaggie.com",
    "output_kind": "snapshot",
    "parsed_observations": [],
    "parsed_row_count": 0,
    "phash": "bfb99aa1da9012d4",
    "phash_overlay": "c5c509f9c5dc1c27",
    "phash_region": {
      "xFraction": 0.7,
      "yFraction": 0.84,
      "wFraction": 0.28,
      "hFraction": 0.14
    },
    "prefilter_profile": null,
    "prefilter_score": 11.2,
    "prefilter_stats": {
      "brightRatio": 0.011111111111111112,
      "darkRatio": 0.9485416666666666,
      "edgeRatio": 0.11327821355381246,
      "horizontalComparisons": 14151,
      "horizontalEdgeHits": 1297,
      "horizontalEdgeRatio": 0.09165430004946647,
      "meanLuma": 19.541458333333335,
      "stdDev": 39.59974681577224,
      "verticalComparisons": 14151,
      "verticalEdgeHits": 1909,
      "verticalEdgeRatio": 0.13490212705815843
    },
    "score": 4.65,
    "score_breakdown": null,
    "screen_layout": "chart",
    "tickers": [],
    "timestamp": 2160,
    "timestamp_hms": "00:36:00"
  },
  "top_candidates": [
    {
      "chart_stream": {
        "confidence": 0,
        "parse_status": "no_seed_tickers",
        "position_list": [],
        "price_action": "",
        "tickers_rejected": 0
      },
      "confusion_with_nearby": [],
      "frame_index": 540,
      "frame_path": "C:\\Users\\admin\\Projects\\portfolio_analyzer_revere\\data\\video_scan_20260917\\qmg-ocr-20260917-missing19\\qmg-ocr-20260917-missing19\\ocr_probe\\frames\\20230523_20230523_2ugj5cvvvk4_1a847e84_snapshot\\ocr\\ocr_000541.png",
      "is_intro_card": false,
      "issue_codes": [],
      "low_res_frame_path": null,
      "nearest_ffmpeg_keyframe_ts": null,
      "observed_date": null,
      "ocr_confidence": 93,
      "ocr_profile": "threshold",
      "ocr_text": "PLEASE read this first -> qullamaggie.com\n",
      "ocr_text_snippet": "PLEASE read this first -> qullamaggie.com",
      "output_kind": "snapshot",
      "parsed_observations": [],
      "parsed_row_count": 0,
      "phash": "bfb99aa1da9012d4",
      "phash_overlay": "c5c509f9c5dc1c27",
      "phash_region": {
        "xFraction": 0.7,
        "yFraction": 0.84,
        "wFraction": 0.28,
        "hFraction": 0.14
      },
      "prefilter_profile": null,
      "prefilter_score": 11.2,
      "prefilter_stats": {
        "brightRatio": 0.011111111111111112,
        "darkRatio": 0.9485416666666666,
        "edgeRatio": 0.11327821355381246,
        "horizontalComparisons": 14151,
        "horizontalEdgeHits": 1297,
        "horizontalEdgeRatio": 0.09165430004946647,
        "meanLuma": 19.541458333333335,
        "stdDev": 39.59974681577224,
        "verticalComparisons": 14151,
        "verticalEdgeHits": 1909,
        "verticalEdgeRatio": 0.13490212705815843
      },
      "score": 4.65,
      "score_breakdown": null,
      "screen_layout": "chart",
      "tickers": [],
      "timestamp": 2160,
      "timestamp_hms": "00:36:00"
    },
    {
      "chart_stream": {
        "confidence": 0,
        "parse_status": "no_seed_tickers",
        "position_list": [],
        "price_action": "",
        "tickers_rejected": 0
      },
      "confusion_with_nearby": [],
      "frame_index": 530,
      "frame_path": "C:\\Users\\admin\\Projects\\portfolio_analyzer_revere\\data\\video_scan_20260917\\qmg-ocr-20260917-missing19\\qmg-ocr-20260917-missing19\\ocr_probe\\frames\\20230523_20230523_2ugj5cvvvk4_1a847e84_snapshot\\ocr\\ocr_000531.png",
      "is_intro_card": false,
      "issue_codes": [],
      "low_res_frame_path": null,
      "nearest_ffmpeg_keyframe_ts": null,
      "observed_date": null,
      "ocr_confidence": 93,
      "ocr_profile": "threshold",
      "ocr_text": "PLEASE read this first -> qullamaggie.com\n",
      "ocr_text_snippet": "PLEASE read this first -> qullamaggie.com",
      "output_kind": "snapshot",
      "parsed_observations": [],
      "parsed_row_count": 0,
      "phash": "afb9daa1da9012d4",
      "phash_overlay": "c5c509f9c5dc1c27",
      "phash_region": {
        "xFraction": 0.7,
        "yFraction": 0.84,
        "wFraction": 0.28,
        "hFraction": 0.14
      },
      "prefilter_profile": null,
      "prefilter_score": 4.19,
      "prefilter_stats": {
        "brightRatio": 0,
        "darkRatio": 0.9591666666666666,
        "edgeRatio": 0.1127128824818034,
        "horizontalComparisons": 14151,
        "horizontalEdgeHits": 1288,
        "horizontalEdgeRatio": 0.0910183025934563,
        "meanLuma": 16.94965277777778,
        "stdDev": 31.667138700718567,
        "verticalComparisons": 14151,
        "verticalEdgeHits": 1902,
        "verticalEdgeRatio": 0.13440746237015053
      },
      "score": 4.65,
      "score_breakdown": null,
      "screen_layout": "chart",
      "tickers": [],
      "timestamp": 2120,
      "timestamp_hms": "00:35:20"
    },
    {
      "chart_stream": {
        "confidence": 0,
        "parse_status": "no_seed_tickers",
        "position_list": [],
        "price_action": "",
        "tickers_rejected": 0
      },
      "confusion_with_nearby": [],
      "frame_index": 510,
      "frame_path": "C:\\Users\\admin\\Projects\\portfolio_analyzer_revere\\data\\video_scan_20260917\\qmg-ocr-20260917-missing19\\qmg-ocr-20260917-missing19\\ocr_probe\\frames\\20230523_20230523_2ugj5cvvvk4_1a847e84_snapshot\\ocr\\ocr_000511.png",
      "is_intro_card": false,
      "issue_codes": [],
      "low_res_frame_path": null,
      "nearest_ffmpeg_keyframe_ts": null,
      "observed_date": null,
      "ocr_confidence": 92,
      "ocr_profile": "threshold",
      "ocr_text": "PLEASE read this first -> qullamaggie.com\n",
      "ocr_text_snippet": "PLEASE read this first -> qullamaggie.com",
      "output_kind": "snapshot",
      "parsed_observations": [],
      "parsed_row_count": 0,
      "phash": "bfb9d2b1da941290",
      "phash_overlay": "c5cd19d9c5d81c27",
      "phash_region": {
        "xFraction": 0.7,
        "yFraction": 0.84,
        "wFraction": 0.28,
        "hFraction": 0.14
      },
      "prefilter_profile": null,
      "prefilter_score": 11.99,
      "prefilter_stats": {
        "brightRatio": 0.011111111111111112,
        "darkRatio": 0.951875,
        "edgeRatio": 0.11773019574588368,
        "horizontalComparisons": 14151,
        "horizontalEdgeHits": 1474,
        "horizontalEdgeRatio": 0.1041622500176666,
        "meanLuma": 19.467291666666668,
        "stdDev": 38.60065539380902,
        "verticalComparisons": 14151,
        "verticalEdgeHits": 1858,
        "verticalEdgeRatio": 0.13129814147410077
      },
      "score": 4.6,
      "score_breakdown": null,
      "screen_layout": "chart",
      "tickers": [],
      "timestamp": 2040,
      "timestamp_hms": "00:34:00"
    },
    {
      "chart_stream": {
        "confidence": 0,
        "parse_status": "no_seed_tickers",
        "position_list": [],
        "price_action": "",
        "tickers_rejected": 0
      },
      "confusion_with_nearby": [],
      "frame_index": 480,
      "frame_path": "C:\\Users\\admin\\Projects\\portfolio_analyzer_revere\\data\\video_scan_20260917\\qmg-ocr-20260917-missing19\\qmg-ocr-20260917-missing19\\ocr_probe\\frames\\20230523_20230523_2ugj5cvvvk4_1a847e84_snapshot\\ocr\\ocr_000481.png",
      "is_intro_card": false,
      "issue_codes": [],
      "low_res_frame_path": null,
      "nearest_ffmpeg_keyframe_ts": null,
      "observed_date": null,
      "ocr_confidence": 92,
      "ocr_profile": "threshold",
      "ocr_text": "PLEASE read this first -> qullamaggie.com\n",
      "ocr_text_snippet": "PLEASE read this first -> qullamaggie.com",
      "output_kind": "snapshot",
      "parsed_observations": [],
      "parsed_row_count": 0,
      "phash": "bfb9de90de901890",
      "phash_overlay": "c5c519d9c5dc1c27",
      "phash_region": {
        "xFraction": 0.7,
        "yFraction": 0.84,
        "wFraction": 0.28,
        "hFraction": 0.14
      },
      "prefilter_profile": null,
      "prefilter_score": 3.86,
      "prefilter_stats": {
        "brightRatio": 0,
        "darkRatio": 0.9629166666666666,
        "edgeRatio": 0.1110875556497774,
        "horizontalComparisons": 14151,
        "horizontalEdgeHits": 1247,
        "horizontalEdgeRatio": 0.08812098084940993,
        "meanLuma": 16.330694444444443,
        "stdDev": 30.29260456257292,
        "verticalComparisons": 14151,
        "verticalEdgeHits": 1897,
        "verticalEdgeRatio": 0.13405413045014486
      },
      "score": 4.6,
      "score_breakdown": null,
      "screen_layout": "chart",
      "tickers": [],
      "timestamp": 1920,
      "timestamp_hms": "00:32:00"
    },
    {
      "chart_stream": {
        "confidence": 0,
        "parse_status": "no_seed_tickers",
        "position_list": [],
        "price_action": "",
        "tickers_rejected": 0
      },
      "confusion_with_nearby": [],
      "frame_index": 420,
      "frame_path": "C:\\Users\\admin\\Projects\\portfolio_analyzer_revere\\data\\video_scan_20260917\\qmg-ocr-20260917-missing19\\qmg-ocr-20260917-missing19\\ocr_probe\\frames\\20230523_20230523_2ugj5cvvvk4_1a847e84_snapshot\\ocr\\ocr_000421.png",
      "is_intro_card": false,
      "issue_codes": [],
      "low_res_frame_path": null,
      "nearest_ffmpeg_keyframe_ts": null,
      "observed_date": null,
      "ocr_confidence": 92,
      "ocr_profile": "threshold",
      "ocr_text": "PLEASE read this first -> qullamaggie.com\n",
      "ocr_text_snippet": "PLEASE read this first -> qullamaggie.com",
      "output_kind": "snapshot",
      "parsed_observations": [],
      "parsed_row_count": 0,
      "phash": "afb9da99da904a90",
      "phash_overlay": "c5cd19d9c5d81c27",
      "phash_region": {
        "xFraction": 0.7,
        "yFraction": 0.84,
        "wFraction": 0.28,
        "hFraction": 0.14
      },
      "prefilter_profile": null,
      "prefilter_score": 3.19,
      "prefilter_stats": {
        "brightRatio": 0,
        "darkRatio": 0.965,
        "edgeRatio": 0.11126422160978022,
        "horizontalComparisons": 14151,
        "horizontalEdgeHits": 1218,
        "horizontalEdgeRatio": 0.08607165571337715,
        "meanLuma": 16.58111111111111,
        "stdDev": 29.431664333368897,
        "verticalComparisons": 14151,
        "verticalEdgeHits": 1931,
        "verticalEdgeRatio": 0.1364567875061833
      },
      "score": 4.6,
      "score_breakdown": null,
      "screen_layout": "chart",
      "tickers": [],
      "timestamp": 1680,
      "timestamp_hms": "00:28:00"
    }
  ],
  "top_rejected_candidates": [
    {
      "chart_stream": {
        "confidence": 0,
        "parse_status": "no_seed_tickers",
        "position_list": [],
        "price_action": "",
        "tickers_rejected": 0
      },
      "confusion_with_nearby": [],
      "frame_index": 100,
      "frame_path": "C:\\Users\\admin\\Projects\\portfolio_analyzer_revere\\data\\video_scan_20260917\\qmg-ocr-20260917-missing19\\qmg-ocr-20260917-missing19\\ocr_probe\\frames\\20230523_20230523_2ugj5cvvvk4_1a847e84_snapshot\\ocr\\ocr_000101.png",
      "is_intro_card": false,
      "issue_codes": [],
      "low_res_frame_path": null,
      "nearest_ffmpeg_keyframe_ts": 0,
      "observed_date": null,
      "ocr_confidence": 68,
      "ocr_profile": "threshold",
      "ocr_text": ".   N   a          ’\nPLEASE read this first -> qullamaggie.com\n",
      "ocr_text_snippet": ". N a ’ PLEASE read this first -> qullamaggie.com",
      "output_kind": "snapshot",
      "parsed_observations": [],
      "parsed_row_count": 0,
      "phash": "bfb9d2a1da9050d4",
      "phash_overlay": "c5c509f9c5dc1c27",
      "phash_region": {
        "xFraction": 0.7,
        "yFraction": 0.84,
        "wFraction": 0.28,
        "hFraction": 0.14
      },
      "prefilter_profile": null,
      "prefilter_score": 11.46,
      "prefilter_stats": {
        "brightRatio": 0.011111111111111112,
        "darkRatio": 0.9479861111111111,
        "edgeRatio": 0.11306621440180906,
        "horizontalComparisons": 14151,
        "horizontalEdgeHits": 1308,
        "horizontalEdgeRatio": 0.0924316302734789,
        "meanLuma": 19.215972222222224,
        "stdDev": 39.569757607424634,
        "verticalComparisons": 14151,
        "verticalEdgeHits": 1892,
        "verticalEdgeRatio": 0.13370079853013922
      },
      "score": 3.4,
      "score_breakdown": null,
      "screen_layout": "chart",
      "tickers": [],
      "timestamp": 400,
      "timestamp_hms": "00:06:40"
    },
    {
      "chart_stream": {
        "confidence": 0,
        "parse_status": "no_seed_tickers",
        "position_list": [],
        "price_action": "",
        "tickers_rejected": 0
      },
      "confusion_with_nearby": [],
      "frame_index": 320,
      "frame_path": "C:\\Users\\admin\\Projects\\portfolio_analyzer_revere\\data\\video_scan_20260917\\qmg-ocr-20260917-missing19\\qmg-ocr-20260917-missing19\\ocr_probe\\frames\\20230523_20230523_2ugj5cvvvk4_1a847e84_snapshot\\ocr\\ocr_000321.png",
      "is_intro_card": false,
      "issue_codes": [],
      "low_res_frame_path": null,
      "nearest_ffmpeg_keyframe_ts": 0,
      "observed_date": null,
      "ocr_confidence": 60,
      "ocr_profile": "threshold",
      "ocr_text": "-_   : N\nPLEASE read this first -> qullamaggie.com\n",
      "ocr_text_snippet": "-_ : N PLEASE read this first -> qullamaggie.com",
      "output_kind": "snapshot",
      "parsed_observations": [],
      "parsed_row_count": 0,
      "phash": "afb9b8b1c6903994",
      "phash_overlay": "c5c519f9c1dc1c27",
      "phash_region": {
        "xFraction": 0.7,
        "yFraction": 0.84,
        "wFraction": 0.28,
        "hFraction": 0.14
      },
      "prefilter_profile": null,
      "prefilter_score": 5,
      "prefilter_stats": {
        "brightRatio": 0,
        "darkRatio": 0.9654166666666667,
        "edgeRatio": 0.11652886721786446,
        "horizontalComparisons": 14151,
        "horizontalEdgeHits": 1439,
        "horizontalEdgeRatio": 0.10168892657762703,
        "meanLuma": 16.622569444444444,
        "stdDev": 29.275546376117003,
        "verticalComparisons": 14151,
        "verticalEdgeHits": 1859,
        "verticalEdgeRatio": 0.1313688078581019
      },
      "score": 3,
      "score_breakdown": null,
      "screen_layout": "chart",
      "tickers": [],
      "timestamp": 1280,
      "timestamp_hms": "00:21:20"
    },
    {
      "chart_stream": {
        "confidence": 0,
        "parse_status": "no_seed_tickers",
        "position_list": [],
        "price_action": "",
        "tickers_rejected": 0
      },
      "confusion_with_nearby": [],
      "frame_index": 90,
      "frame_path": "C:\\Users\\admin\\Projects\\portfolio_analyzer_revere\\data\\video_scan_20260917\\qmg-ocr-20260917-missing19\\qmg-ocr-20260917-missing19\\ocr_probe\\frames\\20230523_20230523_2ugj5cvvvk4_1a847e84_snapshot\\ocr\\ocr_000091.png",
      "is_intro_card": false,
      "issue_codes": [],
      "low_res_frame_path": null,
      "nearest_ffmpeg_keyframe_ts": 0,
      "observed_date": null,
      "ocr_confidence": 25,
      "ocr_profile": "normalized",
      "ocr_text": "wh   Vv ogad   I) [/     « :\n021 V pu pA ad      Na      sc\nAV     |       grome\n\n—              \\/1PS               oo EZ EI\n— hee  5\nNG.  ide ja a\n=m i SAM        ip              Na—\n—= NK                                      EV\n~~ PLEASEiread.this firsts qullamaggie.com o\nEi —                                        —————\n",
      "ocr_text_snippet": "wh Vv ogad I) [/ « : 021 V pu pA ad Na sc AV | grome — \\/1PS oo EZ EI — hee 5 NG. ide ja a =m i SAM ip Na— —= NK EV ~~ PLEASEiread.this firsts qullamaggie.com o Ei — —————",
      "output_kind": "snapshot",
      "parsed_observations": [],
      "parsed_row_count": 0,
      "phash": "afb9daa1da9050d4",
      "phash_overlay": "c5c509f9c5dc1c27",
      "phash_region": {
        "xFraction": 0.7,
        "yFraction": 0.84,
        "wFraction": 0.28,
        "hFraction": 0.14
      },
      "prefilter_profile": null,
      "prefilter_score": 10.94,
      "prefilter_stats": {
        "brightRatio": 0.011111111111111112,
        "darkRatio": 0.9477777777777778,
        "edgeRatio": 0.11529220549784468,
        "horizontalComparisons": 14151,
        "horizontalEdgeHits": 1318,
        "horizontalEdgeRatio": 0.09313829411349021,
        "meanLuma": 19.15020833333333,
        "stdDev": 39.42794773325892,
        "verticalComparisons": 14151,
        "verticalEdgeHits": 1945,
        "verticalEdgeRatio": 0.13744611688219913
      },
      "score": 1.25,
      "score_breakdown": null,
      "screen_layout": "chart",
      "tickers": [],
      "timestamp": 360,
      "timestamp_hms": "00:06:00"
    }
  ],
  "whiteboard_segments": [
    {
      "capture_count": 3,
      "end_ts": 2160,
      "end_hms": "00:36:00",
      "is_intro_card": false,
      "layout": "chart",
      "peak_frame_index": 530,
      "peak_score": 4.65,
      "start_hms": "00:34:00",
      "start_ts": 2040
    }
  ],
  "log_path": "C:\\Users\\admin\\Projects\\portfolio_analyzer_revere\\data\\video_scan_20260917\\qmg-ocr-20260917-missing19\\qmg-ocr-20260917-missing19\\ocr_probe\\logs\\20230523_20230523_2ugj5cvvvk4_1a847e84_snapshot.json"
}
