# cmd: node tools/scanVideoWithOcr.js --video C:\Users\admin\Projects\portfolio_analyzer_revere\data\video_pipeline\downloads\20230518_1AJIzXSkfyM.mp4 --date 20230518 --output-root C:\Users\admin\Projects\portfolio_analyzer_revere\data\video_scan_20260917\qmg-ocr-20260917-missing19 --run-tag qmg-ocr-20260917-missing19 --ffmpeg-bin C:\Users\admin\AppData\Local\Microsoft\WinGet\Packages\Gyan.FFmpeg_Microsoft.Winget.Source_8wekyb3d8bbwe\ffmpeg-9.0.1-full_build\bin\ffmpeg.exe --output-kind snapshot --prefilter-profile chart_stream --basename qmg --chart-stream-parser
[scan:snapshot] ffprobe found 1 keyframe(s) for nearest-keyframe lookup
[scan:snapshot] preflighting final snapshot output extraction
[scan:snapshot] extracting sample frames from C:\Users\admin\Projects\portfolio_analyzer_revere\data\video_pipeline\downloads\20230518_1AJIzXSkfyM.mp4
[scan:snapshot] extracted 743 frame(s) at 0.25 fps with width 640; starting prefilter
[scan:snapshot] prefilter 1/743 frames after 00:00:00; best prefilter 11.52 at 00:00:00
[scan:snapshot] prefilter 10/743 frames after 00:00:00; best prefilter 11.83 at 00:00:12
[scan:snapshot] prefilter 20/743 frames after 00:00:00; best prefilter 12.01 at 00:01:12
[scan:snapshot] prefilter 30/743 frames after 00:00:00; best prefilter 12.01 at 00:01:12
[scan:snapshot] prefilter 40/743 frames after 00:00:01; best prefilter 12.01 at 00:01:12
[scan:snapshot] prefilter 50/743 frames after 00:00:01; best prefilter 12.01 at 00:01:12
[scan:snapshot] prefilter 60/743 frames after 00:00:01; best prefilter 12.01 at 00:01:12
[scan:snapshot] prefilter 70/743 frames after 00:00:01; best prefilter 12.01 at 00:01:12
[scan:snapshot] prefilter 80/743 frames after 00:00:01; best prefilter 12.01 at 00:01:12
[scan:snapshot] prefilter 90/743 frames after 00:00:01; best prefilter 12.01 at 00:01:12
[scan:snapshot] prefilter 100/743 frames after 00:00:01; best prefilter 13.07 at 00:06:28
[scan:snapshot] prefilter 110/743 frames after 00:00:01; best prefilter 13.07 at 00:06:28
[scan:snapshot] prefilter 120/743 frames after 00:00:02; best prefilter 13.07 at 00:06:28
[scan:snapshot] prefilter 130/743 frames after 00:00:02; best prefilter 13.07 at 00:06:28
[scan:snapshot] prefilter 140/743 frames after 00:00:02; best prefilter 13.07 at 00:06:28
[scan:snapshot] prefilter 150/743 frames after 00:00:02; best prefilter 13.07 at 00:06:28
[scan:snapshot] prefilter 160/743 frames after 00:00:02; best prefilter 13.07 at 00:06:28
[scan:snapshot] prefilter 170/743 frames after 00:00:02; best prefilter 13.07 at 00:06:28
[scan:snapshot] prefilter 180/743 frames after 00:00:02; best prefilter 13.07 at 00:06:28
[scan:snapshot] prefilter 190/743 frames after 00:00:03; best prefilter 13.07 at 00:06:28
[scan:snapshot] prefilter 200/743 frames after 00:00:03; best prefilter 13.07 at 00:06:28
[scan:snapshot] prefilter 210/743 frames after 00:00:03; best prefilter 13.07 at 00:06:28
[scan:snapshot] prefilter 220/743 frames after 00:00:03; best prefilter 13.07 at 00:06:28
[scan:snapshot] prefilter 230/743 frames after 00:00:03; best prefilter 13.07 at 00:06:28
[scan:snapshot] prefilter 240/743 frames after 00:00:03; best prefilter 13.07 at 00:06:28
[scan:snapshot] prefilter 250/743 frames after 00:00:03; best prefilter 13.07 at 00:06:28
[scan:snapshot] prefilter 260/743 frames after 00:00:04; best prefilter 13.07 at 00:06:28
[scan:snapshot] prefilter 270/743 frames after 00:00:04; best prefilter 13.07 at 00:06:28
[scan:snapshot] prefilter 280/743 frames after 00:00:04; best prefilter 13.07 at 00:06:28
[scan:snapshot] prefilter 290/743 frames after 00:00:04; best prefilter 13.07 at 00:06:28
[scan:snapshot] prefilter 300/743 frames after 00:00:04; best prefilter 13.07 at 00:06:28
[scan:snapshot] prefilter 310/743 frames after 00:00:04; best prefilter 13.07 at 00:06:28
[scan:snapshot] prefilter 320/743 frames after 00:00:04; best prefilter 13.07 at 00:06:28
[scan:snapshot] prefilter 330/743 frames after 00:00:04; best prefilter 13.07 at 00:06:28
[scan:snapshot] prefilter 340/743 frames after 00:00:05; best prefilter 13.07 at 00:06:28
[scan:snapshot] prefilter 350/743 frames after 00:00:05; best prefilter 13.07 at 00:06:28
[scan:snapshot] prefilter 360/743 frames after 00:00:05; best prefilter 13.07 at 00:06:28
[scan:snapshot] prefilter 370/743 frames after 00:00:05; best prefilter 13.07 at 00:06:28
[scan:snapshot] prefilter 380/743 frames after 00:00:05; best prefilter 13.07 at 00:06:28
[scan:snapshot] prefilter 390/743 frames after 00:00:05; best prefilter 13.07 at 00:06:28
[scan:snapshot] prefilter 400/743 frames after 00:00:05; best prefilter 13.07 at 00:06:28
[scan:snapshot] prefilter 410/743 frames after 00:00:05; best prefilter 13.07 at 00:06:28
[scan:snapshot] prefilter 420/743 frames after 00:00:06; best prefilter 13.07 at 00:06:28
[scan:snapshot] prefilter 430/743 frames after 00:00:06; best prefilter 13.07 at 00:06:28
[scan:snapshot] prefilter 440/743 frames after 00:00:06; best prefilter 13.07 at 00:06:28
[scan:snapshot] prefilter 450/743 frames after 00:00:06; best prefilter 13.60 at 00:29:44
[scan:snapshot] prefilter 460/743 frames after 00:00:06; best prefilter 13.60 at 00:29:44
[scan:snapshot] prefilter 470/743 frames after 00:00:06; best prefilter 13.60 at 00:29:44
[scan:snapshot] prefilter 480/743 frames after 00:00:06; best prefilter 13.60 at 00:29:44
[scan:snapshot] prefilter 490/743 frames after 00:00:07; best prefilter 13.60 at 00:29:44
[scan:snapshot] prefilter 500/743 frames after 00:00:07; best prefilter 13.60 at 00:29:44
[scan:snapshot] prefilter 510/743 frames after 00:00:07; best prefilter 13.60 at 00:29:44
[scan:snapshot] prefilter 520/743 frames after 00:00:07; best prefilter 13.60 at 00:29:44
[scan:snapshot] prefilter 530/743 frames after 00:00:07; best prefilter 13.60 at 00:29:44
[scan:snapshot] prefilter 540/743 frames after 00:00:07; best prefilter 13.60 at 00:29:44
[scan:snapshot] prefilter 550/743 frames after 00:00:07; best prefilter 13.60 at 00:29:44
[scan:snapshot] prefilter 560/743 frames after 00:00:07; best prefilter 13.60 at 00:29:44
[scan:snapshot] prefilter 570/743 frames after 00:00:08; best prefilter 13.60 at 00:29:44
[scan:snapshot] prefilter 580/743 frames after 00:00:08; best prefilter 13.60 at 00:29:44
[scan:snapshot] prefilter 590/743 frames after 00:00:08; best prefilter 13.60 at 00:29:44
[scan:snapshot] prefilter 600/743 frames after 00:00:08; best prefilter 13.60 at 00:29:44
[scan:snapshot] prefilter 610/743 frames after 00:00:08; best prefilter 13.60 at 00:29:44
[scan:snapshot] prefilter 620/743 frames after 00:00:08; best prefilter 13.60 at 00:29:44
[scan:snapshot] prefilter 630/743 frames after 00:00:08; best prefilter 13.60 at 00:29:44
[scan:snapshot] prefilter 640/743 frames after 00:00:08; best prefilter 13.60 at 00:29:44
[scan:snapshot] prefilter 650/743 frames after 00:00:09; best prefilter 13.60 at 00:29:44
[scan:snapshot] prefilter 660/743 frames after 00:00:09; best prefilter 13.60 at 00:29:44
[scan:snapshot] prefilter 670/743 frames after 00:00:09; best prefilter 13.60 at 00:29:44
[scan:snapshot] prefilter 680/743 frames after 00:00:09; best prefilter 13.60 at 00:29:44
[scan:snapshot] prefilter 690/743 frames after 00:00:09; best prefilter 13.60 at 00:29:44
[scan:snapshot] prefilter 700/743 frames after 00:00:09; best prefilter 13.60 at 00:29:44
[scan:snapshot] prefilter 710/743 frames after 00:00:09; best prefilter 13.60 at 00:29:44
[scan:snapshot] prefilter 720/743 frames after 00:00:09; best prefilter 13.60 at 00:29:44
[scan:snapshot] prefilter 730/743 frames after 00:00:10; best prefilter 13.60 at 00:29:44
[scan:snapshot] prefilter 740/743 frames after 00:00:10; best prefilter 13.60 at 00:29:44
[scan:snapshot] prefilter 743/743 frames after 00:00:10; best prefilter 13.60 at 00:29:44
[scan:snapshot] prefilter kept 60/743 frame(s) for OCR; best prefilter 13.60 at 00:29:44
[scan:snapshot] extracting OCR candidates from source video at width 1280
[scan:snapshot] OCR 1/60 frames (1.7%) after 00:00:02; best score 4.40 at 00:00:00 (ocr 88.0)
[scan:snapshot] OCR 10/60 frames (16.7%) after 00:00:22; best score 4.40 at 00:00:00 (ocr 88.0)
[scan:snapshot] OCR 20/60 frames (33.3%) after 00:01:01; best score 4.40 at 00:00:00 (ocr 88.0)
Image too small to scale!! (2x36 vs min width of 3)
Line cannot be recognized!!
[scan:snapshot] OCR 30/60 frames (50.0%) after 00:02:13; best score 4.40 at 00:00:00 (ocr 88.0)
[scan:snapshot] OCR 40/60 frames (66.7%) after 00:03:28; best score 4.40 at 00:00:00 (ocr 88.0)
Image too small to scale!! (2x36 vs min width of 3)
Line cannot be recognized!!
[scan:snapshot] OCR 50/60 frames (83.3%) after 00:03:56; best score 4.40 at 00:00:00 (ocr 88.0)
[scan:snapshot] OCR 60/60 frames (100.0%) after 00:05:20; best score 4.40 at 00:00:00 (ocr 88.0)
{
  "basename": "qmg",
  "channel": "qmg",
  "chart_stream_parser": true,
  "date_key": "20230518",
  "output_kind": "snapshot",
  "phash_region": null,
  "phash_region_fraction": {
    "xFraction": 0.7,
    "yFraction": 0.84,
    "wFraction": 0.28,
    "hFraction": 0.14
  },
  "prefilter_profile": "chart_stream",
  "video_path": "C:\\Users\\admin\\Projects\\portfolio_analyzer_revere\\data\\video_pipeline\\downloads\\20230518_1AJIzXSkfyM.mp4",
  "captured_count": 3,
  "captures": [
    {
      "chart_stream": {
        "confidence": 0,
        "parse_status": "no_seed_tickers",
        "position_list": [],
        "price_action": "",
        "tickers_rejected": 0
      },
      "confusion_with_nearby": [],
      "frame_index": 672,
      "frame_path": "C:\\Users\\admin\\Projects\\portfolio_analyzer_revere\\data\\video_scan_20260917\\qmg-ocr-20260917-missing19\\qmg-ocr-20260917-missing19\\ocr_probe\\frames\\20230518_20230518_1ajizxskfym_14a86739_snapshot\\ocr\\ocr_000673.png",
      "is_intro_card": false,
      "issue_codes": [],
      "low_res_frame_path": null,
      "nearest_ffmpeg_keyframe_ts": 0,
      "observed_date": null,
      "ocr_confidence": 93,
      "ocr_profile": "threshold",
      "ocr_text": "PLEASE read this first -> qullamaggie.com\n",
      "ocr_text_snippet": "PLEASE read this first -> qullamaggie.com",
      "output_kind": "snapshot",
      "parsed_observations": [],
      "parsed_row_count": 0,
      "phash": "afb9f298d2903994",
      "phash_overlay": "c5cd19c9c5dc1c27",
      "phash_region": {
        "xFraction": 0.7,
        "yFraction": 0.84,
        "wFraction": 0.28,
        "hFraction": 0.14
      },
      "prefilter_profile": null,
      "prefilter_score": 3.84,
      "prefilter_stats": {
        "brightRatio": 0,
        "darkRatio": 0.9632638888888889,
        "edgeRatio": 0.12246484347395943,
        "horizontalComparisons": 14151,
        "horizontalEdgeHits": 1454,
        "horizontalEdgeRatio": 0.10274892233764399,
        "meanLuma": 17.675208333333334,
        "stdDev": 30.20899878505552,
        "verticalComparisons": 14151,
        "verticalEdgeHits": 2012,
        "verticalEdgeRatio": 0.1421807646102749
      },
      "score": 4.65,
      "score_breakdown": null,
      "screen_layout": "chart",
      "tickers": [],
      "timestamp": 2688,
      "timestamp_hms": "00:44:48",
      "output_path": "C:\\Users\\admin\\Projects\\portfolio_analyzer_revere\\data\\video_scan_20260917\\qmg-ocr-20260917-missing19\\qmg-ocr-20260917-missing19\\snapshots\\qmg_20230518.png"
    },
    {
      "chart_stream": {
        "confidence": 0,
        "parse_status": "no_seed_tickers",
        "position_list": [],
        "price_action": "",
        "tickers_rejected": 0
      },
      "confusion_with_nearby": [],
      "frame_index": 576,
      "frame_path": "C:\\Users\\admin\\Projects\\portfolio_analyzer_revere\\data\\video_scan_20260917\\qmg-ocr-20260917-missing19\\qmg-ocr-20260917-missing19\\ocr_probe\\frames\\20230518_20230518_1ajizxskfym_14a86739_snapshot\\ocr\\ocr_000577.png",
      "is_intro_card": false,
      "issue_codes": [],
      "low_res_frame_path": null,
      "nearest_ffmpeg_keyframe_ts": 0,
      "observed_date": null,
      "ocr_confidence": 93,
      "ocr_profile": "threshold",
      "ocr_text": "PLEASE read this first -> qullamaggie.com\n",
      "ocr_text_snippet": "PLEASE read this first -> qullamaggie.com",
      "output_kind": "snapshot",
      "parsed_observations": [],
      "parsed_row_count": 0,
      "phash": "afb9d6b8da9018d0",
      "phash_overlay": "c5cd19c9c5dc1c27",
      "phash_region": {
        "xFraction": 0.7,
        "yFraction": 0.84,
        "wFraction": 0.28,
        "hFraction": 0.14
      },
      "prefilter_profile": null,
      "prefilter_score": 4.76,
      "prefilter_stats": {
        "brightRatio": 0,
        "darkRatio": 0.9602777777777778,
        "edgeRatio": 0.120874849833934,
        "horizontalComparisons": 14151,
        "horizontalEdgeHits": 1536,
        "horizontalEdgeRatio": 0.1085435658257367,
        "meanLuma": 17.62840277777778,
        "stdDev": 31.526252930498575,
        "verticalComparisons": 14151,
        "verticalEdgeHits": 1885,
        "verticalEdgeRatio": 0.13320613384213129
      },
      "score": 4.65,
      "score_breakdown": null,
      "screen_layout": "chart",
      "tickers": [],
      "timestamp": 2304,
      "timestamp_hms": "00:38:24",
      "output_path": "C:\\Users\\admin\\Projects\\portfolio_analyzer_revere\\data\\video_scan_20260917\\qmg-ocr-20260917-missing19\\qmg-ocr-20260917-missing19\\snapshots\\qmg_20230518_2.png"
    },
    {
      "chart_stream": {
        "confidence": 0,
        "parse_status": "no_seed_tickers",
        "position_list": [],
        "price_action": "",
        "tickers_rejected": 0
      },
      "confusion_with_nearby": [],
      "frame_index": 504,
      "frame_path": "C:\\Users\\admin\\Projects\\portfolio_analyzer_revere\\data\\video_scan_20260917\\qmg-ocr-20260917-missing19\\qmg-ocr-20260917-missing19\\ocr_probe\\frames\\20230518_20230518_1ajizxskfym_14a86739_snapshot\\ocr\\ocr_000505.png",
      "is_intro_card": false,
      "issue_codes": [],
      "low_res_frame_path": null,
      "nearest_ffmpeg_keyframe_ts": 0,
      "observed_date": null,
      "ocr_confidence": 93,
      "ocr_profile": "threshold",
      "ocr_text": "PLEASE read this first -> qullamaggie.com\n",
      "ocr_text_snippet": "PLEASE read this first -> qullamaggie.com",
      "output_kind": "snapshot",
      "parsed_observations": [],
      "parsed_row_count": 0,
      "phash": "af39d68c338c3394",
      "phash_overlay": "c5cd1989c5dc3c27",
      "phash_region": {
        "xFraction": 0.7,
        "yFraction": 0.84,
        "wFraction": 0.28,
        "hFraction": 0.14
      },
      "prefilter_profile": null,
      "prefilter_score": 4.31,
      "prefilter_stats": {
        "brightRatio": 0,
        "darkRatio": 0.961875,
        "edgeRatio": 0.12447883541799167,
        "horizontalComparisons": 14151,
        "horizontalEdgeHits": 1527,
        "horizontalEdgeRatio": 0.10790756836972652,
        "meanLuma": 17.88284722222222,
        "stdDev": 30.443726962015838,
        "verticalComparisons": 14151,
        "verticalEdgeHits": 1996,
        "verticalEdgeRatio": 0.1410501024662568
      },
      "score": 4.65,
      "score_breakdown": null,
      "screen_layout": "chart",
      "tickers": [],
      "timestamp": 2016,
      "timestamp_hms": "00:33:36",
      "output_path": "C:\\Users\\admin\\Projects\\portfolio_analyzer_revere\\data\\video_scan_20260917\\qmg-ocr-20260917-missing19\\qmg-ocr-20260917-missing19\\snapshots\\qmg_20230518_3.png"
    }
  ],
  "frame_count": 743,
  "frame_error_count": 0,
  "frame_errors": [],
  "max_captures_per_video": 3,
  "nearest_ffmpeg_keyframe_lookups_skipped": false,
  "nearest_ffmpeg_keyframe_pts_total": 1,
  "ocr_engine_metadata": {
    "tesseract_version": "6.0.1",
    "language": "eng",
    "dpi": 300,
    "psm": null,
    "preserve_interword_spaces": "1",
    "deskew": false
  },
  "ocr_frame_count": 60,
  "ocr_frame_width": 1280,
  "output_path": "C:\\Users\\admin\\Projects\\portfolio_analyzer_revere\\data\\video_scan_20260917\\qmg-ocr-20260917-missing19\\qmg-ocr-20260917-missing19\\snapshots\\qmg_20230518.png",
  "prefilter_best_score": 13.6,
  "review_threshold": 4,
  "sample_frame_width": 640,
  "status": "review",
  "strong_threshold": 6,
  "top_candidate": {
    "chart_stream": {
      "confidence": 0,
      "parse_status": "no_seed_tickers",
      "position_list": [],
      "price_action": "",
      "tickers_rejected": 0
    },
    "confusion_with_nearby": [],
    "frame_index": 672,
    "frame_path": "C:\\Users\\admin\\Projects\\portfolio_analyzer_revere\\data\\video_scan_20260917\\qmg-ocr-20260917-missing19\\qmg-ocr-20260917-missing19\\ocr_probe\\frames\\20230518_20230518_1ajizxskfym_14a86739_snapshot\\ocr\\ocr_000673.png",
    "is_intro_card": false,
    "issue_codes": [],
    "low_res_frame_path": null,
    "nearest_ffmpeg_keyframe_ts": 0,
    "observed_date": null,
    "ocr_confidence": 93,
    "ocr_profile": "threshold",
    "ocr_text": "PLEASE read this first -> qullamaggie.com\n",
    "ocr_text_snippet": "PLEASE read this first -> qullamaggie.com",
    "output_kind": "snapshot",
    "parsed_observations": [],
    "parsed_row_count": 0,
    "phash": "afb9f298d2903994",
    "phash_overlay": "c5cd19c9c5dc1c27",
    "phash_region": {
      "xFraction": 0.7,
      "yFraction": 0.84,
      "wFraction": 0.28,
      "hFraction": 0.14
    },
    "prefilter_profile": null,
    "prefilter_score": 3.84,
    "prefilter_stats": {
      "brightRatio": 0,
      "darkRatio": 0.9632638888888889,
      "edgeRatio": 0.12246484347395943,
      "horizontalComparisons": 14151,
      "horizontalEdgeHits": 1454,
      "horizontalEdgeRatio": 0.10274892233764399,
      "meanLuma": 17.675208333333334,
      "stdDev": 30.20899878505552,
      "verticalComparisons": 14151,
      "verticalEdgeHits": 2012,
      "verticalEdgeRatio": 0.1421807646102749
    },
    "score": 4.65,
    "score_breakdown": null,
    "screen_layout": "chart",
    "tickers": [],
    "timestamp": 2688,
    "timestamp_hms": "00:44:48"
  },
  "top_candidates": [
    {
      "chart_stream": {
        "confidence": 0,
        "parse_status": "no_seed_tickers",
        "position_list": [],
        "price_action": "",
        "tickers_rejected": 0
      },
      "confusion_with_nearby": [],
      "frame_index": 672,
      "frame_path": "C:\\Users\\admin\\Projects\\portfolio_analyzer_revere\\data\\video_scan_20260917\\qmg-ocr-20260917-missing19\\qmg-ocr-20260917-missing19\\ocr_probe\\frames\\20230518_20230518_1ajizxskfym_14a86739_snapshot\\ocr\\ocr_000673.png",
      "is_intro_card": false,
      "issue_codes": [],
      "low_res_frame_path": null,
      "nearest_ffmpeg_keyframe_ts": null,
      "observed_date": null,
      "ocr_confidence": 93,
      "ocr_profile": "threshold",
      "ocr_text": "PLEASE read this first -> qullamaggie.com\n",
      "ocr_text_snippet": "PLEASE read this first -> qullamaggie.com",
      "output_kind": "snapshot",
      "parsed_observations": [],
      "parsed_row_count": 0,
      "phash": "afb9f298d2903994",
      "phash_overlay": "c5cd19c9c5dc1c27",
      "phash_region": {
        "xFraction": 0.7,
        "yFraction": 0.84,
        "wFraction": 0.28,
        "hFraction": 0.14
      },
      "prefilter_profile": null,
      "prefilter_score": 3.84,
      "prefilter_stats": {
        "brightRatio": 0,
        "darkRatio": 0.9632638888888889,
        "edgeRatio": 0.12246484347395943,
        "horizontalComparisons": 14151,
        "horizontalEdgeHits": 1454,
        "horizontalEdgeRatio": 0.10274892233764399,
        "meanLuma": 17.675208333333334,
        "stdDev": 30.20899878505552,
        "verticalComparisons": 14151,
        "verticalEdgeHits": 2012,
        "verticalEdgeRatio": 0.1421807646102749
      },
      "score": 4.65,
      "score_breakdown": null,
      "screen_layout": "chart",
      "tickers": [],
      "timestamp": 2688,
      "timestamp_hms": "00:44:48"
    },
    {
      "chart_stream": {
        "confidence": 0,
        "parse_status": "no_seed_tickers",
        "position_list": [],
        "price_action": "",
        "tickers_rejected": 0
      },
      "confusion_with_nearby": [],
      "frame_index": 576,
      "frame_path": "C:\\Users\\admin\\Projects\\portfolio_analyzer_revere\\data\\video_scan_20260917\\qmg-ocr-20260917-missing19\\qmg-ocr-20260917-missing19\\ocr_probe\\frames\\20230518_20230518_1ajizxskfym_14a86739_snapshot\\ocr\\ocr_000577.png",
      "is_intro_card": false,
      "issue_codes": [],
      "low_res_frame_path": null,
      "nearest_ffmpeg_keyframe_ts": null,
      "observed_date": null,
      "ocr_confidence": 93,
      "ocr_profile": "threshold",
      "ocr_text": "PLEASE read this first -> qullamaggie.com\n",
      "ocr_text_snippet": "PLEASE read this first -> qullamaggie.com",
      "output_kind": "snapshot",
      "parsed_observations": [],
      "parsed_row_count": 0,
      "phash": "afb9d6b8da9018d0",
      "phash_overlay": "c5cd19c9c5dc1c27",
      "phash_region": {
        "xFraction": 0.7,
        "yFraction": 0.84,
        "wFraction": 0.28,
        "hFraction": 0.14
      },
      "prefilter_profile": null,
      "prefilter_score": 4.76,
      "prefilter_stats": {
        "brightRatio": 0,
        "darkRatio": 0.9602777777777778,
        "edgeRatio": 0.120874849833934,
        "horizontalComparisons": 14151,
        "horizontalEdgeHits": 1536,
        "horizontalEdgeRatio": 0.1085435658257367,
        "meanLuma": 17.62840277777778,
        "stdDev": 31.526252930498575,
        "verticalComparisons": 14151,
        "verticalEdgeHits": 1885,
        "verticalEdgeRatio": 0.13320613384213129
      },
      "score": 4.65,
      "score_breakdown": null,
      "screen_layout": "chart",
      "tickers": [],
      "timestamp": 2304,
      "timestamp_hms": "00:38:24"
    },
    {
      "chart_stream": {
        "confidence": 0,
        "parse_status": "no_seed_tickers",
        "position_list": [],
        "price_action": "",
        "tickers_rejected": 0
      },
      "confusion_with_nearby": [],
      "frame_index": 504,
      "frame_path": "C:\\Users\\admin\\Projects\\portfolio_analyzer_revere\\data\\video_scan_20260917\\qmg-ocr-20260917-missing19\\qmg-ocr-20260917-missing19\\ocr_probe\\frames\\20230518_20230518_1ajizxskfym_14a86739_snapshot\\ocr\\ocr_000505.png",
      "is_intro_card": false,
      "issue_codes": [],
      "low_res_frame_path": null,
      "nearest_ffmpeg_keyframe_ts": null,
      "observed_date": null,
      "ocr_confidence": 93,
      "ocr_profile": "threshold",
      "ocr_text": "PLEASE read this first -> qullamaggie.com\n",
      "ocr_text_snippet": "PLEASE read this first -> qullamaggie.com",
      "output_kind": "snapshot",
      "parsed_observations": [],
      "parsed_row_count": 0,
      "phash": "af39d68c338c3394",
      "phash_overlay": "c5cd1989c5dc3c27",
      "phash_region": {
        "xFraction": 0.7,
        "yFraction": 0.84,
        "wFraction": 0.28,
        "hFraction": 0.14
      },
      "prefilter_profile": null,
      "prefilter_score": 4.31,
      "prefilter_stats": {
        "brightRatio": 0,
        "darkRatio": 0.961875,
        "edgeRatio": 0.12447883541799167,
        "horizontalComparisons": 14151,
        "horizontalEdgeHits": 1527,
        "horizontalEdgeRatio": 0.10790756836972652,
        "meanLuma": 17.88284722222222,
        "stdDev": 30.443726962015838,
        "verticalComparisons": 14151,
        "verticalEdgeHits": 1996,
        "verticalEdgeRatio": 0.1410501024662568
      },
      "score": 4.65,
      "score_breakdown": null,
      "screen_layout": "chart",
      "tickers": [],
      "timestamp": 2016,
      "timestamp_hms": "00:33:36"
    },
    {
      "chart_stream": {
        "confidence": 0,
        "parse_status": "no_seed_tickers",
        "position_list": [],
        "price_action": "",
        "tickers_rejected": 0
      },
      "confusion_with_nearby": [],
      "frame_index": 204,
      "frame_path": "C:\\Users\\admin\\Projects\\portfolio_analyzer_revere\\data\\video_scan_20260917\\qmg-ocr-20260917-missing19\\qmg-ocr-20260917-missing19\\ocr_probe\\frames\\20230518_20230518_1ajizxskfym_14a86739_snapshot\\ocr\\ocr_000205.png",
      "is_intro_card": false,
      "issue_codes": [],
      "low_res_frame_path": null,
      "nearest_ffmpeg_keyframe_ts": null,
      "observed_date": null,
      "ocr_confidence": 93,
      "ocr_profile": "threshold",
      "ocr_text": "PLEASE read this first -> qullamaggie.com\n",
      "ocr_text_snippet": "PLEASE read this first -> qullamaggie.com",
      "output_kind": "snapshot",
      "parsed_observations": [],
      "parsed_row_count": 0,
      "phash": "bfa8d2f8d2d011d2",
      "phash_overlay": "c5c51dc9c5dc1c27",
      "phash_region": {
        "xFraction": 0.7,
        "yFraction": 0.84,
        "wFraction": 0.28,
        "hFraction": 0.14
      },
      "prefilter_profile": null,
      "prefilter_score": 4.86,
      "prefilter_stats": {
        "brightRatio": 0.00006944444444444444,
        "darkRatio": 0.955625,
        "edgeRatio": 0.12027418556992439,
        "horizontalComparisons": 14151,
        "horizontalEdgeHits": 1464,
        "horizontalEdgeRatio": 0.1034555861776553,
        "meanLuma": 18.89375,
        "stdDev": 33.14425482046876,
        "verticalComparisons": 14151,
        "verticalEdgeHits": 1940,
        "verticalEdgeRatio": 0.1370927849621935
      },
      "score": 4.65,
      "score_breakdown": null,
      "screen_layout": "chart",
      "tickers": [],
      "timestamp": 816,
      "timestamp_hms": "00:13:36"
    },
    {
      "chart_stream": {
        "confidence": 0,
        "parse_status": "no_seed_tickers",
        "position_list": [],
        "price_action": "",
        "tickers_rejected": 0
      },
      "confusion_with_nearby": [],
      "frame_index": 36,
      "frame_path": "C:\\Users\\admin\\Projects\\portfolio_analyzer_revere\\data\\video_scan_20260917\\qmg-ocr-20260917-missing19\\qmg-ocr-20260917-missing19\\ocr_probe\\frames\\20230518_20230518_1ajizxskfym_14a86739_snapshot\\ocr\\ocr_000037.png",
      "is_intro_card": false,
      "issue_codes": [],
      "low_res_frame_path": null,
      "nearest_ffmpeg_keyframe_ts": null,
      "observed_date": null,
      "ocr_confidence": 93,
      "ocr_profile": "threshold",
      "ocr_text": "PLEASE read this first -> qullamaggie.com\n",
      "ocr_text_snippet": "PLEASE read this first -> qullamaggie.com",
      "output_kind": "snapshot",
      "parsed_observations": [],
      "parsed_row_count": 0,
      "phash": "bfb8dab9d29012d0",
      "phash_overlay": "c5cd1909c1dd3d27",
      "phash_region": {
        "xFraction": 0.7,
        "yFraction": 0.84,
        "wFraction": 0.28,
        "hFraction": 0.14
      },
      "prefilter_profile": null,
      "prefilter_score": 3.29,
      "prefilter_stats": {
        "brightRatio": 0,
        "darkRatio": 0.9627777777777777,
        "edgeRatio": 0.12352483923397639,
        "horizontalComparisons": 14151,
        "horizontalEdgeHits": 1438,
        "horizontalEdgeRatio": 0.1016182601936259,
        "meanLuma": 17.278194444444445,
        "stdDev": 30.249597739583844,
        "verticalComparisons": 14151,
        "verticalEdgeHits": 2058,
        "verticalEdgeRatio": 0.1454314182743269
      },
      "score": 4.65,
      "score_breakdown": null,
      "screen_layout": "chart",
      "tickers": [],
      "timestamp": 144,
      "timestamp_hms": "00:02:24"
    }
  ],
  "top_rejected_candidates": [
    {
      "chart_stream": {
        "confidence": 0,
        "parse_status": "no_seed_tickers",
        "position_list": [],
        "price_action": "",
        "tickers_rejected": 0
      },
      "confusion_with_nearby": [],
      "frame_index": 324,
      "frame_path": "C:\\Users\\admin\\Projects\\portfolio_analyzer_revere\\data\\video_scan_20260917\\qmg-ocr-20260917-missing19\\qmg-ocr-20260917-missing19\\ocr_probe\\frames\\20230518_20230518_1ajizxskfym_14a86739_snapshot\\ocr\\ocr_000325.png",
      "is_intro_card": false,
      "issue_codes": [],
      "low_res_frame_path": null,
      "nearest_ffmpeg_keyframe_ts": 0,
      "observed_date": null,
      "ocr_confidence": 73,
      "ocr_profile": "threshold",
      "ocr_text": "B                                                |\nPLEASE read this first -> qullamaggie.com\n",
      "ocr_text_snippet": "B | PLEASE read this first -> qullamaggie.com",
      "output_kind": "snapshot",
      "parsed_observations": [],
      "parsed_row_count": 0,
      "phash": "ed3bc833dc910ed0",
      "phash_overlay": "c5cd19c9c5dc1c27",
      "phash_region": {
        "xFraction": 0.7,
        "yFraction": 0.84,
        "wFraction": 0.28,
        "hFraction": 0.14
      },
      "prefilter_profile": null,
      "prefilter_score": 7.85,
      "prefilter_stats": {
        "brightRatio": 0.009930555555555555,
        "darkRatio": 0.9275,
        "edgeRatio": 0.1385061126422161,
        "horizontalComparisons": 14151,
        "horizontalEdgeHits": 1497,
        "horizontalEdgeRatio": 0.1057875768496926,
        "meanLuma": 24.31854166666667,
        "stdDev": 44.48946180571476,
        "verticalComparisons": 14151,
        "verticalEdgeHits": 2423,
        "verticalEdgeRatio": 0.17122464843473958
      },
      "score": 3.65,
      "score_breakdown": null,
      "screen_layout": "chart",
      "tickers": [],
      "timestamp": 1296,
      "timestamp_hms": "00:21:36"
    }
  ],
  "whiteboard_segments": [
    {
      "capture_count": 1,
      "end_ts": 2016,
      "end_hms": "00:33:36",
      "is_intro_card": false,
      "layout": "chart",
      "peak_frame_index": 504,
      "peak_score": 4.65,
      "start_hms": "00:33:36",
      "start_ts": 2016
    },
    {
      "capture_count": 1,
      "end_ts": 2304,
      "end_hms": "00:38:24",
      "is_intro_card": false,
      "layout": "chart",
      "peak_frame_index": 576,
      "peak_score": 4.65,
      "start_hms": "00:38:24",
      "start_ts": 2304
    },
    {
      "capture_count": 1,
      "end_ts": 2688,
      "end_hms": "00:44:48",
      "is_intro_card": false,
      "layout": "chart",
      "peak_frame_index": 672,
      "peak_score": 4.65,
      "start_hms": "00:44:48",
      "start_ts": 2688
    }
  ],
  "log_path": "C:\\Users\\admin\\Projects\\portfolio_analyzer_revere\\data\\video_scan_20260917\\qmg-ocr-20260917-missing19\\qmg-ocr-20260917-missing19\\ocr_probe\\logs\\20230518_20230518_1ajizxskfym_14a86739_snapshot.json"
}
