# cmd: node tools/scanVideoWithOcr.js --video C:\Users\admin\Projects\portfolio_analyzer_revere\data\video_pipeline\downloads_hires\20220425_s6jdpRmrGck.mp4 --date 20220425 --output-root C:\Users\admin\Projects\portfolio_analyzer_revere\data\video_scan_20260917\qmg-ocr-20260917-missing19 --run-tag qmg-ocr-20260917-missing19 --ffmpeg-bin C:\Users\admin\AppData\Local\Microsoft\WinGet\Packages\Gyan.FFmpeg_Microsoft.Winget.Source_8wekyb3d8bbwe\ffmpeg-9.0.1-full_build\bin\ffmpeg.exe --output-kind snapshot --prefilter-profile chart_stream --basename qmg --chart-stream-parser
[scan:snapshot] ffprobe found 345 keyframe(s) for nearest-keyframe lookup
[scan:snapshot] preflighting final snapshot output extraction
[scan:snapshot] extracting sample frames from C:\Users\admin\Projects\portfolio_analyzer_revere\data\video_pipeline\downloads_hires\20220425_s6jdpRmrGck.mp4
[scan:snapshot] extracted 459 frame(s) at 0.25 fps with width 640; starting prefilter
[scan:snapshot] prefilter 1/459 frames after 00:00:00; best prefilter 4.83 at 00:00:00
[scan:snapshot] prefilter 10/459 frames after 00:00:00; best prefilter 5.10 at 00:00:04
[scan:snapshot] prefilter 20/459 frames after 00:00:00; best prefilter 5.10 at 00:00:04
[scan:snapshot] prefilter 30/459 frames after 00:00:00; best prefilter 5.10 at 00:00:04
[scan:snapshot] prefilter 40/459 frames after 00:00:00; best prefilter 5.10 at 00:00:04
[scan:snapshot] prefilter 50/459 frames after 00:00:01; best prefilter 5.10 at 00:00:04
[scan:snapshot] prefilter 60/459 frames after 00:00:01; best prefilter 5.10 at 00:00:04
[scan:snapshot] prefilter 70/459 frames after 00:00:01; best prefilter 5.10 at 00:00:04
[scan:snapshot] prefilter 80/459 frames after 00:00:01; best prefilter 5.10 at 00:00:04
[scan:snapshot] prefilter 90/459 frames after 00:00:01; best prefilter 5.16 at 00:05:20
[scan:snapshot] prefilter 100/459 frames after 00:00:01; best prefilter 5.16 at 00:05:20
[scan:snapshot] prefilter 110/459 frames after 00:00:01; best prefilter 5.16 at 00:05:20
[scan:snapshot] prefilter 120/459 frames after 00:00:01; best prefilter 5.16 at 00:05:20
[scan:snapshot] prefilter 130/459 frames after 00:00:01; best prefilter 5.16 at 00:05:20
[scan:snapshot] prefilter 140/459 frames after 00:00:01; best prefilter 5.16 at 00:05:20
[scan:snapshot] prefilter 150/459 frames after 00:00:01; best prefilter 5.16 at 00:05:20
[scan:snapshot] prefilter 160/459 frames after 00:00:02; best prefilter 5.16 at 00:05:20
[scan:snapshot] prefilter 170/459 frames after 00:00:02; best prefilter 5.16 at 00:05:20
[scan:snapshot] prefilter 180/459 frames after 00:00:02; best prefilter 5.16 at 00:05:20
[scan:snapshot] prefilter 190/459 frames after 00:00:02; best prefilter 5.16 at 00:05:20
[scan:snapshot] prefilter 200/459 frames after 00:00:02; best prefilter 5.16 at 00:05:20
[scan:snapshot] prefilter 210/459 frames after 00:00:02; best prefilter 5.16 at 00:05:20
[scan:snapshot] prefilter 220/459 frames after 00:00:02; best prefilter 5.16 at 00:05:20
[scan:snapshot] prefilter 230/459 frames after 00:00:02; best prefilter 5.16 at 00:05:20
[scan:snapshot] prefilter 240/459 frames after 00:00:02; best prefilter 12.04 at 00:15:40
[scan:snapshot] prefilter 250/459 frames after 00:00:02; best prefilter 12.04 at 00:15:40
[scan:snapshot] prefilter 260/459 frames after 00:00:02; best prefilter 12.04 at 00:15:40
[scan:snapshot] prefilter 270/459 frames after 00:00:02; best prefilter 12.04 at 00:15:40
[scan:snapshot] prefilter 280/459 frames after 00:00:03; best prefilter 12.25 at 00:18:36
[scan:snapshot] prefilter 290/459 frames after 00:00:03; best prefilter 12.44 at 00:19:16
[scan:snapshot] prefilter 300/459 frames after 00:00:03; best prefilter 12.54 at 00:19:28
[scan:snapshot] prefilter 310/459 frames after 00:00:03; best prefilter 12.54 at 00:19:28
[scan:snapshot] prefilter 320/459 frames after 00:00:03; best prefilter 12.54 at 00:19:28
[scan:snapshot] prefilter 330/459 frames after 00:00:03; best prefilter 12.85 at 00:21:48
[scan:snapshot] prefilter 340/459 frames after 00:00:03; best prefilter 12.85 at 00:21:48
[scan:snapshot] prefilter 350/459 frames after 00:00:03; best prefilter 12.85 at 00:21:48
[scan:snapshot] prefilter 360/459 frames after 00:00:03; best prefilter 12.85 at 00:21:48
[scan:snapshot] prefilter 370/459 frames after 00:00:03; best prefilter 12.85 at 00:21:48
[scan:snapshot] prefilter 380/459 frames after 00:00:04; best prefilter 12.85 at 00:21:48
[scan:snapshot] prefilter 390/459 frames after 00:00:04; best prefilter 12.85 at 00:21:48
[scan:snapshot] prefilter 400/459 frames after 00:00:04; best prefilter 12.85 at 00:21:48
[scan:snapshot] prefilter 410/459 frames after 00:00:04; best prefilter 12.86 at 00:26:40
[scan:snapshot] prefilter 420/459 frames after 00:00:04; best prefilter 12.86 at 00:26:40
[scan:snapshot] prefilter 430/459 frames after 00:00:04; best prefilter 12.86 at 00:26:40
[scan:snapshot] prefilter 440/459 frames after 00:00:04; best prefilter 14.37 at 00:29:00
[scan:snapshot] prefilter 450/459 frames after 00:00:04; best prefilter 14.37 at 00:29:00
[scan:snapshot] prefilter 459/459 frames after 00:00:04; best prefilter 14.37 at 00:29:00
[scan:snapshot] prefilter kept 60/459 frame(s) for OCR; best prefilter 14.37 at 00:29:00
[scan:snapshot] extracting OCR candidates from source video at width 1280
[scan:snapshot] OCR 1/60 frames (1.7%) after 00:00:05; best score 3.35 at 00:00:00 (ocr 67.0)
[scan:snapshot] OCR 10/60 frames (16.7%) after 00:00:36; best score 3.35 at 00:00:00 (ocr 67.0)
[scan:snapshot] OCR 20/60 frames (33.3%) after 00:01:11; best score 3.35 at 00:00:00 (ocr 67.0)
[scan:snapshot] OCR 30/60 frames (50.0%) after 00:01:46; best score 3.35 at 00:00:00 (ocr 67.0)
[scan:snapshot] OCR 40/60 frames (66.7%) after 00:02:28; best score 3.35 at 00:00:00 (ocr 67.0)
[scan:snapshot] OCR 50/60 frames (83.3%) after 00:02:59; best score 16.50 at 00:19:08 (ocr 30.0)
[scan:snapshot] OCR 60/60 frames (100.0%) after 00:03:34; best score 16.50 at 00:19:08 (ocr 30.0)
{
  "basename": "qmg",
  "channel": "qmg",
  "chart_stream_parser": true,
  "date_key": "20220425",
  "output_kind": "snapshot",
  "phash_region": null,
  "phash_region_fraction": {
    "xFraction": 0.7,
    "yFraction": 0.84,
    "wFraction": 0.28,
    "hFraction": 0.14
  },
  "prefilter_profile": "chart_stream",
  "video_path": "C:\\Users\\admin\\Projects\\portfolio_analyzer_revere\\data\\video_pipeline\\downloads_hires\\20220425_s6jdpRmrGck.mp4",
  "captured_count": 1,
  "captures": [
    {
      "chart_stream": {
        "confidence": 0.5,
        "parse_status": "ok",
        "position_list": [
          "FANG",
          "ON"
        ],
        "price_action": "a                                                   an $0          ify                         Nn",
        "tickers_rejected": 0
      },
      "confusion_with_nearby": [],
      "frame_index": 287,
      "frame_path": "C:\\Users\\admin\\Projects\\portfolio_analyzer_revere\\data\\video_scan_20260917\\qmg-ocr-20260917-missing19\\qmg-ocr-20260917-missing19\\ocr_probe\\frames\\20220425_20220425_s6jdprmrgck_f709e343_snapshot\\ocr\\ocr_000288.png",
      "is_intro_card": false,
      "issue_codes": [],
      "low_res_frame_path": null,
      "nearest_ffmpeg_keyframe_ts": 1146.666667,
      "observed_date": null,
      "ocr_confidence": 30,
      "ocr_profile": "normalized",
      "ocr_text": "Eo               oa\nor Bree Mmm Bere Gros pn Bom oe mn a\nEy 1 eps mie                                       TT —_—                       [10m HE\nRT                            er       .              mE\nero ld Ee ——                 CE          -                     gE\n——                                                 g      i                      we Bi\na                                                   an $0          ify                         Nn\na                                                 2         aN                       “ig\nEx        W/L                      y-\nga MM                          2\nwe 2 lh on                         —\n\\                            g |                                   on Bo\na                   oN            ly                 Fh\nA       as                               . El                     y I                       Nes      5\nSE     ;          17 =      —                 Ei                  i\nCT — va I  5h   =         Jy         Ii,\nhoy       i) foe EK] I= HRN —     a                                         -\nYi  Ha ClVAL        DN                        [IA            n\ngi A ——<  “FANG Inded By Le NH                   Ih Wy il      .\ntO REX MicreSectors FANG Inde  W Hie vil! aged                                   Wi           py\nNAY                                1          oh\n Won                            Wi   | EEE\ni           |                                                                                  l             PR —\nJ                                  Wo\n-                                    \\\nwo                                     i.  ee\nahaa                  oo pe <t oS    I      :   p   Ny     i\nit   0h\"     irhns   =,               ,       .        om\nith PLEASE read t th is firs    = Diliman =8\nEe  ——                                                PTCA\n",
      "ocr_text_snippet": "Eo oa or Bree Mmm Bere Gros pn Bom oe mn a Ey 1 eps mie TT —_— [10m HE RT er . mE ero ld Ee —— CE - gE —— g i we Bi a an $0 ify Nn a 2 aN “ig Ex W/L y- ga MM 2 we 2 lh on — \\ g | on Bo a oN ly Fh A...",
      "output_kind": "snapshot",
      "parsed_observations": [],
      "parsed_row_count": 0,
      "phash": "af2cdae8d239e0c4",
      "phash_overlay": "c6c23dc9c1dc3c27",
      "phash_region": {
        "xFraction": 0.7,
        "yFraction": 0.84,
        "wFraction": 0.28,
        "hFraction": 0.14
      },
      "prefilter_profile": null,
      "prefilter_score": 5.26,
      "prefilter_stats": {
        "brightRatio": 0,
        "darkRatio": 0.9670138888888888,
        "edgeRatio": 0.11006289308176101,
        "horizontalComparisons": 14151,
        "horizontalEdgeHits": 1320,
        "horizontalEdgeRatio": 0.09327962688149248,
        "meanLuma": 14.974652777777777,
        "stdDev": 28.2147835415426,
        "verticalComparisons": 14151,
        "verticalEdgeHits": 1795,
        "verticalEdgeRatio": 0.12684615928202952
      },
      "score": 16.5,
      "score_breakdown": null,
      "screen_layout": "tale_of_the_tape",
      "tickers": [
        "FANG",
        "ON"
      ],
      "timestamp": 1148,
      "timestamp_hms": "00:19:08",
      "output_path": "C:\\Users\\admin\\Projects\\portfolio_analyzer_revere\\data\\video_scan_20260917\\qmg-ocr-20260917-missing19\\qmg-ocr-20260917-missing19\\snapshots\\qmg_20220425.png"
    }
  ],
  "frame_count": 459,
  "frame_error_count": 0,
  "frame_errors": [],
  "max_captures_per_video": 3,
  "nearest_ffmpeg_keyframe_lookups_skipped": false,
  "nearest_ffmpeg_keyframe_pts_total": 345,
  "ocr_engine_metadata": {
    "tesseract_version": "6.0.1",
    "language": "eng",
    "dpi": 300,
    "psm": null,
    "preserve_interword_spaces": "1",
    "deskew": false
  },
  "ocr_frame_count": 60,
  "ocr_frame_width": 1280,
  "output_path": "C:\\Users\\admin\\Projects\\portfolio_analyzer_revere\\data\\video_scan_20260917\\qmg-ocr-20260917-missing19\\qmg-ocr-20260917-missing19\\snapshots\\qmg_20220425.png",
  "prefilter_best_score": 14.37,
  "review_threshold": 4,
  "sample_frame_width": 640,
  "status": "done",
  "strong_threshold": 6,
  "top_candidate": {
    "chart_stream": {
      "confidence": 0.5,
      "parse_status": "ok",
      "position_list": [
        "FANG",
        "ON"
      ],
      "price_action": "a                                                   an $0          ify                         Nn",
      "tickers_rejected": 0
    },
    "confusion_with_nearby": [],
    "frame_index": 287,
    "frame_path": "C:\\Users\\admin\\Projects\\portfolio_analyzer_revere\\data\\video_scan_20260917\\qmg-ocr-20260917-missing19\\qmg-ocr-20260917-missing19\\ocr_probe\\frames\\20220425_20220425_s6jdprmrgck_f709e343_snapshot\\ocr\\ocr_000288.png",
    "is_intro_card": false,
    "issue_codes": [],
    "low_res_frame_path": null,
    "nearest_ffmpeg_keyframe_ts": 1146.666667,
    "observed_date": null,
    "ocr_confidence": 30,
    "ocr_profile": "normalized",
    "ocr_text": "Eo               oa\nor Bree Mmm Bere Gros pn Bom oe mn a\nEy 1 eps mie                                       TT —_—                       [10m HE\nRT                            er       .              mE\nero ld Ee ——                 CE          -                     gE\n——                                                 g      i                      we Bi\na                                                   an $0          ify                         Nn\na                                                 2         aN                       “ig\nEx        W/L                      y-\nga MM                          2\nwe 2 lh on                         —\n\\                            g |                                   on Bo\na                   oN            ly                 Fh\nA       as                               . El                     y I                       Nes      5\nSE     ;          17 =      —                 Ei                  i\nCT — va I  5h   =         Jy         Ii,\nhoy       i) foe EK] I= HRN —     a                                         -\nYi  Ha ClVAL        DN                        [IA            n\ngi A ——<  “FANG Inded By Le NH                   Ih Wy il      .\ntO REX MicreSectors FANG Inde  W Hie vil! aged                                   Wi           py\nNAY                                1          oh\n Won                            Wi   | EEE\ni           |                                                                                  l             PR —\nJ                                  Wo\n-                                    \\\nwo                                     i.  ee\nahaa                  oo pe <t oS    I      :   p   Ny     i\nit   0h\"     irhns   =,               ,       .        om\nith PLEASE read t th is firs    = Diliman =8\nEe  ——                                                PTCA\n",
    "ocr_text_snippet": "Eo oa or Bree Mmm Bere Gros pn Bom oe mn a Ey 1 eps mie TT —_— [10m HE RT er . mE ero ld Ee —— CE - gE —— g i we Bi a an $0 ify Nn a 2 aN “ig Ex W/L y- ga MM 2 we 2 lh on — \\ g | on Bo a oN ly Fh A...",
    "output_kind": "snapshot",
    "parsed_observations": [],
    "parsed_row_count": 0,
    "phash": "af2cdae8d239e0c4",
    "phash_overlay": "c6c23dc9c1dc3c27",
    "phash_region": {
      "xFraction": 0.7,
      "yFraction": 0.84,
      "wFraction": 0.28,
      "hFraction": 0.14
    },
    "prefilter_profile": null,
    "prefilter_score": 5.26,
    "prefilter_stats": {
      "brightRatio": 0,
      "darkRatio": 0.9670138888888888,
      "edgeRatio": 0.11006289308176101,
      "horizontalComparisons": 14151,
      "horizontalEdgeHits": 1320,
      "horizontalEdgeRatio": 0.09327962688149248,
      "meanLuma": 14.974652777777777,
      "stdDev": 28.2147835415426,
      "verticalComparisons": 14151,
      "verticalEdgeHits": 1795,
      "verticalEdgeRatio": 0.12684615928202952
    },
    "score": 16.5,
    "score_breakdown": null,
    "screen_layout": "tale_of_the_tape",
    "tickers": [
      "FANG",
      "ON"
    ],
    "timestamp": 1148,
    "timestamp_hms": "00:19:08"
  },
  "top_candidates": [
    {
      "chart_stream": {
        "confidence": 0.5,
        "parse_status": "ok",
        "position_list": [
          "FANG",
          "ON"
        ],
        "price_action": "a                                                   an $0          ify                         Nn",
        "tickers_rejected": 0
      },
      "confusion_with_nearby": [],
      "frame_index": 287,
      "frame_path": "C:\\Users\\admin\\Projects\\portfolio_analyzer_revere\\data\\video_scan_20260917\\qmg-ocr-20260917-missing19\\qmg-ocr-20260917-missing19\\ocr_probe\\frames\\20220425_20220425_s6jdprmrgck_f709e343_snapshot\\ocr\\ocr_000288.png",
      "is_intro_card": false,
      "issue_codes": [],
      "low_res_frame_path": null,
      "nearest_ffmpeg_keyframe_ts": null,
      "observed_date": null,
      "ocr_confidence": 30,
      "ocr_profile": "normalized",
      "ocr_text": "Eo               oa\nor Bree Mmm Bere Gros pn Bom oe mn a\nEy 1 eps mie                                       TT —_—                       [10m HE\nRT                            er       .              mE\nero ld Ee ——                 CE          -                     gE\n——                                                 g      i                      we Bi\na                                                   an $0          ify                         Nn\na                                                 2         aN                       “ig\nEx        W/L                      y-\nga MM                          2\nwe 2 lh on                         —\n\\                            g |                                   on Bo\na                   oN            ly                 Fh\nA       as                               . El                     y I                       Nes      5\nSE     ;          17 =      —                 Ei                  i\nCT — va I  5h   =         Jy         Ii,\nhoy       i) foe EK] I= HRN —     a                                         -\nYi  Ha ClVAL        DN                        [IA            n\ngi A ——<  “FANG Inded By Le NH                   Ih Wy il      .\ntO REX MicreSectors FANG Inde  W Hie vil! aged                                   Wi           py\nNAY                                1          oh\n Won                            Wi   | EEE\ni           |                                                                                  l             PR —\nJ                                  Wo\n-                                    \\\nwo                                     i.  ee\nahaa                  oo pe <t oS    I      :   p   Ny     i\nit   0h\"     irhns   =,               ,       .        om\nith PLEASE read t th is firs    = Diliman =8\nEe  ——                                                PTCA\n",
      "ocr_text_snippet": "Eo oa or Bree Mmm Bere Gros pn Bom oe mn a Ey 1 eps mie TT —_— [10m HE RT er . mE ero ld Ee —— CE - gE —— g i we Bi a an $0 ify Nn a 2 aN “ig Ex W/L y- ga MM 2 we 2 lh on — \\ g | on Bo a oN ly Fh A...",
      "output_kind": "snapshot",
      "parsed_observations": [],
      "parsed_row_count": 0,
      "phash": "af2cdae8d239e0c4",
      "phash_overlay": "c6c23dc9c1dc3c27",
      "phash_region": {
        "xFraction": 0.7,
        "yFraction": 0.84,
        "wFraction": 0.28,
        "hFraction": 0.14
      },
      "prefilter_profile": null,
      "prefilter_score": 5.26,
      "prefilter_stats": {
        "brightRatio": 0,
        "darkRatio": 0.9670138888888888,
        "edgeRatio": 0.11006289308176101,
        "horizontalComparisons": 14151,
        "horizontalEdgeHits": 1320,
        "horizontalEdgeRatio": 0.09327962688149248,
        "meanLuma": 14.974652777777777,
        "stdDev": 28.2147835415426,
        "verticalComparisons": 14151,
        "verticalEdgeHits": 1795,
        "verticalEdgeRatio": 0.12684615928202952
      },
      "score": 16.5,
      "score_breakdown": null,
      "screen_layout": "tale_of_the_tape",
      "tickers": [
        "FANG",
        "ON"
      ],
      "timestamp": 1148,
      "timestamp_hms": "00:19:08"
    },
    {
      "chart_stream": {
        "confidence": 0,
        "parse_status": "no_seed_tickers",
        "position_list": [],
        "price_action": "",
        "tickers_rejected": 0
      },
      "confusion_with_nearby": [],
      "frame_index": 308,
      "frame_path": "C:\\Users\\admin\\Projects\\portfolio_analyzer_revere\\data\\video_scan_20260917\\qmg-ocr-20260917-missing19\\qmg-ocr-20260917-missing19\\ocr_probe\\frames\\20220425_20220425_s6jdprmrgck_f709e343_snapshot\\ocr\\ocr_000309.png",
      "is_intro_card": false,
      "issue_codes": [],
      "low_res_frame_path": null,
      "nearest_ffmpeg_keyframe_ts": null,
      "observed_date": null,
      "ocr_confidence": 89,
      "ocr_profile": "threshold",
      "ocr_text": "PLEASE read this first > qullamaggie.com\n",
      "ocr_text_snippet": "PLEASE read this first > qullamaggie.com",
      "output_kind": "snapshot",
      "parsed_observations": [],
      "parsed_row_count": 0,
      "phash": "af2cfaa8d219e2c4",
      "phash_overlay": "c6c23dc9c1dc3c27",
      "phash_region": {
        "xFraction": 0.7,
        "yFraction": 0.84,
        "wFraction": 0.28,
        "hFraction": 0.14
      },
      "prefilter_profile": null,
      "prefilter_score": 5.56,
      "prefilter_stats": {
        "brightRatio": 0,
        "darkRatio": 0.9679861111111111,
        "edgeRatio": 0.10963889477775422,
        "horizontalComparisons": 14151,
        "horizontalEdgeHits": 1403,
        "horizontalEdgeRatio": 0.09914493675358632,
        "meanLuma": 14.549375,
        "stdDev": 27.725345522312203,
        "verticalComparisons": 14151,
        "verticalEdgeHits": 1700,
        "verticalEdgeRatio": 0.12013285280192212
      },
      "score": 4.45,
      "score_breakdown": null,
      "screen_layout": "chart",
      "tickers": [],
      "timestamp": 1232,
      "timestamp_hms": "00:20:32"
    },
    {
      "chart_stream": {
        "confidence": 0,
        "parse_status": "no_seed_tickers",
        "position_list": [],
        "price_action": "",
        "tickers_rejected": 0
      },
      "confusion_with_nearby": [],
      "frame_index": 294,
      "frame_path": "C:\\Users\\admin\\Projects\\portfolio_analyzer_revere\\data\\video_scan_20260917\\qmg-ocr-20260917-missing19\\qmg-ocr-20260917-missing19\\ocr_probe\\frames\\20220425_20220425_s6jdprmrgck_f709e343_snapshot\\ocr\\ocr_000295.png",
      "is_intro_card": false,
      "issue_codes": [],
      "low_res_frame_path": null,
      "nearest_ffmpeg_keyframe_ts": null,
      "observed_date": null,
      "ocr_confidence": 89,
      "ocr_profile": "threshold",
      "ocr_text": "PLEASE read this first > qullamaggie.com\n",
      "ocr_text_snippet": "PLEASE read this first > qullamaggie.com",
      "output_kind": "snapshot",
      "parsed_observations": [],
      "parsed_row_count": 0,
      "phash": "bf38d228d264f2e4",
      "phash_overlay": "c6c21dc9c1dc3c6d",
      "phash_region": {
        "xFraction": 0.7,
        "yFraction": 0.84,
        "wFraction": 0.28,
        "hFraction": 0.14
      },
      "prefilter_profile": null,
      "prefilter_score": 12.45,
      "prefilter_stats": {
        "brightRatio": 0.011111111111111112,
        "darkRatio": 0.955625,
        "edgeRatio": 0.1067062398417073,
        "horizontalComparisons": 14151,
        "horizontalEdgeHits": 1263,
        "horizontalEdgeRatio": 0.08925164299342803,
        "meanLuma": 16.86111111111111,
        "stdDev": 37.31560425596314,
        "verticalComparisons": 14151,
        "verticalEdgeHits": 1757,
        "verticalEdgeRatio": 0.12416083668998658
      },
      "score": 4.45,
      "score_breakdown": null,
      "screen_layout": "chart",
      "tickers": [],
      "timestamp": 1176,
      "timestamp_hms": "00:19:36"
    },
    {
      "chart_stream": {
        "confidence": 0,
        "parse_status": "no_seed_tickers",
        "position_list": [],
        "price_action": "",
        "tickers_rejected": 0
      },
      "confusion_with_nearby": [],
      "frame_index": 280,
      "frame_path": "C:\\Users\\admin\\Projects\\portfolio_analyzer_revere\\data\\video_scan_20260917\\qmg-ocr-20260917-missing19\\qmg-ocr-20260917-missing19\\ocr_probe\\frames\\20220425_20220425_s6jdprmrgck_f709e343_snapshot\\ocr\\ocr_000281.png",
      "is_intro_card": false,
      "issue_codes": [],
      "low_res_frame_path": null,
      "nearest_ffmpeg_keyframe_ts": null,
      "observed_date": null,
      "ocr_confidence": 89,
      "ocr_profile": "threshold",
      "ocr_text": "PLEASE read this first > qullamaggie.com\n",
      "ocr_text_snippet": "PLEASE read this first > qullamaggie.com",
      "output_kind": "snapshot",
      "parsed_observations": [],
      "parsed_row_count": 0,
      "phash": "bf38da20d221fae4",
      "phash_overlay": "c6c21dc9c1dc3c6d",
      "phash_region": {
        "xFraction": 0.7,
        "yFraction": 0.84,
        "wFraction": 0.28,
        "hFraction": 0.14
      },
      "prefilter_profile": null,
      "prefilter_score": 12.31,
      "prefilter_stats": {
        "brightRatio": 0.011111111111111112,
        "darkRatio": 0.9557638888888889,
        "edgeRatio": 0.10907356370574518,
        "horizontalComparisons": 14151,
        "horizontalEdgeHits": 1299,
        "horizontalEdgeRatio": 0.09179563281746873,
        "meanLuma": 17.159166666666668,
        "stdDev": 37.27187574469224,
        "verticalComparisons": 14151,
        "verticalEdgeHits": 1788,
        "verticalEdgeRatio": 0.12635149459402162
      },
      "score": 4.45,
      "score_breakdown": null,
      "screen_layout": "chart",
      "tickers": [],
      "timestamp": 1120,
      "timestamp_hms": "00:18:40"
    },
    {
      "chart_stream": {
        "confidence": 0,
        "parse_status": "no_seed_tickers",
        "position_list": [],
        "price_action": "",
        "tickers_rejected": 0
      },
      "confusion_with_nearby": [],
      "frame_index": 238,
      "frame_path": "C:\\Users\\admin\\Projects\\portfolio_analyzer_revere\\data\\video_scan_20260917\\qmg-ocr-20260917-missing19\\qmg-ocr-20260917-missing19\\ocr_probe\\frames\\20220425_20220425_s6jdprmrgck_f709e343_snapshot\\ocr\\ocr_000239.png",
      "is_intro_card": false,
      "issue_codes": [],
      "low_res_frame_path": null,
      "nearest_ffmpeg_keyframe_ts": null,
      "observed_date": null,
      "ocr_confidence": 89,
      "ocr_profile": "threshold",
      "ocr_text": "PLEASE read this first > qullamaggie.com\n",
      "ocr_text_snippet": "PLEASE read this first > qullamaggie.com",
      "output_kind": "snapshot",
      "parsed_observations": [],
      "parsed_row_count": 0,
      "phash": "afacdaa8d239e0c4",
      "phash_overlay": "c3c23dc9c1dc3c27",
      "phash_region": {
        "xFraction": 0.7,
        "yFraction": 0.84,
        "wFraction": 0.28,
        "hFraction": 0.14
      },
      "prefilter_profile": null,
      "prefilter_score": 5.55,
      "prefilter_stats": {
        "brightRatio": 0,
        "darkRatio": 0.9668055555555556,
        "edgeRatio": 0.10970956116175536,
        "horizontalComparisons": 14151,
        "horizontalEdgeHits": 1331,
        "horizontalEdgeRatio": 0.09405695710550491,
        "meanLuma": 15.065347222222222,
        "stdDev": 28.248536722506,
        "verticalComparisons": 14151,
        "verticalEdgeHits": 1774,
        "verticalEdgeRatio": 0.1253621652180058
      },
      "score": 4.45,
      "score_breakdown": null,
      "screen_layout": "chart",
      "tickers": [],
      "timestamp": 952,
      "timestamp_hms": "00:15:52"
    }
  ],
  "top_rejected_candidates": [
    {
      "chart_stream": {
        "confidence": 0,
        "parse_status": "no_seed_tickers",
        "position_list": [],
        "price_action": "",
        "tickers_rejected": 0
      },
      "confusion_with_nearby": [],
      "frame_index": 308,
      "frame_path": "C:\\Users\\admin\\Projects\\portfolio_analyzer_revere\\data\\video_scan_20260917\\qmg-ocr-20260917-missing19\\qmg-ocr-20260917-missing19\\ocr_probe\\frames\\20220425_20220425_s6jdprmrgck_f709e343_snapshot\\ocr\\ocr_000309.png",
      "is_intro_card": false,
      "issue_codes": [],
      "low_res_frame_path": null,
      "nearest_ffmpeg_keyframe_ts": 1232,
      "observed_date": null,
      "ocr_confidence": 89,
      "ocr_profile": "threshold",
      "ocr_text": "PLEASE read this first > qullamaggie.com\n",
      "ocr_text_snippet": "PLEASE read this first > qullamaggie.com",
      "output_kind": "snapshot",
      "parsed_observations": [],
      "parsed_row_count": 0,
      "phash": "af2cfaa8d219e2c4",
      "phash_overlay": "c6c23dc9c1dc3c27",
      "phash_region": {
        "xFraction": 0.7,
        "yFraction": 0.84,
        "wFraction": 0.28,
        "hFraction": 0.14
      },
      "prefilter_profile": null,
      "prefilter_score": 5.56,
      "prefilter_stats": {
        "brightRatio": 0,
        "darkRatio": 0.9679861111111111,
        "edgeRatio": 0.10963889477775422,
        "horizontalComparisons": 14151,
        "horizontalEdgeHits": 1403,
        "horizontalEdgeRatio": 0.09914493675358632,
        "meanLuma": 14.549375,
        "stdDev": 27.725345522312203,
        "verticalComparisons": 14151,
        "verticalEdgeHits": 1700,
        "verticalEdgeRatio": 0.12013285280192212
      },
      "score": 4.45,
      "score_breakdown": null,
      "screen_layout": "chart",
      "tickers": [],
      "timestamp": 1232,
      "timestamp_hms": "00:20:32"
    },
    {
      "chart_stream": {
        "confidence": 0,
        "parse_status": "no_seed_tickers",
        "position_list": [],
        "price_action": "",
        "tickers_rejected": 0
      },
      "confusion_with_nearby": [],
      "frame_index": 294,
      "frame_path": "C:\\Users\\admin\\Projects\\portfolio_analyzer_revere\\data\\video_scan_20260917\\qmg-ocr-20260917-missing19\\qmg-ocr-20260917-missing19\\ocr_probe\\frames\\20220425_20220425_s6jdprmrgck_f709e343_snapshot\\ocr\\ocr_000295.png",
      "is_intro_card": false,
      "issue_codes": [],
      "low_res_frame_path": null,
      "nearest_ffmpeg_keyframe_ts": 1178.666667,
      "observed_date": null,
      "ocr_confidence": 89,
      "ocr_profile": "threshold",
      "ocr_text": "PLEASE read this first > qullamaggie.com\n",
      "ocr_text_snippet": "PLEASE read this first > qullamaggie.com",
      "output_kind": "snapshot",
      "parsed_observations": [],
      "parsed_row_count": 0,
      "phash": "bf38d228d264f2e4",
      "phash_overlay": "c6c21dc9c1dc3c6d",
      "phash_region": {
        "xFraction": 0.7,
        "yFraction": 0.84,
        "wFraction": 0.28,
        "hFraction": 0.14
      },
      "prefilter_profile": null,
      "prefilter_score": 12.45,
      "prefilter_stats": {
        "brightRatio": 0.011111111111111112,
        "darkRatio": 0.955625,
        "edgeRatio": 0.1067062398417073,
        "horizontalComparisons": 14151,
        "horizontalEdgeHits": 1263,
        "horizontalEdgeRatio": 0.08925164299342803,
        "meanLuma": 16.86111111111111,
        "stdDev": 37.31560425596314,
        "verticalComparisons": 14151,
        "verticalEdgeHits": 1757,
        "verticalEdgeRatio": 0.12416083668998658
      },
      "score": 4.45,
      "score_breakdown": null,
      "screen_layout": "chart",
      "tickers": [],
      "timestamp": 1176,
      "timestamp_hms": "00:19:36"
    },
    {
      "chart_stream": {
        "confidence": 0,
        "parse_status": "no_seed_tickers",
        "position_list": [],
        "price_action": "",
        "tickers_rejected": 0
      },
      "confusion_with_nearby": [],
      "frame_index": 280,
      "frame_path": "C:\\Users\\admin\\Projects\\portfolio_analyzer_revere\\data\\video_scan_20260917\\qmg-ocr-20260917-missing19\\qmg-ocr-20260917-missing19\\ocr_probe\\frames\\20220425_20220425_s6jdprmrgck_f709e343_snapshot\\ocr\\ocr_000281.png",
      "is_intro_card": false,
      "issue_codes": [],
      "low_res_frame_path": null,
      "nearest_ffmpeg_keyframe_ts": 1120,
      "observed_date": null,
      "ocr_confidence": 89,
      "ocr_profile": "threshold",
      "ocr_text": "PLEASE read this first > qullamaggie.com\n",
      "ocr_text_snippet": "PLEASE read this first > qullamaggie.com",
      "output_kind": "snapshot",
      "parsed_observations": [],
      "parsed_row_count": 0,
      "phash": "bf38da20d221fae4",
      "phash_overlay": "c6c21dc9c1dc3c6d",
      "phash_region": {
        "xFraction": 0.7,
        "yFraction": 0.84,
        "wFraction": 0.28,
        "hFraction": 0.14
      },
      "prefilter_profile": null,
      "prefilter_score": 12.31,
      "prefilter_stats": {
        "brightRatio": 0.011111111111111112,
        "darkRatio": 0.9557638888888889,
        "edgeRatio": 0.10907356370574518,
        "horizontalComparisons": 14151,
        "horizontalEdgeHits": 1299,
        "horizontalEdgeRatio": 0.09179563281746873,
        "meanLuma": 17.159166666666668,
        "stdDev": 37.27187574469224,
        "verticalComparisons": 14151,
        "verticalEdgeHits": 1788,
        "verticalEdgeRatio": 0.12635149459402162
      },
      "score": 4.45,
      "score_breakdown": null,
      "screen_layout": "chart",
      "tickers": [],
      "timestamp": 1120,
      "timestamp_hms": "00:18:40"
    },
    {
      "chart_stream": {
        "confidence": 0,
        "parse_status": "no_seed_tickers",
        "position_list": [],
        "price_action": "",
        "tickers_rejected": 0
      },
      "confusion_with_nearby": [],
      "frame_index": 238,
      "frame_path": "C:\\Users\\admin\\Projects\\portfolio_analyzer_revere\\data\\video_scan_20260917\\qmg-ocr-20260917-missing19\\qmg-ocr-20260917-missing19\\ocr_probe\\frames\\20220425_20220425_s6jdprmrgck_f709e343_snapshot\\ocr\\ocr_000239.png",
      "is_intro_card": false,
      "issue_codes": [],
      "low_res_frame_path": null,
      "nearest_ffmpeg_keyframe_ts": 954.666667,
      "observed_date": null,
      "ocr_confidence": 89,
      "ocr_profile": "threshold",
      "ocr_text": "PLEASE read this first > qullamaggie.com\n",
      "ocr_text_snippet": "PLEASE read this first > qullamaggie.com",
      "output_kind": "snapshot",
      "parsed_observations": [],
      "parsed_row_count": 0,
      "phash": "afacdaa8d239e0c4",
      "phash_overlay": "c3c23dc9c1dc3c27",
      "phash_region": {
        "xFraction": 0.7,
        "yFraction": 0.84,
        "wFraction": 0.28,
        "hFraction": 0.14
      },
      "prefilter_profile": null,
      "prefilter_score": 5.55,
      "prefilter_stats": {
        "brightRatio": 0,
        "darkRatio": 0.9668055555555556,
        "edgeRatio": 0.10970956116175536,
        "horizontalComparisons": 14151,
        "horizontalEdgeHits": 1331,
        "horizontalEdgeRatio": 0.09405695710550491,
        "meanLuma": 15.065347222222222,
        "stdDev": 28.248536722506,
        "verticalComparisons": 14151,
        "verticalEdgeHits": 1774,
        "verticalEdgeRatio": 0.1253621652180058
      },
      "score": 4.45,
      "score_breakdown": null,
      "screen_layout": "chart",
      "tickers": [],
      "timestamp": 952,
      "timestamp_hms": "00:15:52"
    },
    {
      "chart_stream": {
        "confidence": 0,
        "parse_status": "no_seed_tickers",
        "position_list": [],
        "price_action": "",
        "tickers_rejected": 0
      },
      "confusion_with_nearby": [],
      "frame_index": 343,
      "frame_path": "C:\\Users\\admin\\Projects\\portfolio_analyzer_revere\\data\\video_scan_20260917\\qmg-ocr-20260917-missing19\\qmg-ocr-20260917-missing19\\ocr_probe\\frames\\20220425_20220425_s6jdprmrgck_f709e343_snapshot\\ocr\\ocr_000344.png",
      "is_intro_card": false,
      "issue_codes": [],
      "low_res_frame_path": null,
      "nearest_ffmpeg_keyframe_ts": 1370.666667,
      "observed_date": null,
      "ocr_confidence": 88,
      "ocr_profile": "threshold",
      "ocr_text": "PLEASE read this first > qullamaggie.com\n",
      "ocr_text_snippet": "PLEASE read this first > qullamaggie.com",
      "output_kind": "snapshot",
      "parsed_observations": [],
      "parsed_row_count": 0,
      "phash": "af2cdae8d239e0c4",
      "phash_overlay": "c6c23dcdc1d83c27",
      "phash_region": {
        "xFraction": 0.7,
        "yFraction": 0.84,
        "wFraction": 0.28,
        "hFraction": 0.14
      },
      "prefilter_profile": null,
      "prefilter_score": 5.62,
      "prefilter_stats": {
        "brightRatio": 0,
        "darkRatio": 0.9690972222222223,
        "edgeRatio": 0.09140696770546251,
        "horizontalComparisons": 14151,
        "horizontalEdgeHits": 1116,
        "horizontalEdgeRatio": 0.07886368454526183,
        "meanLuma": 11.997222222222222,
        "stdDev": 27.11855131855837,
        "verticalComparisons": 14151,
        "verticalEdgeHits": 1471,
        "verticalEdgeRatio": 0.1039502508656632
      },
      "score": 4.4,
      "score_breakdown": null,
      "screen_layout": "chart",
      "tickers": [],
      "timestamp": 1372,
      "timestamp_hms": "00:22:52"
    }
  ],
  "whiteboard_segments": [
    {
      "capture_count": 1,
      "end_ts": 1148,
      "end_hms": "00:19:08",
      "is_intro_card": false,
      "layout": "tale_of_the_tape",
      "peak_frame_index": 287,
      "peak_score": 16.5,
      "start_hms": "00:19:08",
      "start_ts": 1148
    }
  ],
  "log_path": "C:\\Users\\admin\\Projects\\portfolio_analyzer_revere\\data\\video_scan_20260917\\qmg-ocr-20260917-missing19\\qmg-ocr-20260917-missing19\\ocr_probe\\logs\\20220425_20220425_s6jdprmrgck_f709e343_snapshot.json"
}
