# cmd: node tools/scanVideoWithOcr.js --video C:\Users\admin\Projects\portfolio_analyzer_revere\data\video_pipeline\downloads_hires\20220321_Fsh39kp9XPM.mp4 --date 20220321 --output-root C:\Users\admin\Projects\portfolio_analyzer_revere\data\video_scan_20260917\qmg-ocr-20260917-missing19 --run-tag qmg-ocr-20260917-missing19 --ffmpeg-bin C:\Users\admin\AppData\Local\Microsoft\WinGet\Packages\Gyan.FFmpeg_Microsoft.Winget.Source_8wekyb3d8bbwe\ffmpeg-9.0.1-full_build\bin\ffmpeg.exe --output-kind snapshot --prefilter-profile chart_stream --basename qmg --chart-stream-parser
[scan:snapshot] ffprobe found 622 keyframe(s) for nearest-keyframe lookup
[scan:snapshot] preflighting final snapshot output extraction
[scan:snapshot] extracting sample frames from C:\Users\admin\Projects\portfolio_analyzer_revere\data\video_pipeline\downloads_hires\20220321_Fsh39kp9XPM.mp4
[scan:snapshot] extracted 828 frame(s) at 0.25 fps with width 640; starting prefilter
[scan:snapshot] prefilter 1/828 frames after 00:00:00; best prefilter 4.72 at 00:00:00
[scan:snapshot] prefilter 10/828 frames after 00:00:01; best prefilter 12.00 at 00:00:04
[scan:snapshot] prefilter 20/828 frames after 00:00:01; best prefilter 12.00 at 00:00:04
[scan:snapshot] prefilter 30/828 frames after 00:00:02; best prefilter 12.00 at 00:00:04
[scan:snapshot] prefilter 40/828 frames after 00:00:02; best prefilter 12.00 at 00:00:04
[scan:snapshot] prefilter 50/828 frames after 00:00:03; best prefilter 12.00 at 00:00:04
[scan:snapshot] prefilter 60/828 frames after 00:00:03; best prefilter 12.00 at 00:00:04
[scan:snapshot] prefilter 70/828 frames after 00:00:04; best prefilter 13.16 at 00:04:20
[scan:snapshot] prefilter 80/828 frames after 00:00:04; best prefilter 13.16 at 00:04:20
[scan:snapshot] prefilter 90/828 frames after 00:00:05; best prefilter 13.16 at 00:04:20
[scan:snapshot] prefilter 100/828 frames after 00:00:05; best prefilter 13.16 at 00:04:20
[scan:snapshot] prefilter 110/828 frames after 00:00:06; best prefilter 13.16 at 00:04:20
[scan:snapshot] prefilter 120/828 frames after 00:00:06; best prefilter 13.16 at 00:04:20
[scan:snapshot] prefilter 130/828 frames after 00:00:07; best prefilter 13.16 at 00:04:20
[scan:snapshot] prefilter 140/828 frames after 00:00:07; best prefilter 13.16 at 00:04:20
[scan:snapshot] prefilter 150/828 frames after 00:00:08; best prefilter 13.16 at 00:04:20
[scan:snapshot] prefilter 160/828 frames after 00:00:08; best prefilter 13.16 at 00:04:20
[scan:snapshot] prefilter 170/828 frames after 00:00:09; best prefilter 13.16 at 00:04:20
[scan:snapshot] prefilter 180/828 frames after 00:00:10; best prefilter 14.15 at 00:11:36
[scan:snapshot] prefilter 190/828 frames after 00:00:10; best prefilter 14.15 at 00:11:36
[scan:snapshot] prefilter 200/828 frames after 00:00:11; best prefilter 14.15 at 00:11:36
[scan:snapshot] prefilter 210/828 frames after 00:00:11; best prefilter 14.15 at 00:11:36
[scan:snapshot] prefilter 220/828 frames after 00:00:12; best prefilter 14.15 at 00:11:36
[scan:snapshot] prefilter 230/828 frames after 00:00:12; best prefilter 14.15 at 00:11:36
[scan:snapshot] prefilter 240/828 frames after 00:00:13; best prefilter 14.34 at 00:15:56
[scan:snapshot] prefilter 250/828 frames after 00:00:13; best prefilter 14.34 at 00:15:56
[scan:snapshot] prefilter 260/828 frames after 00:00:14; best prefilter 14.34 at 00:15:56
[scan:snapshot] prefilter 270/828 frames after 00:00:14; best prefilter 14.34 at 00:15:56
[scan:snapshot] prefilter 280/828 frames after 00:00:15; best prefilter 14.34 at 00:15:56
[scan:snapshot] prefilter 290/828 frames after 00:00:16; best prefilter 14.34 at 00:15:56
[scan:snapshot] prefilter 300/828 frames after 00:00:16; best prefilter 14.34 at 00:15:56
[scan:snapshot] prefilter 310/828 frames after 00:00:17; best prefilter 14.34 at 00:15:56
[scan:snapshot] prefilter 320/828 frames after 00:00:17; best prefilter 14.34 at 00:15:56
[scan:snapshot] prefilter 330/828 frames after 00:00:18; best prefilter 14.34 at 00:15:56
[scan:snapshot] prefilter 340/828 frames after 00:00:18; best prefilter 14.34 at 00:15:56
[scan:snapshot] prefilter 350/828 frames after 00:00:19; best prefilter 14.34 at 00:15:56
[scan:snapshot] prefilter 360/828 frames after 00:00:19; best prefilter 14.34 at 00:15:56
[scan:snapshot] prefilter 370/828 frames after 00:00:20; best prefilter 14.34 at 00:15:56
[scan:snapshot] prefilter 380/828 frames after 00:00:21; best prefilter 14.34 at 00:15:56
[scan:snapshot] prefilter 390/828 frames after 00:00:21; best prefilter 14.34 at 00:15:56
[scan:snapshot] prefilter 400/828 frames after 00:00:22; best prefilter 14.34 at 00:15:56
[scan:snapshot] prefilter 410/828 frames after 00:00:22; best prefilter 14.34 at 00:15:56
[scan:snapshot] prefilter 420/828 frames after 00:00:23; best prefilter 14.34 at 00:15:56
[scan:snapshot] prefilter 430/828 frames after 00:00:23; best prefilter 14.34 at 00:15:56
[scan:snapshot] prefilter 440/828 frames after 00:00:24; best prefilter 14.34 at 00:15:56
[scan:snapshot] prefilter 450/828 frames after 00:00:24; best prefilter 14.34 at 00:15:56
[scan:snapshot] prefilter 460/828 frames after 00:00:25; best prefilter 14.34 at 00:15:56
[scan:snapshot] prefilter 470/828 frames after 00:00:25; best prefilter 14.34 at 00:15:56
[scan:snapshot] prefilter 480/828 frames after 00:00:26; best prefilter 14.34 at 00:15:56
[scan:snapshot] prefilter 490/828 frames after 00:00:27; best prefilter 14.34 at 00:15:56
[scan:snapshot] prefilter 500/828 frames after 00:00:27; best prefilter 14.34 at 00:15:56
[scan:snapshot] prefilter 510/828 frames after 00:00:28; best prefilter 14.34 at 00:15:56
[scan:snapshot] prefilter 520/828 frames after 00:00:28; best prefilter 14.34 at 00:15:56
[scan:snapshot] prefilter 530/828 frames after 00:00:29; best prefilter 14.34 at 00:15:56
[scan:snapshot] prefilter 540/828 frames after 00:00:29; best prefilter 14.34 at 00:15:56
[scan:snapshot] prefilter 550/828 frames after 00:00:30; best prefilter 14.34 at 00:15:56
[scan:snapshot] prefilter 560/828 frames after 00:00:30; best prefilter 14.34 at 00:15:56
[scan:snapshot] prefilter 570/828 frames after 00:00:31; best prefilter 14.34 at 00:15:56
[scan:snapshot] prefilter 580/828 frames after 00:00:32; best prefilter 14.34 at 00:15:56
[scan:snapshot] prefilter 590/828 frames after 00:00:32; best prefilter 14.34 at 00:15:56
[scan:snapshot] prefilter 600/828 frames after 00:00:33; best prefilter 14.34 at 00:15:56
[scan:snapshot] prefilter 610/828 frames after 00:00:33; best prefilter 14.34 at 00:15:56
[scan:snapshot] prefilter 620/828 frames after 00:00:34; best prefilter 14.34 at 00:15:56
[scan:snapshot] prefilter 630/828 frames after 00:00:34; best prefilter 14.34 at 00:15:56
[scan:snapshot] prefilter 640/828 frames after 00:00:34; best prefilter 14.34 at 00:15:56
[scan:snapshot] prefilter 650/828 frames after 00:00:35; best prefilter 14.34 at 00:15:56
[scan:snapshot] prefilter 660/828 frames after 00:00:35; best prefilter 14.34 at 00:15:56
[scan:snapshot] prefilter 670/828 frames after 00:00:36; best prefilter 14.34 at 00:15:56
[scan:snapshot] prefilter 680/828 frames after 00:00:36; best prefilter 14.34 at 00:15:56
[scan:snapshot] prefilter 690/828 frames after 00:00:37; best prefilter 14.34 at 00:15:56
[scan:snapshot] prefilter 700/828 frames after 00:00:38; best prefilter 14.34 at 00:15:56
[scan:snapshot] prefilter 710/828 frames after 00:00:38; best prefilter 14.34 at 00:15:56
[scan:snapshot] prefilter 720/828 frames after 00:00:39; best prefilter 14.34 at 00:15:56
[scan:snapshot] prefilter 730/828 frames after 00:00:39; best prefilter 14.34 at 00:15:56
[scan:snapshot] prefilter 740/828 frames after 00:00:40; best prefilter 14.34 at 00:15:56
[scan:snapshot] prefilter 750/828 frames after 00:00:41; best prefilter 14.34 at 00:15:56
[scan:snapshot] prefilter 760/828 frames after 00:00:41; best prefilter 14.34 at 00:15:56
[scan:snapshot] prefilter 770/828 frames after 00:00:42; best prefilter 14.34 at 00:15:56
[scan:snapshot] prefilter 780/828 frames after 00:00:42; best prefilter 14.34 at 00:15:56
[scan:snapshot] prefilter 790/828 frames after 00:00:43; best prefilter 14.34 at 00:15:56
[scan:snapshot] prefilter 800/828 frames after 00:00:43; best prefilter 14.34 at 00:15:56
[scan:snapshot] prefilter 810/828 frames after 00:00:44; best prefilter 14.34 at 00:15:56
[scan:snapshot] prefilter 820/828 frames after 00:00:44; best prefilter 14.34 at 00:15:56
[scan:snapshot] prefilter 828/828 frames after 00:00:45; best prefilter 14.34 at 00:15:56
[scan:snapshot] prefilter kept 60/828 frame(s) for OCR; best prefilter 14.34 at 00:15:56
[scan:snapshot] extracting OCR candidates from source video at width 1280
[scan:snapshot] OCR 1/60 frames (1.7%) after 00:00:21; best score 4.30 at 00:00:00 (ocr 86.0)
[scan:snapshot] OCR 10/60 frames (16.7%) after 00:01:42; best score 4.30 at 00:00:00 (ocr 86.0)
[scan:snapshot] OCR 20/60 frames (33.3%) after 00:02:21; best score 4.30 at 00:00:00 (ocr 86.0)
[scan:snapshot] OCR 30/60 frames (50.0%) after 00:03:03; best score 4.30 at 00:00:00 (ocr 86.0)
[scan:snapshot] OCR 40/60 frames (66.7%) after 00:03:37; best score 4.30 at 00:00:00 (ocr 86.0)
[scan:snapshot] OCR 50/60 frames (83.3%) after 00:04:09; best score 4.30 at 00:00:00 (ocr 86.0)
[scan:snapshot] OCR 60/60 frames (100.0%) after 00:04:47; best score 4.30 at 00:00:00 (ocr 86.0)
{
  "basename": "qmg",
  "channel": "qmg",
  "chart_stream_parser": true,
  "date_key": "20220321",
  "output_kind": "snapshot",
  "phash_region": null,
  "phash_region_fraction": {
    "xFraction": 0.7,
    "yFraction": 0.84,
    "wFraction": 0.28,
    "hFraction": 0.14
  },
  "prefilter_profile": "chart_stream",
  "video_path": "C:\\Users\\admin\\Projects\\portfolio_analyzer_revere\\data\\video_pipeline\\downloads_hires\\20220321_Fsh39kp9XPM.mp4",
  "captured_count": 3,
  "captures": [
    {
      "chart_stream": {
        "confidence": 0,
        "parse_status": "no_seed_tickers",
        "position_list": [],
        "price_action": "",
        "tickers_rejected": 0
      },
      "confusion_with_nearby": [],
      "frame_index": 169,
      "frame_path": "C:\\Users\\admin\\Projects\\portfolio_analyzer_revere\\data\\video_scan_20260917\\qmg-ocr-20260917-missing19\\qmg-ocr-20260917-missing19\\ocr_probe\\frames\\20220321_20220321_fsh39kp9xpm_956d1d27_snapshot\\ocr\\ocr_000170.png",
      "is_intro_card": false,
      "issue_codes": [],
      "low_res_frame_path": null,
      "nearest_ffmpeg_keyframe_ts": 677.333333,
      "observed_date": null,
      "ocr_confidence": 93,
      "ocr_profile": "threshold",
      "ocr_text": "PLEASE read this first -> qullamaggie.com\n",
      "ocr_text_snippet": "PLEASE read this first -> qullamaggie.com",
      "output_kind": "snapshot",
      "parsed_observations": [],
      "parsed_row_count": 0,
      "phash": "af78daa9d260f0e0",
      "phash_overlay": "c2c23dd9c19c3cc7",
      "phash_region": {
        "xFraction": 0.7,
        "yFraction": 0.84,
        "wFraction": 0.28,
        "hFraction": 0.14
      },
      "prefilter_profile": null,
      "prefilter_score": 5.61,
      "prefilter_stats": {
        "brightRatio": 0,
        "darkRatio": 0.9680555555555556,
        "edgeRatio": 0.10900289732174405,
        "horizontalComparisons": 14151,
        "horizontalEdgeHits": 1357,
        "horizontalEdgeRatio": 0.09589428308953431,
        "meanLuma": 14.272638888888888,
        "stdDev": 27.48093735730762,
        "verticalComparisons": 14151,
        "verticalEdgeHits": 1728,
        "verticalEdgeRatio": 0.12211151155395378
      },
      "score": 4.65,
      "score_breakdown": null,
      "screen_layout": "chart",
      "tickers": [],
      "timestamp": 676,
      "timestamp_hms": "00:11:16",
      "output_path": "C:\\Users\\admin\\Projects\\portfolio_analyzer_revere\\data\\video_scan_20260917\\qmg-ocr-20260917-missing19\\qmg-ocr-20260917-missing19\\snapshots\\qmg_20220321.png"
    },
    {
      "chart_stream": {
        "confidence": 0,
        "parse_status": "no_seed_tickers",
        "position_list": [],
        "price_action": "",
        "tickers_rejected": 0
      },
      "confusion_with_nearby": [],
      "frame_index": 247,
      "frame_path": "C:\\Users\\admin\\Projects\\portfolio_analyzer_revere\\data\\video_scan_20260917\\qmg-ocr-20260917-missing19\\qmg-ocr-20260917-missing19\\ocr_probe\\frames\\20220321_20220321_fsh39kp9xpm_956d1d27_snapshot\\ocr\\ocr_000248.png",
      "is_intro_card": false,
      "issue_codes": [],
      "low_res_frame_path": null,
      "nearest_ffmpeg_keyframe_ts": 986.666667,
      "observed_date": null,
      "ocr_confidence": 91,
      "ocr_profile": "threshold",
      "ocr_text": "PLEASE read this first -> qullamaggie.com\n",
      "ocr_text_snippet": "PLEASE read this first -> qullamaggie.com",
      "output_kind": "snapshot",
      "parsed_observations": [],
      "parsed_row_count": 0,
      "phash": "af68daa8d261dc62",
      "phash_overlay": "c6c23d59c19c3c67",
      "phash_region": {
        "xFraction": 0.7,
        "yFraction": 0.84,
        "wFraction": 0.28,
        "hFraction": 0.14
      },
      "prefilter_profile": null,
      "prefilter_score": 6.01,
      "prefilter_stats": {
        "brightRatio": 0,
        "darkRatio": 0.9668055555555556,
        "edgeRatio": 0.10543424492968695,
        "horizontalComparisons": 14151,
        "horizontalEdgeHits": 1283,
        "horizontalEdgeRatio": 0.09066497067345064,
        "meanLuma": 14.658055555555556,
        "stdDev": 27.983025938300173,
        "verticalComparisons": 14151,
        "verticalEdgeHits": 1701,
        "verticalEdgeRatio": 0.12020351918592326
      },
      "score": 4.55,
      "score_breakdown": null,
      "screen_layout": "chart",
      "tickers": [],
      "timestamp": 988,
      "timestamp_hms": "00:16:28",
      "output_path": "C:\\Users\\admin\\Projects\\portfolio_analyzer_revere\\data\\video_scan_20260917\\qmg-ocr-20260917-missing19\\qmg-ocr-20260917-missing19\\snapshots\\qmg_20220321_2.png"
    },
    {
      "chart_stream": {
        "confidence": 0,
        "parse_status": "no_seed_tickers",
        "position_list": [],
        "price_action": "",
        "tickers_rejected": 0
      },
      "confusion_with_nearby": [],
      "frame_index": 767,
      "frame_path": "C:\\Users\\admin\\Projects\\portfolio_analyzer_revere\\data\\video_scan_20260917\\qmg-ocr-20260917-missing19\\qmg-ocr-20260917-missing19\\ocr_probe\\frames\\20220321_20220321_fsh39kp9xpm_956d1d27_snapshot\\ocr\\ocr_000768.png",
      "is_intro_card": false,
      "issue_codes": [],
      "low_res_frame_path": null,
      "nearest_ffmpeg_keyframe_ts": 3066.666667,
      "observed_date": null,
      "ocr_confidence": 89,
      "ocr_profile": "threshold",
      "ocr_text": "PLEASE read this first > qullamaggie.com\n",
      "ocr_text_snippet": "PLEASE read this first > qullamaggie.com",
      "output_kind": "snapshot",
      "parsed_observations": [],
      "parsed_row_count": 0,
      "phash": "bf29daa9d221c4e2",
      "phash_overlay": "c6c27dc9c39c3c07",
      "phash_region": {
        "xFraction": 0.7,
        "yFraction": 0.84,
        "wFraction": 0.28,
        "hFraction": 0.14
      },
      "prefilter_profile": null,
      "prefilter_score": 12.93,
      "prefilter_stats": {
        "brightRatio": 0.011111111111111112,
        "darkRatio": 0.9545833333333333,
        "edgeRatio": 0.10758956964172144,
        "horizontalComparisons": 14151,
        "horizontalEdgeHits": 1320,
        "horizontalEdgeRatio": 0.09327962688149248,
        "meanLuma": 17.555625,
        "stdDev": 37.612706042763996,
        "verticalComparisons": 14151,
        "verticalEdgeHits": 1725,
        "verticalEdgeRatio": 0.12189951240195039
      },
      "score": 4.45,
      "score_breakdown": null,
      "screen_layout": "chart",
      "tickers": [],
      "timestamp": 3068,
      "timestamp_hms": "00:51:08",
      "output_path": "C:\\Users\\admin\\Projects\\portfolio_analyzer_revere\\data\\video_scan_20260917\\qmg-ocr-20260917-missing19\\qmg-ocr-20260917-missing19\\snapshots\\qmg_20220321_3.png"
    }
  ],
  "frame_count": 828,
  "frame_error_count": 0,
  "frame_errors": [],
  "max_captures_per_video": 3,
  "nearest_ffmpeg_keyframe_lookups_skipped": false,
  "nearest_ffmpeg_keyframe_pts_total": 622,
  "ocr_engine_metadata": {
    "tesseract_version": "6.0.1",
    "language": "eng",
    "dpi": 300,
    "psm": null,
    "preserve_interword_spaces": "1",
    "deskew": false
  },
  "ocr_frame_count": 60,
  "ocr_frame_width": 1280,
  "output_path": "C:\\Users\\admin\\Projects\\portfolio_analyzer_revere\\data\\video_scan_20260917\\qmg-ocr-20260917-missing19\\qmg-ocr-20260917-missing19\\snapshots\\qmg_20220321.png",
  "prefilter_best_score": 14.34,
  "review_threshold": 4,
  "sample_frame_width": 640,
  "status": "review",
  "strong_threshold": 6,
  "top_candidate": {
    "chart_stream": {
      "confidence": 0,
      "parse_status": "no_seed_tickers",
      "position_list": [],
      "price_action": "",
      "tickers_rejected": 0
    },
    "confusion_with_nearby": [],
    "frame_index": 169,
    "frame_path": "C:\\Users\\admin\\Projects\\portfolio_analyzer_revere\\data\\video_scan_20260917\\qmg-ocr-20260917-missing19\\qmg-ocr-20260917-missing19\\ocr_probe\\frames\\20220321_20220321_fsh39kp9xpm_956d1d27_snapshot\\ocr\\ocr_000170.png",
    "is_intro_card": false,
    "issue_codes": [],
    "low_res_frame_path": null,
    "nearest_ffmpeg_keyframe_ts": 677.333333,
    "observed_date": null,
    "ocr_confidence": 93,
    "ocr_profile": "threshold",
    "ocr_text": "PLEASE read this first -> qullamaggie.com\n",
    "ocr_text_snippet": "PLEASE read this first -> qullamaggie.com",
    "output_kind": "snapshot",
    "parsed_observations": [],
    "parsed_row_count": 0,
    "phash": "af78daa9d260f0e0",
    "phash_overlay": "c2c23dd9c19c3cc7",
    "phash_region": {
      "xFraction": 0.7,
      "yFraction": 0.84,
      "wFraction": 0.28,
      "hFraction": 0.14
    },
    "prefilter_profile": null,
    "prefilter_score": 5.61,
    "prefilter_stats": {
      "brightRatio": 0,
      "darkRatio": 0.9680555555555556,
      "edgeRatio": 0.10900289732174405,
      "horizontalComparisons": 14151,
      "horizontalEdgeHits": 1357,
      "horizontalEdgeRatio": 0.09589428308953431,
      "meanLuma": 14.272638888888888,
      "stdDev": 27.48093735730762,
      "verticalComparisons": 14151,
      "verticalEdgeHits": 1728,
      "verticalEdgeRatio": 0.12211151155395378
    },
    "score": 4.65,
    "score_breakdown": null,
    "screen_layout": "chart",
    "tickers": [],
    "timestamp": 676,
    "timestamp_hms": "00:11:16"
  },
  "top_candidates": [
    {
      "chart_stream": {
        "confidence": 0,
        "parse_status": "no_seed_tickers",
        "position_list": [],
        "price_action": "",
        "tickers_rejected": 0
      },
      "confusion_with_nearby": [],
      "frame_index": 169,
      "frame_path": "C:\\Users\\admin\\Projects\\portfolio_analyzer_revere\\data\\video_scan_20260917\\qmg-ocr-20260917-missing19\\qmg-ocr-20260917-missing19\\ocr_probe\\frames\\20220321_20220321_fsh39kp9xpm_956d1d27_snapshot\\ocr\\ocr_000170.png",
      "is_intro_card": false,
      "issue_codes": [],
      "low_res_frame_path": null,
      "nearest_ffmpeg_keyframe_ts": null,
      "observed_date": null,
      "ocr_confidence": 93,
      "ocr_profile": "threshold",
      "ocr_text": "PLEASE read this first -> qullamaggie.com\n",
      "ocr_text_snippet": "PLEASE read this first -> qullamaggie.com",
      "output_kind": "snapshot",
      "parsed_observations": [],
      "parsed_row_count": 0,
      "phash": "af78daa9d260f0e0",
      "phash_overlay": "c2c23dd9c19c3cc7",
      "phash_region": {
        "xFraction": 0.7,
        "yFraction": 0.84,
        "wFraction": 0.28,
        "hFraction": 0.14
      },
      "prefilter_profile": null,
      "prefilter_score": 5.61,
      "prefilter_stats": {
        "brightRatio": 0,
        "darkRatio": 0.9680555555555556,
        "edgeRatio": 0.10900289732174405,
        "horizontalComparisons": 14151,
        "horizontalEdgeHits": 1357,
        "horizontalEdgeRatio": 0.09589428308953431,
        "meanLuma": 14.272638888888888,
        "stdDev": 27.48093735730762,
        "verticalComparisons": 14151,
        "verticalEdgeHits": 1728,
        "verticalEdgeRatio": 0.12211151155395378
      },
      "score": 4.65,
      "score_breakdown": null,
      "screen_layout": "chart",
      "tickers": [],
      "timestamp": 676,
      "timestamp_hms": "00:11:16"
    },
    {
      "chart_stream": {
        "confidence": 0,
        "parse_status": "no_seed_tickers",
        "position_list": [],
        "price_action": "",
        "tickers_rejected": 0
      },
      "confusion_with_nearby": [],
      "frame_index": 247,
      "frame_path": "C:\\Users\\admin\\Projects\\portfolio_analyzer_revere\\data\\video_scan_20260917\\qmg-ocr-20260917-missing19\\qmg-ocr-20260917-missing19\\ocr_probe\\frames\\20220321_20220321_fsh39kp9xpm_956d1d27_snapshot\\ocr\\ocr_000248.png",
      "is_intro_card": false,
      "issue_codes": [],
      "low_res_frame_path": null,
      "nearest_ffmpeg_keyframe_ts": null,
      "observed_date": null,
      "ocr_confidence": 91,
      "ocr_profile": "threshold",
      "ocr_text": "PLEASE read this first -> qullamaggie.com\n",
      "ocr_text_snippet": "PLEASE read this first -> qullamaggie.com",
      "output_kind": "snapshot",
      "parsed_observations": [],
      "parsed_row_count": 0,
      "phash": "af68daa8d261dc62",
      "phash_overlay": "c6c23d59c19c3c67",
      "phash_region": {
        "xFraction": 0.7,
        "yFraction": 0.84,
        "wFraction": 0.28,
        "hFraction": 0.14
      },
      "prefilter_profile": null,
      "prefilter_score": 6.01,
      "prefilter_stats": {
        "brightRatio": 0,
        "darkRatio": 0.9668055555555556,
        "edgeRatio": 0.10543424492968695,
        "horizontalComparisons": 14151,
        "horizontalEdgeHits": 1283,
        "horizontalEdgeRatio": 0.09066497067345064,
        "meanLuma": 14.658055555555556,
        "stdDev": 27.983025938300173,
        "verticalComparisons": 14151,
        "verticalEdgeHits": 1701,
        "verticalEdgeRatio": 0.12020351918592326
      },
      "score": 4.55,
      "score_breakdown": null,
      "screen_layout": "chart",
      "tickers": [],
      "timestamp": 988,
      "timestamp_hms": "00:16:28"
    },
    {
      "chart_stream": {
        "confidence": 0,
        "parse_status": "no_seed_tickers",
        "position_list": [],
        "price_action": "",
        "tickers_rejected": 0
      },
      "confusion_with_nearby": [],
      "frame_index": 767,
      "frame_path": "C:\\Users\\admin\\Projects\\portfolio_analyzer_revere\\data\\video_scan_20260917\\qmg-ocr-20260917-missing19\\qmg-ocr-20260917-missing19\\ocr_probe\\frames\\20220321_20220321_fsh39kp9xpm_956d1d27_snapshot\\ocr\\ocr_000768.png",
      "is_intro_card": false,
      "issue_codes": [],
      "low_res_frame_path": null,
      "nearest_ffmpeg_keyframe_ts": null,
      "observed_date": null,
      "ocr_confidence": 89,
      "ocr_profile": "threshold",
      "ocr_text": "PLEASE read this first > qullamaggie.com\n",
      "ocr_text_snippet": "PLEASE read this first > qullamaggie.com",
      "output_kind": "snapshot",
      "parsed_observations": [],
      "parsed_row_count": 0,
      "phash": "bf29daa9d221c4e2",
      "phash_overlay": "c6c27dc9c39c3c07",
      "phash_region": {
        "xFraction": 0.7,
        "yFraction": 0.84,
        "wFraction": 0.28,
        "hFraction": 0.14
      },
      "prefilter_profile": null,
      "prefilter_score": 12.93,
      "prefilter_stats": {
        "brightRatio": 0.011111111111111112,
        "darkRatio": 0.9545833333333333,
        "edgeRatio": 0.10758956964172144,
        "horizontalComparisons": 14151,
        "horizontalEdgeHits": 1320,
        "horizontalEdgeRatio": 0.09327962688149248,
        "meanLuma": 17.555625,
        "stdDev": 37.612706042763996,
        "verticalComparisons": 14151,
        "verticalEdgeHits": 1725,
        "verticalEdgeRatio": 0.12189951240195039
      },
      "score": 4.45,
      "score_breakdown": null,
      "screen_layout": "chart",
      "tickers": [],
      "timestamp": 3068,
      "timestamp_hms": "00:51:08"
    },
    {
      "chart_stream": {
        "confidence": 0,
        "parse_status": "no_seed_tickers",
        "position_list": [],
        "price_action": "",
        "tickers_rejected": 0
      },
      "confusion_with_nearby": [],
      "frame_index": 754,
      "frame_path": "C:\\Users\\admin\\Projects\\portfolio_analyzer_revere\\data\\video_scan_20260917\\qmg-ocr-20260917-missing19\\qmg-ocr-20260917-missing19\\ocr_probe\\frames\\20220321_20220321_fsh39kp9xpm_956d1d27_snapshot\\ocr\\ocr_000755.png",
      "is_intro_card": false,
      "issue_codes": [],
      "low_res_frame_path": null,
      "nearest_ffmpeg_keyframe_ts": null,
      "observed_date": null,
      "ocr_confidence": 89,
      "ocr_profile": "threshold",
      "ocr_text": "PLEASE read this first > qullamaggie.com\n",
      "ocr_text_snippet": "PLEASE read this first > qullamaggie.com",
      "output_kind": "snapshot",
      "parsed_observations": [],
      "parsed_row_count": 0,
      "phash": "bf29daa9d221c4e2",
      "phash_overlay": "c6c27dc9c39c3c07",
      "phash_region": {
        "xFraction": 0.7,
        "yFraction": 0.84,
        "wFraction": 0.28,
        "hFraction": 0.14
      },
      "prefilter_profile": null,
      "prefilter_score": 12.98,
      "prefilter_stats": {
        "brightRatio": 0.011111111111111112,
        "darkRatio": 0.9543055555555555,
        "edgeRatio": 0.10705957176171295,
        "horizontalComparisons": 14151,
        "horizontalEdgeHits": 1317,
        "horizontalEdgeRatio": 0.09306762772948908,
        "meanLuma": 17.54138888888889,
        "stdDev": 37.604380038381,
        "verticalComparisons": 14151,
        "verticalEdgeHits": 1713,
        "verticalEdgeRatio": 0.12105151579393682
      },
      "score": 4.45,
      "score_breakdown": null,
      "screen_layout": "chart",
      "tickers": [],
      "timestamp": 3016,
      "timestamp_hms": "00:50:16"
    },
    {
      "chart_stream": {
        "confidence": 0,
        "parse_status": "no_seed_tickers",
        "position_list": [],
        "price_action": "",
        "tickers_rejected": 0
      },
      "confusion_with_nearby": [],
      "frame_index": 546,
      "frame_path": "C:\\Users\\admin\\Projects\\portfolio_analyzer_revere\\data\\video_scan_20260917\\qmg-ocr-20260917-missing19\\qmg-ocr-20260917-missing19\\ocr_probe\\frames\\20220321_20220321_fsh39kp9xpm_956d1d27_snapshot\\ocr\\ocr_000547.png",
      "is_intro_card": false,
      "issue_codes": [],
      "low_res_frame_path": null,
      "nearest_ffmpeg_keyframe_ts": null,
      "observed_date": null,
      "ocr_confidence": 89,
      "ocr_profile": "threshold",
      "ocr_text": "PLEASE read this first > qullamaggie.com\n",
      "ocr_text_snippet": "PLEASE read this first > qullamaggie.com",
      "output_kind": "snapshot",
      "parsed_observations": [],
      "parsed_row_count": 0,
      "phash": "af69da60d261f8e0",
      "phash_overlay": "c5c51dd9c1dc3c25",
      "phash_region": {
        "xFraction": 0.7,
        "yFraction": 0.84,
        "wFraction": 0.28,
        "hFraction": 0.14
      },
      "prefilter_profile": null,
      "prefilter_score": 5.51,
      "prefilter_stats": {
        "brightRatio": 0,
        "darkRatio": 0.9690972222222223,
        "edgeRatio": 0.10296092148964738,
        "horizontalComparisons": 14151,
        "horizontalEdgeHits": 1209,
        "horizontalEdgeRatio": 0.08543565825736697,
        "meanLuma": 13.809166666666666,
        "stdDev": 27.106694527264747,
        "verticalComparisons": 14151,
        "verticalEdgeHits": 1705,
        "verticalEdgeRatio": 0.12048618472192778
      },
      "score": 4.45,
      "score_breakdown": null,
      "screen_layout": "chart",
      "tickers": [],
      "timestamp": 2184,
      "timestamp_hms": "00:36:24"
    }
  ],
  "top_rejected_candidates": [
    {
      "chart_stream": {
        "confidence": 0,
        "parse_status": "no_seed_tickers",
        "position_list": [],
        "price_action": "",
        "tickers_rejected": 0
      },
      "confusion_with_nearby": [],
      "frame_index": 39,
      "frame_path": "C:\\Users\\admin\\Projects\\portfolio_analyzer_revere\\data\\video_scan_20260917\\qmg-ocr-20260917-missing19\\qmg-ocr-20260917-missing19\\ocr_probe\\frames\\20220321_20220321_fsh39kp9xpm_956d1d27_snapshot\\ocr\\ocr_000040.png",
      "is_intro_card": false,
      "issue_codes": [],
      "low_res_frame_path": null,
      "nearest_ffmpeg_keyframe_ts": 154.666667,
      "observed_date": null,
      "ocr_confidence": 76,
      "ocr_profile": "threshold",
      "ocr_text": "!\nPLEASE read this first > qullamaggie.com\n",
      "ocr_text_snippet": "! PLEASE read this first > qullamaggie.com",
      "output_kind": "snapshot",
      "parsed_observations": [],
      "parsed_row_count": 0,
      "phash": "ff28da61d21976c0",
      "phash_overlay": "c6c23d69c99c3c27",
      "phash_region": {
        "xFraction": 0.7,
        "yFraction": 0.84,
        "wFraction": 0.28,
        "hFraction": 0.14
      },
      "prefilter_profile": null,
      "prefilter_score": 11.68,
      "prefilter_stats": {
        "brightRatio": 0.011111111111111112,
        "darkRatio": 0.9576388888888889,
        "edgeRatio": 0.10479824747367678,
        "horizontalComparisons": 14151,
        "horizontalEdgeHits": 1189,
        "horizontalEdgeRatio": 0.08402233057734436,
        "meanLuma": 16.004791666666666,
        "stdDev": 36.635491168415385,
        "verticalComparisons": 14151,
        "verticalEdgeHits": 1777,
        "verticalEdgeRatio": 0.12557416437000918
      },
      "score": 3.8,
      "score_breakdown": null,
      "screen_layout": "chart",
      "tickers": [],
      "timestamp": 156,
      "timestamp_hms": "00:02:36"
    },
    {
      "chart_stream": {
        "confidence": 0,
        "parse_status": "no_seed_tickers",
        "position_list": [],
        "price_action": "",
        "tickers_rejected": 0
      },
      "confusion_with_nearby": [],
      "frame_index": 26,
      "frame_path": "C:\\Users\\admin\\Projects\\portfolio_analyzer_revere\\data\\video_scan_20260917\\qmg-ocr-20260917-missing19\\qmg-ocr-20260917-missing19\\ocr_probe\\frames\\20220321_20220321_fsh39kp9xpm_956d1d27_snapshot\\ocr\\ocr_000027.png",
      "is_intro_card": false,
      "issue_codes": [],
      "low_res_frame_path": null,
      "nearest_ffmpeg_keyframe_ts": 106.666667,
      "observed_date": null,
      "ocr_confidence": 75,
      "ocr_profile": "threshold",
      "ocr_text": "»\nPLEASE read this first > qullamaggie.com\n",
      "ocr_text_snippet": "» PLEASE read this first > qullamaggie.com",
      "output_kind": "snapshot",
      "parsed_observations": [],
      "parsed_row_count": 0,
      "phash": "ff28da61d21976c0",
      "phash_overlay": "c6c23d69c99c3c27",
      "phash_region": {
        "xFraction": 0.7,
        "yFraction": 0.84,
        "wFraction": 0.28,
        "hFraction": 0.14
      },
      "prefilter_profile": null,
      "prefilter_score": 11.69,
      "prefilter_stats": {
        "brightRatio": 0.011111111111111112,
        "darkRatio": 0.9576388888888889,
        "edgeRatio": 0.10458624832167338,
        "horizontalComparisons": 14151,
        "horizontalEdgeHits": 1186,
        "horizontalEdgeRatio": 0.08381033142534096,
        "meanLuma": 15.986666666666666,
        "stdDev": 36.618276250467545,
        "verticalComparisons": 14151,
        "verticalEdgeHits": 1774,
        "verticalEdgeRatio": 0.1253621652180058
      },
      "score": 3.75,
      "score_breakdown": null,
      "screen_layout": "chart",
      "tickers": [],
      "timestamp": 104,
      "timestamp_hms": "00:01:44"
    },
    {
      "chart_stream": {
        "confidence": 0,
        "parse_status": "no_seed_tickers",
        "position_list": [],
        "price_action": "",
        "tickers_rejected": 0
      },
      "confusion_with_nearby": [],
      "frame_index": 182,
      "frame_path": "C:\\Users\\admin\\Projects\\portfolio_analyzer_revere\\data\\video_scan_20260917\\qmg-ocr-20260917-missing19\\qmg-ocr-20260917-missing19\\ocr_probe\\frames\\20220321_20220321_fsh39kp9xpm_956d1d27_snapshot\\ocr\\ocr_000183.png",
      "is_intro_card": false,
      "issue_codes": [],
      "low_res_frame_path": null,
      "nearest_ffmpeg_keyframe_ts": 730.666667,
      "observed_date": null,
      "ocr_confidence": 74,
      "ocr_profile": "threshold",
      "ocr_text": "PLEASE read this first > qullamaggie.com    a\n",
      "ocr_text_snippet": "PLEASE read this first > qullamaggie.com a",
      "output_kind": "snapshot",
      "parsed_observations": [],
      "parsed_row_count": 0,
      "phash": "afb9f2a8d241d870",
      "phash_overlay": "c6c23d59c59c3c87",
      "phash_region": {
        "xFraction": 0.7,
        "yFraction": 0.84,
        "wFraction": 0.28,
        "hFraction": 0.14
      },
      "prefilter_profile": null,
      "prefilter_score": 4.82,
      "prefilter_stats": {
        "brightRatio": 0,
        "darkRatio": 0.9683333333333334,
        "edgeRatio": 0.10479824747367678,
        "horizontalComparisons": 14151,
        "horizontalEdgeHits": 1203,
        "horizontalEdgeRatio": 0.08501165995336019,
        "meanLuma": 13.74013888888889,
        "stdDev": 27.23762155105485,
        "verticalComparisons": 14151,
        "verticalEdgeHits": 1763,
        "verticalEdgeRatio": 0.12458483499399335
      },
      "score": 3.7,
      "score_breakdown": null,
      "screen_layout": "chart",
      "tickers": [],
      "timestamp": 728,
      "timestamp_hms": "00:12:08"
    },
    {
      "chart_stream": {
        "confidence": 0,
        "parse_status": "no_seed_tickers",
        "position_list": [],
        "price_action": "",
        "tickers_rejected": 0
      },
      "confusion_with_nearby": [],
      "frame_index": 13,
      "frame_path": "C:\\Users\\admin\\Projects\\portfolio_analyzer_revere\\data\\video_scan_20260917\\qmg-ocr-20260917-missing19\\qmg-ocr-20260917-missing19\\ocr_probe\\frames\\20220321_20220321_fsh39kp9xpm_956d1d27_snapshot\\ocr\\ocr_000014.png",
      "is_intro_card": false,
      "issue_codes": [],
      "low_res_frame_path": null,
      "nearest_ffmpeg_keyframe_ts": 53.333333,
      "observed_date": null,
      "ocr_confidence": 72,
      "ocr_profile": "threshold",
      "ocr_text": "I       i\nPLEASE read this first > qullamaggie.com\n",
      "ocr_text_snippet": "I i PLEASE read this first > qullamaggie.com",
      "output_kind": "snapshot",
      "parsed_observations": [],
      "parsed_row_count": 0,
      "phash": "ff28da61d21976c0",
      "phash_overlay": "c7c23d69c99c3c07",
      "phash_region": {
        "xFraction": 0.7,
        "yFraction": 0.84,
        "wFraction": 0.28,
        "hFraction": 0.14
      },
      "prefilter_profile": null,
      "prefilter_score": 11.75,
      "prefilter_stats": {
        "brightRatio": 0.011111111111111112,
        "darkRatio": 0.9576388888888889,
        "edgeRatio": 0.10472758108967564,
        "horizontalComparisons": 14151,
        "horizontalEdgeHits": 1192,
        "horizontalEdgeRatio": 0.08423432972934775,
        "meanLuma": 15.98638888888889,
        "stdDev": 36.615852414917065,
        "verticalComparisons": 14151,
        "verticalEdgeHits": 1772,
        "verticalEdgeRatio": 0.12522083245000354
      },
      "score": 3.6,
      "score_breakdown": null,
      "screen_layout": "chart",
      "tickers": [],
      "timestamp": 52,
      "timestamp_hms": "00:00:52"
    }
  ],
  "whiteboard_segments": [
    {
      "capture_count": 1,
      "end_ts": 676,
      "end_hms": "00:11:16",
      "is_intro_card": false,
      "layout": "chart",
      "peak_frame_index": 169,
      "peak_score": 4.65,
      "start_hms": "00:11:16",
      "start_ts": 676
    },
    {
      "capture_count": 1,
      "end_ts": 988,
      "end_hms": "00:16:28",
      "is_intro_card": false,
      "layout": "chart",
      "peak_frame_index": 247,
      "peak_score": 4.55,
      "start_hms": "00:16:28",
      "start_ts": 988
    },
    {
      "capture_count": 1,
      "end_ts": 3068,
      "end_hms": "00:51:08",
      "is_intro_card": false,
      "layout": "chart",
      "peak_frame_index": 767,
      "peak_score": 4.45,
      "start_hms": "00:51:08",
      "start_ts": 3068
    }
  ],
  "log_path": "C:\\Users\\admin\\Projects\\portfolio_analyzer_revere\\data\\video_scan_20260917\\qmg-ocr-20260917-missing19\\qmg-ocr-20260917-missing19\\ocr_probe\\logs\\20220321_20220321_fsh39kp9xpm_956d1d27_snapshot.json"
}
