# cmd: node tools/scanVideoWithOcr.js --video C:\Users\admin\Projects\portfolio_analyzer_revere\data\video_pipeline\downloads_hires\20220405_fXN3uTL01f4.mp4 --date 20220405 --output-root C:\Users\admin\Projects\portfolio_analyzer_revere\data\video_scan_20260917\qmg-ocr-20260917-missing19 --run-tag qmg-ocr-20260917-missing19 --ffmpeg-bin C:\Users\admin\AppData\Local\Microsoft\WinGet\Packages\Gyan.FFmpeg_Microsoft.Winget.Source_8wekyb3d8bbwe\ffmpeg-9.0.1-full_build\bin\ffmpeg.exe --output-kind snapshot --prefilter-profile chart_stream --basename qmg --chart-stream-parser
[scan:snapshot] ffprobe found 1 keyframe(s) for nearest-keyframe lookup
[scan:snapshot] preflighting final snapshot output extraction
[scan:snapshot] extracting sample frames from C:\Users\admin\Projects\portfolio_analyzer_revere\data\video_pipeline\downloads_hires\20220405_fXN3uTL01f4.mp4
[scan:snapshot] extracted 690 frame(s) at 0.25 fps with width 640; starting prefilter
[scan:snapshot] prefilter 1/690 frames after 00:00:00; best prefilter 13.42 at 00:00:00
[scan:snapshot] prefilter 10/690 frames after 00:00:00; best prefilter 13.42 at 00:00:00
[scan:snapshot] prefilter 20/690 frames after 00:00:00; best prefilter 13.42 at 00:00:00
[scan:snapshot] prefilter 30/690 frames after 00:00:01; best prefilter 13.42 at 00:00:00
[scan:snapshot] prefilter 40/690 frames after 00:00:01; best prefilter 13.42 at 00:00:00
[scan:snapshot] prefilter 50/690 frames after 00:00:01; best prefilter 13.51 at 00:03:12
[scan:snapshot] prefilter 60/690 frames after 00:00:01; best prefilter 13.51 at 00:03:12
[scan:snapshot] prefilter 70/690 frames after 00:00:01; best prefilter 13.51 at 00:03:12
[scan:snapshot] prefilter 80/690 frames after 00:00:02; best prefilter 13.51 at 00:03:12
[scan:snapshot] prefilter 90/690 frames after 00:00:02; best prefilter 13.51 at 00:03:12
[scan:snapshot] prefilter 100/690 frames after 00:00:02; best prefilter 13.51 at 00:03:12
[scan:snapshot] prefilter 110/690 frames after 00:00:02; best prefilter 13.51 at 00:03:12
[scan:snapshot] prefilter 120/690 frames after 00:00:02; best prefilter 13.51 at 00:03:12
[scan:snapshot] prefilter 130/690 frames after 00:00:03; best prefilter 13.51 at 00:03:12
[scan:snapshot] prefilter 140/690 frames after 00:00:03; best prefilter 13.51 at 00:03:12
[scan:snapshot] prefilter 150/690 frames after 00:00:03; best prefilter 13.51 at 00:03:12
[scan:snapshot] prefilter 160/690 frames after 00:00:03; best prefilter 13.51 at 00:03:12
[scan:snapshot] prefilter 170/690 frames after 00:00:03; best prefilter 13.51 at 00:03:12
[scan:snapshot] prefilter 180/690 frames after 00:00:04; best prefilter 13.51 at 00:03:12
[scan:snapshot] prefilter 190/690 frames after 00:00:04; best prefilter 13.51 at 00:03:12
[scan:snapshot] prefilter 200/690 frames after 00:00:04; best prefilter 13.51 at 00:03:12
[scan:snapshot] prefilter 210/690 frames after 00:00:04; best prefilter 13.51 at 00:03:12
[scan:snapshot] prefilter 220/690 frames after 00:00:04; best prefilter 13.51 at 00:03:12
[scan:snapshot] prefilter 230/690 frames after 00:00:05; best prefilter 13.51 at 00:03:12
[scan:snapshot] prefilter 240/690 frames after 00:00:05; best prefilter 13.51 at 00:03:12
[scan:snapshot] prefilter 250/690 frames after 00:00:05; best prefilter 13.51 at 00:03:12
[scan:snapshot] prefilter 260/690 frames after 00:00:05; best prefilter 13.51 at 00:03:12
[scan:snapshot] prefilter 270/690 frames after 00:00:05; best prefilter 13.51 at 00:03:12
[scan:snapshot] prefilter 280/690 frames after 00:00:05; best prefilter 13.51 at 00:03:12
[scan:snapshot] prefilter 290/690 frames after 00:00:06; best prefilter 13.51 at 00:03:12
[scan:snapshot] prefilter 300/690 frames after 00:00:06; best prefilter 13.51 at 00:03:12
[scan:snapshot] prefilter 310/690 frames after 00:00:06; best prefilter 13.51 at 00:03:12
[scan:snapshot] prefilter 320/690 frames after 00:00:06; best prefilter 13.51 at 00:03:12
[scan:snapshot] prefilter 330/690 frames after 00:00:06; best prefilter 13.51 at 00:03:12
[scan:snapshot] prefilter 340/690 frames after 00:00:06; best prefilter 13.51 at 00:03:12
[scan:snapshot] prefilter 350/690 frames after 00:00:06; best prefilter 13.51 at 00:03:12
[scan:snapshot] prefilter 360/690 frames after 00:00:06; best prefilter 13.51 at 00:03:12
[scan:snapshot] prefilter 370/690 frames after 00:00:07; best prefilter 13.51 at 00:03:12
[scan:snapshot] prefilter 380/690 frames after 00:00:07; best prefilter 13.51 at 00:03:12
[scan:snapshot] prefilter 390/690 frames after 00:00:07; best prefilter 13.51 at 00:03:12
[scan:snapshot] prefilter 400/690 frames after 00:00:07; best prefilter 13.51 at 00:03:12
[scan:snapshot] prefilter 410/690 frames after 00:00:07; best prefilter 13.51 at 00:03:12
[scan:snapshot] prefilter 420/690 frames after 00:00:07; best prefilter 13.51 at 00:03:12
[scan:snapshot] prefilter 430/690 frames after 00:00:07; best prefilter 13.51 at 00:03:12
[scan:snapshot] prefilter 440/690 frames after 00:00:07; best prefilter 13.51 at 00:03:12
[scan:snapshot] prefilter 450/690 frames after 00:00:07; best prefilter 13.51 at 00:03:12
[scan:snapshot] prefilter 460/690 frames after 00:00:07; best prefilter 13.51 at 00:03:12
[scan:snapshot] prefilter 470/690 frames after 00:00:07; best prefilter 13.51 at 00:03:12
[scan:snapshot] prefilter 480/690 frames after 00:00:08; best prefilter 13.51 at 00:03:12
[scan:snapshot] prefilter 490/690 frames after 00:00:08; best prefilter 15.22 at 00:32:16
[scan:snapshot] prefilter 500/690 frames after 00:00:08; best prefilter 15.22 at 00:32:16
[scan:snapshot] prefilter 510/690 frames after 00:00:08; best prefilter 15.22 at 00:32:16
[scan:snapshot] prefilter 520/690 frames after 00:00:08; best prefilter 15.22 at 00:32:16
[scan:snapshot] prefilter 530/690 frames after 00:00:08; best prefilter 15.22 at 00:32:16
[scan:snapshot] prefilter 540/690 frames after 00:00:08; best prefilter 15.22 at 00:32:16
[scan:snapshot] prefilter 550/690 frames after 00:00:08; best prefilter 15.22 at 00:32:16
[scan:snapshot] prefilter 560/690 frames after 00:00:08; best prefilter 15.22 at 00:32:16
[scan:snapshot] prefilter 570/690 frames after 00:00:08; best prefilter 15.22 at 00:32:16
[scan:snapshot] prefilter 580/690 frames after 00:00:08; best prefilter 15.22 at 00:32:16
[scan:snapshot] prefilter 590/690 frames after 00:00:09; best prefilter 15.22 at 00:32:16
[scan:snapshot] prefilter 600/690 frames after 00:00:09; best prefilter 15.22 at 00:32:16
[scan:snapshot] prefilter 610/690 frames after 00:00:09; best prefilter 15.22 at 00:32:16
[scan:snapshot] prefilter 620/690 frames after 00:00:09; best prefilter 15.22 at 00:32:16
[scan:snapshot] prefilter 630/690 frames after 00:00:09; best prefilter 15.22 at 00:32:16
[scan:snapshot] prefilter 640/690 frames after 00:00:09; best prefilter 15.22 at 00:32:16
[scan:snapshot] prefilter 650/690 frames after 00:00:09; best prefilter 15.22 at 00:32:16
[scan:snapshot] prefilter 660/690 frames after 00:00:09; best prefilter 15.22 at 00:32:16
[scan:snapshot] prefilter 670/690 frames after 00:00:09; best prefilter 15.22 at 00:32:16
[scan:snapshot] prefilter 680/690 frames after 00:00:09; best prefilter 15.22 at 00:32:16
[scan:snapshot] prefilter 690/690 frames after 00:00:09; best prefilter 15.22 at 00:32:16
[scan:snapshot] prefilter kept 60/690 frame(s) for OCR; best prefilter 15.22 at 00:32:16
[scan:snapshot] extracting OCR candidates from source video at width 1280
Image too small to scale!! (2x36 vs min width of 3)
Line cannot be recognized!!
[scan:snapshot] OCR 1/60 frames (1.7%) after 00:00:02; best score 4.20 at 00:00:00 (ocr 84.0)
[scan:snapshot] OCR 10/60 frames (16.7%) after 00:00:49; best score 4.20 at 00:00:00 (ocr 84.0)
[scan:snapshot] OCR 20/60 frames (33.3%) after 00:01:28; best score 4.20 at 00:00:00 (ocr 84.0)
[scan:snapshot] OCR 30/60 frames (50.0%) after 00:02:04; best score 4.20 at 00:00:00 (ocr 84.0)
[scan:snapshot] OCR 40/60 frames (66.7%) after 00:02:44; best score 4.20 at 00:00:00 (ocr 84.0)
[scan:snapshot] OCR 50/60 frames (83.3%) after 00:03:15; best score 4.20 at 00:00:00 (ocr 84.0)
[scan:snapshot] OCR 60/60 frames (100.0%) after 00:04:10; best score 4.20 at 00:00:00 (ocr 84.0)
{
  "basename": "qmg",
  "channel": "qmg",
  "chart_stream_parser": true,
  "date_key": "20220405",
  "output_kind": "snapshot",
  "phash_region": null,
  "phash_region_fraction": {
    "xFraction": 0.7,
    "yFraction": 0.84,
    "wFraction": 0.28,
    "hFraction": 0.14
  },
  "prefilter_profile": "chart_stream",
  "video_path": "C:\\Users\\admin\\Projects\\portfolio_analyzer_revere\\data\\video_pipeline\\downloads_hires\\20220405_fXN3uTL01f4.mp4",
  "captured_count": 3,
  "captures": [
    {
      "chart_stream": {
        "confidence": 0,
        "parse_status": "no_seed_tickers",
        "position_list": [],
        "price_action": "",
        "tickers_rejected": 0
      },
      "confusion_with_nearby": [],
      "frame_index": 242,
      "frame_path": "C:\\Users\\admin\\Projects\\portfolio_analyzer_revere\\data\\video_scan_20260917\\qmg-ocr-20260917-missing19\\qmg-ocr-20260917-missing19\\ocr_probe\\frames\\20220405_20220405_fxn3utl01f4_d6d36968_snapshot\\ocr\\ocr_000243.png",
      "is_intro_card": false,
      "issue_codes": [],
      "low_res_frame_path": null,
      "nearest_ffmpeg_keyframe_ts": 0,
      "observed_date": null,
      "ocr_confidence": 91,
      "ocr_profile": "threshold",
      "ocr_text": "PLEASE read this first > qullamaggie.com\n",
      "ocr_text_snippet": "PLEASE read this first > qullamaggie.com",
      "output_kind": "snapshot",
      "parsed_observations": [],
      "parsed_row_count": 0,
      "phash": "afa8f2a8d660f8e0",
      "phash_overlay": "c7c2fd09c0983ce7",
      "phash_region": {
        "xFraction": 0.7,
        "yFraction": 0.84,
        "wFraction": 0.28,
        "hFraction": 0.14
      },
      "prefilter_profile": null,
      "prefilter_score": 3.96,
      "prefilter_stats": {
        "brightRatio": 0,
        "darkRatio": 0.9696527777777778,
        "edgeRatio": 0.08335099992933362,
        "horizontalComparisons": 14151,
        "horizontalEdgeHits": 957,
        "horizontalEdgeRatio": 0.06762772948908205,
        "meanLuma": 11.4025,
        "stdDev": 26.664092466898875,
        "verticalComparisons": 14151,
        "verticalEdgeHits": 1402,
        "verticalEdgeRatio": 0.09907427036958519
      },
      "score": 4.55,
      "score_breakdown": null,
      "screen_layout": "chart",
      "tickers": [],
      "timestamp": 968,
      "timestamp_hms": "00:16:08",
      "output_path": "C:\\Users\\admin\\Projects\\portfolio_analyzer_revere\\data\\video_scan_20260917\\qmg-ocr-20260917-missing19\\qmg-ocr-20260917-missing19\\snapshots\\qmg_20220405.png"
    },
    {
      "chart_stream": {
        "confidence": 0,
        "parse_status": "no_seed_tickers",
        "position_list": [],
        "price_action": "",
        "tickers_rejected": 0
      },
      "confusion_with_nearby": [],
      "frame_index": 99,
      "frame_path": "C:\\Users\\admin\\Projects\\portfolio_analyzer_revere\\data\\video_scan_20260917\\qmg-ocr-20260917-missing19\\qmg-ocr-20260917-missing19\\ocr_probe\\frames\\20220405_20220405_fxn3utl01f4_d6d36968_snapshot\\ocr\\ocr_000100.png",
      "is_intro_card": false,
      "issue_codes": [],
      "low_res_frame_path": null,
      "nearest_ffmpeg_keyframe_ts": 0,
      "observed_date": null,
      "ocr_confidence": 91,
      "ocr_profile": "threshold",
      "ocr_text": "PLEASE read this first > qullamaggie.com\n",
      "ocr_text_snippet": "PLEASE read this first > qullamaggie.com",
      "output_kind": "snapshot",
      "parsed_observations": [],
      "parsed_row_count": 0,
      "phash": "afb9f2a8d261d8c0",
      "phash_overlay": "c6c21dc9c39c3cc7",
      "phash_region": {
        "xFraction": 0.7,
        "yFraction": 0.84,
        "wFraction": 0.28,
        "hFraction": 0.14
      },
      "prefilter_profile": null,
      "prefilter_score": 5.3,
      "prefilter_stats": {
        "brightRatio": 0,
        "darkRatio": 0.968125,
        "edgeRatio": 0.10006359974560101,
        "horizontalComparisons": 14151,
        "horizontalEdgeHits": 1145,
        "horizontalEdgeRatio": 0.08091300968129461,
        "meanLuma": 13.884097222222222,
        "stdDev": 27.27100051930404,
        "verticalComparisons": 14151,
        "verticalEdgeHits": 1687,
        "verticalEdgeRatio": 0.11921418980990743
      },
      "score": 4.55,
      "score_breakdown": null,
      "screen_layout": "chart",
      "tickers": [],
      "timestamp": 396,
      "timestamp_hms": "00:06:36",
      "output_path": "C:\\Users\\admin\\Projects\\portfolio_analyzer_revere\\data\\video_scan_20260917\\qmg-ocr-20260917-missing19\\qmg-ocr-20260917-missing19\\snapshots\\qmg_20220405_2.png"
    },
    {
      "chart_stream": {
        "confidence": 0,
        "parse_status": "no_seed_tickers",
        "position_list": [],
        "price_action": "",
        "tickers_rejected": 0
      },
      "confusion_with_nearby": [],
      "frame_index": 539,
      "frame_path": "C:\\Users\\admin\\Projects\\portfolio_analyzer_revere\\data\\video_scan_20260917\\qmg-ocr-20260917-missing19\\qmg-ocr-20260917-missing19\\ocr_probe\\frames\\20220405_20220405_fxn3utl01f4_d6d36968_snapshot\\ocr\\ocr_000540.png",
      "is_intro_card": false,
      "issue_codes": [],
      "low_res_frame_path": null,
      "nearest_ffmpeg_keyframe_ts": 0,
      "observed_date": null,
      "ocr_confidence": 89,
      "ocr_profile": "threshold",
      "ocr_text": "PLEASE read this first > qullamaggie.com\n",
      "ocr_text_snippet": "PLEASE read this first > qullamaggie.com",
      "output_kind": "snapshot",
      "parsed_observations": [],
      "parsed_row_count": 0,
      "phash": "bfa9f2e8d240d8d0",
      "phash_overlay": "c6c2b989c19c1cf7",
      "phash_region": {
        "xFraction": 0.7,
        "yFraction": 0.84,
        "wFraction": 0.28,
        "hFraction": 0.14
      },
      "prefilter_profile": null,
      "prefilter_score": 13.01,
      "prefilter_stats": {
        "brightRatio": 0.011111111111111112,
        "darkRatio": 0.9557638888888889,
        "edgeRatio": 0.10458624832167338,
        "horizontalComparisons": 14151,
        "horizontalEdgeHits": 1258,
        "horizontalEdgeRatio": 0.08889831107342237,
        "meanLuma": 16.47513888888889,
        "stdDev": 37.05592723217522,
        "verticalComparisons": 14151,
        "verticalEdgeHits": 1702,
        "verticalEdgeRatio": 0.12027418556992439
      },
      "score": 4.45,
      "score_breakdown": null,
      "screen_layout": "chart",
      "tickers": [],
      "timestamp": 2156,
      "timestamp_hms": "00:35:56",
      "output_path": "C:\\Users\\admin\\Projects\\portfolio_analyzer_revere\\data\\video_scan_20260917\\qmg-ocr-20260917-missing19\\qmg-ocr-20260917-missing19\\snapshots\\qmg_20220405_3.png"
    }
  ],
  "frame_count": 690,
  "frame_error_count": 0,
  "frame_errors": [],
  "max_captures_per_video": 3,
  "nearest_ffmpeg_keyframe_lookups_skipped": false,
  "nearest_ffmpeg_keyframe_pts_total": 1,
  "ocr_engine_metadata": {
    "tesseract_version": "6.0.1",
    "language": "eng",
    "dpi": 300,
    "psm": null,
    "preserve_interword_spaces": "1",
    "deskew": false
  },
  "ocr_frame_count": 60,
  "ocr_frame_width": 1280,
  "output_path": "C:\\Users\\admin\\Projects\\portfolio_analyzer_revere\\data\\video_scan_20260917\\qmg-ocr-20260917-missing19\\qmg-ocr-20260917-missing19\\snapshots\\qmg_20220405.png",
  "prefilter_best_score": 15.22,
  "review_threshold": 4,
  "sample_frame_width": 640,
  "status": "review",
  "strong_threshold": 6,
  "top_candidate": {
    "chart_stream": {
      "confidence": 0,
      "parse_status": "no_seed_tickers",
      "position_list": [],
      "price_action": "",
      "tickers_rejected": 0
    },
    "confusion_with_nearby": [],
    "frame_index": 242,
    "frame_path": "C:\\Users\\admin\\Projects\\portfolio_analyzer_revere\\data\\video_scan_20260917\\qmg-ocr-20260917-missing19\\qmg-ocr-20260917-missing19\\ocr_probe\\frames\\20220405_20220405_fxn3utl01f4_d6d36968_snapshot\\ocr\\ocr_000243.png",
    "is_intro_card": false,
    "issue_codes": [],
    "low_res_frame_path": null,
    "nearest_ffmpeg_keyframe_ts": 0,
    "observed_date": null,
    "ocr_confidence": 91,
    "ocr_profile": "threshold",
    "ocr_text": "PLEASE read this first > qullamaggie.com\n",
    "ocr_text_snippet": "PLEASE read this first > qullamaggie.com",
    "output_kind": "snapshot",
    "parsed_observations": [],
    "parsed_row_count": 0,
    "phash": "afa8f2a8d660f8e0",
    "phash_overlay": "c7c2fd09c0983ce7",
    "phash_region": {
      "xFraction": 0.7,
      "yFraction": 0.84,
      "wFraction": 0.28,
      "hFraction": 0.14
    },
    "prefilter_profile": null,
    "prefilter_score": 3.96,
    "prefilter_stats": {
      "brightRatio": 0,
      "darkRatio": 0.9696527777777778,
      "edgeRatio": 0.08335099992933362,
      "horizontalComparisons": 14151,
      "horizontalEdgeHits": 957,
      "horizontalEdgeRatio": 0.06762772948908205,
      "meanLuma": 11.4025,
      "stdDev": 26.664092466898875,
      "verticalComparisons": 14151,
      "verticalEdgeHits": 1402,
      "verticalEdgeRatio": 0.09907427036958519
    },
    "score": 4.55,
    "score_breakdown": null,
    "screen_layout": "chart",
    "tickers": [],
    "timestamp": 968,
    "timestamp_hms": "00:16:08"
  },
  "top_candidates": [
    {
      "chart_stream": {
        "confidence": 0,
        "parse_status": "no_seed_tickers",
        "position_list": [],
        "price_action": "",
        "tickers_rejected": 0
      },
      "confusion_with_nearby": [],
      "frame_index": 242,
      "frame_path": "C:\\Users\\admin\\Projects\\portfolio_analyzer_revere\\data\\video_scan_20260917\\qmg-ocr-20260917-missing19\\qmg-ocr-20260917-missing19\\ocr_probe\\frames\\20220405_20220405_fxn3utl01f4_d6d36968_snapshot\\ocr\\ocr_000243.png",
      "is_intro_card": false,
      "issue_codes": [],
      "low_res_frame_path": null,
      "nearest_ffmpeg_keyframe_ts": null,
      "observed_date": null,
      "ocr_confidence": 91,
      "ocr_profile": "threshold",
      "ocr_text": "PLEASE read this first > qullamaggie.com\n",
      "ocr_text_snippet": "PLEASE read this first > qullamaggie.com",
      "output_kind": "snapshot",
      "parsed_observations": [],
      "parsed_row_count": 0,
      "phash": "afa8f2a8d660f8e0",
      "phash_overlay": "c7c2fd09c0983ce7",
      "phash_region": {
        "xFraction": 0.7,
        "yFraction": 0.84,
        "wFraction": 0.28,
        "hFraction": 0.14
      },
      "prefilter_profile": null,
      "prefilter_score": 3.96,
      "prefilter_stats": {
        "brightRatio": 0,
        "darkRatio": 0.9696527777777778,
        "edgeRatio": 0.08335099992933362,
        "horizontalComparisons": 14151,
        "horizontalEdgeHits": 957,
        "horizontalEdgeRatio": 0.06762772948908205,
        "meanLuma": 11.4025,
        "stdDev": 26.664092466898875,
        "verticalComparisons": 14151,
        "verticalEdgeHits": 1402,
        "verticalEdgeRatio": 0.09907427036958519
      },
      "score": 4.55,
      "score_breakdown": null,
      "screen_layout": "chart",
      "tickers": [],
      "timestamp": 968,
      "timestamp_hms": "00:16:08"
    },
    {
      "chart_stream": {
        "confidence": 0,
        "parse_status": "no_seed_tickers",
        "position_list": [],
        "price_action": "",
        "tickers_rejected": 0
      },
      "confusion_with_nearby": [],
      "frame_index": 99,
      "frame_path": "C:\\Users\\admin\\Projects\\portfolio_analyzer_revere\\data\\video_scan_20260917\\qmg-ocr-20260917-missing19\\qmg-ocr-20260917-missing19\\ocr_probe\\frames\\20220405_20220405_fxn3utl01f4_d6d36968_snapshot\\ocr\\ocr_000100.png",
      "is_intro_card": false,
      "issue_codes": [],
      "low_res_frame_path": null,
      "nearest_ffmpeg_keyframe_ts": null,
      "observed_date": null,
      "ocr_confidence": 91,
      "ocr_profile": "threshold",
      "ocr_text": "PLEASE read this first > qullamaggie.com\n",
      "ocr_text_snippet": "PLEASE read this first > qullamaggie.com",
      "output_kind": "snapshot",
      "parsed_observations": [],
      "parsed_row_count": 0,
      "phash": "afb9f2a8d261d8c0",
      "phash_overlay": "c6c21dc9c39c3cc7",
      "phash_region": {
        "xFraction": 0.7,
        "yFraction": 0.84,
        "wFraction": 0.28,
        "hFraction": 0.14
      },
      "prefilter_profile": null,
      "prefilter_score": 5.3,
      "prefilter_stats": {
        "brightRatio": 0,
        "darkRatio": 0.968125,
        "edgeRatio": 0.10006359974560101,
        "horizontalComparisons": 14151,
        "horizontalEdgeHits": 1145,
        "horizontalEdgeRatio": 0.08091300968129461,
        "meanLuma": 13.884097222222222,
        "stdDev": 27.27100051930404,
        "verticalComparisons": 14151,
        "verticalEdgeHits": 1687,
        "verticalEdgeRatio": 0.11921418980990743
      },
      "score": 4.55,
      "score_breakdown": null,
      "screen_layout": "chart",
      "tickers": [],
      "timestamp": 396,
      "timestamp_hms": "00:06:36"
    },
    {
      "chart_stream": {
        "confidence": 0,
        "parse_status": "no_seed_tickers",
        "position_list": [],
        "price_action": "",
        "tickers_rejected": 0
      },
      "confusion_with_nearby": [],
      "frame_index": 539,
      "frame_path": "C:\\Users\\admin\\Projects\\portfolio_analyzer_revere\\data\\video_scan_20260917\\qmg-ocr-20260917-missing19\\qmg-ocr-20260917-missing19\\ocr_probe\\frames\\20220405_20220405_fxn3utl01f4_d6d36968_snapshot\\ocr\\ocr_000540.png",
      "is_intro_card": false,
      "issue_codes": [],
      "low_res_frame_path": null,
      "nearest_ffmpeg_keyframe_ts": null,
      "observed_date": null,
      "ocr_confidence": 89,
      "ocr_profile": "threshold",
      "ocr_text": "PLEASE read this first > qullamaggie.com\n",
      "ocr_text_snippet": "PLEASE read this first > qullamaggie.com",
      "output_kind": "snapshot",
      "parsed_observations": [],
      "parsed_row_count": 0,
      "phash": "bfa9f2e8d240d8d0",
      "phash_overlay": "c6c2b989c19c1cf7",
      "phash_region": {
        "xFraction": 0.7,
        "yFraction": 0.84,
        "wFraction": 0.28,
        "hFraction": 0.14
      },
      "prefilter_profile": null,
      "prefilter_score": 13.01,
      "prefilter_stats": {
        "brightRatio": 0.011111111111111112,
        "darkRatio": 0.9557638888888889,
        "edgeRatio": 0.10458624832167338,
        "horizontalComparisons": 14151,
        "horizontalEdgeHits": 1258,
        "horizontalEdgeRatio": 0.08889831107342237,
        "meanLuma": 16.47513888888889,
        "stdDev": 37.05592723217522,
        "verticalComparisons": 14151,
        "verticalEdgeHits": 1702,
        "verticalEdgeRatio": 0.12027418556992439
      },
      "score": 4.45,
      "score_breakdown": null,
      "screen_layout": "chart",
      "tickers": [],
      "timestamp": 2156,
      "timestamp_hms": "00:35:56"
    },
    {
      "chart_stream": {
        "confidence": 0,
        "parse_status": "no_seed_tickers",
        "position_list": [],
        "price_action": "",
        "tickers_rejected": 0
      },
      "confusion_with_nearby": [],
      "frame_index": 506,
      "frame_path": "C:\\Users\\admin\\Projects\\portfolio_analyzer_revere\\data\\video_scan_20260917\\qmg-ocr-20260917-missing19\\qmg-ocr-20260917-missing19\\ocr_probe\\frames\\20220405_20220405_fxn3utl01f4_d6d36968_snapshot\\ocr\\ocr_000507.png",
      "is_intro_card": false,
      "issue_codes": [],
      "low_res_frame_path": null,
      "nearest_ffmpeg_keyframe_ts": null,
      "observed_date": null,
      "ocr_confidence": 89,
      "ocr_profile": "threshold",
      "ocr_text": "PLEASE read this first > qullamaggie.com\n",
      "ocr_text_snippet": "PLEASE read this first > qullamaggie.com",
      "output_kind": "snapshot",
      "parsed_observations": [],
      "parsed_row_count": 0,
      "phash": "af68f268d260f6d0",
      "phash_overlay": "c4c539d9c19c3c67",
      "phash_region": {
        "xFraction": 0.7,
        "yFraction": 0.84,
        "wFraction": 0.28,
        "hFraction": 0.14
      },
      "prefilter_profile": null,
      "prefilter_score": 6.07,
      "prefilter_stats": {
        "brightRatio": 0,
        "darkRatio": 0.9694444444444444,
        "edgeRatio": 0.09585894989753374,
        "horizontalComparisons": 14151,
        "horizontalEdgeHits": 1166,
        "horizontalEdgeRatio": 0.08239700374531835,
        "meanLuma": 12.926388888888889,
        "stdDev": 27.23489129088903,
        "verticalComparisons": 14151,
        "verticalEdgeHits": 1547,
        "verticalEdgeRatio": 0.10932089604974914
      },
      "score": 4.45,
      "score_breakdown": null,
      "screen_layout": "chart",
      "tickers": [],
      "timestamp": 2024,
      "timestamp_hms": "00:33:44"
    },
    {
      "chart_stream": {
        "confidence": 0,
        "parse_status": "no_seed_tickers",
        "position_list": [],
        "price_action": "",
        "tickers_rejected": 0
      },
      "confusion_with_nearby": [],
      "frame_index": 484,
      "frame_path": "C:\\Users\\admin\\Projects\\portfolio_analyzer_revere\\data\\video_scan_20260917\\qmg-ocr-20260917-missing19\\qmg-ocr-20260917-missing19\\ocr_probe\\frames\\20220405_20220405_fxn3utl01f4_d6d36968_snapshot\\ocr\\ocr_000485.png",
      "is_intro_card": false,
      "issue_codes": [],
      "low_res_frame_path": null,
      "nearest_ffmpeg_keyframe_ts": null,
      "observed_date": null,
      "ocr_confidence": 89,
      "ocr_profile": "threshold",
      "ocr_text": "PLEASE read this first > qullamaggie.com\n",
      "ocr_text_snippet": "PLEASE read this first > qullamaggie.com",
      "output_kind": "snapshot",
      "parsed_observations": [],
      "parsed_row_count": 0,
      "phash": "bfe8e2e0d660f2c0",
      "phash_overlay": "c4c59999c19c1cf7",
      "phash_region": {
        "xFraction": 0.7,
        "yFraction": 0.84,
        "wFraction": 0.28,
        "hFraction": 0.14
      },
      "prefilter_profile": null,
      "prefilter_score": 15.22,
      "prefilter_stats": {
        "brightRatio": 0.030694444444444444,
        "darkRatio": 0.9276388888888889,
        "edgeRatio": 0.09985160059359763,
        "horizontalComparisons": 14151,
        "horizontalEdgeHits": 1178,
        "horizontalEdgeRatio": 0.08324500035333192,
        "meanLuma": 21.699444444444445,
        "stdDev": 50.04102427811074,
        "verticalComparisons": 14151,
        "verticalEdgeHits": 1648,
        "verticalEdgeRatio": 0.11645820083386334
      },
      "score": 4.45,
      "score_breakdown": null,
      "screen_layout": "chart",
      "tickers": [],
      "timestamp": 1936,
      "timestamp_hms": "00:32:16"
    }
  ],
  "top_rejected_candidates": [
    {
      "chart_stream": {
        "confidence": 0,
        "parse_status": "no_seed_tickers",
        "position_list": [],
        "price_action": "",
        "tickers_rejected": 0
      },
      "confusion_with_nearby": [],
      "frame_index": 561,
      "frame_path": "C:\\Users\\admin\\Projects\\portfolio_analyzer_revere\\data\\video_scan_20260917\\qmg-ocr-20260917-missing19\\qmg-ocr-20260917-missing19\\ocr_probe\\frames\\20220405_20220405_fxn3utl01f4_d6d36968_snapshot\\ocr\\ocr_000562.png",
      "is_intro_card": false,
      "issue_codes": [],
      "low_res_frame_path": null,
      "nearest_ffmpeg_keyframe_ts": 0,
      "observed_date": null,
      "ocr_confidence": 77,
      "ocr_profile": "threshold",
      "ocr_text": "PLEASE read this first > qullamaggie.com\n",
      "ocr_text_snippet": "PLEASE read this first > qullamaggie.com",
      "output_kind": "snapshot",
      "parsed_observations": [],
      "parsed_row_count": 0,
      "phash": "ffa872e0d261dcc0",
      "phash_overlay": "c4c7f91bc19c1ce1",
      "phash_region": {
        "xFraction": 0.7,
        "yFraction": 0.84,
        "wFraction": 0.28,
        "hFraction": 0.14
      },
      "prefilter_profile": null,
      "prefilter_score": 12.61,
      "prefilter_stats": {
        "brightRatio": 0.011111111111111112,
        "darkRatio": 0.9569444444444445,
        "edgeRatio": 0.10804890113772878,
        "horizontalComparisons": 14151,
        "horizontalEdgeHits": 1300,
        "horizontalEdgeRatio": 0.09186629920146987,
        "meanLuma": 16.845833333333335,
        "stdDev": 36.82933966848532,
        "verticalComparisons": 14151,
        "verticalEdgeHits": 1758,
        "verticalEdgeRatio": 0.1242315030739877
      },
      "score": 3.85,
      "score_breakdown": null,
      "screen_layout": "chart",
      "tickers": [],
      "timestamp": 2244,
      "timestamp_hms": "00:37:24"
    },
    {
      "chart_stream": {
        "confidence": 0,
        "parse_status": "no_seed_tickers",
        "position_list": [],
        "price_action": "",
        "tickers_rejected": 0
      },
      "confusion_with_nearby": [],
      "frame_index": 583,
      "frame_path": "C:\\Users\\admin\\Projects\\portfolio_analyzer_revere\\data\\video_scan_20260917\\qmg-ocr-20260917-missing19\\qmg-ocr-20260917-missing19\\ocr_probe\\frames\\20220405_20220405_fxn3utl01f4_d6d36968_snapshot\\ocr\\ocr_000584.png",
      "is_intro_card": false,
      "issue_codes": [],
      "low_res_frame_path": null,
      "nearest_ffmpeg_keyframe_ts": 0,
      "observed_date": null,
      "ocr_confidence": 76,
      "ocr_profile": "threshold",
      "ocr_text": "PLEASE read this first > gullamaggie.com\n",
      "ocr_text_snippet": "PLEASE read this first > gullamaggie.com",
      "output_kind": "snapshot",
      "parsed_observations": [],
      "parsed_row_count": 0,
      "phash": "afa8f2e8d640f8e0",
      "phash_overlay": "c6c2bd89c19c3cd3",
      "phash_region": {
        "xFraction": 0.7,
        "yFraction": 0.84,
        "wFraction": 0.28,
        "hFraction": 0.14
      },
      "prefilter_profile": null,
      "prefilter_score": 4.63,
      "prefilter_stats": {
        "brightRatio": 0,
        "darkRatio": 0.968125,
        "edgeRatio": 0.10928556285774857,
        "horizontalComparisons": 14151,
        "horizontalEdgeHits": 1272,
        "horizontalEdgeRatio": 0.0898876404494382,
        "meanLuma": 14.596736111111111,
        "stdDev": 27.35102989960801,
        "verticalComparisons": 14151,
        "verticalEdgeHits": 1821,
        "verticalEdgeRatio": 0.12868348526605894
      },
      "score": 3.8,
      "score_breakdown": null,
      "screen_layout": "chart",
      "tickers": [],
      "timestamp": 2332,
      "timestamp_hms": "00:38:52"
    },
    {
      "chart_stream": {
        "confidence": 0,
        "parse_status": "no_seed_tickers",
        "position_list": [],
        "price_action": "",
        "tickers_rejected": 0
      },
      "confusion_with_nearby": [],
      "frame_index": 572,
      "frame_path": "C:\\Users\\admin\\Projects\\portfolio_analyzer_revere\\data\\video_scan_20260917\\qmg-ocr-20260917-missing19\\qmg-ocr-20260917-missing19\\ocr_probe\\frames\\20220405_20220405_fxn3utl01f4_d6d36968_snapshot\\ocr\\ocr_000573.png",
      "is_intro_card": false,
      "issue_codes": [],
      "low_res_frame_path": null,
      "nearest_ffmpeg_keyframe_ts": 0,
      "observed_date": null,
      "ocr_confidence": 76,
      "ocr_profile": "threshold",
      "ocr_text": "PLEASE read this first > qullamaggie.com\n",
      "ocr_text_snippet": "PLEASE read this first > qullamaggie.com",
      "output_kind": "snapshot",
      "parsed_observations": [],
      "parsed_row_count": 0,
      "phash": "ffa872e0d261dcc0",
      "phash_overlay": "c4c7f91bc19c1ce1",
      "phash_region": {
        "xFraction": 0.7,
        "yFraction": 0.84,
        "wFraction": 0.28,
        "hFraction": 0.14
      },
      "prefilter_profile": null,
      "prefilter_score": 12.55,
      "prefilter_stats": {
        "brightRatio": 0.011111111111111112,
        "darkRatio": 0.9570138888888889,
        "edgeRatio": 0.10840223305773443,
        "horizontalComparisons": 14151,
        "horizontalEdgeHits": 1303,
        "horizontalEdgeRatio": 0.09207829835347325,
        "meanLuma": 16.862083333333334,
        "stdDev": 36.84401249553085,
        "verticalComparisons": 14151,
        "verticalEdgeHits": 1765,
        "verticalEdgeRatio": 0.12472616776199562
      },
      "score": 3.8,
      "score_breakdown": null,
      "screen_layout": "chart",
      "tickers": [],
      "timestamp": 2288,
      "timestamp_hms": "00:38:08"
    },
    {
      "chart_stream": {
        "confidence": 0,
        "parse_status": "no_seed_tickers",
        "position_list": [],
        "price_action": "",
        "tickers_rejected": 0
      },
      "confusion_with_nearby": [],
      "frame_index": 11,
      "frame_path": "C:\\Users\\admin\\Projects\\portfolio_analyzer_revere\\data\\video_scan_20260917\\qmg-ocr-20260917-missing19\\qmg-ocr-20260917-missing19\\ocr_probe\\frames\\20220405_20220405_fxn3utl01f4_d6d36968_snapshot\\ocr\\ocr_000012.png",
      "is_intro_card": false,
      "issue_codes": [],
      "low_res_frame_path": null,
      "nearest_ffmpeg_keyframe_ts": 0,
      "observed_date": null,
      "ocr_confidence": 64,
      "ocr_profile": "threshold",
      "ocr_text": "|  : 7                 ’    En\nPLEASE read this first > qullamaggie.com\n",
      "ocr_text_snippet": "| : 7 ’ En PLEASE read this first > qullamaggie.com",
      "output_kind": "snapshot",
      "parsed_observations": [],
      "parsed_row_count": 0,
      "phash": "bf39f2a8d240f8d0",
      "phash_overlay": "c2c29dc9c39c3cc7",
      "phash_region": {
        "xFraction": 0.7,
        "yFraction": 0.84,
        "wFraction": 0.28,
        "hFraction": 0.14
      },
      "prefilter_profile": null,
      "prefilter_score": 12.49,
      "prefilter_stats": {
        "brightRatio": 0.011111111111111112,
        "darkRatio": 0.9558333333333333,
        "edgeRatio": 0.10794290156172709,
        "horizontalComparisons": 14151,
        "horizontalEdgeHits": 1289,
        "horizontalEdgeRatio": 0.09108896897745743,
        "meanLuma": 17.19909722222222,
        "stdDev": 37.22404221238522,
        "verticalComparisons": 14151,
        "verticalEdgeHits": 1766,
        "verticalEdgeRatio": 0.12479683414599675
      },
      "score": 3.2,
      "score_breakdown": null,
      "screen_layout": "chart",
      "tickers": [],
      "timestamp": 44,
      "timestamp_hms": "00:00:44"
    },
    {
      "chart_stream": {
        "confidence": 0,
        "parse_status": "no_seed_tickers",
        "position_list": [],
        "price_action": "",
        "tickers_rejected": 0
      },
      "confusion_with_nearby": [],
      "frame_index": 44,
      "frame_path": "C:\\Users\\admin\\Projects\\portfolio_analyzer_revere\\data\\video_scan_20260917\\qmg-ocr-20260917-missing19\\qmg-ocr-20260917-missing19\\ocr_probe\\frames\\20220405_20220405_fxn3utl01f4_d6d36968_snapshot\\ocr\\ocr_000045.png",
      "is_intro_card": false,
      "issue_codes": [],
      "low_res_frame_path": null,
      "nearest_ffmpeg_keyframe_ts": 0,
      "observed_date": null,
      "ocr_confidence": 56,
      "ocr_profile": "threshold",
      "ocr_text": ".                 |    i\n;                     fl   :\nPLEASE read this first > qullamaggie.com\n",
      "ocr_text_snippet": ". | i ; fl : PLEASE read this first > qullamaggie.com",
      "output_kind": "snapshot",
      "parsed_observations": [],
      "parsed_row_count": 0,
      "phash": "ff28e238d218f2cc",
      "phash_overlay": "c6c21dd9c39c3c87",
      "phash_region": {
        "xFraction": 0.7,
        "yFraction": 0.84,
        "wFraction": 0.28,
        "hFraction": 0.14
      },
      "prefilter_profile": null,
      "prefilter_score": 13.46,
      "prefilter_stats": {
        "brightRatio": 0.011111111111111112,
        "darkRatio": 0.9578472222222222,
        "edgeRatio": 0.09861493887357783,
        "horizontalComparisons": 14151,
        "horizontalEdgeHits": 1203,
        "horizontalEdgeRatio": 0.08501165995336019,
        "meanLuma": 15.436111111111112,
        "stdDev": 36.614909704303805,
        "verticalComparisons": 14151,
        "verticalEdgeHits": 1588,
        "verticalEdgeRatio": 0.1122182177937955
      },
      "score": 2.8,
      "score_breakdown": null,
      "screen_layout": "chart",
      "tickers": [],
      "timestamp": 176,
      "timestamp_hms": "00:02:56"
    }
  ],
  "whiteboard_segments": [
    {
      "capture_count": 1,
      "end_ts": 396,
      "end_hms": "00:06:36",
      "is_intro_card": false,
      "layout": "chart",
      "peak_frame_index": 99,
      "peak_score": 4.55,
      "start_hms": "00:06:36",
      "start_ts": 396
    },
    {
      "capture_count": 1,
      "end_ts": 968,
      "end_hms": "00:16:08",
      "is_intro_card": false,
      "layout": "chart",
      "peak_frame_index": 242,
      "peak_score": 4.55,
      "start_hms": "00:16:08",
      "start_ts": 968
    },
    {
      "capture_count": 1,
      "end_ts": 2156,
      "end_hms": "00:35:56",
      "is_intro_card": false,
      "layout": "chart",
      "peak_frame_index": 539,
      "peak_score": 4.45,
      "start_hms": "00:35:56",
      "start_ts": 2156
    }
  ],
  "log_path": "C:\\Users\\admin\\Projects\\portfolio_analyzer_revere\\data\\video_scan_20260917\\qmg-ocr-20260917-missing19\\qmg-ocr-20260917-missing19\\ocr_probe\\logs\\20220405_20220405_fxn3utl01f4_d6d36968_snapshot.json"
}
