# cmd: node tools/scanVideoWithOcr.js --video C:\Users\admin\Projects\portfolio_analyzer_revere\data\video_pipeline\downloads\20220506_NtIRVae1Igo.mp4 --date 20220506 --output-root C:\Users\admin\Projects\portfolio_analyzer_revere\data\video_scan_20260917\qmg-ocr-20260917-missing19 --run-tag qmg-ocr-20260917-missing19 --ffmpeg-bin C:\Users\admin\AppData\Local\Microsoft\WinGet\Packages\Gyan.FFmpeg_Microsoft.Winget.Source_8wekyb3d8bbwe\ffmpeg-9.0.1-full_build\bin\ffmpeg.exe --output-kind snapshot --prefilter-profile chart_stream --basename qmg --chart-stream-parser
[scan:snapshot] ffprobe found 112 keyframe(s) for nearest-keyframe lookup
[scan:snapshot] preflighting final snapshot output extraction
[scan:snapshot] extracting sample frames from C:\Users\admin\Projects\portfolio_analyzer_revere\data\video_pipeline\downloads\20220506_NtIRVae1Igo.mp4
[scan:snapshot] extracted 146 frame(s) at 0.25 fps with width 640; starting prefilter
[scan:snapshot] prefilter 1/146 frames after 00:00:00; best prefilter 12.11 at 00:00:00
[scan:snapshot] prefilter 10/146 frames after 00:00:00; best prefilter 12.25 at 00:00:28
[scan:snapshot] prefilter 20/146 frames after 00:00:00; best prefilter 12.29 at 00:00:52
[scan:snapshot] prefilter 30/146 frames after 00:00:00; best prefilter 12.29 at 00:00:52
[scan:snapshot] prefilter 40/146 frames after 00:00:00; best prefilter 12.39 at 00:02:36
[scan:snapshot] prefilter 50/146 frames after 00:00:00; best prefilter 12.39 at 00:02:36
[scan:snapshot] prefilter 60/146 frames after 00:00:01; best prefilter 12.39 at 00:02:36
[scan:snapshot] prefilter 70/146 frames after 00:00:01; best prefilter 12.39 at 00:02:36
[scan:snapshot] prefilter 80/146 frames after 00:00:01; best prefilter 13.00 at 00:05:16
[scan:snapshot] prefilter 90/146 frames after 00:00:01; best prefilter 13.10 at 00:05:24
[scan:snapshot] prefilter 100/146 frames after 00:00:01; best prefilter 13.10 at 00:05:24
[scan:snapshot] prefilter 110/146 frames after 00:00:01; best prefilter 13.10 at 00:05:24
[scan:snapshot] prefilter 120/146 frames after 00:00:01; best prefilter 13.10 at 00:05:24
[scan:snapshot] prefilter 130/146 frames after 00:00:01; best prefilter 13.10 at 00:05:24
[scan:snapshot] prefilter 140/146 frames after 00:00:01; best prefilter 13.10 at 00:05:24
[scan:snapshot] prefilter 146/146 frames after 00:00:01; best prefilter 13.10 at 00:05:24
[scan:snapshot] prefilter kept 60/146 frame(s) for OCR; best prefilter 13.10 at 00:05:24
[scan:snapshot] extracting OCR candidates from source video at width 1280
[scan:snapshot] OCR 1/60 frames (1.7%) after 00:00:01; best score 4.60 at 00:00:00 (ocr 92.0)
[scan:snapshot] OCR 10/60 frames (16.7%) after 00:00:12; best score 4.60 at 00:00:00 (ocr 92.0)
[scan:snapshot] OCR 20/60 frames (33.3%) after 00:00:30; best score 4.60 at 00:00:00 (ocr 92.0)
[scan:snapshot] OCR 30/60 frames (50.0%) after 00:00:45; best score 4.60 at 00:00:00 (ocr 92.0)
[scan:snapshot] OCR 40/60 frames (66.7%) after 00:00:59; best score 4.60 at 00:00:00 (ocr 92.0)
[scan:snapshot] OCR 50/60 frames (83.3%) after 00:01:18; best score 4.60 at 00:00:00 (ocr 92.0)
[scan:snapshot] OCR 60/60 frames (100.0%) after 00:01:42; best score 4.60 at 00:00:00 (ocr 92.0)
{
  "basename": "qmg",
  "channel": "qmg",
  "chart_stream_parser": true,
  "date_key": "20220506",
  "output_kind": "snapshot",
  "phash_region": null,
  "phash_region_fraction": {
    "xFraction": 0.7,
    "yFraction": 0.84,
    "wFraction": 0.28,
    "hFraction": 0.14
  },
  "prefilter_profile": "chart_stream",
  "video_path": "C:\\Users\\admin\\Projects\\portfolio_analyzer_revere\\data\\video_pipeline\\downloads\\20220506_NtIRVae1Igo.mp4",
  "captured_count": 3,
  "captures": [
    {
      "chart_stream": {
        "confidence": 0,
        "parse_status": "no_seed_tickers",
        "position_list": [],
        "price_action": "",
        "tickers_rejected": 0
      },
      "confusion_with_nearby": [],
      "frame_index": 116,
      "frame_path": "C:\\Users\\admin\\Projects\\portfolio_analyzer_revere\\data\\video_scan_20260917\\qmg-ocr-20260917-missing19\\qmg-ocr-20260917-missing19\\ocr_probe\\frames\\20220506_20220506_ntirvae1igo_13fc8dd8_snapshot\\ocr\\ocr_000117.png",
      "is_intro_card": false,
      "issue_codes": [],
      "low_res_frame_path": null,
      "nearest_ffmpeg_keyframe_ts": 464,
      "observed_date": null,
      "ocr_confidence": 92,
      "ocr_profile": "threshold",
      "ocr_text": "PLEASE read this first -> qullamaggie.com\n",
      "ocr_text_snippet": "PLEASE read this first -> qullamaggie.com",
      "output_kind": "snapshot",
      "parsed_observations": [],
      "parsed_row_count": 0,
      "phash": "af28f2b8d2267ad0",
      "phash_overlay": "c6c219d9c99d1e27",
      "phash_region": {
        "xFraction": 0.7,
        "yFraction": 0.84,
        "wFraction": 0.28,
        "hFraction": 0.14
      },
      "prefilter_profile": null,
      "prefilter_score": 5.01,
      "prefilter_stats": {
        "brightRatio": 0,
        "darkRatio": 0.9682638888888889,
        "edgeRatio": 0.11536287188184581,
        "horizontalComparisons": 14151,
        "horizontalEdgeHits": 1458,
        "horizontalEdgeRatio": 0.10303158787364851,
        "meanLuma": 15.340902777777778,
        "stdDev": 27.91588494958248,
        "verticalComparisons": 14151,
        "verticalEdgeHits": 1807,
        "verticalEdgeRatio": 0.1276941558900431
      },
      "score": 4.6,
      "score_breakdown": null,
      "screen_layout": "chart",
      "tickers": [],
      "timestamp": 464,
      "timestamp_hms": "00:07:44",
      "output_path": "C:\\Users\\admin\\Projects\\portfolio_analyzer_revere\\data\\video_scan_20260917\\qmg-ocr-20260917-missing19\\qmg-ocr-20260917-missing19\\snapshots\\qmg_20220506.png"
    },
    {
      "chart_stream": {
        "confidence": 0,
        "parse_status": "no_seed_tickers",
        "position_list": [],
        "price_action": "",
        "tickers_rejected": 0
      },
      "confusion_with_nearby": [],
      "frame_index": 106,
      "frame_path": "C:\\Users\\admin\\Projects\\portfolio_analyzer_revere\\data\\video_scan_20260917\\qmg-ocr-20260917-missing19\\qmg-ocr-20260917-missing19\\ocr_probe\\frames\\20220506_20220506_ntirvae1igo_13fc8dd8_snapshot\\ocr\\ocr_000107.png",
      "is_intro_card": false,
      "issue_codes": [],
      "low_res_frame_path": null,
      "nearest_ffmpeg_keyframe_ts": 426.666667,
      "observed_date": null,
      "ocr_confidence": 92,
      "ocr_profile": "threshold",
      "ocr_text": "PLEASE read this first -> qullamaggie.com\n",
      "ocr_text_snippet": "PLEASE read this first -> qullamaggie.com",
      "output_kind": "snapshot",
      "parsed_observations": [],
      "parsed_row_count": 0,
      "phash": "afa8f2b8d230eec0",
      "phash_overlay": "c6c219d9c19d9e27",
      "phash_region": {
        "xFraction": 0.7,
        "yFraction": 0.84,
        "wFraction": 0.28,
        "hFraction": 0.14
      },
      "prefilter_profile": null,
      "prefilter_score": 5.65,
      "prefilter_stats": {
        "brightRatio": 0,
        "darkRatio": 0.9690277777777778,
        "edgeRatio": 0.09154830047346477,
        "horizontalComparisons": 14151,
        "horizontalEdgeHits": 1122,
        "horizontalEdgeRatio": 0.0792876828492686,
        "meanLuma": 12.238125,
        "stdDev": 27.379674219633507,
        "verticalComparisons": 14151,
        "verticalEdgeHits": 1469,
        "verticalEdgeRatio": 0.10380891809766095
      },
      "score": 4.6,
      "score_breakdown": null,
      "screen_layout": "chart",
      "tickers": [],
      "timestamp": 424,
      "timestamp_hms": "00:07:04",
      "output_path": "C:\\Users\\admin\\Projects\\portfolio_analyzer_revere\\data\\video_scan_20260917\\qmg-ocr-20260917-missing19\\qmg-ocr-20260917-missing19\\snapshots\\qmg_20220506_2.png"
    },
    {
      "chart_stream": {
        "confidence": 0,
        "parse_status": "no_seed_tickers",
        "position_list": [],
        "price_action": "",
        "tickers_rejected": 0
      },
      "confusion_with_nearby": [],
      "frame_index": 94,
      "frame_path": "C:\\Users\\admin\\Projects\\portfolio_analyzer_revere\\data\\video_scan_20260917\\qmg-ocr-20260917-missing19\\qmg-ocr-20260917-missing19\\ocr_probe\\frames\\20220506_20220506_ntirvae1igo_13fc8dd8_snapshot\\ocr\\ocr_000095.png",
      "is_intro_card": false,
      "issue_codes": [],
      "low_res_frame_path": null,
      "nearest_ffmpeg_keyframe_ts": 378.666667,
      "observed_date": null,
      "ocr_confidence": 92,
      "ocr_profile": "threshold",
      "ocr_text": "PLEASE read this first -> qullamaggie.com\n",
      "ocr_text_snippet": "PLEASE read this first -> qullamaggie.com",
      "output_kind": "snapshot",
      "parsed_observations": [],
      "parsed_row_count": 0,
      "phash": "ffa8dae0d2306ad0",
      "phash_overlay": "c7c319c9c19c3c67",
      "phash_region": {
        "xFraction": 0.7,
        "yFraction": 0.84,
        "wFraction": 0.28,
        "hFraction": 0.14
      },
      "prefilter_profile": null,
      "prefilter_score": 13.02,
      "prefilter_stats": {
        "brightRatio": 0.011111111111111112,
        "darkRatio": 0.9571527777777777,
        "edgeRatio": 0.10585824323369374,
        "horizontalComparisons": 14151,
        "horizontalEdgeHits": 1283,
        "horizontalEdgeRatio": 0.09066497067345064,
        "meanLuma": 16.243125,
        "stdDev": 36.974655189000565,
        "verticalComparisons": 14151,
        "verticalEdgeHits": 1713,
        "verticalEdgeRatio": 0.12105151579393682
      },
      "score": 4.6,
      "score_breakdown": null,
      "screen_layout": "chart",
      "tickers": [],
      "timestamp": 376,
      "timestamp_hms": "00:06:16",
      "output_path": "C:\\Users\\admin\\Projects\\portfolio_analyzer_revere\\data\\video_scan_20260917\\qmg-ocr-20260917-missing19\\qmg-ocr-20260917-missing19\\snapshots\\qmg_20220506_3.png"
    }
  ],
  "frame_count": 146,
  "frame_error_count": 0,
  "frame_errors": [],
  "max_captures_per_video": 3,
  "nearest_ffmpeg_keyframe_lookups_skipped": false,
  "nearest_ffmpeg_keyframe_pts_total": 112,
  "ocr_engine_metadata": {
    "tesseract_version": "6.0.1",
    "language": "eng",
    "dpi": 300,
    "psm": null,
    "preserve_interword_spaces": "1",
    "deskew": false
  },
  "ocr_frame_count": 60,
  "ocr_frame_width": 1280,
  "output_path": "C:\\Users\\admin\\Projects\\portfolio_analyzer_revere\\data\\video_scan_20260917\\qmg-ocr-20260917-missing19\\qmg-ocr-20260917-missing19\\snapshots\\qmg_20220506.png",
  "prefilter_best_score": 13.1,
  "review_threshold": 4,
  "sample_frame_width": 640,
  "status": "review",
  "strong_threshold": 6,
  "top_candidate": {
    "chart_stream": {
      "confidence": 0,
      "parse_status": "no_seed_tickers",
      "position_list": [],
      "price_action": "",
      "tickers_rejected": 0
    },
    "confusion_with_nearby": [],
    "frame_index": 116,
    "frame_path": "C:\\Users\\admin\\Projects\\portfolio_analyzer_revere\\data\\video_scan_20260917\\qmg-ocr-20260917-missing19\\qmg-ocr-20260917-missing19\\ocr_probe\\frames\\20220506_20220506_ntirvae1igo_13fc8dd8_snapshot\\ocr\\ocr_000117.png",
    "is_intro_card": false,
    "issue_codes": [],
    "low_res_frame_path": null,
    "nearest_ffmpeg_keyframe_ts": 464,
    "observed_date": null,
    "ocr_confidence": 92,
    "ocr_profile": "threshold",
    "ocr_text": "PLEASE read this first -> qullamaggie.com\n",
    "ocr_text_snippet": "PLEASE read this first -> qullamaggie.com",
    "output_kind": "snapshot",
    "parsed_observations": [],
    "parsed_row_count": 0,
    "phash": "af28f2b8d2267ad0",
    "phash_overlay": "c6c219d9c99d1e27",
    "phash_region": {
      "xFraction": 0.7,
      "yFraction": 0.84,
      "wFraction": 0.28,
      "hFraction": 0.14
    },
    "prefilter_profile": null,
    "prefilter_score": 5.01,
    "prefilter_stats": {
      "brightRatio": 0,
      "darkRatio": 0.9682638888888889,
      "edgeRatio": 0.11536287188184581,
      "horizontalComparisons": 14151,
      "horizontalEdgeHits": 1458,
      "horizontalEdgeRatio": 0.10303158787364851,
      "meanLuma": 15.340902777777778,
      "stdDev": 27.91588494958248,
      "verticalComparisons": 14151,
      "verticalEdgeHits": 1807,
      "verticalEdgeRatio": 0.1276941558900431
    },
    "score": 4.6,
    "score_breakdown": null,
    "screen_layout": "chart",
    "tickers": [],
    "timestamp": 464,
    "timestamp_hms": "00:07:44"
  },
  "top_candidates": [
    {
      "chart_stream": {
        "confidence": 0,
        "parse_status": "no_seed_tickers",
        "position_list": [],
        "price_action": "",
        "tickers_rejected": 0
      },
      "confusion_with_nearby": [],
      "frame_index": 116,
      "frame_path": "C:\\Users\\admin\\Projects\\portfolio_analyzer_revere\\data\\video_scan_20260917\\qmg-ocr-20260917-missing19\\qmg-ocr-20260917-missing19\\ocr_probe\\frames\\20220506_20220506_ntirvae1igo_13fc8dd8_snapshot\\ocr\\ocr_000117.png",
      "is_intro_card": false,
      "issue_codes": [],
      "low_res_frame_path": null,
      "nearest_ffmpeg_keyframe_ts": null,
      "observed_date": null,
      "ocr_confidence": 92,
      "ocr_profile": "threshold",
      "ocr_text": "PLEASE read this first -> qullamaggie.com\n",
      "ocr_text_snippet": "PLEASE read this first -> qullamaggie.com",
      "output_kind": "snapshot",
      "parsed_observations": [],
      "parsed_row_count": 0,
      "phash": "af28f2b8d2267ad0",
      "phash_overlay": "c6c219d9c99d1e27",
      "phash_region": {
        "xFraction": 0.7,
        "yFraction": 0.84,
        "wFraction": 0.28,
        "hFraction": 0.14
      },
      "prefilter_profile": null,
      "prefilter_score": 5.01,
      "prefilter_stats": {
        "brightRatio": 0,
        "darkRatio": 0.9682638888888889,
        "edgeRatio": 0.11536287188184581,
        "horizontalComparisons": 14151,
        "horizontalEdgeHits": 1458,
        "horizontalEdgeRatio": 0.10303158787364851,
        "meanLuma": 15.340902777777778,
        "stdDev": 27.91588494958248,
        "verticalComparisons": 14151,
        "verticalEdgeHits": 1807,
        "verticalEdgeRatio": 0.1276941558900431
      },
      "score": 4.6,
      "score_breakdown": null,
      "screen_layout": "chart",
      "tickers": [],
      "timestamp": 464,
      "timestamp_hms": "00:07:44"
    },
    {
      "chart_stream": {
        "confidence": 0,
        "parse_status": "no_seed_tickers",
        "position_list": [],
        "price_action": "",
        "tickers_rejected": 0
      },
      "confusion_with_nearby": [],
      "frame_index": 114,
      "frame_path": "C:\\Users\\admin\\Projects\\portfolio_analyzer_revere\\data\\video_scan_20260917\\qmg-ocr-20260917-missing19\\qmg-ocr-20260917-missing19\\ocr_probe\\frames\\20220506_20220506_ntirvae1igo_13fc8dd8_snapshot\\ocr\\ocr_000115.png",
      "is_intro_card": false,
      "issue_codes": [],
      "low_res_frame_path": null,
      "nearest_ffmpeg_keyframe_ts": null,
      "observed_date": null,
      "ocr_confidence": 92,
      "ocr_profile": "threshold",
      "ocr_text": "PLEASE read this first -> qullamaggie.com\n",
      "ocr_text_snippet": "PLEASE read this first -> qullamaggie.com",
      "output_kind": "snapshot",
      "parsed_observations": [],
      "parsed_row_count": 0,
      "phash": "afa8f2b8d2307ae0",
      "phash_overlay": "c6c219d9c99d1e27",
      "phash_region": {
        "xFraction": 0.7,
        "yFraction": 0.84,
        "wFraction": 0.28,
        "hFraction": 0.14
      },
      "prefilter_profile": null,
      "prefilter_score": 5.4,
      "prefilter_stats": {
        "brightRatio": 0,
        "darkRatio": 0.9679861111111111,
        "edgeRatio": 0.11137022118578192,
        "horizontalComparisons": 14151,
        "horizontalEdgeHits": 1416,
        "horizontalEdgeRatio": 0.10006359974560101,
        "meanLuma": 15.405902777777778,
        "stdDev": 27.8786488621568,
        "verticalComparisons": 14151,
        "verticalEdgeHits": 1736,
        "verticalEdgeRatio": 0.12267684262596283
      },
      "score": 4.6,
      "score_breakdown": null,
      "screen_layout": "chart",
      "tickers": [],
      "timestamp": 456,
      "timestamp_hms": "00:07:36"
    },
    {
      "chart_stream": {
        "confidence": 0,
        "parse_status": "no_seed_tickers",
        "position_list": [],
        "price_action": "",
        "tickers_rejected": 0
      },
      "confusion_with_nearby": [],
      "frame_index": 106,
      "frame_path": "C:\\Users\\admin\\Projects\\portfolio_analyzer_revere\\data\\video_scan_20260917\\qmg-ocr-20260917-missing19\\qmg-ocr-20260917-missing19\\ocr_probe\\frames\\20220506_20220506_ntirvae1igo_13fc8dd8_snapshot\\ocr\\ocr_000107.png",
      "is_intro_card": false,
      "issue_codes": [],
      "low_res_frame_path": null,
      "nearest_ffmpeg_keyframe_ts": null,
      "observed_date": null,
      "ocr_confidence": 92,
      "ocr_profile": "threshold",
      "ocr_text": "PLEASE read this first -> qullamaggie.com\n",
      "ocr_text_snippet": "PLEASE read this first -> qullamaggie.com",
      "output_kind": "snapshot",
      "parsed_observations": [],
      "parsed_row_count": 0,
      "phash": "afa8f2b8d230eec0",
      "phash_overlay": "c6c219d9c19d9e27",
      "phash_region": {
        "xFraction": 0.7,
        "yFraction": 0.84,
        "wFraction": 0.28,
        "hFraction": 0.14
      },
      "prefilter_profile": null,
      "prefilter_score": 5.65,
      "prefilter_stats": {
        "brightRatio": 0,
        "darkRatio": 0.9690277777777778,
        "edgeRatio": 0.09154830047346477,
        "horizontalComparisons": 14151,
        "horizontalEdgeHits": 1122,
        "horizontalEdgeRatio": 0.0792876828492686,
        "meanLuma": 12.238125,
        "stdDev": 27.379674219633507,
        "verticalComparisons": 14151,
        "verticalEdgeHits": 1469,
        "verticalEdgeRatio": 0.10380891809766095
      },
      "score": 4.6,
      "score_breakdown": null,
      "screen_layout": "chart",
      "tickers": [],
      "timestamp": 424,
      "timestamp_hms": "00:07:04"
    },
    {
      "chart_stream": {
        "confidence": 0,
        "parse_status": "no_seed_tickers",
        "position_list": [],
        "price_action": "",
        "tickers_rejected": 0
      },
      "confusion_with_nearby": [],
      "frame_index": 104,
      "frame_path": "C:\\Users\\admin\\Projects\\portfolio_analyzer_revere\\data\\video_scan_20260917\\qmg-ocr-20260917-missing19\\qmg-ocr-20260917-missing19\\ocr_probe\\frames\\20220506_20220506_ntirvae1igo_13fc8dd8_snapshot\\ocr\\ocr_000105.png",
      "is_intro_card": false,
      "issue_codes": [],
      "low_res_frame_path": null,
      "nearest_ffmpeg_keyframe_ts": null,
      "observed_date": null,
      "ocr_confidence": 92,
      "ocr_profile": "threshold",
      "ocr_text": "PLEASE read this first -> qullamaggie.com\n",
      "ocr_text_snippet": "PLEASE read this first -> qullamaggie.com",
      "output_kind": "snapshot",
      "parsed_observations": [],
      "parsed_row_count": 0,
      "phash": "af2cf2b8d2307ae0",
      "phash_overlay": "c6c219d9c99d1e27",
      "phash_region": {
        "xFraction": 0.7,
        "yFraction": 0.84,
        "wFraction": 0.28,
        "hFraction": 0.14
      },
      "prefilter_profile": null,
      "prefilter_score": 5.54,
      "prefilter_stats": {
        "brightRatio": 0,
        "darkRatio": 0.9665277777777778,
        "edgeRatio": 0.11041622500176666,
        "horizontalComparisons": 14151,
        "horizontalEdgeHits": 1384,
        "horizontalEdgeRatio": 0.09780227545756484,
        "meanLuma": 15.03673611111111,
        "stdDev": 28.33293328957441,
        "verticalComparisons": 14151,
        "verticalEdgeHits": 1741,
        "verticalEdgeRatio": 0.12303017454596848
      },
      "score": 4.6,
      "score_breakdown": null,
      "screen_layout": "chart",
      "tickers": [],
      "timestamp": 416,
      "timestamp_hms": "00:06:56"
    },
    {
      "chart_stream": {
        "confidence": 0,
        "parse_status": "no_seed_tickers",
        "position_list": [],
        "price_action": "",
        "tickers_rejected": 0
      },
      "confusion_with_nearby": [],
      "frame_index": 100,
      "frame_path": "C:\\Users\\admin\\Projects\\portfolio_analyzer_revere\\data\\video_scan_20260917\\qmg-ocr-20260917-missing19\\qmg-ocr-20260917-missing19\\ocr_probe\\frames\\20220506_20220506_ntirvae1igo_13fc8dd8_snapshot\\ocr\\ocr_000101.png",
      "is_intro_card": false,
      "issue_codes": [],
      "low_res_frame_path": null,
      "nearest_ffmpeg_keyframe_ts": null,
      "observed_date": null,
      "ocr_confidence": 92,
      "ocr_profile": "threshold",
      "ocr_text": "PLEASE read this first -> qullamaggie.com\n",
      "ocr_text_snippet": "PLEASE read this first -> qullamaggie.com",
      "output_kind": "snapshot",
      "parsed_observations": [],
      "parsed_row_count": 0,
      "phash": "afa8dae4d2187ad0",
      "phash_overlay": "c7c239d9c1999c27",
      "phash_region": {
        "xFraction": 0.7,
        "yFraction": 0.84,
        "wFraction": 0.28,
        "hFraction": 0.14
      },
      "prefilter_profile": null,
      "prefilter_score": 5.15,
      "prefilter_stats": {
        "brightRatio": 0,
        "darkRatio": 0.9675694444444445,
        "edgeRatio": 0.11402021058582432,
        "horizontalComparisons": 14151,
        "horizontalEdgeHits": 1413,
        "horizontalEdgeRatio": 0.09985160059359763,
        "meanLuma": 15.203819444444445,
        "stdDev": 28.07588772457525,
        "verticalComparisons": 14151,
        "verticalEdgeHits": 1814,
        "verticalEdgeRatio": 0.12818882057805103
      },
      "score": 4.6,
      "score_breakdown": null,
      "screen_layout": "chart",
      "tickers": [],
      "timestamp": 400,
      "timestamp_hms": "00:06:40"
    }
  ],
  "top_rejected_candidates": [],
  "whiteboard_segments": [
    {
      "capture_count": 3,
      "end_ts": 464,
      "end_hms": "00:07:44",
      "is_intro_card": false,
      "layout": "chart",
      "peak_frame_index": 94,
      "peak_score": 4.6,
      "start_hms": "00:06:16",
      "start_ts": 376
    }
  ],
  "log_path": "C:\\Users\\admin\\Projects\\portfolio_analyzer_revere\\data\\video_scan_20260917\\qmg-ocr-20260917-missing19\\qmg-ocr-20260917-missing19\\ocr_probe\\logs\\20220506_20220506_ntirvae1igo_13fc8dd8_snapshot.json"
}
