# cmd: node tools/scanVideoWithOcr.js --video C:\Users\admin\Projects\portfolio_analyzer_revere\data\video_pipeline\downloads_hires\20220323_Xsk8dD6eoEA.mp4 --date 20220323 --output-root C:\Users\admin\Projects\portfolio_analyzer_revere\data\video_scan_20260917\qmg-ocr-20260917-missing19 --run-tag qmg-ocr-20260917-missing19 --ffmpeg-bin C:\Users\admin\AppData\Local\Microsoft\WinGet\Packages\Gyan.FFmpeg_Microsoft.Winget.Source_8wekyb3d8bbwe\ffmpeg-9.0.1-full_build\bin\ffmpeg.exe --output-kind snapshot --prefilter-profile chart_stream --basename qmg --chart-stream-parser
[scan:snapshot] ffprobe found 466 keyframe(s) for nearest-keyframe lookup
[scan:snapshot] preflighting final snapshot output extraction
[scan:snapshot] extracting sample frames from C:\Users\admin\Projects\portfolio_analyzer_revere\data\video_pipeline\downloads_hires\20220323_Xsk8dD6eoEA.mp4
[scan:snapshot] extracted 620 frame(s) at 0.25 fps with width 640; starting prefilter
[scan:snapshot] prefilter 1/620 frames after 00:00:00; best prefilter 12.06 at 00:00:00
[scan:snapshot] prefilter 10/620 frames after 00:00:01; best prefilter 12.20 at 00:00:12
[scan:snapshot] prefilter 20/620 frames after 00:00:02; best prefilter 12.20 at 00:00:12
[scan:snapshot] prefilter 30/620 frames after 00:00:02; best prefilter 12.24 at 00:01:36
[scan:snapshot] prefilter 40/620 frames after 00:00:03; best prefilter 12.24 at 00:01:36
[scan:snapshot] prefilter 50/620 frames after 00:00:04; best prefilter 12.25 at 00:03:12
[scan:snapshot] prefilter 60/620 frames after 00:00:04; best prefilter 12.25 at 00:03:12
[scan:snapshot] prefilter 70/620 frames after 00:00:05; best prefilter 12.71 at 00:04:12
[scan:snapshot] prefilter 80/620 frames after 00:00:06; best prefilter 12.71 at 00:04:12
[scan:snapshot] prefilter 90/620 frames after 00:00:07; best prefilter 12.71 at 00:04:12
[scan:snapshot] prefilter 100/620 frames after 00:00:08; best prefilter 12.71 at 00:04:12
[scan:snapshot] prefilter 110/620 frames after 00:00:08; best prefilter 12.71 at 00:04:12
[scan:snapshot] prefilter 120/620 frames after 00:00:09; best prefilter 12.71 at 00:04:12
[scan:snapshot] prefilter 130/620 frames after 00:00:10; best prefilter 12.71 at 00:04:12
[scan:snapshot] prefilter 140/620 frames after 00:00:10; best prefilter 12.71 at 00:04:12
[scan:snapshot] prefilter 150/620 frames after 00:00:11; best prefilter 12.71 at 00:04:12
[scan:snapshot] prefilter 160/620 frames after 00:00:12; best prefilter 12.71 at 00:04:12
[scan:snapshot] prefilter 170/620 frames after 00:00:12; best prefilter 12.71 at 00:04:12
[scan:snapshot] prefilter 180/620 frames after 00:00:13; best prefilter 12.71 at 00:04:12
[scan:snapshot] prefilter 190/620 frames after 00:00:14; best prefilter 12.71 at 00:04:12
[scan:snapshot] prefilter 200/620 frames after 00:00:14; best prefilter 12.71 at 00:04:12
[scan:snapshot] prefilter 210/620 frames after 00:00:15; best prefilter 12.71 at 00:04:12
[scan:snapshot] prefilter 220/620 frames after 00:00:16; best prefilter 12.71 at 00:04:12
[scan:snapshot] prefilter 230/620 frames after 00:00:17; best prefilter 12.71 at 00:04:12
[scan:snapshot] prefilter 240/620 frames after 00:00:17; best prefilter 12.71 at 00:04:12
[scan:snapshot] prefilter 250/620 frames after 00:00:18; best prefilter 12.71 at 00:04:12
[scan:snapshot] prefilter 260/620 frames after 00:00:19; best prefilter 12.71 at 00:04:12
[scan:snapshot] prefilter 270/620 frames after 00:00:19; best prefilter 12.71 at 00:04:12
[scan:snapshot] prefilter 280/620 frames after 00:00:20; best prefilter 12.71 at 00:04:12
[scan:snapshot] prefilter 290/620 frames after 00:00:21; best prefilter 12.71 at 00:04:12
[scan:snapshot] prefilter 300/620 frames after 00:00:21; best prefilter 12.71 at 00:04:12
[scan:snapshot] prefilter 310/620 frames after 00:00:22; best prefilter 12.74 at 00:20:12
[scan:snapshot] prefilter 320/620 frames after 00:00:23; best prefilter 12.74 at 00:20:12
[scan:snapshot] prefilter 330/620 frames after 00:00:23; best prefilter 12.74 at 00:20:12
[scan:snapshot] prefilter 340/620 frames after 00:00:24; best prefilter 12.74 at 00:20:12
[scan:snapshot] prefilter 350/620 frames after 00:00:25; best prefilter 12.74 at 00:20:12
[scan:snapshot] prefilter 360/620 frames after 00:00:25; best prefilter 12.74 at 00:20:12
[scan:snapshot] prefilter 370/620 frames after 00:00:26; best prefilter 12.74 at 00:20:12
[scan:snapshot] prefilter 380/620 frames after 00:00:27; best prefilter 12.74 at 00:20:12
[scan:snapshot] prefilter 390/620 frames after 00:00:27; best prefilter 12.74 at 00:20:12
[scan:snapshot] prefilter 400/620 frames after 00:00:28; best prefilter 12.74 at 00:20:12
[scan:snapshot] prefilter 410/620 frames after 00:00:28; best prefilter 12.74 at 00:20:12
[scan:snapshot] prefilter 420/620 frames after 00:00:29; best prefilter 12.82 at 00:27:24
[scan:snapshot] prefilter 430/620 frames after 00:00:30; best prefilter 12.82 at 00:27:24
[scan:snapshot] prefilter 440/620 frames after 00:00:30; best prefilter 12.82 at 00:27:24
[scan:snapshot] prefilter 450/620 frames after 00:00:31; best prefilter 12.82 at 00:27:24
[scan:snapshot] prefilter 460/620 frames after 00:00:32; best prefilter 12.82 at 00:27:24
[scan:snapshot] prefilter 470/620 frames after 00:00:32; best prefilter 15.76 at 00:30:56
[scan:snapshot] prefilter 480/620 frames after 00:00:33; best prefilter 15.76 at 00:30:56
[scan:snapshot] prefilter 490/620 frames after 00:00:34; best prefilter 15.76 at 00:30:56
[scan:snapshot] prefilter 500/620 frames after 00:00:34; best prefilter 15.76 at 00:30:56
[scan:snapshot] prefilter 510/620 frames after 00:00:35; best prefilter 15.76 at 00:30:56
[scan:snapshot] prefilter 520/620 frames after 00:00:36; best prefilter 15.76 at 00:30:56
[scan:snapshot] prefilter 530/620 frames after 00:00:36; best prefilter 15.76 at 00:30:56
[scan:snapshot] prefilter 540/620 frames after 00:00:37; best prefilter 15.76 at 00:30:56
[scan:snapshot] prefilter 550/620 frames after 00:00:37; best prefilter 15.76 at 00:30:56
[scan:snapshot] prefilter 560/620 frames after 00:00:38; best prefilter 15.76 at 00:30:56
[scan:snapshot] prefilter 570/620 frames after 00:00:38; best prefilter 15.76 at 00:30:56
[scan:snapshot] prefilter 580/620 frames after 00:00:38; best prefilter 15.76 at 00:30:56
[scan:snapshot] prefilter 590/620 frames after 00:00:39; best prefilter 15.76 at 00:30:56
[scan:snapshot] prefilter 600/620 frames after 00:00:39; best prefilter 15.76 at 00:30:56
[scan:snapshot] prefilter 610/620 frames after 00:00:40; best prefilter 15.76 at 00:30:56
[scan:snapshot] prefilter 620/620 frames after 00:00:40; best prefilter 15.76 at 00:30:56
[scan:snapshot] prefilter kept 60/620 frame(s) for OCR; best prefilter 15.76 at 00:30:56
[scan:snapshot] extracting OCR candidates from source video at width 1280
[scan:snapshot] OCR 1/60 frames (1.7%) after 00:00:19; best score 4.40 at 00:00:00 (ocr 88.0)
[scan:snapshot] OCR 10/60 frames (16.7%) after 00:02:01; best score 4.40 at 00:00:00 (ocr 88.0)
[scan:snapshot] OCR 20/60 frames (33.3%) after 00:02:48; best score 4.40 at 00:00:00 (ocr 88.0)
[scan:snapshot] OCR 30/60 frames (50.0%) after 00:03:36; best score 13.10 at 00:16:00 (ocr 32.0)
[scan:snapshot] OCR 40/60 frames (66.7%) after 00:03:56; best score 13.10 at 00:16:00 (ocr 32.0)
[scan:snapshot] OCR 50/60 frames (83.3%) after 00:04:26; best score 13.10 at 00:16:00 (ocr 32.0)
[scan:snapshot] OCR 60/60 frames (100.0%) after 00:05:18; best score 13.10 at 00:16:00 (ocr 32.0)
{
  "basename": "qmg",
  "channel": "qmg",
  "chart_stream_parser": true,
  "date_key": "20220323",
  "output_kind": "snapshot",
  "phash_region": null,
  "phash_region_fraction": {
    "xFraction": 0.7,
    "yFraction": 0.84,
    "wFraction": 0.28,
    "hFraction": 0.14
  },
  "prefilter_profile": "chart_stream",
  "video_path": "C:\\Users\\admin\\Projects\\portfolio_analyzer_revere\\data\\video_pipeline\\downloads_hires\\20220323_Xsk8dD6eoEA.mp4",
  "captured_count": 1,
  "captures": [
    {
      "chart_stream": {
        "confidence": 0.5,
        "parse_status": "ok",
        "position_list": [
          "BE"
        ],
        "price_action": "",
        "tickers_rejected": 0
      },
      "confusion_with_nearby": [],
      "frame_index": 240,
      "frame_path": "C:\\Users\\admin\\Projects\\portfolio_analyzer_revere\\data\\video_scan_20260917\\qmg-ocr-20260917-missing19\\qmg-ocr-20260917-missing19\\ocr_probe\\frames\\20220323_20220323_xsk8dd6eoea_12946d43_snapshot\\ocr\\ocr_000241.png",
      "is_intro_card": false,
      "issue_codes": [],
      "low_res_frame_path": null,
      "nearest_ffmpeg_keyframe_ts": 960,
      "observed_date": null,
      "ocr_confidence": 32,
      "ocr_profile": "normalized",
      "ocr_text": "A EE ea = oe Dae =\noo                                                    C=                                 wn                EE\n2 et Ret Bt Be ie Er 2                                                                                            cal\npride                                  ——              EE\nI Se A                              olan I                 rm\noi pr                                              engin                          ma\nCe i eh EE ————             2 ri    2           Ea\n222100 0 2 8)                                                           | 33                                               haad 3°     =\n                                  wr 98                              of a oe\nDm                                &                         mn [Ele Tale\n7)\n-                                         eo S|\n==                                      il\nsrs                                             4       I                                       a\n——     ~_                                     =       N                                 fh       —\nMe                    en BE     2                   DIE) — TX\nmm FSET                =                    wo REE\n’  i      ~~         ~                       |            J                       fn           [ey\ni)     pS.             BE         ih               |        en”\nRANE =           HB           RT   J   ws\nBN \"AY \"iS       ~—                          lis 1\nHELIER       Sr    —                  iy       In       po.\n(AN        Na                                           |          f |\nAlibaba Grotp Holdhnghitd—J     a                      lg\n.        Sect te   ou                  !          wo\nConsumer Cycl   Sectd ri;   Ni )   .   ey                        N\nSpecialty Retail     A                                 Jy F—\n5       \\              ai\n,    A                       h,          llr\nabana\nawn                           [          no [FE in en\n’       =          -                   wel\nCe RS SS SS SL SR ese                              Ta en ore]\nFe                                       pa         © eet\nRP                       « l         :\n___ PLEASE read this first -> qullamaggie.com\nLT 0 Tome oa er eC Tr apa au     =                          bel  ln | |\ni    :                                   pa ae nT\na | 9 svnactoransoa    nn em mo Wa                                         Rewpera|\n",
      "ocr_text_snippet": "A EE ea = oe Dae = oo C= wn EE 2 et Ret Bt Be ie Er 2 cal pride —— EE I Se A olan I rm oi pr engin ma Ce i eh EE ———— 2 ri 2 Ea 222100 0 2 8) | 33 haad 3° = wr 98 of a oe Dm & mn [Ele Tale 7) - eo ...",
      "output_kind": "snapshot",
      "parsed_observations": [],
      "parsed_row_count": 0,
      "phash": "af28f268d239f2c8",
      "phash_overlay": "c6c23d6dc1dc3c07",
      "phash_region": {
        "xFraction": 0.7,
        "yFraction": 0.84,
        "wFraction": 0.28,
        "hFraction": 0.14
      },
      "prefilter_profile": null,
      "prefilter_score": 3.31,
      "prefilter_stats": {
        "brightRatio": 0,
        "darkRatio": 0.9680555555555556,
        "edgeRatio": 0.10663557345770618,
        "horizontalComparisons": 14151,
        "horizontalEdgeHits": 1154,
        "horizontalEdgeRatio": 0.08154900713730479,
        "meanLuma": 14.10388888888889,
        "stdDev": 27.648682134333853,
        "verticalComparisons": 14151,
        "verticalEdgeHits": 1864,
        "verticalEdgeRatio": 0.13172213977810757
      },
      "score": 13.1,
      "score_breakdown": null,
      "screen_layout": "tale_of_the_tape",
      "tickers": [
        "BE"
      ],
      "timestamp": 960,
      "timestamp_hms": "00:16:00",
      "output_path": "C:\\Users\\admin\\Projects\\portfolio_analyzer_revere\\data\\video_scan_20260917\\qmg-ocr-20260917-missing19\\qmg-ocr-20260917-missing19\\snapshots\\qmg_20220323.png"
    }
  ],
  "frame_count": 620,
  "frame_error_count": 0,
  "frame_errors": [],
  "max_captures_per_video": 3,
  "nearest_ffmpeg_keyframe_lookups_skipped": false,
  "nearest_ffmpeg_keyframe_pts_total": 466,
  "ocr_engine_metadata": {
    "tesseract_version": "6.0.1",
    "language": "eng",
    "dpi": 300,
    "psm": null,
    "preserve_interword_spaces": "1",
    "deskew": false
  },
  "ocr_frame_count": 60,
  "ocr_frame_width": 1280,
  "output_path": "C:\\Users\\admin\\Projects\\portfolio_analyzer_revere\\data\\video_scan_20260917\\qmg-ocr-20260917-missing19\\qmg-ocr-20260917-missing19\\snapshots\\qmg_20220323.png",
  "prefilter_best_score": 15.76,
  "review_threshold": 4,
  "sample_frame_width": 640,
  "status": "done",
  "strong_threshold": 6,
  "top_candidate": {
    "chart_stream": {
      "confidence": 0.5,
      "parse_status": "ok",
      "position_list": [
        "BE"
      ],
      "price_action": "",
      "tickers_rejected": 0
    },
    "confusion_with_nearby": [],
    "frame_index": 240,
    "frame_path": "C:\\Users\\admin\\Projects\\portfolio_analyzer_revere\\data\\video_scan_20260917\\qmg-ocr-20260917-missing19\\qmg-ocr-20260917-missing19\\ocr_probe\\frames\\20220323_20220323_xsk8dd6eoea_12946d43_snapshot\\ocr\\ocr_000241.png",
    "is_intro_card": false,
    "issue_codes": [],
    "low_res_frame_path": null,
    "nearest_ffmpeg_keyframe_ts": 960,
    "observed_date": null,
    "ocr_confidence": 32,
    "ocr_profile": "normalized",
    "ocr_text": "A EE ea = oe Dae =\noo                                                    C=                                 wn                EE\n2 et Ret Bt Be ie Er 2                                                                                            cal\npride                                  ——              EE\nI Se A                              olan I                 rm\noi pr                                              engin                          ma\nCe i eh EE ————             2 ri    2           Ea\n222100 0 2 8)                                                           | 33                                               haad 3°     =\n                                  wr 98                              of a oe\nDm                                &                         mn [Ele Tale\n7)\n-                                         eo S|\n==                                      il\nsrs                                             4       I                                       a\n——     ~_                                     =       N                                 fh       —\nMe                    en BE     2                   DIE) — TX\nmm FSET                =                    wo REE\n’  i      ~~         ~                       |            J                       fn           [ey\ni)     pS.             BE         ih               |        en”\nRANE =           HB           RT   J   ws\nBN \"AY \"iS       ~—                          lis 1\nHELIER       Sr    —                  iy       In       po.\n(AN        Na                                           |          f |\nAlibaba Grotp Holdhnghitd—J     a                      lg\n.        Sect te   ou                  !          wo\nConsumer Cycl   Sectd ri;   Ni )   .   ey                        N\nSpecialty Retail     A                                 Jy F—\n5       \\              ai\n,    A                       h,          llr\nabana\nawn                           [          no [FE in en\n’       =          -                   wel\nCe RS SS SS SL SR ese                              Ta en ore]\nFe                                       pa         © eet\nRP                       « l         :\n___ PLEASE read this first -> qullamaggie.com\nLT 0 Tome oa er eC Tr apa au     =                          bel  ln | |\ni    :                                   pa ae nT\na | 9 svnactoransoa    nn em mo Wa                                         Rewpera|\n",
    "ocr_text_snippet": "A EE ea = oe Dae = oo C= wn EE 2 et Ret Bt Be ie Er 2 cal pride —— EE I Se A olan I rm oi pr engin ma Ce i eh EE ———— 2 ri 2 Ea 222100 0 2 8) | 33 haad 3° = wr 98 of a oe Dm & mn [Ele Tale 7) - eo ...",
    "output_kind": "snapshot",
    "parsed_observations": [],
    "parsed_row_count": 0,
    "phash": "af28f268d239f2c8",
    "phash_overlay": "c6c23d6dc1dc3c07",
    "phash_region": {
      "xFraction": 0.7,
      "yFraction": 0.84,
      "wFraction": 0.28,
      "hFraction": 0.14
    },
    "prefilter_profile": null,
    "prefilter_score": 3.31,
    "prefilter_stats": {
      "brightRatio": 0,
      "darkRatio": 0.9680555555555556,
      "edgeRatio": 0.10663557345770618,
      "horizontalComparisons": 14151,
      "horizontalEdgeHits": 1154,
      "horizontalEdgeRatio": 0.08154900713730479,
      "meanLuma": 14.10388888888889,
      "stdDev": 27.648682134333853,
      "verticalComparisons": 14151,
      "verticalEdgeHits": 1864,
      "verticalEdgeRatio": 0.13172213977810757
    },
    "score": 13.1,
    "score_breakdown": null,
    "screen_layout": "tale_of_the_tape",
    "tickers": [
      "BE"
    ],
    "timestamp": 960,
    "timestamp_hms": "00:16:00"
  },
  "top_candidates": [
    {
      "chart_stream": {
        "confidence": 0.5,
        "parse_status": "ok",
        "position_list": [
          "BE"
        ],
        "price_action": "",
        "tickers_rejected": 0
      },
      "confusion_with_nearby": [],
      "frame_index": 240,
      "frame_path": "C:\\Users\\admin\\Projects\\portfolio_analyzer_revere\\data\\video_scan_20260917\\qmg-ocr-20260917-missing19\\qmg-ocr-20260917-missing19\\ocr_probe\\frames\\20220323_20220323_xsk8dd6eoea_12946d43_snapshot\\ocr\\ocr_000241.png",
      "is_intro_card": false,
      "issue_codes": [],
      "low_res_frame_path": null,
      "nearest_ffmpeg_keyframe_ts": null,
      "observed_date": null,
      "ocr_confidence": 32,
      "ocr_profile": "normalized",
      "ocr_text": "A EE ea = oe Dae =\noo                                                    C=                                 wn                EE\n2 et Ret Bt Be ie Er 2                                                                                            cal\npride                                  ——              EE\nI Se A                              olan I                 rm\noi pr                                              engin                          ma\nCe i eh EE ————             2 ri    2           Ea\n222100 0 2 8)                                                           | 33                                               haad 3°     =\n                                  wr 98                              of a oe\nDm                                &                         mn [Ele Tale\n7)\n-                                         eo S|\n==                                      il\nsrs                                             4       I                                       a\n——     ~_                                     =       N                                 fh       —\nMe                    en BE     2                   DIE) — TX\nmm FSET                =                    wo REE\n’  i      ~~         ~                       |            J                       fn           [ey\ni)     pS.             BE         ih               |        en”\nRANE =           HB           RT   J   ws\nBN \"AY \"iS       ~—                          lis 1\nHELIER       Sr    —                  iy       In       po.\n(AN        Na                                           |          f |\nAlibaba Grotp Holdhnghitd—J     a                      lg\n.        Sect te   ou                  !          wo\nConsumer Cycl   Sectd ri;   Ni )   .   ey                        N\nSpecialty Retail     A                                 Jy F—\n5       \\              ai\n,    A                       h,          llr\nabana\nawn                           [          no [FE in en\n’       =          -                   wel\nCe RS SS SS SL SR ese                              Ta en ore]\nFe                                       pa         © eet\nRP                       « l         :\n___ PLEASE read this first -> qullamaggie.com\nLT 0 Tome oa er eC Tr apa au     =                          bel  ln | |\ni    :                                   pa ae nT\na | 9 svnactoransoa    nn em mo Wa                                         Rewpera|\n",
      "ocr_text_snippet": "A EE ea = oe Dae = oo C= wn EE 2 et Ret Bt Be ie Er 2 cal pride —— EE I Se A olan I rm oi pr engin ma Ce i eh EE ———— 2 ri 2 Ea 222100 0 2 8) | 33 haad 3° = wr 98 of a oe Dm & mn [Ele Tale 7) - eo ...",
      "output_kind": "snapshot",
      "parsed_observations": [],
      "parsed_row_count": 0,
      "phash": "af28f268d239f2c8",
      "phash_overlay": "c6c23d6dc1dc3c07",
      "phash_region": {
        "xFraction": 0.7,
        "yFraction": 0.84,
        "wFraction": 0.28,
        "hFraction": 0.14
      },
      "prefilter_profile": null,
      "prefilter_score": 3.31,
      "prefilter_stats": {
        "brightRatio": 0,
        "darkRatio": 0.9680555555555556,
        "edgeRatio": 0.10663557345770618,
        "horizontalComparisons": 14151,
        "horizontalEdgeHits": 1154,
        "horizontalEdgeRatio": 0.08154900713730479,
        "meanLuma": 14.10388888888889,
        "stdDev": 27.648682134333853,
        "verticalComparisons": 14151,
        "verticalEdgeHits": 1864,
        "verticalEdgeRatio": 0.13172213977810757
      },
      "score": 13.1,
      "score_breakdown": null,
      "screen_layout": "tale_of_the_tape",
      "tickers": [
        "BE"
      ],
      "timestamp": 960,
      "timestamp_hms": "00:16:00"
    },
    {
      "chart_stream": {
        "confidence": 0,
        "parse_status": "no_seed_tickers",
        "position_list": [],
        "price_action": "",
        "tickers_rejected": 0
      },
      "confusion_with_nearby": [],
      "frame_index": 140,
      "frame_path": "C:\\Users\\admin\\Projects\\portfolio_analyzer_revere\\data\\video_scan_20260917\\qmg-ocr-20260917-missing19\\qmg-ocr-20260917-missing19\\ocr_probe\\frames\\20220323_20220323_xsk8dd6eoea_12946d43_snapshot\\ocr\\ocr_000141.png",
      "is_intro_card": false,
      "issue_codes": [],
      "low_res_frame_path": null,
      "nearest_ffmpeg_keyframe_ts": null,
      "observed_date": null,
      "ocr_confidence": 90,
      "ocr_profile": "threshold",
      "ocr_text": "PLEASE read this first > qullamaggie.com\n",
      "ocr_text_snippet": "PLEASE read this first > qullamaggie.com",
      "output_kind": "snapshot",
      "parsed_observations": [],
      "parsed_row_count": 0,
      "phash": "ff28f2a9d221f0d0",
      "phash_overlay": "c6c29dc9c19c3c67",
      "phash_region": {
        "xFraction": 0.7,
        "yFraction": 0.84,
        "wFraction": 0.28,
        "hFraction": 0.14
      },
      "prefilter_profile": null,
      "prefilter_score": 12.45,
      "prefilter_stats": {
        "brightRatio": 0.011111111111111112,
        "darkRatio": 0.9574305555555556,
        "edgeRatio": 0.11168821991378701,
        "horizontalComparisons": 14151,
        "horizontalEdgeHits": 1447,
        "horizontalEdgeRatio": 0.10225425764963607,
        "meanLuma": 16.955208333333335,
        "stdDev": 36.79352308394535,
        "verticalComparisons": 14151,
        "verticalEdgeHits": 1714,
        "verticalEdgeRatio": 0.12112218217793795
      },
      "score": 4.5,
      "score_breakdown": null,
      "screen_layout": "chart",
      "tickers": [],
      "timestamp": 560,
      "timestamp_hms": "00:09:20"
    },
    {
      "chart_stream": {
        "confidence": 0,
        "parse_status": "no_seed_tickers",
        "position_list": [],
        "price_action": "",
        "tickers_rejected": 0
      },
      "confusion_with_nearby": [],
      "frame_index": 540,
      "frame_path": "C:\\Users\\admin\\Projects\\portfolio_analyzer_revere\\data\\video_scan_20260917\\qmg-ocr-20260917-missing19\\qmg-ocr-20260917-missing19\\ocr_probe\\frames\\20220323_20220323_xsk8dd6eoea_12946d43_snapshot\\ocr\\ocr_000541.png",
      "is_intro_card": false,
      "issue_codes": [],
      "low_res_frame_path": null,
      "nearest_ffmpeg_keyframe_ts": null,
      "observed_date": null,
      "ocr_confidence": 89,
      "ocr_profile": "threshold",
      "ocr_text": "|      PLEASE read this first > qullamaggie.com\n",
      "ocr_text_snippet": "| PLEASE read this first > qullamaggie.com",
      "output_kind": "snapshot",
      "parsed_observations": [],
      "parsed_row_count": 0,
      "phash": "afa9f2a8d270ea60",
      "phash_overlay": "c5c199d9c19c3cc7",
      "phash_region": {
        "xFraction": 0.7,
        "yFraction": 0.84,
        "wFraction": 0.28,
        "hFraction": 0.14
      },
      "prefilter_profile": null,
      "prefilter_score": 4.88,
      "prefilter_stats": {
        "brightRatio": 0,
        "darkRatio": 0.9700694444444444,
        "edgeRatio": 0.09776694226556427,
        "horizontalComparisons": 14151,
        "horizontalEdgeHits": 1110,
        "horizontalEdgeRatio": 0.07843968624125504,
        "meanLuma": 13.140625,
        "stdDev": 26.476800949100024,
        "verticalComparisons": 14151,
        "verticalEdgeHits": 1657,
        "verticalEdgeRatio": 0.11709419828987351
      },
      "score": 4.45,
      "score_breakdown": null,
      "screen_layout": "chart",
      "tickers": [],
      "timestamp": 2160,
      "timestamp_hms": "00:36:00"
    },
    {
      "chart_stream": {
        "confidence": 0,
        "parse_status": "no_seed_tickers",
        "position_list": [],
        "price_action": "",
        "tickers_rejected": 0
      },
      "confusion_with_nearby": [],
      "frame_index": 400,
      "frame_path": "C:\\Users\\admin\\Projects\\portfolio_analyzer_revere\\data\\video_scan_20260917\\qmg-ocr-20260917-missing19\\qmg-ocr-20260917-missing19\\ocr_probe\\frames\\20220323_20220323_xsk8dd6eoea_12946d43_snapshot\\ocr\\ocr_000401.png",
      "is_intro_card": false,
      "issue_codes": [],
      "low_res_frame_path": null,
      "nearest_ffmpeg_keyframe_ts": null,
      "observed_date": null,
      "ocr_confidence": 89,
      "ocr_profile": "threshold",
      "ocr_text": "PLEASE read this first > qullamaggie.com\n",
      "ocr_text_snippet": "PLEASE read this first > qullamaggie.com",
      "output_kind": "snapshot",
      "parsed_observations": [],
      "parsed_row_count": 0,
      "phash": "bf38d2a9d461d870",
      "phash_overlay": "c2c29dc9c19c3ce7",
      "phash_region": {
        "xFraction": 0.7,
        "yFraction": 0.84,
        "wFraction": 0.28,
        "hFraction": 0.14
      },
      "prefilter_profile": null,
      "prefilter_score": 12.3,
      "prefilter_stats": {
        "brightRatio": 0.011111111111111112,
        "darkRatio": 0.9565277777777778,
        "edgeRatio": 0.10426824959366829,
        "horizontalComparisons": 14151,
        "horizontalEdgeHits": 1212,
        "horizontalEdgeRatio": 0.08564765740937036,
        "meanLuma": 16.12763888888889,
        "stdDev": 37.03535791769564,
        "verticalComparisons": 14151,
        "verticalEdgeHits": 1739,
        "verticalEdgeRatio": 0.12288884177796622
      },
      "score": 4.45,
      "score_breakdown": null,
      "screen_layout": "chart",
      "tickers": [],
      "timestamp": 1600,
      "timestamp_hms": "00:26:40"
    },
    {
      "chart_stream": {
        "confidence": 0,
        "parse_status": "no_seed_tickers",
        "position_list": [],
        "price_action": "",
        "tickers_rejected": 0
      },
      "confusion_with_nearby": [],
      "frame_index": 380,
      "frame_path": "C:\\Users\\admin\\Projects\\portfolio_analyzer_revere\\data\\video_scan_20260917\\qmg-ocr-20260917-missing19\\qmg-ocr-20260917-missing19\\ocr_probe\\frames\\20220323_20220323_xsk8dd6eoea_12946d43_snapshot\\ocr\\ocr_000381.png",
      "is_intro_card": false,
      "issue_codes": [],
      "low_res_frame_path": null,
      "nearest_ffmpeg_keyframe_ts": null,
      "observed_date": null,
      "ocr_confidence": 89,
      "ocr_profile": "threshold",
      "ocr_text": "PLEASE read this first > qullamaggie.com\n",
      "ocr_text_snippet": "PLEASE read this first > qullamaggie.com",
      "output_kind": "snapshot",
      "parsed_observations": [],
      "parsed_row_count": 0,
      "phash": "bf38d2a8d661d870",
      "phash_overlay": "c2c29dc9c19c3ce7",
      "phash_region": {
        "xFraction": 0.7,
        "yFraction": 0.84,
        "wFraction": 0.28,
        "hFraction": 0.14
      },
      "prefilter_profile": null,
      "prefilter_score": 12.2,
      "prefilter_stats": {
        "brightRatio": 0.011111111111111112,
        "darkRatio": 0.9564583333333333,
        "edgeRatio": 0.10465691470567451,
        "horizontalComparisons": 14151,
        "horizontalEdgeHits": 1213,
        "horizontalEdgeRatio": 0.08571832379337149,
        "meanLuma": 16.139444444444443,
        "stdDev": 37.04466710341003,
        "verticalComparisons": 14151,
        "verticalEdgeHits": 1749,
        "verticalEdgeRatio": 0.12359550561797752
      },
      "score": 4.45,
      "score_breakdown": null,
      "screen_layout": "chart",
      "tickers": [],
      "timestamp": 1520,
      "timestamp_hms": "00:25:20"
    }
  ],
  "top_rejected_candidates": [
    {
      "chart_stream": {
        "confidence": 0,
        "parse_status": "no_seed_tickers",
        "position_list": [],
        "price_action": "",
        "tickers_rejected": 0
      },
      "confusion_with_nearby": [],
      "frame_index": 140,
      "frame_path": "C:\\Users\\admin\\Projects\\portfolio_analyzer_revere\\data\\video_scan_20260917\\qmg-ocr-20260917-missing19\\qmg-ocr-20260917-missing19\\ocr_probe\\frames\\20220323_20220323_xsk8dd6eoea_12946d43_snapshot\\ocr\\ocr_000141.png",
      "is_intro_card": false,
      "issue_codes": [],
      "low_res_frame_path": null,
      "nearest_ffmpeg_keyframe_ts": 560,
      "observed_date": null,
      "ocr_confidence": 90,
      "ocr_profile": "threshold",
      "ocr_text": "PLEASE read this first > qullamaggie.com\n",
      "ocr_text_snippet": "PLEASE read this first > qullamaggie.com",
      "output_kind": "snapshot",
      "parsed_observations": [],
      "parsed_row_count": 0,
      "phash": "ff28f2a9d221f0d0",
      "phash_overlay": "c6c29dc9c19c3c67",
      "phash_region": {
        "xFraction": 0.7,
        "yFraction": 0.84,
        "wFraction": 0.28,
        "hFraction": 0.14
      },
      "prefilter_profile": null,
      "prefilter_score": 12.45,
      "prefilter_stats": {
        "brightRatio": 0.011111111111111112,
        "darkRatio": 0.9574305555555556,
        "edgeRatio": 0.11168821991378701,
        "horizontalComparisons": 14151,
        "horizontalEdgeHits": 1447,
        "horizontalEdgeRatio": 0.10225425764963607,
        "meanLuma": 16.955208333333335,
        "stdDev": 36.79352308394535,
        "verticalComparisons": 14151,
        "verticalEdgeHits": 1714,
        "verticalEdgeRatio": 0.12112218217793795
      },
      "score": 4.5,
      "score_breakdown": null,
      "screen_layout": "chart",
      "tickers": [],
      "timestamp": 560,
      "timestamp_hms": "00:09:20"
    },
    {
      "chart_stream": {
        "confidence": 0,
        "parse_status": "no_seed_tickers",
        "position_list": [],
        "price_action": "",
        "tickers_rejected": 0
      },
      "confusion_with_nearby": [],
      "frame_index": 540,
      "frame_path": "C:\\Users\\admin\\Projects\\portfolio_analyzer_revere\\data\\video_scan_20260917\\qmg-ocr-20260917-missing19\\qmg-ocr-20260917-missing19\\ocr_probe\\frames\\20220323_20220323_xsk8dd6eoea_12946d43_snapshot\\ocr\\ocr_000541.png",
      "is_intro_card": false,
      "issue_codes": [],
      "low_res_frame_path": null,
      "nearest_ffmpeg_keyframe_ts": 2160,
      "observed_date": null,
      "ocr_confidence": 89,
      "ocr_profile": "threshold",
      "ocr_text": "|      PLEASE read this first > qullamaggie.com\n",
      "ocr_text_snippet": "| PLEASE read this first > qullamaggie.com",
      "output_kind": "snapshot",
      "parsed_observations": [],
      "parsed_row_count": 0,
      "phash": "afa9f2a8d270ea60",
      "phash_overlay": "c5c199d9c19c3cc7",
      "phash_region": {
        "xFraction": 0.7,
        "yFraction": 0.84,
        "wFraction": 0.28,
        "hFraction": 0.14
      },
      "prefilter_profile": null,
      "prefilter_score": 4.88,
      "prefilter_stats": {
        "brightRatio": 0,
        "darkRatio": 0.9700694444444444,
        "edgeRatio": 0.09776694226556427,
        "horizontalComparisons": 14151,
        "horizontalEdgeHits": 1110,
        "horizontalEdgeRatio": 0.07843968624125504,
        "meanLuma": 13.140625,
        "stdDev": 26.476800949100024,
        "verticalComparisons": 14151,
        "verticalEdgeHits": 1657,
        "verticalEdgeRatio": 0.11709419828987351
      },
      "score": 4.45,
      "score_breakdown": null,
      "screen_layout": "chart",
      "tickers": [],
      "timestamp": 2160,
      "timestamp_hms": "00:36:00"
    },
    {
      "chart_stream": {
        "confidence": 0,
        "parse_status": "no_seed_tickers",
        "position_list": [],
        "price_action": "",
        "tickers_rejected": 0
      },
      "confusion_with_nearby": [],
      "frame_index": 400,
      "frame_path": "C:\\Users\\admin\\Projects\\portfolio_analyzer_revere\\data\\video_scan_20260917\\qmg-ocr-20260917-missing19\\qmg-ocr-20260917-missing19\\ocr_probe\\frames\\20220323_20220323_xsk8dd6eoea_12946d43_snapshot\\ocr\\ocr_000401.png",
      "is_intro_card": false,
      "issue_codes": [],
      "low_res_frame_path": null,
      "nearest_ffmpeg_keyframe_ts": 1600,
      "observed_date": null,
      "ocr_confidence": 89,
      "ocr_profile": "threshold",
      "ocr_text": "PLEASE read this first > qullamaggie.com\n",
      "ocr_text_snippet": "PLEASE read this first > qullamaggie.com",
      "output_kind": "snapshot",
      "parsed_observations": [],
      "parsed_row_count": 0,
      "phash": "bf38d2a9d461d870",
      "phash_overlay": "c2c29dc9c19c3ce7",
      "phash_region": {
        "xFraction": 0.7,
        "yFraction": 0.84,
        "wFraction": 0.28,
        "hFraction": 0.14
      },
      "prefilter_profile": null,
      "prefilter_score": 12.3,
      "prefilter_stats": {
        "brightRatio": 0.011111111111111112,
        "darkRatio": 0.9565277777777778,
        "edgeRatio": 0.10426824959366829,
        "horizontalComparisons": 14151,
        "horizontalEdgeHits": 1212,
        "horizontalEdgeRatio": 0.08564765740937036,
        "meanLuma": 16.12763888888889,
        "stdDev": 37.03535791769564,
        "verticalComparisons": 14151,
        "verticalEdgeHits": 1739,
        "verticalEdgeRatio": 0.12288884177796622
      },
      "score": 4.45,
      "score_breakdown": null,
      "screen_layout": "chart",
      "tickers": [],
      "timestamp": 1600,
      "timestamp_hms": "00:26:40"
    },
    {
      "chart_stream": {
        "confidence": 0,
        "parse_status": "no_seed_tickers",
        "position_list": [],
        "price_action": "",
        "tickers_rejected": 0
      },
      "confusion_with_nearby": [],
      "frame_index": 380,
      "frame_path": "C:\\Users\\admin\\Projects\\portfolio_analyzer_revere\\data\\video_scan_20260917\\qmg-ocr-20260917-missing19\\qmg-ocr-20260917-missing19\\ocr_probe\\frames\\20220323_20220323_xsk8dd6eoea_12946d43_snapshot\\ocr\\ocr_000381.png",
      "is_intro_card": false,
      "issue_codes": [],
      "low_res_frame_path": null,
      "nearest_ffmpeg_keyframe_ts": 1520,
      "observed_date": null,
      "ocr_confidence": 89,
      "ocr_profile": "threshold",
      "ocr_text": "PLEASE read this first > qullamaggie.com\n",
      "ocr_text_snippet": "PLEASE read this first > qullamaggie.com",
      "output_kind": "snapshot",
      "parsed_observations": [],
      "parsed_row_count": 0,
      "phash": "bf38d2a8d661d870",
      "phash_overlay": "c2c29dc9c19c3ce7",
      "phash_region": {
        "xFraction": 0.7,
        "yFraction": 0.84,
        "wFraction": 0.28,
        "hFraction": 0.14
      },
      "prefilter_profile": null,
      "prefilter_score": 12.2,
      "prefilter_stats": {
        "brightRatio": 0.011111111111111112,
        "darkRatio": 0.9564583333333333,
        "edgeRatio": 0.10465691470567451,
        "horizontalComparisons": 14151,
        "horizontalEdgeHits": 1213,
        "horizontalEdgeRatio": 0.08571832379337149,
        "meanLuma": 16.139444444444443,
        "stdDev": 37.04466710341003,
        "verticalComparisons": 14151,
        "verticalEdgeHits": 1749,
        "verticalEdgeRatio": 0.12359550561797752
      },
      "score": 4.45,
      "score_breakdown": null,
      "screen_layout": "chart",
      "tickers": [],
      "timestamp": 1520,
      "timestamp_hms": "00:25:20"
    },
    {
      "chart_stream": {
        "confidence": 0,
        "parse_status": "no_seed_tickers",
        "position_list": [],
        "price_action": "",
        "tickers_rejected": 0
      },
      "confusion_with_nearby": [],
      "frame_index": 290,
      "frame_path": "C:\\Users\\admin\\Projects\\portfolio_analyzer_revere\\data\\video_scan_20260917\\qmg-ocr-20260917-missing19\\qmg-ocr-20260917-missing19\\ocr_probe\\frames\\20220323_20220323_xsk8dd6eoea_12946d43_snapshot\\ocr\\ocr_000291.png",
      "is_intro_card": false,
      "issue_codes": [],
      "low_res_frame_path": null,
      "nearest_ffmpeg_keyframe_ts": 1162.666667,
      "observed_date": null,
      "ocr_confidence": 89,
      "ocr_profile": "threshold",
      "ocr_text": "PLEASE read this first > qullamaggie.com\n",
      "ocr_text_snippet": "PLEASE read this first > qullamaggie.com",
      "output_kind": "snapshot",
      "parsed_observations": [],
      "parsed_row_count": 0,
      "phash": "afa9daa8d261d870",
      "phash_overlay": "c6c23dc9c19c3cc7",
      "phash_region": {
        "xFraction": 0.7,
        "yFraction": 0.84,
        "wFraction": 0.28,
        "hFraction": 0.14
      },
      "prefilter_profile": null,
      "prefilter_score": 4.98,
      "prefilter_stats": {
        "brightRatio": 0,
        "darkRatio": 0.9693055555555555,
        "edgeRatio": 0.10868489859373896,
        "horizontalComparisons": 14151,
        "horizontalEdgeHits": 1282,
        "horizontalEdgeRatio": 0.0905943042894495,
        "meanLuma": 14.119375,
        "stdDev": 27.28038035635047,
        "verticalComparisons": 14151,
        "verticalEdgeHits": 1794,
        "verticalEdgeRatio": 0.12677549289802842
      },
      "score": 4.45,
      "score_breakdown": null,
      "screen_layout": "chart",
      "tickers": [],
      "timestamp": 1160,
      "timestamp_hms": "00:19:20"
    }
  ],
  "whiteboard_segments": [
    {
      "capture_count": 1,
      "end_ts": 960,
      "end_hms": "00:16:00",
      "is_intro_card": false,
      "layout": "tale_of_the_tape",
      "peak_frame_index": 240,
      "peak_score": 13.1,
      "start_hms": "00:16:00",
      "start_ts": 960
    }
  ],
  "log_path": "C:\\Users\\admin\\Projects\\portfolio_analyzer_revere\\data\\video_scan_20260917\\qmg-ocr-20260917-missing19\\qmg-ocr-20260917-missing19\\ocr_probe\\logs\\20220323_20220323_xsk8dd6eoea_12946d43_snapshot.json"
}
