# cmd: node tools/scanVideoWithOcr.js --video C:\Users\admin\Projects\portfolio_analyzer_revere\data\video_pipeline\downloads\20230602_30ksgwzWboo.mp4 --date 20230602 --output-root C:\Users\admin\Projects\portfolio_analyzer_revere\data\video_scan_20260917\qmg-ocr-20260917-v2 --run-tag qmg-ocr-20260917-v2 --ffmpeg-bin C:\Users\admin\AppData\Local\Microsoft\WinGet\Packages\Gyan.FFmpeg_Microsoft.Winget.Source_8wekyb3d8bbwe\ffmpeg-9.0.1-full_build\bin\ffmpeg.exe --output-kind snapshot --prefilter-profile chart_stream --basename qmg --chart-stream-parser
[scan:snapshot] ffprobe found 1 keyframe(s) for nearest-keyframe lookup
[scan:snapshot] preflighting final snapshot output extraction
[scan:snapshot] extracting sample frames from C:\Users\admin\Projects\portfolio_analyzer_revere\data\video_pipeline\downloads\20230602_30ksgwzWboo.mp4
[scan:snapshot] extracted 569 frame(s) at 0.25 fps with width 640; starting prefilter
[scan:snapshot] prefilter 1/569 frames after 00:00:00; best prefilter 10.85 at 00:00:00
[scan:snapshot] prefilter 10/569 frames after 00:00:00; best prefilter 11.30 at 00:00:32
[scan:snapshot] prefilter 20/569 frames after 00:00:00; best prefilter 11.30 at 00:00:32
[scan:snapshot] prefilter 30/569 frames after 00:00:00; best prefilter 11.30 at 00:00:32
[scan:snapshot] prefilter 40/569 frames after 00:00:00; best prefilter 11.30 at 00:00:32
[scan:snapshot] prefilter 50/569 frames after 00:00:00; best prefilter 11.30 at 00:00:32
[scan:snapshot] prefilter 60/569 frames after 00:00:01; best prefilter 11.30 at 00:00:32
[scan:snapshot] prefilter 70/569 frames after 00:00:01; best prefilter 11.30 at 00:00:32
[scan:snapshot] prefilter 80/569 frames after 00:00:01; best prefilter 11.30 at 00:00:32
[scan:snapshot] prefilter 90/569 frames after 00:00:01; best prefilter 11.30 at 00:00:32
[scan:snapshot] prefilter 100/569 frames after 00:00:01; best prefilter 11.30 at 00:00:32
[scan:snapshot] prefilter 110/569 frames after 00:00:01; best prefilter 11.30 at 00:00:32
[scan:snapshot] prefilter 120/569 frames after 00:00:01; best prefilter 11.30 at 00:00:32
[scan:snapshot] prefilter 130/569 frames after 00:00:01; best prefilter 11.30 at 00:00:32
[scan:snapshot] prefilter 140/569 frames after 00:00:01; best prefilter 11.30 at 00:00:32
[scan:snapshot] prefilter 150/569 frames after 00:00:01; best prefilter 11.30 at 00:00:32
[scan:snapshot] prefilter 160/569 frames after 00:00:01; best prefilter 12.58 at 00:10:04
[scan:snapshot] prefilter 170/569 frames after 00:00:02; best prefilter 12.58 at 00:10:04
[scan:snapshot] prefilter 180/569 frames after 00:00:02; best prefilter 12.58 at 00:10:04
[scan:snapshot] prefilter 190/569 frames after 00:00:02; best prefilter 12.58 at 00:10:04
[scan:snapshot] prefilter 200/569 frames after 00:00:02; best prefilter 12.58 at 00:10:04
[scan:snapshot] prefilter 210/569 frames after 00:00:02; best prefilter 12.58 at 00:10:04
[scan:snapshot] prefilter 220/569 frames after 00:00:02; best prefilter 12.58 at 00:10:04
[scan:snapshot] prefilter 230/569 frames after 00:00:02; best prefilter 12.58 at 00:10:04
[scan:snapshot] prefilter 240/569 frames after 00:00:02; best prefilter 12.58 at 00:10:04
[scan:snapshot] prefilter 250/569 frames after 00:00:02; best prefilter 12.58 at 00:10:04
[scan:snapshot] prefilter 260/569 frames after 00:00:02; best prefilter 12.87 at 00:16:40
[scan:snapshot] prefilter 270/569 frames after 00:00:03; best prefilter 12.87 at 00:16:40
[scan:snapshot] prefilter 280/569 frames after 00:00:03; best prefilter 12.87 at 00:16:40
[scan:snapshot] prefilter 290/569 frames after 00:00:03; best prefilter 12.87 at 00:16:40
[scan:snapshot] prefilter 300/569 frames after 00:00:03; best prefilter 12.87 at 00:16:40
[scan:snapshot] prefilter 310/569 frames after 00:00:03; best prefilter 12.87 at 00:16:40
[scan:snapshot] prefilter 320/569 frames after 00:00:03; best prefilter 12.87 at 00:16:40
[scan:snapshot] prefilter 330/569 frames after 00:00:03; best prefilter 12.87 at 00:16:40
[scan:snapshot] prefilter 340/569 frames after 00:00:03; best prefilter 12.87 at 00:16:40
[scan:snapshot] prefilter 350/569 frames after 00:00:03; best prefilter 12.87 at 00:16:40
[scan:snapshot] prefilter 360/569 frames after 00:00:03; best prefilter 12.87 at 00:16:40
[scan:snapshot] prefilter 370/569 frames after 00:00:03; best prefilter 12.87 at 00:16:40
[scan:snapshot] prefilter 380/569 frames after 00:00:03; best prefilter 12.87 at 00:16:40
[scan:snapshot] prefilter 390/569 frames after 00:00:04; best prefilter 12.87 at 00:16:40
[scan:snapshot] prefilter 400/569 frames after 00:00:04; best prefilter 12.87 at 00:16:40
[scan:snapshot] prefilter 410/569 frames after 00:00:04; best prefilter 12.87 at 00:16:40
[scan:snapshot] prefilter 420/569 frames after 00:00:04; best prefilter 12.87 at 00:16:40
[scan:snapshot] prefilter 430/569 frames after 00:00:04; best prefilter 12.87 at 00:16:40
[scan:snapshot] prefilter 440/569 frames after 00:00:04; best prefilter 12.87 at 00:16:40
[scan:snapshot] prefilter 450/569 frames after 00:00:04; best prefilter 12.87 at 00:16:40
[scan:snapshot] prefilter 460/569 frames after 00:00:04; best prefilter 12.87 at 00:16:40
[scan:snapshot] prefilter 470/569 frames after 00:00:04; best prefilter 12.87 at 00:16:40
[scan:snapshot] prefilter 480/569 frames after 00:00:04; best prefilter 12.87 at 00:16:40
[scan:snapshot] prefilter 490/569 frames after 00:00:04; best prefilter 12.87 at 00:16:40
[scan:snapshot] prefilter 500/569 frames after 00:00:04; best prefilter 12.87 at 00:16:40
[scan:snapshot] prefilter 510/569 frames after 00:00:04; best prefilter 12.87 at 00:16:40
[scan:snapshot] prefilter 520/569 frames after 00:00:05; best prefilter 12.87 at 00:16:40
[scan:snapshot] prefilter 530/569 frames after 00:00:05; best prefilter 12.87 at 00:16:40
[scan:snapshot] prefilter 540/569 frames after 00:00:05; best prefilter 12.87 at 00:16:40
[scan:snapshot] prefilter 550/569 frames after 00:00:05; best prefilter 12.87 at 00:16:40
[scan:snapshot] prefilter 560/569 frames after 00:00:05; best prefilter 12.87 at 00:16:40
[scan:snapshot] prefilter 569/569 frames after 00:00:05; best prefilter 12.87 at 00:16:40
[scan:snapshot] prefilter kept 60/569 frame(s) for OCR; best prefilter 12.87 at 00:16:40
[scan:snapshot] extracting OCR candidates from source video at width 1280
[scan:snapshot] OCR 1/60 frames (1.7%) after 00:00:01; best score 4.55 at 00:00:00 (ocr 91.0)
Image too small to scale!! (2x36 vs min width of 3)
Line cannot be recognized!!
[scan:snapshot] OCR 10/60 frames (16.7%) after 00:00:14; best score 4.55 at 00:00:00 (ocr 91.0)
[scan:snapshot] OCR 20/60 frames (33.3%) after 00:00:30; best score 4.55 at 00:00:00 (ocr 91.0)
[scan:snapshot] OCR 30/60 frames (50.0%) after 00:00:44; best score 4.55 at 00:00:00 (ocr 91.0)
Image too small to scale!! (2x36 vs min width of 3)
Line cannot be recognized!!
[scan:snapshot] OCR 40/60 frames (66.7%) after 00:00:59; best score 4.55 at 00:00:00 (ocr 91.0)
[scan:snapshot] OCR 50/60 frames (83.3%) after 00:01:12; best score 4.55 at 00:00:00 (ocr 91.0)
Image too small to scale!! (2x36 vs min width of 3)
Line cannot be recognized!!
Image too small to scale!! (2x36 vs min width of 3)
Line cannot be recognized!!
[scan:snapshot] OCR 60/60 frames (100.0%) after 00:01:25; best score 4.55 at 00:00:00 (ocr 91.0)
{
  "basename": "qmg",
  "channel": "qmg",
  "chart_stream_parser": true,
  "date_key": "20230602",
  "output_kind": "snapshot",
  "phash_region": null,
  "phash_region_fraction": {
    "xFraction": 0.7,
    "yFraction": 0.84,
    "wFraction": 0.28,
    "hFraction": 0.14
  },
  "prefilter_profile": "chart_stream",
  "video_path": "C:\\Users\\admin\\Projects\\portfolio_analyzer_revere\\data\\video_pipeline\\downloads\\20230602_30ksgwzWboo.mp4",
  "captured_count": 3,
  "captures": [
    {
      "chart_stream": {
        "confidence": 0,
        "parse_status": "no_seed_tickers",
        "position_list": [],
        "price_action": "",
        "tickers_rejected": 0
      },
      "confusion_with_nearby": [],
      "frame_index": 252,
      "frame_path": "C:\\Users\\admin\\Projects\\portfolio_analyzer_revere\\data\\video_scan_20260917\\qmg-ocr-20260917-v2\\qmg-ocr-20260917-v2\\ocr_probe\\frames\\20230602_20230602_30ksgwzwboo_65dac2af_snapshot\\ocr\\ocr_000253.png",
      "is_intro_card": false,
      "issue_codes": [],
      "low_res_frame_path": null,
      "nearest_ffmpeg_keyframe_ts": 0,
      "observed_date": null,
      "ocr_confidence": 94,
      "ocr_profile": "threshold",
      "ocr_text": "PLEASE read this first -> qullamaggie.com\n",
      "ocr_text_snippet": "PLEASE read this first -> qullamaggie.com",
      "output_kind": "snapshot",
      "parsed_observations": [],
      "parsed_row_count": 0,
      "phash": "bfb8d2b8d29093d0",
      "phash_overlay": "c5c91999c30c3cdf",
      "phash_region": {
        "xFraction": 0.7,
        "yFraction": 0.84,
        "wFraction": 0.28,
        "hFraction": 0.14
      },
      "prefilter_profile": null,
      "prefilter_score": 3.78,
      "prefilter_stats": {
        "brightRatio": 0,
        "darkRatio": 0.965625,
        "edgeRatio": 0.11299554801780792,
        "horizontalComparisons": 14151,
        "horizontalEdgeHits": 1281,
        "horizontalEdgeRatio": 0.09052363790544837,
        "meanLuma": 17.17513888888889,
        "stdDev": 29.253029638590693,
        "verticalComparisons": 14151,
        "verticalEdgeHits": 1917,
        "verticalEdgeRatio": 0.13546745813016747
      },
      "score": 4.7,
      "score_breakdown": null,
      "screen_layout": "chart",
      "tickers": [],
      "timestamp": 1008,
      "timestamp_hms": "00:16:48",
      "output_path": "C:\\Users\\admin\\Projects\\portfolio_analyzer_revere\\data\\video_scan_20260917\\qmg-ocr-20260917-v2\\qmg-ocr-20260917-v2\\snapshots\\qmg_20230602.png"
    },
    {
      "chart_stream": {
        "confidence": 0,
        "parse_status": "no_seed_tickers",
        "position_list": [],
        "price_action": "",
        "tickers_rejected": 0
      },
      "confusion_with_nearby": [],
      "frame_index": 387,
      "frame_path": "C:\\Users\\admin\\Projects\\portfolio_analyzer_revere\\data\\video_scan_20260917\\qmg-ocr-20260917-v2\\qmg-ocr-20260917-v2\\ocr_probe\\frames\\20230602_20230602_30ksgwzwboo_65dac2af_snapshot\\ocr\\ocr_000388.png",
      "is_intro_card": false,
      "issue_codes": [],
      "low_res_frame_path": null,
      "nearest_ffmpeg_keyframe_ts": 0,
      "observed_date": null,
      "ocr_confidence": 93,
      "ocr_profile": "threshold",
      "ocr_text": "PLEASE read this first -> gullamaggie.com\n",
      "ocr_text_snippet": "PLEASE read this first -> gullamaggie.com",
      "output_kind": "snapshot",
      "parsed_observations": [],
      "parsed_row_count": 0,
      "phash": "afb8d2b8d890d6d0",
      "phash_overlay": "c5c919d9c30c3cdb",
      "phash_region": {
        "xFraction": 0.7,
        "yFraction": 0.84,
        "wFraction": 0.28,
        "hFraction": 0.14
      },
      "prefilter_profile": null,
      "prefilter_score": 5.15,
      "prefilter_stats": {
        "brightRatio": 0,
        "darkRatio": 0.9666666666666667,
        "edgeRatio": 0.09253762984948061,
        "horizontalComparisons": 14151,
        "horizontalEdgeHits": 1077,
        "horizontalEdgeRatio": 0.07610769556921772,
        "meanLuma": 14.94548611111111,
        "stdDev": 28.5414686204774,
        "verticalComparisons": 14151,
        "verticalEdgeHits": 1542,
        "verticalEdgeRatio": 0.10896756412974348
      },
      "score": 4.65,
      "score_breakdown": null,
      "screen_layout": "chart",
      "tickers": [],
      "timestamp": 1548,
      "timestamp_hms": "00:25:48",
      "output_path": "C:\\Users\\admin\\Projects\\portfolio_analyzer_revere\\data\\video_scan_20260917\\qmg-ocr-20260917-v2\\qmg-ocr-20260917-v2\\snapshots\\qmg_20230602_2.png"
    },
    {
      "chart_stream": {
        "confidence": 0,
        "parse_status": "no_seed_tickers",
        "position_list": [],
        "price_action": "",
        "tickers_rejected": 0
      },
      "confusion_with_nearby": [],
      "frame_index": 369,
      "frame_path": "C:\\Users\\admin\\Projects\\portfolio_analyzer_revere\\data\\video_scan_20260917\\qmg-ocr-20260917-v2\\qmg-ocr-20260917-v2\\ocr_probe\\frames\\20230602_20230602_30ksgwzwboo_65dac2af_snapshot\\ocr\\ocr_000370.png",
      "is_intro_card": false,
      "issue_codes": [],
      "low_res_frame_path": null,
      "nearest_ffmpeg_keyframe_ts": 0,
      "observed_date": null,
      "ocr_confidence": 93,
      "ocr_profile": "threshold",
      "ocr_text": "PLEASE read this first -> qullamaggie.com\n",
      "ocr_text_snippet": "PLEASE read this first -> qullamaggie.com",
      "output_kind": "snapshot",
      "parsed_observations": [],
      "parsed_row_count": 0,
      "phash": "af98f3a9d68c9111",
      "phash_overlay": "c5cb19d9c30c3cd3",
      "phash_region": {
        "xFraction": 0.7,
        "yFraction": 0.84,
        "wFraction": 0.28,
        "hFraction": 0.14
      },
      "prefilter_profile": null,
      "prefilter_score": 3.56,
      "prefilter_stats": {
        "brightRatio": 0,
        "darkRatio": 0.9598611111111112,
        "edgeRatio": 0.1287188184580595,
        "horizontalComparisons": 14151,
        "horizontalEdgeHits": 1548,
        "horizontalEdgeRatio": 0.10939156243375027,
        "meanLuma": 19.720902777777777,
        "stdDev": 31.71132301747005,
        "verticalComparisons": 14151,
        "verticalEdgeHits": 2095,
        "verticalEdgeRatio": 0.14804607448236873
      },
      "score": 4.65,
      "score_breakdown": null,
      "screen_layout": "chart",
      "tickers": [],
      "timestamp": 1476,
      "timestamp_hms": "00:24:36",
      "output_path": "C:\\Users\\admin\\Projects\\portfolio_analyzer_revere\\data\\video_scan_20260917\\qmg-ocr-20260917-v2\\qmg-ocr-20260917-v2\\snapshots\\qmg_20230602_3.png"
    }
  ],
  "frame_count": 569,
  "frame_error_count": 0,
  "frame_errors": [],
  "max_captures_per_video": 3,
  "nearest_ffmpeg_keyframe_lookups_skipped": false,
  "nearest_ffmpeg_keyframe_pts_total": 1,
  "ocr_engine_metadata": {
    "tesseract_version": "6.0.1",
    "language": "eng",
    "dpi": 300,
    "psm": null,
    "preserve_interword_spaces": "1",
    "deskew": false
  },
  "ocr_frame_count": 60,
  "ocr_frame_width": 1280,
  "output_path": "C:\\Users\\admin\\Projects\\portfolio_analyzer_revere\\data\\video_scan_20260917\\qmg-ocr-20260917-v2\\qmg-ocr-20260917-v2\\snapshots\\qmg_20230602.png",
  "prefilter_best_score": 12.87,
  "review_threshold": 4,
  "sample_frame_width": 640,
  "status": "review",
  "strong_threshold": 6,
  "top_candidate": {
    "chart_stream": {
      "confidence": 0,
      "parse_status": "no_seed_tickers",
      "position_list": [],
      "price_action": "",
      "tickers_rejected": 0
    },
    "confusion_with_nearby": [],
    "frame_index": 252,
    "frame_path": "C:\\Users\\admin\\Projects\\portfolio_analyzer_revere\\data\\video_scan_20260917\\qmg-ocr-20260917-v2\\qmg-ocr-20260917-v2\\ocr_probe\\frames\\20230602_20230602_30ksgwzwboo_65dac2af_snapshot\\ocr\\ocr_000253.png",
    "is_intro_card": false,
    "issue_codes": [],
    "low_res_frame_path": null,
    "nearest_ffmpeg_keyframe_ts": 0,
    "observed_date": null,
    "ocr_confidence": 94,
    "ocr_profile": "threshold",
    "ocr_text": "PLEASE read this first -> qullamaggie.com\n",
    "ocr_text_snippet": "PLEASE read this first -> qullamaggie.com",
    "output_kind": "snapshot",
    "parsed_observations": [],
    "parsed_row_count": 0,
    "phash": "bfb8d2b8d29093d0",
    "phash_overlay": "c5c91999c30c3cdf",
    "phash_region": {
      "xFraction": 0.7,
      "yFraction": 0.84,
      "wFraction": 0.28,
      "hFraction": 0.14
    },
    "prefilter_profile": null,
    "prefilter_score": 3.78,
    "prefilter_stats": {
      "brightRatio": 0,
      "darkRatio": 0.965625,
      "edgeRatio": 0.11299554801780792,
      "horizontalComparisons": 14151,
      "horizontalEdgeHits": 1281,
      "horizontalEdgeRatio": 0.09052363790544837,
      "meanLuma": 17.17513888888889,
      "stdDev": 29.253029638590693,
      "verticalComparisons": 14151,
      "verticalEdgeHits": 1917,
      "verticalEdgeRatio": 0.13546745813016747
    },
    "score": 4.7,
    "score_breakdown": null,
    "screen_layout": "chart",
    "tickers": [],
    "timestamp": 1008,
    "timestamp_hms": "00:16:48"
  },
  "top_candidates": [
    {
      "chart_stream": {
        "confidence": 0,
        "parse_status": "no_seed_tickers",
        "position_list": [],
        "price_action": "",
        "tickers_rejected": 0
      },
      "confusion_with_nearby": [],
      "frame_index": 252,
      "frame_path": "C:\\Users\\admin\\Projects\\portfolio_analyzer_revere\\data\\video_scan_20260917\\qmg-ocr-20260917-v2\\qmg-ocr-20260917-v2\\ocr_probe\\frames\\20230602_20230602_30ksgwzwboo_65dac2af_snapshot\\ocr\\ocr_000253.png",
      "is_intro_card": false,
      "issue_codes": [],
      "low_res_frame_path": null,
      "nearest_ffmpeg_keyframe_ts": null,
      "observed_date": null,
      "ocr_confidence": 94,
      "ocr_profile": "threshold",
      "ocr_text": "PLEASE read this first -> qullamaggie.com\n",
      "ocr_text_snippet": "PLEASE read this first -> qullamaggie.com",
      "output_kind": "snapshot",
      "parsed_observations": [],
      "parsed_row_count": 0,
      "phash": "bfb8d2b8d29093d0",
      "phash_overlay": "c5c91999c30c3cdf",
      "phash_region": {
        "xFraction": 0.7,
        "yFraction": 0.84,
        "wFraction": 0.28,
        "hFraction": 0.14
      },
      "prefilter_profile": null,
      "prefilter_score": 3.78,
      "prefilter_stats": {
        "brightRatio": 0,
        "darkRatio": 0.965625,
        "edgeRatio": 0.11299554801780792,
        "horizontalComparisons": 14151,
        "horizontalEdgeHits": 1281,
        "horizontalEdgeRatio": 0.09052363790544837,
        "meanLuma": 17.17513888888889,
        "stdDev": 29.253029638590693,
        "verticalComparisons": 14151,
        "verticalEdgeHits": 1917,
        "verticalEdgeRatio": 0.13546745813016747
      },
      "score": 4.7,
      "score_breakdown": null,
      "screen_layout": "chart",
      "tickers": [],
      "timestamp": 1008,
      "timestamp_hms": "00:16:48"
    },
    {
      "chart_stream": {
        "confidence": 0,
        "parse_status": "no_seed_tickers",
        "position_list": [],
        "price_action": "",
        "tickers_rejected": 0
      },
      "confusion_with_nearby": [],
      "frame_index": 387,
      "frame_path": "C:\\Users\\admin\\Projects\\portfolio_analyzer_revere\\data\\video_scan_20260917\\qmg-ocr-20260917-v2\\qmg-ocr-20260917-v2\\ocr_probe\\frames\\20230602_20230602_30ksgwzwboo_65dac2af_snapshot\\ocr\\ocr_000388.png",
      "is_intro_card": false,
      "issue_codes": [],
      "low_res_frame_path": null,
      "nearest_ffmpeg_keyframe_ts": null,
      "observed_date": null,
      "ocr_confidence": 93,
      "ocr_profile": "threshold",
      "ocr_text": "PLEASE read this first -> gullamaggie.com\n",
      "ocr_text_snippet": "PLEASE read this first -> gullamaggie.com",
      "output_kind": "snapshot",
      "parsed_observations": [],
      "parsed_row_count": 0,
      "phash": "afb8d2b8d890d6d0",
      "phash_overlay": "c5c919d9c30c3cdb",
      "phash_region": {
        "xFraction": 0.7,
        "yFraction": 0.84,
        "wFraction": 0.28,
        "hFraction": 0.14
      },
      "prefilter_profile": null,
      "prefilter_score": 5.15,
      "prefilter_stats": {
        "brightRatio": 0,
        "darkRatio": 0.9666666666666667,
        "edgeRatio": 0.09253762984948061,
        "horizontalComparisons": 14151,
        "horizontalEdgeHits": 1077,
        "horizontalEdgeRatio": 0.07610769556921772,
        "meanLuma": 14.94548611111111,
        "stdDev": 28.5414686204774,
        "verticalComparisons": 14151,
        "verticalEdgeHits": 1542,
        "verticalEdgeRatio": 0.10896756412974348
      },
      "score": 4.65,
      "score_breakdown": null,
      "screen_layout": "chart",
      "tickers": [],
      "timestamp": 1548,
      "timestamp_hms": "00:25:48"
    },
    {
      "chart_stream": {
        "confidence": 0,
        "parse_status": "no_seed_tickers",
        "position_list": [],
        "price_action": "",
        "tickers_rejected": 0
      },
      "confusion_with_nearby": [],
      "frame_index": 369,
      "frame_path": "C:\\Users\\admin\\Projects\\portfolio_analyzer_revere\\data\\video_scan_20260917\\qmg-ocr-20260917-v2\\qmg-ocr-20260917-v2\\ocr_probe\\frames\\20230602_20230602_30ksgwzwboo_65dac2af_snapshot\\ocr\\ocr_000370.png",
      "is_intro_card": false,
      "issue_codes": [],
      "low_res_frame_path": null,
      "nearest_ffmpeg_keyframe_ts": null,
      "observed_date": null,
      "ocr_confidence": 93,
      "ocr_profile": "threshold",
      "ocr_text": "PLEASE read this first -> qullamaggie.com\n",
      "ocr_text_snippet": "PLEASE read this first -> qullamaggie.com",
      "output_kind": "snapshot",
      "parsed_observations": [],
      "parsed_row_count": 0,
      "phash": "af98f3a9d68c9111",
      "phash_overlay": "c5cb19d9c30c3cd3",
      "phash_region": {
        "xFraction": 0.7,
        "yFraction": 0.84,
        "wFraction": 0.28,
        "hFraction": 0.14
      },
      "prefilter_profile": null,
      "prefilter_score": 3.56,
      "prefilter_stats": {
        "brightRatio": 0,
        "darkRatio": 0.9598611111111112,
        "edgeRatio": 0.1287188184580595,
        "horizontalComparisons": 14151,
        "horizontalEdgeHits": 1548,
        "horizontalEdgeRatio": 0.10939156243375027,
        "meanLuma": 19.720902777777777,
        "stdDev": 31.71132301747005,
        "verticalComparisons": 14151,
        "verticalEdgeHits": 2095,
        "verticalEdgeRatio": 0.14804607448236873
      },
      "score": 4.65,
      "score_breakdown": null,
      "screen_layout": "chart",
      "tickers": [],
      "timestamp": 1476,
      "timestamp_hms": "00:24:36"
    },
    {
      "chart_stream": {
        "confidence": 0,
        "parse_status": "no_seed_tickers",
        "position_list": [],
        "price_action": "",
        "tickers_rejected": 0
      },
      "confusion_with_nearby": [],
      "frame_index": 342,
      "frame_path": "C:\\Users\\admin\\Projects\\portfolio_analyzer_revere\\data\\video_scan_20260917\\qmg-ocr-20260917-v2\\qmg-ocr-20260917-v2\\ocr_probe\\frames\\20230602_20230602_30ksgwzwboo_65dac2af_snapshot\\ocr\\ocr_000343.png",
      "is_intro_card": false,
      "issue_codes": [],
      "low_res_frame_path": null,
      "nearest_ffmpeg_keyframe_ts": null,
      "observed_date": null,
      "ocr_confidence": 93,
      "ocr_profile": "threshold",
      "ocr_text": "PLEASE read this first -> qullamaggie.com\n",
      "ocr_text_snippet": "PLEASE read this first -> qullamaggie.com",
      "output_kind": "snapshot",
      "parsed_observations": [],
      "parsed_row_count": 0,
      "phash": "bfb8d2b8d298d0d0",
      "phash_overlay": "c5c919d1c62c3cdb",
      "phash_region": {
        "xFraction": 0.7,
        "yFraction": 0.84,
        "wFraction": 0.28,
        "hFraction": 0.14
      },
      "prefilter_profile": null,
      "prefilter_score": 9.42,
      "prefilter_stats": {
        "brightRatio": 0.011111111111111112,
        "darkRatio": 0.9539583333333334,
        "edgeRatio": 0.1252561656420041,
        "horizontalComparisons": 14151,
        "horizontalEdgeHits": 1415,
        "horizontalEdgeRatio": 0.09999293336159988,
        "meanLuma": 19.837083333333332,
        "stdDev": 38.3540449459412,
        "verticalComparisons": 14151,
        "verticalEdgeHits": 2130,
        "verticalEdgeRatio": 0.15051939792240832
      },
      "score": 4.65,
      "score_breakdown": null,
      "screen_layout": "chart",
      "tickers": [],
      "timestamp": 1368,
      "timestamp_hms": "00:22:48"
    },
    {
      "chart_stream": {
        "confidence": 0,
        "parse_status": "no_seed_tickers",
        "position_list": [],
        "price_action": "",
        "tickers_rejected": 0
      },
      "confusion_with_nearby": [],
      "frame_index": 333,
      "frame_path": "C:\\Users\\admin\\Projects\\portfolio_analyzer_revere\\data\\video_scan_20260917\\qmg-ocr-20260917-v2\\qmg-ocr-20260917-v2\\ocr_probe\\frames\\20230602_20230602_30ksgwzwboo_65dac2af_snapshot\\ocr\\ocr_000334.png",
      "is_intro_card": false,
      "issue_codes": [],
      "low_res_frame_path": null,
      "nearest_ffmpeg_keyframe_ts": null,
      "observed_date": null,
      "ocr_confidence": 92,
      "ocr_profile": "threshold",
      "ocr_text": "PLEASE read this first -> qullamaggie.com\n",
      "ocr_text_snippet": "PLEASE read this first -> qullamaggie.com",
      "output_kind": "snapshot",
      "parsed_observations": [],
      "parsed_row_count": 0,
      "phash": "bfb8f28cd2d0d0d0",
      "phash_overlay": "c5c919d9c30c3cdb",
      "phash_region": {
        "xFraction": 0.7,
        "yFraction": 0.84,
        "wFraction": 0.28,
        "hFraction": 0.14
      },
      "prefilter_profile": null,
      "prefilter_score": 4.46,
      "prefilter_stats": {
        "brightRatio": 0,
        "darkRatio": 0.96625,
        "edgeRatio": 0.12218217793795491,
        "horizontalComparisons": 14151,
        "horizontalEdgeHits": 1534,
        "horizontalEdgeRatio": 0.10840223305773443,
        "meanLuma": 17.36861111111111,
        "stdDev": 29.526778585320532,
        "verticalComparisons": 14151,
        "verticalEdgeHits": 1924,
        "verticalEdgeRatio": 0.1359621228181754
      },
      "score": 4.6,
      "score_breakdown": null,
      "screen_layout": "chart",
      "tickers": [],
      "timestamp": 1332,
      "timestamp_hms": "00:22:12"
    }
  ],
  "top_rejected_candidates": [
    {
      "chart_stream": {
        "confidence": 0,
        "parse_status": "no_seed_tickers",
        "position_list": [],
        "price_action": "",
        "tickers_rejected": 0
      },
      "confusion_with_nearby": [],
      "frame_index": 477,
      "frame_path": "C:\\Users\\admin\\Projects\\portfolio_analyzer_revere\\data\\video_scan_20260917\\qmg-ocr-20260917-v2\\qmg-ocr-20260917-v2\\ocr_probe\\frames\\20230602_20230602_30ksgwzwboo_65dac2af_snapshot\\ocr\\ocr_000478.png",
      "is_intro_card": false,
      "issue_codes": [],
      "low_res_frame_path": null,
      "nearest_ffmpeg_keyframe_ts": 0,
      "observed_date": null,
      "ocr_confidence": 78,
      "ocr_profile": "threshold",
      "ocr_text": "‘PLEASE read this first -> gullamaggie.com      |\n",
      "ocr_text_snippet": "‘PLEASE read this first -> gullamaggie.com |",
      "output_kind": "snapshot",
      "parsed_observations": [],
      "parsed_row_count": 0,
      "phash": "bfb8f298d290d0d2",
      "phash_overlay": "c5c919d9c30c3ccf",
      "phash_region": {
        "xFraction": 0.7,
        "yFraction": 0.84,
        "wFraction": 0.28,
        "hFraction": 0.14
      },
      "prefilter_profile": null,
      "prefilter_score": 2.42,
      "prefilter_stats": {
        "brightRatio": 0,
        "darkRatio": 0.9652083333333333,
        "edgeRatio": 0.1259628294820154,
        "horizontalComparisons": 14151,
        "horizontalEdgeHits": 1432,
        "horizontalEdgeRatio": 0.10119426188961911,
        "meanLuma": 17.602708333333332,
        "stdDev": 29.471719135063054,
        "verticalComparisons": 14151,
        "verticalEdgeHits": 2133,
        "verticalEdgeRatio": 0.15073139707441172
      },
      "score": 3.9,
      "score_breakdown": null,
      "screen_layout": "chart",
      "tickers": [],
      "timestamp": 1908,
      "timestamp_hms": "00:31:48"
    }
  ],
  "whiteboard_segments": [
    {
      "capture_count": 1,
      "end_ts": 1008,
      "end_hms": "00:16:48",
      "is_intro_card": false,
      "layout": "chart",
      "peak_frame_index": 252,
      "peak_score": 4.7,
      "start_hms": "00:16:48",
      "start_ts": 1008
    },
    {
      "capture_count": 2,
      "end_ts": 1548,
      "end_hms": "00:25:48",
      "is_intro_card": false,
      "layout": "chart",
      "peak_frame_index": 369,
      "peak_score": 4.65,
      "start_hms": "00:24:36",
      "start_ts": 1476
    }
  ],
  "log_path": "C:\\Users\\admin\\Projects\\portfolio_analyzer_revere\\data\\video_scan_20260917\\qmg-ocr-20260917-v2\\qmg-ocr-20260917-v2\\ocr_probe\\logs\\20230602_20230602_30ksgwzwboo_65dac2af_snapshot.json"
}
