# cmd: node tools/scanVideoWithOcr.js --video C:\Users\admin\Projects\portfolio_analyzer_revere\data\video_pipeline\downloads\20221104_9lzYgB-b9yE.mp4 --date 20221104 --output-root C:\Users\admin\Projects\portfolio_analyzer_revere\data\video_scan_20260917\qmg-ocr-20260917-v2 --run-tag qmg-ocr-20260917-v2 --ffmpeg-bin C:\Users\admin\AppData\Local\Microsoft\WinGet\Packages\Gyan.FFmpeg_Microsoft.Winget.Source_8wekyb3d8bbwe\ffmpeg-9.0.1-full_build\bin\ffmpeg.exe --output-kind snapshot --prefilter-profile chart_stream --basename qmg --chart-stream-parser
[scan:snapshot] ffprobe found 667 keyframe(s) for nearest-keyframe lookup
[scan:snapshot] preflighting final snapshot output extraction
[scan:snapshot] extracting sample frames from C:\Users\admin\Projects\portfolio_analyzer_revere\data\video_pipeline\downloads\20221104_9lzYgB-b9yE.mp4
[scan:snapshot] extracted 843 frame(s) at 0.25 fps with width 640; starting prefilter
[scan:snapshot] prefilter 1/843 frames after 00:00:00; best prefilter 12.46 at 00:00:00
[scan:snapshot] prefilter 10/843 frames after 00:00:00; best prefilter 13.18 at 00:00:04
[scan:snapshot] prefilter 20/843 frames after 00:00:00; best prefilter 13.18 at 00:00:04
[scan:snapshot] prefilter 30/843 frames after 00:00:00; best prefilter 13.19 at 00:01:20
[scan:snapshot] prefilter 40/843 frames after 00:00:00; best prefilter 13.19 at 00:01:20
[scan:snapshot] prefilter 50/843 frames after 00:00:00; best prefilter 13.19 at 00:01:20
[scan:snapshot] prefilter 60/843 frames after 00:00:00; best prefilter 13.19 at 00:01:20
[scan:snapshot] prefilter 70/843 frames after 00:00:00; best prefilter 13.19 at 00:01:20
[scan:snapshot] prefilter 80/843 frames after 00:00:01; best prefilter 13.19 at 00:01:20
[scan:snapshot] prefilter 90/843 frames after 00:00:01; best prefilter 13.19 at 00:01:20
[scan:snapshot] prefilter 100/843 frames after 00:00:01; best prefilter 13.29 at 00:06:28
[scan:snapshot] prefilter 110/843 frames after 00:00:01; best prefilter 13.29 at 00:06:28
[scan:snapshot] prefilter 120/843 frames after 00:00:01; best prefilter 13.29 at 00:06:28
[scan:snapshot] prefilter 130/843 frames after 00:00:01; best prefilter 13.29 at 00:06:28
[scan:snapshot] prefilter 140/843 frames after 00:00:01; best prefilter 13.29 at 00:06:28
[scan:snapshot] prefilter 150/843 frames after 00:00:01; best prefilter 13.29 at 00:06:28
[scan:snapshot] prefilter 160/843 frames after 00:00:01; best prefilter 13.29 at 00:06:28
[scan:snapshot] prefilter 170/843 frames after 00:00:01; best prefilter 13.29 at 00:06:28
[scan:snapshot] prefilter 180/843 frames after 00:00:01; best prefilter 13.29 at 00:06:28
[scan:snapshot] prefilter 190/843 frames after 00:00:01; best prefilter 13.29 at 00:06:28
[scan:snapshot] prefilter 200/843 frames after 00:00:01; best prefilter 13.29 at 00:06:28
[scan:snapshot] prefilter 210/843 frames after 00:00:01; best prefilter 13.29 at 00:06:28
[scan:snapshot] prefilter 220/843 frames after 00:00:01; best prefilter 13.32 at 00:14:32
[scan:snapshot] prefilter 230/843 frames after 00:00:02; best prefilter 13.32 at 00:14:32
[scan:snapshot] prefilter 240/843 frames after 00:00:02; best prefilter 13.32 at 00:14:32
[scan:snapshot] prefilter 250/843 frames after 00:00:02; best prefilter 13.32 at 00:14:32
[scan:snapshot] prefilter 260/843 frames after 00:00:02; best prefilter 13.32 at 00:14:32
[scan:snapshot] prefilter 270/843 frames after 00:00:02; best prefilter 13.32 at 00:14:32
[scan:snapshot] prefilter 280/843 frames after 00:00:02; best prefilter 13.32 at 00:14:32
[scan:snapshot] prefilter 290/843 frames after 00:00:02; best prefilter 13.70 at 00:18:40
[scan:snapshot] prefilter 300/843 frames after 00:00:02; best prefilter 13.70 at 00:18:40
[scan:snapshot] prefilter 310/843 frames after 00:00:02; best prefilter 13.70 at 00:18:40
[scan:snapshot] prefilter 320/843 frames after 00:00:02; best prefilter 13.70 at 00:18:40
[scan:snapshot] prefilter 330/843 frames after 00:00:02; best prefilter 13.70 at 00:18:40
[scan:snapshot] prefilter 340/843 frames after 00:00:02; best prefilter 13.70 at 00:18:40
[scan:snapshot] prefilter 350/843 frames after 00:00:02; best prefilter 13.70 at 00:18:40
[scan:snapshot] prefilter 360/843 frames after 00:00:02; best prefilter 13.70 at 00:18:40
[scan:snapshot] prefilter 370/843 frames after 00:00:02; best prefilter 13.70 at 00:18:40
[scan:snapshot] prefilter 380/843 frames after 00:00:02; best prefilter 13.70 at 00:18:40
[scan:snapshot] prefilter 390/843 frames after 00:00:02; best prefilter 13.70 at 00:18:40
[scan:snapshot] prefilter 400/843 frames after 00:00:03; best prefilter 13.70 at 00:18:40
[scan:snapshot] prefilter 410/843 frames after 00:00:03; best prefilter 13.70 at 00:18:40
[scan:snapshot] prefilter 420/843 frames after 00:00:03; best prefilter 13.70 at 00:18:40
[scan:snapshot] prefilter 430/843 frames after 00:00:03; best prefilter 13.70 at 00:18:40
[scan:snapshot] prefilter 440/843 frames after 00:00:03; best prefilter 13.70 at 00:18:40
[scan:snapshot] prefilter 450/843 frames after 00:00:03; best prefilter 13.70 at 00:18:40
[scan:snapshot] prefilter 460/843 frames after 00:00:03; best prefilter 14.39 at 00:30:28
[scan:snapshot] prefilter 470/843 frames after 00:00:03; best prefilter 14.39 at 00:30:28
[scan:snapshot] prefilter 480/843 frames after 00:00:03; best prefilter 14.39 at 00:30:28
[scan:snapshot] prefilter 490/843 frames after 00:00:03; best prefilter 14.39 at 00:30:28
[scan:snapshot] prefilter 500/843 frames after 00:00:03; best prefilter 14.39 at 00:30:28
[scan:snapshot] prefilter 510/843 frames after 00:00:03; best prefilter 14.39 at 00:30:28
[scan:snapshot] prefilter 520/843 frames after 00:00:03; best prefilter 14.39 at 00:30:28
[scan:snapshot] prefilter 530/843 frames after 00:00:03; best prefilter 14.39 at 00:30:28
[scan:snapshot] prefilter 540/843 frames after 00:00:03; best prefilter 14.39 at 00:30:28
[scan:snapshot] prefilter 550/843 frames after 00:00:04; best prefilter 14.39 at 00:30:28
[scan:snapshot] prefilter 560/843 frames after 00:00:04; best prefilter 14.39 at 00:30:28
[scan:snapshot] prefilter 570/843 frames after 00:00:04; best prefilter 14.39 at 00:30:28
[scan:snapshot] prefilter 580/843 frames after 00:00:04; best prefilter 14.39 at 00:30:28
[scan:snapshot] prefilter 590/843 frames after 00:00:04; best prefilter 14.39 at 00:30:28
[scan:snapshot] prefilter 600/843 frames after 00:00:04; best prefilter 14.39 at 00:30:28
[scan:snapshot] prefilter 610/843 frames after 00:00:04; best prefilter 14.39 at 00:30:28
[scan:snapshot] prefilter 620/843 frames after 00:00:04; best prefilter 14.39 at 00:30:28
[scan:snapshot] prefilter 630/843 frames after 00:00:04; best prefilter 14.39 at 00:30:28
[scan:snapshot] prefilter 640/843 frames after 00:00:04; best prefilter 14.39 at 00:30:28
[scan:snapshot] prefilter 650/843 frames after 00:00:04; best prefilter 14.39 at 00:30:28
[scan:snapshot] prefilter 660/843 frames after 00:00:04; best prefilter 14.39 at 00:30:28
[scan:snapshot] prefilter 670/843 frames after 00:00:04; best prefilter 14.39 at 00:30:28
[scan:snapshot] prefilter 680/843 frames after 00:00:04; best prefilter 14.39 at 00:30:28
[scan:snapshot] prefilter 690/843 frames after 00:00:04; best prefilter 14.39 at 00:30:28
[scan:snapshot] prefilter 700/843 frames after 00:00:05; best prefilter 14.39 at 00:30:28
[scan:snapshot] prefilter 710/843 frames after 00:00:05; best prefilter 14.39 at 00:30:28
[scan:snapshot] prefilter 720/843 frames after 00:00:05; best prefilter 14.39 at 00:30:28
[scan:snapshot] prefilter 730/843 frames after 00:00:05; best prefilter 14.39 at 00:30:28
[scan:snapshot] prefilter 740/843 frames after 00:00:05; best prefilter 14.39 at 00:30:28
[scan:snapshot] prefilter 750/843 frames after 00:00:05; best prefilter 14.39 at 00:30:28
[scan:snapshot] prefilter 760/843 frames after 00:00:05; best prefilter 14.39 at 00:30:28
[scan:snapshot] prefilter 770/843 frames after 00:00:05; best prefilter 15.13 at 00:51:12
[scan:snapshot] prefilter 780/843 frames after 00:00:05; best prefilter 15.13 at 00:51:12
[scan:snapshot] prefilter 790/843 frames after 00:00:05; best prefilter 15.13 at 00:51:12
[scan:snapshot] prefilter 800/843 frames after 00:00:05; best prefilter 15.13 at 00:51:12
[scan:snapshot] prefilter 810/843 frames after 00:00:05; best prefilter 15.13 at 00:51:12
[scan:snapshot] prefilter 820/843 frames after 00:00:05; best prefilter 15.13 at 00:51:12
[scan:snapshot] prefilter 830/843 frames after 00:00:05; best prefilter 15.13 at 00:51:12
[scan:snapshot] prefilter 840/843 frames after 00:00:05; best prefilter 15.13 at 00:51:12
[scan:snapshot] prefilter 843/843 frames after 00:00:05; best prefilter 15.13 at 00:51:12
[scan:snapshot] prefilter kept 60/843 frame(s) for OCR; best prefilter 15.13 at 00:51:12
[scan:snapshot] extracting OCR candidates from source video at width 1280
[scan:snapshot] OCR 1/60 frames (1.7%) after 00:00:01; best score 4.60 at 00:00:00 (ocr 92.0)
[scan:snapshot] OCR 10/60 frames (16.7%) after 00:00:08; best score 4.60 at 00:00:00 (ocr 92.0)
[scan:snapshot] OCR 20/60 frames (33.3%) after 00:00:19; best score 4.60 at 00:00:00 (ocr 92.0)
[scan:snapshot] OCR 30/60 frames (50.0%) after 00:00:31; best score 4.60 at 00:00:00 (ocr 92.0)
[scan:snapshot] OCR 40/60 frames (66.7%) after 00:00:43; best score 4.60 at 00:00:00 (ocr 92.0)
[scan:snapshot] OCR 50/60 frames (83.3%) after 00:00:54; best score 4.60 at 00:00:00 (ocr 92.0)
[scan:snapshot] OCR 60/60 frames (100.0%) after 00:01:05; best score 4.60 at 00:00:00 (ocr 92.0)
{
  "basename": "qmg",
  "channel": "qmg",
  "chart_stream_parser": true,
  "date_key": "20221104",
  "output_kind": "snapshot",
  "phash_region": null,
  "phash_region_fraction": {
    "xFraction": 0.7,
    "yFraction": 0.84,
    "wFraction": 0.28,
    "hFraction": 0.14
  },
  "prefilter_profile": "chart_stream",
  "video_path": "C:\\Users\\admin\\Projects\\portfolio_analyzer_revere\\data\\video_pipeline\\downloads\\20221104_9lzYgB-b9yE.mp4",
  "captured_count": 3,
  "captures": [
    {
      "chart_stream": {
        "confidence": 0,
        "parse_status": "no_seed_tickers",
        "position_list": [],
        "price_action": "",
        "tickers_rejected": 0
      },
      "confusion_with_nearby": [],
      "frame_index": 574,
      "frame_path": "C:\\Users\\admin\\Projects\\portfolio_analyzer_revere\\data\\video_scan_20260917\\qmg-ocr-20260917-v2\\qmg-ocr-20260917-v2\\ocr_probe\\frames\\20221104_20221104_9lzygb-b9ye_292d4dd9_snapshot\\ocr\\ocr_000575.png",
      "is_intro_card": false,
      "issue_codes": [],
      "low_res_frame_path": null,
      "nearest_ffmpeg_keyframe_ts": 2295.2,
      "observed_date": null,
      "ocr_confidence": 93,
      "ocr_profile": "threshold",
      "ocr_text": "PLEASE read this first -> qullamaggie.com\n",
      "ocr_text_snippet": "PLEASE read this first -> qullamaggie.com",
      "output_kind": "snapshot",
      "parsed_observations": [],
      "parsed_row_count": 0,
      "phash": "ada27a2dd617d058",
      "phash_overlay": "c7c1b9e3c01c9b1e",
      "phash_region": {
        "xFraction": 0.7,
        "yFraction": 0.84,
        "wFraction": 0.28,
        "hFraction": 0.14
      },
      "prefilter_profile": null,
      "prefilter_score": 3.69,
      "prefilter_stats": {
        "brightRatio": 0,
        "darkRatio": 0.9642361111111111,
        "edgeRatio": 0.1154688714578475,
        "horizontalComparisons": 14151,
        "horizontalEdgeHits": 1318,
        "horizontalEdgeRatio": 0.09313829411349021,
        "meanLuma": 14.11375,
        "stdDev": 29.6823667228682,
        "verticalComparisons": 14151,
        "verticalEdgeHits": 1950,
        "verticalEdgeRatio": 0.1377994488022048
      },
      "score": 4.65,
      "score_breakdown": null,
      "screen_layout": "chart",
      "tickers": [],
      "timestamp": 2296,
      "timestamp_hms": "00:38:16",
      "output_path": "C:\\Users\\admin\\Projects\\portfolio_analyzer_revere\\data\\video_scan_20260917\\qmg-ocr-20260917-v2\\qmg-ocr-20260917-v2\\snapshots\\qmg_20221104.png"
    },
    {
      "chart_stream": {
        "confidence": 0,
        "parse_status": "no_seed_tickers",
        "position_list": [],
        "price_action": "",
        "tickers_rejected": 0
      },
      "confusion_with_nearby": [],
      "frame_index": 798,
      "frame_path": "C:\\Users\\admin\\Projects\\portfolio_analyzer_revere\\data\\video_scan_20260917\\qmg-ocr-20260917-v2\\qmg-ocr-20260917-v2\\ocr_probe\\frames\\20221104_20221104_9lzygb-b9ye_292d4dd9_snapshot\\ocr\\ocr_000799.png",
      "is_intro_card": false,
      "issue_codes": [],
      "low_res_frame_path": null,
      "nearest_ffmpeg_keyframe_ts": 3192,
      "observed_date": null,
      "ocr_confidence": 92,
      "ocr_profile": "threshold",
      "ocr_text": "PLEASE read this first -> qullamaggie.com\n",
      "ocr_text_snippet": "PLEASE read this first -> qullamaggie.com",
      "output_kind": "snapshot",
      "parsed_observations": [],
      "parsed_row_count": 0,
      "phash": "bf38f2acd250d2e0",
      "phash_overlay": "c5c91ddbc31c9827",
      "phash_region": {
        "xFraction": 0.7,
        "yFraction": 0.84,
        "wFraction": 0.28,
        "hFraction": 0.14
      },
      "prefilter_profile": null,
      "prefilter_score": 12.77,
      "prefilter_stats": {
        "brightRatio": 0.011111111111111112,
        "darkRatio": 0.9549305555555555,
        "edgeRatio": 0.10009893293760158,
        "horizontalComparisons": 14151,
        "horizontalEdgeHits": 1162,
        "horizontalEdgeRatio": 0.08211433820931383,
        "meanLuma": 15.429305555555555,
        "stdDev": 37.29838210768773,
        "verticalComparisons": 14151,
        "verticalEdgeHits": 1671,
        "verticalEdgeRatio": 0.11808352766588934
      },
      "score": 4.6,
      "score_breakdown": null,
      "screen_layout": "chart",
      "tickers": [],
      "timestamp": 3192,
      "timestamp_hms": "00:53:12",
      "output_path": "C:\\Users\\admin\\Projects\\portfolio_analyzer_revere\\data\\video_scan_20260917\\qmg-ocr-20260917-v2\\qmg-ocr-20260917-v2\\snapshots\\qmg_20221104_2.png"
    },
    {
      "chart_stream": {
        "confidence": 0,
        "parse_status": "no_seed_tickers",
        "position_list": [],
        "price_action": "",
        "tickers_rejected": 0
      },
      "confusion_with_nearby": [],
      "frame_index": 784,
      "frame_path": "C:\\Users\\admin\\Projects\\portfolio_analyzer_revere\\data\\video_scan_20260917\\qmg-ocr-20260917-v2\\qmg-ocr-20260917-v2\\ocr_probe\\frames\\20221104_20221104_9lzygb-b9ye_292d4dd9_snapshot\\ocr\\ocr_000785.png",
      "is_intro_card": false,
      "issue_codes": [],
      "low_res_frame_path": null,
      "nearest_ffmpeg_keyframe_ts": 3136.266667,
      "observed_date": null,
      "ocr_confidence": 92,
      "ocr_profile": "threshold",
      "ocr_text": "PLEASE read this first -> qullamaggie.com\n",
      "ocr_text_snippet": "PLEASE read this first -> qullamaggie.com",
      "output_kind": "snapshot",
      "parsed_observations": [],
      "parsed_row_count": 0,
      "phash": "afb8f268d250d2e2",
      "phash_overlay": "c5cd19d9c38c9c27",
      "phash_region": {
        "xFraction": 0.7,
        "yFraction": 0.84,
        "wFraction": 0.28,
        "hFraction": 0.14
      },
      "prefilter_profile": null,
      "prefilter_score": 12.96,
      "prefilter_stats": {
        "brightRatio": 0.011111111111111112,
        "darkRatio": 0.9541666666666667,
        "edgeRatio": 0.1069182389937107,
        "horizontalComparisons": 14151,
        "horizontalEdgeHits": 1297,
        "horizontalEdgeRatio": 0.09165430004946647,
        "meanLuma": 16.435347222222223,
        "stdDev": 37.48495050634014,
        "verticalComparisons": 14151,
        "verticalEdgeHits": 1729,
        "verticalEdgeRatio": 0.12218217793795491
      },
      "score": 4.6,
      "score_breakdown": null,
      "screen_layout": "chart",
      "tickers": [],
      "timestamp": 3136,
      "timestamp_hms": "00:52:16",
      "output_path": "C:\\Users\\admin\\Projects\\portfolio_analyzer_revere\\data\\video_scan_20260917\\qmg-ocr-20260917-v2\\qmg-ocr-20260917-v2\\snapshots\\qmg_20221104_3.png"
    }
  ],
  "frame_count": 843,
  "frame_error_count": 0,
  "frame_errors": [],
  "max_captures_per_video": 3,
  "nearest_ffmpeg_keyframe_lookups_skipped": false,
  "nearest_ffmpeg_keyframe_pts_total": 667,
  "ocr_engine_metadata": {
    "tesseract_version": "6.0.1",
    "language": "eng",
    "dpi": 300,
    "psm": null,
    "preserve_interword_spaces": "1",
    "deskew": false
  },
  "ocr_frame_count": 60,
  "ocr_frame_width": 1280,
  "output_path": "C:\\Users\\admin\\Projects\\portfolio_analyzer_revere\\data\\video_scan_20260917\\qmg-ocr-20260917-v2\\qmg-ocr-20260917-v2\\snapshots\\qmg_20221104.png",
  "prefilter_best_score": 15.13,
  "review_threshold": 4,
  "sample_frame_width": 640,
  "status": "review",
  "strong_threshold": 6,
  "top_candidate": {
    "chart_stream": {
      "confidence": 0,
      "parse_status": "no_seed_tickers",
      "position_list": [],
      "price_action": "",
      "tickers_rejected": 0
    },
    "confusion_with_nearby": [],
    "frame_index": 574,
    "frame_path": "C:\\Users\\admin\\Projects\\portfolio_analyzer_revere\\data\\video_scan_20260917\\qmg-ocr-20260917-v2\\qmg-ocr-20260917-v2\\ocr_probe\\frames\\20221104_20221104_9lzygb-b9ye_292d4dd9_snapshot\\ocr\\ocr_000575.png",
    "is_intro_card": false,
    "issue_codes": [],
    "low_res_frame_path": null,
    "nearest_ffmpeg_keyframe_ts": 2295.2,
    "observed_date": null,
    "ocr_confidence": 93,
    "ocr_profile": "threshold",
    "ocr_text": "PLEASE read this first -> qullamaggie.com\n",
    "ocr_text_snippet": "PLEASE read this first -> qullamaggie.com",
    "output_kind": "snapshot",
    "parsed_observations": [],
    "parsed_row_count": 0,
    "phash": "ada27a2dd617d058",
    "phash_overlay": "c7c1b9e3c01c9b1e",
    "phash_region": {
      "xFraction": 0.7,
      "yFraction": 0.84,
      "wFraction": 0.28,
      "hFraction": 0.14
    },
    "prefilter_profile": null,
    "prefilter_score": 3.69,
    "prefilter_stats": {
      "brightRatio": 0,
      "darkRatio": 0.9642361111111111,
      "edgeRatio": 0.1154688714578475,
      "horizontalComparisons": 14151,
      "horizontalEdgeHits": 1318,
      "horizontalEdgeRatio": 0.09313829411349021,
      "meanLuma": 14.11375,
      "stdDev": 29.6823667228682,
      "verticalComparisons": 14151,
      "verticalEdgeHits": 1950,
      "verticalEdgeRatio": 0.1377994488022048
    },
    "score": 4.65,
    "score_breakdown": null,
    "screen_layout": "chart",
    "tickers": [],
    "timestamp": 2296,
    "timestamp_hms": "00:38:16"
  },
  "top_candidates": [
    {
      "chart_stream": {
        "confidence": 0,
        "parse_status": "no_seed_tickers",
        "position_list": [],
        "price_action": "",
        "tickers_rejected": 0
      },
      "confusion_with_nearby": [],
      "frame_index": 574,
      "frame_path": "C:\\Users\\admin\\Projects\\portfolio_analyzer_revere\\data\\video_scan_20260917\\qmg-ocr-20260917-v2\\qmg-ocr-20260917-v2\\ocr_probe\\frames\\20221104_20221104_9lzygb-b9ye_292d4dd9_snapshot\\ocr\\ocr_000575.png",
      "is_intro_card": false,
      "issue_codes": [],
      "low_res_frame_path": null,
      "nearest_ffmpeg_keyframe_ts": null,
      "observed_date": null,
      "ocr_confidence": 93,
      "ocr_profile": "threshold",
      "ocr_text": "PLEASE read this first -> qullamaggie.com\n",
      "ocr_text_snippet": "PLEASE read this first -> qullamaggie.com",
      "output_kind": "snapshot",
      "parsed_observations": [],
      "parsed_row_count": 0,
      "phash": "ada27a2dd617d058",
      "phash_overlay": "c7c1b9e3c01c9b1e",
      "phash_region": {
        "xFraction": 0.7,
        "yFraction": 0.84,
        "wFraction": 0.28,
        "hFraction": 0.14
      },
      "prefilter_profile": null,
      "prefilter_score": 3.69,
      "prefilter_stats": {
        "brightRatio": 0,
        "darkRatio": 0.9642361111111111,
        "edgeRatio": 0.1154688714578475,
        "horizontalComparisons": 14151,
        "horizontalEdgeHits": 1318,
        "horizontalEdgeRatio": 0.09313829411349021,
        "meanLuma": 14.11375,
        "stdDev": 29.6823667228682,
        "verticalComparisons": 14151,
        "verticalEdgeHits": 1950,
        "verticalEdgeRatio": 0.1377994488022048
      },
      "score": 4.65,
      "score_breakdown": null,
      "screen_layout": "chart",
      "tickers": [],
      "timestamp": 2296,
      "timestamp_hms": "00:38:16"
    },
    {
      "chart_stream": {
        "confidence": 0,
        "parse_status": "no_seed_tickers",
        "position_list": [],
        "price_action": "",
        "tickers_rejected": 0
      },
      "confusion_with_nearby": [],
      "frame_index": 798,
      "frame_path": "C:\\Users\\admin\\Projects\\portfolio_analyzer_revere\\data\\video_scan_20260917\\qmg-ocr-20260917-v2\\qmg-ocr-20260917-v2\\ocr_probe\\frames\\20221104_20221104_9lzygb-b9ye_292d4dd9_snapshot\\ocr\\ocr_000799.png",
      "is_intro_card": false,
      "issue_codes": [],
      "low_res_frame_path": null,
      "nearest_ffmpeg_keyframe_ts": null,
      "observed_date": null,
      "ocr_confidence": 92,
      "ocr_profile": "threshold",
      "ocr_text": "PLEASE read this first -> qullamaggie.com\n",
      "ocr_text_snippet": "PLEASE read this first -> qullamaggie.com",
      "output_kind": "snapshot",
      "parsed_observations": [],
      "parsed_row_count": 0,
      "phash": "bf38f2acd250d2e0",
      "phash_overlay": "c5c91ddbc31c9827",
      "phash_region": {
        "xFraction": 0.7,
        "yFraction": 0.84,
        "wFraction": 0.28,
        "hFraction": 0.14
      },
      "prefilter_profile": null,
      "prefilter_score": 12.77,
      "prefilter_stats": {
        "brightRatio": 0.011111111111111112,
        "darkRatio": 0.9549305555555555,
        "edgeRatio": 0.10009893293760158,
        "horizontalComparisons": 14151,
        "horizontalEdgeHits": 1162,
        "horizontalEdgeRatio": 0.08211433820931383,
        "meanLuma": 15.429305555555555,
        "stdDev": 37.29838210768773,
        "verticalComparisons": 14151,
        "verticalEdgeHits": 1671,
        "verticalEdgeRatio": 0.11808352766588934
      },
      "score": 4.6,
      "score_breakdown": null,
      "screen_layout": "chart",
      "tickers": [],
      "timestamp": 3192,
      "timestamp_hms": "00:53:12"
    },
    {
      "chart_stream": {
        "confidence": 0,
        "parse_status": "no_seed_tickers",
        "position_list": [],
        "price_action": "",
        "tickers_rejected": 0
      },
      "confusion_with_nearby": [],
      "frame_index": 784,
      "frame_path": "C:\\Users\\admin\\Projects\\portfolio_analyzer_revere\\data\\video_scan_20260917\\qmg-ocr-20260917-v2\\qmg-ocr-20260917-v2\\ocr_probe\\frames\\20221104_20221104_9lzygb-b9ye_292d4dd9_snapshot\\ocr\\ocr_000785.png",
      "is_intro_card": false,
      "issue_codes": [],
      "low_res_frame_path": null,
      "nearest_ffmpeg_keyframe_ts": null,
      "observed_date": null,
      "ocr_confidence": 92,
      "ocr_profile": "threshold",
      "ocr_text": "PLEASE read this first -> qullamaggie.com\n",
      "ocr_text_snippet": "PLEASE read this first -> qullamaggie.com",
      "output_kind": "snapshot",
      "parsed_observations": [],
      "parsed_row_count": 0,
      "phash": "afb8f268d250d2e2",
      "phash_overlay": "c5cd19d9c38c9c27",
      "phash_region": {
        "xFraction": 0.7,
        "yFraction": 0.84,
        "wFraction": 0.28,
        "hFraction": 0.14
      },
      "prefilter_profile": null,
      "prefilter_score": 12.96,
      "prefilter_stats": {
        "brightRatio": 0.011111111111111112,
        "darkRatio": 0.9541666666666667,
        "edgeRatio": 0.1069182389937107,
        "horizontalComparisons": 14151,
        "horizontalEdgeHits": 1297,
        "horizontalEdgeRatio": 0.09165430004946647,
        "meanLuma": 16.435347222222223,
        "stdDev": 37.48495050634014,
        "verticalComparisons": 14151,
        "verticalEdgeHits": 1729,
        "verticalEdgeRatio": 0.12218217793795491
      },
      "score": 4.6,
      "score_breakdown": null,
      "screen_layout": "chart",
      "tickers": [],
      "timestamp": 3136,
      "timestamp_hms": "00:52:16"
    },
    {
      "chart_stream": {
        "confidence": 0,
        "parse_status": "no_seed_tickers",
        "position_list": [],
        "price_action": "",
        "tickers_rejected": 0
      },
      "confusion_with_nearby": [],
      "frame_index": 770,
      "frame_path": "C:\\Users\\admin\\Projects\\portfolio_analyzer_revere\\data\\video_scan_20260917\\qmg-ocr-20260917-v2\\qmg-ocr-20260917-v2\\ocr_probe\\frames\\20221104_20221104_9lzygb-b9ye_292d4dd9_snapshot\\ocr\\ocr_000771.png",
      "is_intro_card": false,
      "issue_codes": [],
      "low_res_frame_path": null,
      "nearest_ffmpeg_keyframe_ts": null,
      "observed_date": null,
      "ocr_confidence": 92,
      "ocr_profile": "threshold",
      "ocr_text": "PLEASE read this first -> qullamaggie.com\n",
      "ocr_text_snippet": "PLEASE read this first -> qullamaggie.com",
      "output_kind": "snapshot",
      "parsed_observations": [],
      "parsed_row_count": 0,
      "phash": "afb8f268d250d2e2",
      "phash_overlay": "c5c919d9c39c9c27",
      "phash_region": {
        "xFraction": 0.7,
        "yFraction": 0.84,
        "wFraction": 0.28,
        "hFraction": 0.14
      },
      "prefilter_profile": null,
      "prefilter_score": 5.95,
      "prefilter_stats": {
        "brightRatio": 0,
        "darkRatio": 0.9651388888888889,
        "edgeRatio": 0.10635290792170164,
        "horizontalComparisons": 14151,
        "horizontalEdgeHits": 1291,
        "horizontalEdgeRatio": 0.09123030174545968,
        "meanLuma": 14.315277777777778,
        "stdDev": 28.375701947862904,
        "verticalComparisons": 14151,
        "verticalEdgeHits": 1719,
        "verticalEdgeRatio": 0.1214755140979436
      },
      "score": 4.6,
      "score_breakdown": null,
      "screen_layout": "chart",
      "tickers": [],
      "timestamp": 3080,
      "timestamp_hms": "00:51:20"
    },
    {
      "chart_stream": {
        "confidence": 0,
        "parse_status": "no_seed_tickers",
        "position_list": [],
        "price_action": "",
        "tickers_rejected": 0
      },
      "confusion_with_nearby": [],
      "frame_index": 700,
      "frame_path": "C:\\Users\\admin\\Projects\\portfolio_analyzer_revere\\data\\video_scan_20260917\\qmg-ocr-20260917-v2\\qmg-ocr-20260917-v2\\ocr_probe\\frames\\20221104_20221104_9lzygb-b9ye_292d4dd9_snapshot\\ocr\\ocr_000701.png",
      "is_intro_card": false,
      "issue_codes": [],
      "low_res_frame_path": null,
      "nearest_ffmpeg_keyframe_ts": null,
      "observed_date": null,
      "ocr_confidence": 92,
      "ocr_profile": "threshold",
      "ocr_text": "PLEASE read this first -> qullamaggie.com\n",
      "ocr_text_snippet": "PLEASE read this first -> qullamaggie.com",
      "output_kind": "snapshot",
      "parsed_observations": [],
      "parsed_row_count": 0,
      "phash": "af38f224da71d2e0",
      "phash_overlay": "c5cd1dd9c11c9c27",
      "phash_region": {
        "xFraction": 0.7,
        "yFraction": 0.84,
        "wFraction": 0.28,
        "hFraction": 0.14
      },
      "prefilter_profile": null,
      "prefilter_score": 4.84,
      "prefilter_stats": {
        "brightRatio": 0,
        "darkRatio": 0.9651388888888889,
        "edgeRatio": 0.0971309448095541,
        "horizontalComparisons": 14151,
        "horizontalEdgeHits": 1096,
        "horizontalEdgeRatio": 0.07745035686523921,
        "meanLuma": 13.215555555555556,
        "stdDev": 28.34998152502283,
        "verticalComparisons": 14151,
        "verticalEdgeHits": 1653,
        "verticalEdgeRatio": 0.11681153275386899
      },
      "score": 4.6,
      "score_breakdown": null,
      "screen_layout": "chart",
      "tickers": [],
      "timestamp": 2800,
      "timestamp_hms": "00:46:40"
    }
  ],
  "top_rejected_candidates": [
    {
      "chart_stream": {
        "confidence": 0,
        "parse_status": "no_position_list",
        "position_list": [],
        "price_action": "",
        "tickers_rejected": 1
      },
      "confusion_with_nearby": [],
      "frame_index": 686,
      "frame_path": "C:\\Users\\admin\\Projects\\portfolio_analyzer_revere\\data\\video_scan_20260917\\qmg-ocr-20260917-v2\\qmg-ocr-20260917-v2\\ocr_probe\\frames\\20221104_20221104_9lzygb-b9ye_292d4dd9_snapshot\\ocr\\ocr_000687.png",
      "is_intro_card": false,
      "issue_codes": [],
      "low_res_frame_path": null,
      "nearest_ffmpeg_keyframe_ts": 2746.133333,
      "observed_date": null,
      "ocr_confidence": 60,
      "ocr_profile": "threshold",
      "ocr_text": "bul on USD           1) LEXY = he                                 .\nPLEASE read this first -> qullamaggie.com\n",
      "ocr_text_snippet": "bul on USD 1) LEXY = he . PLEASE read this first -> qullamaggie.com",
      "output_kind": "snapshot",
      "parsed_observations": [],
      "parsed_row_count": 0,
      "phash": "e7803e3cc2c17a3e",
      "phash_overlay": "c5c999d9c19c9c27",
      "phash_region": {
        "xFraction": 0.7,
        "yFraction": 0.84,
        "wFraction": 0.28,
        "hFraction": 0.14
      },
      "prefilter_profile": null,
      "prefilter_score": 4.27,
      "prefilter_stats": {
        "brightRatio": 0.0013194444444444445,
        "darkRatio": 0.9560416666666667,
        "edgeRatio": 0.09017030598544272,
        "horizontalComparisons": 14151,
        "horizontalEdgeHits": 1023,
        "horizontalEdgeRatio": 0.07229171083315666,
        "meanLuma": 39.66416666666667,
        "stdDev": 26.37448513188878,
        "verticalComparisons": 14151,
        "verticalEdgeHits": 1529,
        "verticalEdgeRatio": 0.10804890113772878
      },
      "score": 2.75,
      "score_breakdown": null,
      "screen_layout": "chart",
      "tickers": [
        "ON"
      ],
      "timestamp": 2744,
      "timestamp_hms": "00:45:44"
    }
  ],
  "whiteboard_segments": [
    {
      "capture_count": 1,
      "end_ts": 2296,
      "end_hms": "00:38:16",
      "is_intro_card": false,
      "layout": "chart",
      "peak_frame_index": 574,
      "peak_score": 4.65,
      "start_hms": "00:38:16",
      "start_ts": 2296
    },
    {
      "capture_count": 2,
      "end_ts": 3192,
      "end_hms": "00:53:12",
      "is_intro_card": false,
      "layout": "chart",
      "peak_frame_index": 784,
      "peak_score": 4.6,
      "start_hms": "00:52:16",
      "start_ts": 3136
    }
  ],
  "log_path": "C:\\Users\\admin\\Projects\\portfolio_analyzer_revere\\data\\video_scan_20260917\\qmg-ocr-20260917-v2\\qmg-ocr-20260917-v2\\ocr_probe\\logs\\20221104_20221104_9lzygb-b9ye_292d4dd9_snapshot.json"
}
