# cmd: node tools/scanVideoWithOcr.js --video C:\Users\admin\Projects\portfolio_analyzer_revere\data\video_pipeline\downloads\20231201_TZnX1qEiOkM.mp4 --date 20231201 --output-root C:\Users\admin\Projects\portfolio_analyzer_revere\data\video_scan_20260917\qmg-ocr-20260917-v2 --run-tag qmg-ocr-20260917-v2 --ffmpeg-bin C:\Users\admin\AppData\Local\Microsoft\WinGet\Packages\Gyan.FFmpeg_Microsoft.Winget.Source_8wekyb3d8bbwe\ffmpeg-9.0.1-full_build\bin\ffmpeg.exe --output-kind snapshot --prefilter-profile chart_stream --basename qmg --chart-stream-parser
[scan:snapshot] ffprobe found 1 keyframe(s) for nearest-keyframe lookup
[scan:snapshot] preflighting final snapshot output extraction
[scan:snapshot] extracting sample frames from C:\Users\admin\Projects\portfolio_analyzer_revere\data\video_pipeline\downloads\20231201_TZnX1qEiOkM.mp4
[scan:snapshot] extracted 719 frame(s) at 0.25 fps with width 640; starting prefilter
[scan:snapshot] prefilter 1/719 frames after 00:00:00; best prefilter 9.05 at 00:00:00
[scan:snapshot] prefilter 10/719 frames after 00:00:00; best prefilter 9.76 at 00:00:36
[scan:snapshot] prefilter 20/719 frames after 00:00:00; best prefilter 9.76 at 00:00:36
[scan:snapshot] prefilter 30/719 frames after 00:00:00; best prefilter 9.76 at 00:00:36
[scan:snapshot] prefilter 40/719 frames after 00:00:00; best prefilter 9.76 at 00:00:36
[scan:snapshot] prefilter 50/719 frames after 00:00:00; best prefilter 11.69 at 00:03:12
[scan:snapshot] prefilter 60/719 frames after 00:00:00; best prefilter 11.69 at 00:03:12
[scan:snapshot] prefilter 70/719 frames after 00:00:01; best prefilter 11.69 at 00:03:12
[scan:snapshot] prefilter 80/719 frames after 00:00:01; best prefilter 12.15 at 00:04:56
[scan:snapshot] prefilter 90/719 frames after 00:00:01; best prefilter 12.15 at 00:04:56
[scan:snapshot] prefilter 100/719 frames after 00:00:01; best prefilter 12.15 at 00:04:56
[scan:snapshot] prefilter 110/719 frames after 00:00:01; best prefilter 12.15 at 00:04:56
[scan:snapshot] prefilter 120/719 frames after 00:00:01; best prefilter 12.15 at 00:04:56
[scan:snapshot] prefilter 130/719 frames after 00:00:01; best prefilter 12.15 at 00:04:56
[scan:snapshot] prefilter 140/719 frames after 00:00:01; best prefilter 12.15 at 00:04:56
[scan:snapshot] prefilter 150/719 frames after 00:00:01; best prefilter 12.15 at 00:04:56
[scan:snapshot] prefilter 160/719 frames after 00:00:01; best prefilter 12.15 at 00:04:56
[scan:snapshot] prefilter 170/719 frames after 00:00:01; best prefilter 12.15 at 00:04:56
[scan:snapshot] prefilter 180/719 frames after 00:00:02; best prefilter 12.15 at 00:04:56
[scan:snapshot] prefilter 190/719 frames after 00:00:02; best prefilter 12.15 at 00:04:56
[scan:snapshot] prefilter 200/719 frames after 00:00:02; best prefilter 12.15 at 00:04:56
[scan:snapshot] prefilter 210/719 frames after 00:00:02; best prefilter 12.36 at 00:13:36
[scan:snapshot] prefilter 220/719 frames after 00:00:02; best prefilter 12.36 at 00:13:36
[scan:snapshot] prefilter 230/719 frames after 00:00:02; best prefilter 12.36 at 00:13:36
[scan:snapshot] prefilter 240/719 frames after 00:00:02; best prefilter 12.36 at 00:13:36
[scan:snapshot] prefilter 250/719 frames after 00:00:02; best prefilter 12.36 at 00:13:36
[scan:snapshot] prefilter 260/719 frames after 00:00:02; best prefilter 12.61 at 00:17:04
[scan:snapshot] prefilter 270/719 frames after 00:00:02; best prefilter 12.61 at 00:17:04
[scan:snapshot] prefilter 280/719 frames after 00:00:03; best prefilter 12.61 at 00:17:04
[scan:snapshot] prefilter 290/719 frames after 00:00:03; best prefilter 12.61 at 00:17:04
[scan:snapshot] prefilter 300/719 frames after 00:00:03; best prefilter 12.61 at 00:17:04
[scan:snapshot] prefilter 310/719 frames after 00:00:03; best prefilter 12.61 at 00:17:04
[scan:snapshot] prefilter 320/719 frames after 00:00:03; best prefilter 12.61 at 00:17:04
[scan:snapshot] prefilter 330/719 frames after 00:00:03; best prefilter 12.61 at 00:17:04
[scan:snapshot] prefilter 340/719 frames after 00:00:03; best prefilter 12.61 at 00:17:04
[scan:snapshot] prefilter 350/719 frames after 00:00:03; best prefilter 12.61 at 00:17:04
[scan:snapshot] prefilter 360/719 frames after 00:00:03; best prefilter 12.61 at 00:17:04
[scan:snapshot] prefilter 370/719 frames after 00:00:03; best prefilter 12.61 at 00:17:04
[scan:snapshot] prefilter 380/719 frames after 00:00:04; best prefilter 12.61 at 00:17:04
[scan:snapshot] prefilter 390/719 frames after 00:00:04; best prefilter 12.61 at 00:17:04
[scan:snapshot] prefilter 400/719 frames after 00:00:04; best prefilter 12.61 at 00:17:04
[scan:snapshot] prefilter 410/719 frames after 00:00:04; best prefilter 12.61 at 00:17:04
[scan:snapshot] prefilter 420/719 frames after 00:00:04; best prefilter 12.61 at 00:17:04
[scan:snapshot] prefilter 430/719 frames after 00:00:04; best prefilter 12.61 at 00:17:04
[scan:snapshot] prefilter 440/719 frames after 00:00:04; best prefilter 12.61 at 00:17:04
[scan:snapshot] prefilter 450/719 frames after 00:00:04; best prefilter 12.61 at 00:17:04
[scan:snapshot] prefilter 460/719 frames after 00:00:04; best prefilter 12.61 at 00:17:04
[scan:snapshot] prefilter 470/719 frames after 00:00:04; best prefilter 12.61 at 00:17:04
[scan:snapshot] prefilter 480/719 frames after 00:00:04; best prefilter 12.61 at 00:17:04
[scan:snapshot] prefilter 490/719 frames after 00:00:04; best prefilter 12.61 at 00:17:04
[scan:snapshot] prefilter 500/719 frames after 00:00:05; best prefilter 12.61 at 00:17:04
[scan:snapshot] prefilter 510/719 frames after 00:00:05; best prefilter 12.61 at 00:17:04
[scan:snapshot] prefilter 520/719 frames after 00:00:05; best prefilter 12.61 at 00:17:04
[scan:snapshot] prefilter 530/719 frames after 00:00:05; best prefilter 12.61 at 00:17:04
[scan:snapshot] prefilter 540/719 frames after 00:00:05; best prefilter 12.61 at 00:17:04
[scan:snapshot] prefilter 550/719 frames after 00:00:05; best prefilter 12.61 at 00:17:04
[scan:snapshot] prefilter 560/719 frames after 00:00:05; best prefilter 12.61 at 00:17:04
[scan:snapshot] prefilter 570/719 frames after 00:00:05; best prefilter 12.61 at 00:17:04
[scan:snapshot] prefilter 580/719 frames after 00:00:05; best prefilter 12.61 at 00:17:04
[scan:snapshot] prefilter 590/719 frames after 00:00:05; best prefilter 12.61 at 00:17:04
[scan:snapshot] prefilter 600/719 frames after 00:00:05; best prefilter 12.61 at 00:17:04
[scan:snapshot] prefilter 610/719 frames after 00:00:05; best prefilter 12.61 at 00:17:04
[scan:snapshot] prefilter 620/719 frames after 00:00:06; best prefilter 12.61 at 00:17:04
[scan:snapshot] prefilter 630/719 frames after 00:00:06; best prefilter 12.61 at 00:17:04
[scan:snapshot] prefilter 640/719 frames after 00:00:06; best prefilter 12.61 at 00:17:04
[scan:snapshot] prefilter 650/719 frames after 00:00:06; best prefilter 12.61 at 00:17:04
[scan:snapshot] prefilter 660/719 frames after 00:00:06; best prefilter 12.61 at 00:17:04
[scan:snapshot] prefilter 670/719 frames after 00:00:06; best prefilter 12.61 at 00:17:04
[scan:snapshot] prefilter 680/719 frames after 00:00:06; best prefilter 12.61 at 00:17:04
[scan:snapshot] prefilter 690/719 frames after 00:00:06; best prefilter 12.61 at 00:17:04
[scan:snapshot] prefilter 700/719 frames after 00:00:06; best prefilter 12.61 at 00:17:04
[scan:snapshot] prefilter 710/719 frames after 00:00:06; best prefilter 12.61 at 00:17:04
[scan:snapshot] prefilter 719/719 frames after 00:00:06; best prefilter 12.61 at 00:17:04
[scan:snapshot] prefilter kept 60/719 frame(s) for OCR; best prefilter 12.61 at 00:17:04
[scan:snapshot] extracting OCR candidates from source video at width 1280
[scan:snapshot] OCR 1/60 frames (1.7%) after 00:00:02; best score 3.80 at 00:00:00 (ocr 76.0)
[scan:snapshot] OCR 10/60 frames (16.7%) after 00:00:13; best score 3.80 at 00:00:00 (ocr 76.0)
[scan:snapshot] OCR 20/60 frames (33.3%) after 00:00:32; best score 3.80 at 00:00:00 (ocr 76.0)
[scan:snapshot] OCR 30/60 frames (50.0%) after 00:00:48; best score 3.80 at 00:00:00 (ocr 76.0)
[scan:snapshot] OCR 40/60 frames (66.7%) after 00:01:02; best score 3.80 at 00:00:00 (ocr 76.0)
Image too small to scale!! (2x36 vs min width of 3)
Line cannot be recognized!!
[scan:snapshot] OCR 50/60 frames (83.3%) after 00:01:19; best score 3.80 at 00:00:00 (ocr 76.0)
[scan:snapshot] OCR 60/60 frames (100.0%) after 00:01:33; best score 3.80 at 00:00:00 (ocr 76.0)
{
  "basename": "qmg",
  "channel": "qmg",
  "chart_stream_parser": true,
  "date_key": "20231201",
  "output_kind": "snapshot",
  "phash_region": null,
  "phash_region_fraction": {
    "xFraction": 0.7,
    "yFraction": 0.84,
    "wFraction": 0.28,
    "hFraction": 0.14
  },
  "prefilter_profile": "chart_stream",
  "video_path": "C:\\Users\\admin\\Projects\\portfolio_analyzer_revere\\data\\video_pipeline\\downloads\\20231201_TZnX1qEiOkM.mp4",
  "captured_count": 3,
  "captures": [
    {
      "chart_stream": {
        "confidence": 0,
        "parse_status": "no_seed_tickers",
        "position_list": [],
        "price_action": "",
        "tickers_rejected": 0
      },
      "confusion_with_nearby": [],
      "frame_index": 330,
      "frame_path": "C:\\Users\\admin\\Projects\\portfolio_analyzer_revere\\data\\video_scan_20260917\\qmg-ocr-20260917-v2\\qmg-ocr-20260917-v2\\ocr_probe\\frames\\20231201_20231201_tznx1qeiokm_bc32e1dd_snapshot\\ocr\\ocr_000331.png",
      "is_intro_card": false,
      "issue_codes": [],
      "low_res_frame_path": null,
      "nearest_ffmpeg_keyframe_ts": 0,
      "observed_date": null,
      "ocr_confidence": 92,
      "ocr_profile": "threshold",
      "ocr_text": "PLEASE read this first -> qullamaggie.com\n",
      "ocr_text_snippet": "PLEASE read this first -> qullamaggie.com",
      "output_kind": "snapshot",
      "parsed_observations": [],
      "parsed_row_count": 0,
      "phash": "bf2edaa456d00e52",
      "phash_overlay": "c5c599d9c11d3c27",
      "phash_region": {
        "xFraction": 0.7,
        "yFraction": 0.84,
        "wFraction": 0.28,
        "hFraction": 0.14
      },
      "prefilter_profile": null,
      "prefilter_score": 4.54,
      "prefilter_stats": {
        "brightRatio": 0,
        "darkRatio": 0.97,
        "edgeRatio": 0.08843897957741502,
        "horizontalComparisons": 14151,
        "horizontalEdgeHits": 1024,
        "horizontalEdgeRatio": 0.0723623772171578,
        "meanLuma": 12.36548611111111,
        "stdDev": 26.59800724390888,
        "verticalComparisons": 14151,
        "verticalEdgeHits": 1479,
        "verticalEdgeRatio": 0.10451558193767226
      },
      "score": 4.6,
      "score_breakdown": null,
      "screen_layout": "chart",
      "tickers": [],
      "timestamp": 1320,
      "timestamp_hms": "00:22:00",
      "output_path": "C:\\Users\\admin\\Projects\\portfolio_analyzer_revere\\data\\video_scan_20260917\\qmg-ocr-20260917-v2\\qmg-ocr-20260917-v2\\snapshots\\qmg_20231201.png"
    },
    {
      "chart_stream": {
        "confidence": 0,
        "parse_status": "no_seed_tickers",
        "position_list": [],
        "price_action": "",
        "tickers_rejected": 0
      },
      "confusion_with_nearby": [],
      "frame_index": 264,
      "frame_path": "C:\\Users\\admin\\Projects\\portfolio_analyzer_revere\\data\\video_scan_20260917\\qmg-ocr-20260917-v2\\qmg-ocr-20260917-v2\\ocr_probe\\frames\\20231201_20231201_tznx1qeiokm_bc32e1dd_snapshot\\ocr\\ocr_000265.png",
      "is_intro_card": false,
      "issue_codes": [],
      "low_res_frame_path": null,
      "nearest_ffmpeg_keyframe_ts": 0,
      "observed_date": null,
      "ocr_confidence": 92,
      "ocr_profile": "threshold",
      "ocr_text": "PLEASE read this first -> qullamaggie.com\n",
      "ocr_text_snippet": "PLEASE read this first -> qullamaggie.com",
      "output_kind": "snapshot",
      "parsed_observations": [],
      "parsed_row_count": 0,
      "phash": "af2f7aa646d00e52",
      "phash_overlay": "c5c599d9c11d3c27",
      "phash_region": {
        "xFraction": 0.7,
        "yFraction": 0.84,
        "wFraction": 0.28,
        "hFraction": 0.14
      },
      "prefilter_profile": null,
      "prefilter_score": 3.65,
      "prefilter_stats": {
        "brightRatio": 0,
        "darkRatio": 0.9679166666666666,
        "edgeRatio": 0.07879301816126069,
        "horizontalComparisons": 14151,
        "horizontalEdgeHits": 904,
        "horizontalEdgeRatio": 0.06388241113702212,
        "meanLuma": 12.150833333333333,
        "stdDev": 27.698343299334308,
        "verticalComparisons": 14151,
        "verticalEdgeHits": 1326,
        "verticalEdgeRatio": 0.09370362518549925
      },
      "score": 4.6,
      "score_breakdown": null,
      "screen_layout": "chart",
      "tickers": [],
      "timestamp": 1056,
      "timestamp_hms": "00:17:36",
      "output_path": "C:\\Users\\admin\\Projects\\portfolio_analyzer_revere\\data\\video_scan_20260917\\qmg-ocr-20260917-v2\\qmg-ocr-20260917-v2\\snapshots\\qmg_20231201_2.png"
    },
    {
      "chart_stream": {
        "confidence": 0,
        "parse_status": "no_seed_tickers",
        "position_list": [],
        "price_action": "",
        "tickers_rejected": 0
      },
      "confusion_with_nearby": [],
      "frame_index": 99,
      "frame_path": "C:\\Users\\admin\\Projects\\portfolio_analyzer_revere\\data\\video_scan_20260917\\qmg-ocr-20260917-v2\\qmg-ocr-20260917-v2\\ocr_probe\\frames\\20231201_20231201_tznx1qeiokm_bc32e1dd_snapshot\\ocr\\ocr_000100.png",
      "is_intro_card": false,
      "issue_codes": [],
      "low_res_frame_path": null,
      "nearest_ffmpeg_keyframe_ts": 0,
      "observed_date": null,
      "ocr_confidence": 92,
      "ocr_profile": "threshold",
      "ocr_text": "PLEASE read this first -> qullamaggie.com\n",
      "ocr_text_snippet": "PLEASE read this first -> qullamaggie.com",
      "output_kind": "snapshot",
      "parsed_observations": [],
      "parsed_row_count": 0,
      "phash": "af2ffaa45ed00710",
      "phash_overlay": "c5c599d9c11d3c27",
      "phash_region": {
        "xFraction": 0.7,
        "yFraction": 0.84,
        "wFraction": 0.28,
        "hFraction": 0.14
      },
      "prefilter_profile": null,
      "prefilter_score": 5.61,
      "prefilter_stats": {
        "brightRatio": 0,
        "darkRatio": 0.9677777777777777,
        "edgeRatio": 0.10688290580171013,
        "horizontalComparisons": 14151,
        "horizontalEdgeHits": 1284,
        "horizontalEdgeRatio": 0.09073563705745177,
        "meanLuma": 13.81423611111111,
        "stdDev": 27.694714800638334,
        "verticalComparisons": 14151,
        "verticalEdgeHits": 1741,
        "verticalEdgeRatio": 0.12303017454596848
      },
      "score": 4.6,
      "score_breakdown": null,
      "screen_layout": "chart",
      "tickers": [],
      "timestamp": 396,
      "timestamp_hms": "00:06:36",
      "output_path": "C:\\Users\\admin\\Projects\\portfolio_analyzer_revere\\data\\video_scan_20260917\\qmg-ocr-20260917-v2\\qmg-ocr-20260917-v2\\snapshots\\qmg_20231201_3.png"
    }
  ],
  "frame_count": 719,
  "frame_error_count": 0,
  "frame_errors": [],
  "max_captures_per_video": 3,
  "nearest_ffmpeg_keyframe_lookups_skipped": false,
  "nearest_ffmpeg_keyframe_pts_total": 1,
  "ocr_engine_metadata": {
    "tesseract_version": "6.0.1",
    "language": "eng",
    "dpi": 300,
    "psm": null,
    "preserve_interword_spaces": "1",
    "deskew": false
  },
  "ocr_frame_count": 60,
  "ocr_frame_width": 1280,
  "output_path": "C:\\Users\\admin\\Projects\\portfolio_analyzer_revere\\data\\video_scan_20260917\\qmg-ocr-20260917-v2\\qmg-ocr-20260917-v2\\snapshots\\qmg_20231201.png",
  "prefilter_best_score": 12.61,
  "review_threshold": 4,
  "sample_frame_width": 640,
  "status": "review",
  "strong_threshold": 6,
  "top_candidate": {
    "chart_stream": {
      "confidence": 0,
      "parse_status": "no_seed_tickers",
      "position_list": [],
      "price_action": "",
      "tickers_rejected": 0
    },
    "confusion_with_nearby": [],
    "frame_index": 330,
    "frame_path": "C:\\Users\\admin\\Projects\\portfolio_analyzer_revere\\data\\video_scan_20260917\\qmg-ocr-20260917-v2\\qmg-ocr-20260917-v2\\ocr_probe\\frames\\20231201_20231201_tznx1qeiokm_bc32e1dd_snapshot\\ocr\\ocr_000331.png",
    "is_intro_card": false,
    "issue_codes": [],
    "low_res_frame_path": null,
    "nearest_ffmpeg_keyframe_ts": 0,
    "observed_date": null,
    "ocr_confidence": 92,
    "ocr_profile": "threshold",
    "ocr_text": "PLEASE read this first -> qullamaggie.com\n",
    "ocr_text_snippet": "PLEASE read this first -> qullamaggie.com",
    "output_kind": "snapshot",
    "parsed_observations": [],
    "parsed_row_count": 0,
    "phash": "bf2edaa456d00e52",
    "phash_overlay": "c5c599d9c11d3c27",
    "phash_region": {
      "xFraction": 0.7,
      "yFraction": 0.84,
      "wFraction": 0.28,
      "hFraction": 0.14
    },
    "prefilter_profile": null,
    "prefilter_score": 4.54,
    "prefilter_stats": {
      "brightRatio": 0,
      "darkRatio": 0.97,
      "edgeRatio": 0.08843897957741502,
      "horizontalComparisons": 14151,
      "horizontalEdgeHits": 1024,
      "horizontalEdgeRatio": 0.0723623772171578,
      "meanLuma": 12.36548611111111,
      "stdDev": 26.59800724390888,
      "verticalComparisons": 14151,
      "verticalEdgeHits": 1479,
      "verticalEdgeRatio": 0.10451558193767226
    },
    "score": 4.6,
    "score_breakdown": null,
    "screen_layout": "chart",
    "tickers": [],
    "timestamp": 1320,
    "timestamp_hms": "00:22:00"
  },
  "top_candidates": [
    {
      "chart_stream": {
        "confidence": 0,
        "parse_status": "no_seed_tickers",
        "position_list": [],
        "price_action": "",
        "tickers_rejected": 0
      },
      "confusion_with_nearby": [],
      "frame_index": 330,
      "frame_path": "C:\\Users\\admin\\Projects\\portfolio_analyzer_revere\\data\\video_scan_20260917\\qmg-ocr-20260917-v2\\qmg-ocr-20260917-v2\\ocr_probe\\frames\\20231201_20231201_tznx1qeiokm_bc32e1dd_snapshot\\ocr\\ocr_000331.png",
      "is_intro_card": false,
      "issue_codes": [],
      "low_res_frame_path": null,
      "nearest_ffmpeg_keyframe_ts": null,
      "observed_date": null,
      "ocr_confidence": 92,
      "ocr_profile": "threshold",
      "ocr_text": "PLEASE read this first -> qullamaggie.com\n",
      "ocr_text_snippet": "PLEASE read this first -> qullamaggie.com",
      "output_kind": "snapshot",
      "parsed_observations": [],
      "parsed_row_count": 0,
      "phash": "bf2edaa456d00e52",
      "phash_overlay": "c5c599d9c11d3c27",
      "phash_region": {
        "xFraction": 0.7,
        "yFraction": 0.84,
        "wFraction": 0.28,
        "hFraction": 0.14
      },
      "prefilter_profile": null,
      "prefilter_score": 4.54,
      "prefilter_stats": {
        "brightRatio": 0,
        "darkRatio": 0.97,
        "edgeRatio": 0.08843897957741502,
        "horizontalComparisons": 14151,
        "horizontalEdgeHits": 1024,
        "horizontalEdgeRatio": 0.0723623772171578,
        "meanLuma": 12.36548611111111,
        "stdDev": 26.59800724390888,
        "verticalComparisons": 14151,
        "verticalEdgeHits": 1479,
        "verticalEdgeRatio": 0.10451558193767226
      },
      "score": 4.6,
      "score_breakdown": null,
      "screen_layout": "chart",
      "tickers": [],
      "timestamp": 1320,
      "timestamp_hms": "00:22:00"
    },
    {
      "chart_stream": {
        "confidence": 0,
        "parse_status": "no_seed_tickers",
        "position_list": [],
        "price_action": "",
        "tickers_rejected": 0
      },
      "confusion_with_nearby": [],
      "frame_index": 264,
      "frame_path": "C:\\Users\\admin\\Projects\\portfolio_analyzer_revere\\data\\video_scan_20260917\\qmg-ocr-20260917-v2\\qmg-ocr-20260917-v2\\ocr_probe\\frames\\20231201_20231201_tznx1qeiokm_bc32e1dd_snapshot\\ocr\\ocr_000265.png",
      "is_intro_card": false,
      "issue_codes": [],
      "low_res_frame_path": null,
      "nearest_ffmpeg_keyframe_ts": null,
      "observed_date": null,
      "ocr_confidence": 92,
      "ocr_profile": "threshold",
      "ocr_text": "PLEASE read this first -> qullamaggie.com\n",
      "ocr_text_snippet": "PLEASE read this first -> qullamaggie.com",
      "output_kind": "snapshot",
      "parsed_observations": [],
      "parsed_row_count": 0,
      "phash": "af2f7aa646d00e52",
      "phash_overlay": "c5c599d9c11d3c27",
      "phash_region": {
        "xFraction": 0.7,
        "yFraction": 0.84,
        "wFraction": 0.28,
        "hFraction": 0.14
      },
      "prefilter_profile": null,
      "prefilter_score": 3.65,
      "prefilter_stats": {
        "brightRatio": 0,
        "darkRatio": 0.9679166666666666,
        "edgeRatio": 0.07879301816126069,
        "horizontalComparisons": 14151,
        "horizontalEdgeHits": 904,
        "horizontalEdgeRatio": 0.06388241113702212,
        "meanLuma": 12.150833333333333,
        "stdDev": 27.698343299334308,
        "verticalComparisons": 14151,
        "verticalEdgeHits": 1326,
        "verticalEdgeRatio": 0.09370362518549925
      },
      "score": 4.6,
      "score_breakdown": null,
      "screen_layout": "chart",
      "tickers": [],
      "timestamp": 1056,
      "timestamp_hms": "00:17:36"
    },
    {
      "chart_stream": {
        "confidence": 0,
        "parse_status": "no_seed_tickers",
        "position_list": [],
        "price_action": "",
        "tickers_rejected": 0
      },
      "confusion_with_nearby": [],
      "frame_index": 99,
      "frame_path": "C:\\Users\\admin\\Projects\\portfolio_analyzer_revere\\data\\video_scan_20260917\\qmg-ocr-20260917-v2\\qmg-ocr-20260917-v2\\ocr_probe\\frames\\20231201_20231201_tznx1qeiokm_bc32e1dd_snapshot\\ocr\\ocr_000100.png",
      "is_intro_card": false,
      "issue_codes": [],
      "low_res_frame_path": null,
      "nearest_ffmpeg_keyframe_ts": null,
      "observed_date": null,
      "ocr_confidence": 92,
      "ocr_profile": "threshold",
      "ocr_text": "PLEASE read this first -> qullamaggie.com\n",
      "ocr_text_snippet": "PLEASE read this first -> qullamaggie.com",
      "output_kind": "snapshot",
      "parsed_observations": [],
      "parsed_row_count": 0,
      "phash": "af2ffaa45ed00710",
      "phash_overlay": "c5c599d9c11d3c27",
      "phash_region": {
        "xFraction": 0.7,
        "yFraction": 0.84,
        "wFraction": 0.28,
        "hFraction": 0.14
      },
      "prefilter_profile": null,
      "prefilter_score": 5.61,
      "prefilter_stats": {
        "brightRatio": 0,
        "darkRatio": 0.9677777777777777,
        "edgeRatio": 0.10688290580171013,
        "horizontalComparisons": 14151,
        "horizontalEdgeHits": 1284,
        "horizontalEdgeRatio": 0.09073563705745177,
        "meanLuma": 13.81423611111111,
        "stdDev": 27.694714800638334,
        "verticalComparisons": 14151,
        "verticalEdgeHits": 1741,
        "verticalEdgeRatio": 0.12303017454596848
      },
      "score": 4.6,
      "score_breakdown": null,
      "screen_layout": "chart",
      "tickers": [],
      "timestamp": 396,
      "timestamp_hms": "00:06:36"
    },
    {
      "chart_stream": {
        "confidence": 0,
        "parse_status": "no_seed_tickers",
        "position_list": [],
        "price_action": "",
        "tickers_rejected": 0
      },
      "confusion_with_nearby": [],
      "frame_index": 319,
      "frame_path": "C:\\Users\\admin\\Projects\\portfolio_analyzer_revere\\data\\video_scan_20260917\\qmg-ocr-20260917-v2\\qmg-ocr-20260917-v2\\ocr_probe\\frames\\20231201_20231201_tznx1qeiokm_bc32e1dd_snapshot\\ocr\\ocr_000320.png",
      "is_intro_card": false,
      "issue_codes": [],
      "low_res_frame_path": null,
      "nearest_ffmpeg_keyframe_ts": null,
      "observed_date": null,
      "ocr_confidence": 91,
      "ocr_profile": "threshold",
      "ocr_text": "PLEASE read this first -> qullamaggie.com\n",
      "ocr_text_snippet": "PLEASE read this first -> qullamaggie.com",
      "output_kind": "snapshot",
      "parsed_observations": [],
      "parsed_row_count": 0,
      "phash": "bf2ffaa45ad00650",
      "phash_overlay": "c5c599d9c11d3c27",
      "phash_region": {
        "xFraction": 0.7,
        "yFraction": 0.84,
        "wFraction": 0.28,
        "hFraction": 0.14
      },
      "prefilter_profile": null,
      "prefilter_score": 5.28,
      "prefilter_stats": {
        "brightRatio": 0,
        "darkRatio": 0.9692361111111111,
        "edgeRatio": 0.09730761076955692,
        "horizontalComparisons": 14151,
        "horizontalEdgeHits": 1126,
        "horizontalEdgeRatio": 0.07957034838527313,
        "meanLuma": 12.84576388888889,
        "stdDev": 26.79182923952389,
        "verticalComparisons": 14151,
        "verticalEdgeHits": 1628,
        "verticalEdgeRatio": 0.11504487315384072
      },
      "score": 4.55,
      "score_breakdown": null,
      "screen_layout": "chart",
      "tickers": [],
      "timestamp": 1276,
      "timestamp_hms": "00:21:16"
    },
    {
      "chart_stream": {
        "confidence": 0,
        "parse_status": "no_seed_tickers",
        "position_list": [],
        "price_action": "",
        "tickers_rejected": 0
      },
      "confusion_with_nearby": [],
      "frame_index": 308,
      "frame_path": "C:\\Users\\admin\\Projects\\portfolio_analyzer_revere\\data\\video_scan_20260917\\qmg-ocr-20260917-v2\\qmg-ocr-20260917-v2\\ocr_probe\\frames\\20231201_20231201_tznx1qeiokm_bc32e1dd_snapshot\\ocr\\ocr_000309.png",
      "is_intro_card": false,
      "issue_codes": [],
      "low_res_frame_path": null,
      "nearest_ffmpeg_keyframe_ts": null,
      "observed_date": null,
      "ocr_confidence": 91,
      "ocr_profile": "threshold",
      "ocr_text": "PLEASE read this first -> qullamaggie.com\n",
      "ocr_text_snippet": "PLEASE read this first -> qullamaggie.com",
      "output_kind": "snapshot",
      "parsed_observations": [],
      "parsed_row_count": 0,
      "phash": "bf2ffaa456d00650",
      "phash_overlay": "c5c599d9c11d3c27",
      "phash_region": {
        "xFraction": 0.7,
        "yFraction": 0.84,
        "wFraction": 0.28,
        "hFraction": 0.14
      },
      "prefilter_profile": null,
      "prefilter_score": 5.47,
      "prefilter_stats": {
        "brightRatio": 0,
        "darkRatio": 0.9692361111111111,
        "edgeRatio": 0.0971309448095541,
        "horizontalComparisons": 14151,
        "horizontalEdgeHits": 1135,
        "horizontalEdgeRatio": 0.0802063458412833,
        "meanLuma": 12.840347222222222,
        "stdDev": 26.77890437123747,
        "verticalComparisons": 14151,
        "verticalEdgeHits": 1614,
        "verticalEdgeRatio": 0.11405554377782488
      },
      "score": 4.55,
      "score_breakdown": null,
      "screen_layout": "chart",
      "tickers": [],
      "timestamp": 1232,
      "timestamp_hms": "00:20:32"
    }
  ],
  "top_rejected_candidates": [
    {
      "chart_stream": {
        "confidence": 0,
        "parse_status": "no_seed_tickers",
        "position_list": [],
        "price_action": "",
        "tickers_rejected": 0
      },
      "confusion_with_nearby": [],
      "frame_index": 154,
      "frame_path": "C:\\Users\\admin\\Projects\\portfolio_analyzer_revere\\data\\video_scan_20260917\\qmg-ocr-20260917-v2\\qmg-ocr-20260917-v2\\ocr_probe\\frames\\20231201_20231201_tznx1qeiokm_bc32e1dd_snapshot\\ocr\\ocr_000155.png",
      "is_intro_card": false,
      "issue_codes": [],
      "low_res_frame_path": null,
      "nearest_ffmpeg_keyframe_ts": 0,
      "observed_date": null,
      "ocr_confidence": 79,
      "ocr_profile": "threshold",
      "ocr_text": "\"PLEASE read this first -> qullamaggie.com\n",
      "ocr_text_snippet": "\"PLEASE read this first -> qullamaggie.com",
      "output_kind": "snapshot",
      "parsed_observations": [],
      "parsed_row_count": 0,
      "phash": "bfb8dab8d29092d0",
      "phash_overlay": "c7c21999c12d3dd3",
      "phash_region": {
        "xFraction": 0.7,
        "yFraction": 0.84,
        "wFraction": 0.28,
        "hFraction": 0.14
      },
      "prefilter_profile": null,
      "prefilter_score": 3.89,
      "prefilter_stats": {
        "brightRatio": 0,
        "darkRatio": 0.9672916666666667,
        "edgeRatio": 0.08455232845735283,
        "horizontalComparisons": 14151,
        "horizontalEdgeHits": 957,
        "horizontalEdgeRatio": 0.06762772948908205,
        "meanLuma": 13.583125,
        "stdDev": 28.350617888836556,
        "verticalComparisons": 14151,
        "verticalEdgeHits": 1436,
        "verticalEdgeRatio": 0.10147692742562363
      },
      "score": 3.95,
      "score_breakdown": null,
      "screen_layout": "chart",
      "tickers": [],
      "timestamp": 616,
      "timestamp_hms": "00:10:16"
    },
    {
      "chart_stream": {
        "confidence": 0,
        "parse_status": "no_seed_tickers",
        "position_list": [],
        "price_action": "",
        "tickers_rejected": 0
      },
      "confusion_with_nearby": [],
      "frame_index": 649,
      "frame_path": "C:\\Users\\admin\\Projects\\portfolio_analyzer_revere\\data\\video_scan_20260917\\qmg-ocr-20260917-v2\\qmg-ocr-20260917-v2\\ocr_probe\\frames\\20231201_20231201_tznx1qeiokm_bc32e1dd_snapshot\\ocr\\ocr_000650.png",
      "is_intro_card": false,
      "issue_codes": [],
      "low_res_frame_path": null,
      "nearest_ffmpeg_keyframe_ts": 0,
      "observed_date": null,
      "ocr_confidence": 78,
      "ocr_profile": "threshold",
      "ocr_text": "‘PLEASE read this first -> qgullamaggie.com\n",
      "ocr_text_snippet": "‘PLEASE read this first -> qgullamaggie.com",
      "output_kind": "snapshot",
      "parsed_observations": [],
      "parsed_row_count": 0,
      "phash": "bfb8d2b8d29892d0",
      "phash_overlay": "c5c919d9c30c3cd7",
      "phash_region": {
        "xFraction": 0.7,
        "yFraction": 0.84,
        "wFraction": 0.28,
        "hFraction": 0.14
      },
      "prefilter_profile": null,
      "prefilter_score": 5.66,
      "prefilter_stats": {
        "brightRatio": 0,
        "darkRatio": 0.9668055555555556,
        "edgeRatio": 0.09935693590558971,
        "horizontalComparisons": 14151,
        "horizontalEdgeHits": 1152,
        "horizontalEdgeRatio": 0.08140767436930252,
        "meanLuma": 15.240902777777778,
        "stdDev": 28.706398469224265,
        "verticalComparisons": 14151,
        "verticalEdgeHits": 1660,
        "verticalEdgeRatio": 0.1173061974418769
      },
      "score": 3.9,
      "score_breakdown": null,
      "screen_layout": "chart",
      "tickers": [],
      "timestamp": 2596,
      "timestamp_hms": "00:43:16"
    },
    {
      "chart_stream": {
        "confidence": 0,
        "parse_status": "no_seed_tickers",
        "position_list": [],
        "price_action": "",
        "tickers_rejected": 0
      },
      "confusion_with_nearby": [],
      "frame_index": 286,
      "frame_path": "C:\\Users\\admin\\Projects\\portfolio_analyzer_revere\\data\\video_scan_20260917\\qmg-ocr-20260917-v2\\qmg-ocr-20260917-v2\\ocr_probe\\frames\\20231201_20231201_tznx1qeiokm_bc32e1dd_snapshot\\ocr\\ocr_000287.png",
      "is_intro_card": false,
      "issue_codes": [],
      "low_res_frame_path": null,
      "nearest_ffmpeg_keyframe_ts": 0,
      "observed_date": null,
      "ocr_confidence": 76,
      "ocr_profile": "threshold",
      "ocr_text": "‘PLEASE read this first -> qullamaggie.com\n",
      "ocr_text_snippet": "‘PLEASE read this first -> qullamaggie.com",
      "output_kind": "snapshot",
      "parsed_observations": [],
      "parsed_row_count": 0,
      "phash": "bfb8d2a8d298d2d0",
      "phash_overlay": "c5c919d9c30c3cd7",
      "phash_region": {
        "xFraction": 0.7,
        "yFraction": 0.84,
        "wFraction": 0.28,
        "hFraction": 0.14
      },
      "prefilter_profile": null,
      "prefilter_score": 1.07,
      "prefilter_stats": {
        "brightRatio": 0,
        "darkRatio": 0.9658333333333333,
        "edgeRatio": 0.11889619108190234,
        "horizontalComparisons": 14151,
        "horizontalEdgeHits": 1236,
        "horizontalEdgeRatio": 0.08734365062539749,
        "meanLuma": 17.356805555555557,
        "stdDev": 29.101967207580323,
        "verticalComparisons": 14151,
        "verticalEdgeHits": 2129,
        "verticalEdgeRatio": 0.15044873153840718
      },
      "score": 3.8,
      "score_breakdown": null,
      "screen_layout": "chart",
      "tickers": [],
      "timestamp": 1144,
      "timestamp_hms": "00:19:04"
    },
    {
      "chart_stream": {
        "confidence": 0,
        "parse_status": "no_seed_tickers",
        "position_list": [],
        "price_action": "",
        "tickers_rejected": 0
      },
      "confusion_with_nearby": [],
      "frame_index": 0,
      "frame_path": "C:\\Users\\admin\\Projects\\portfolio_analyzer_revere\\data\\video_scan_20260917\\qmg-ocr-20260917-v2\\qmg-ocr-20260917-v2\\ocr_probe\\frames\\20231201_20231201_tznx1qeiokm_bc32e1dd_snapshot\\ocr\\ocr_000001.png",
      "is_intro_card": false,
      "issue_codes": [],
      "low_res_frame_path": null,
      "nearest_ffmpeg_keyframe_ts": 0,
      "observed_date": null,
      "ocr_confidence": 76,
      "ocr_profile": "threshold",
      "ocr_text": "\"PLEASE read this first -> qullamaggie.com\n",
      "ocr_text_snippet": "\"PLEASE read this first -> qullamaggie.com",
      "output_kind": "snapshot",
      "parsed_observations": [],
      "parsed_row_count": 0,
      "phash": "bfb9d299d2901992",
      "phash_overlay": "c5cd190dc5dc9c87",
      "phash_region": {
        "xFraction": 0.7,
        "yFraction": 0.84,
        "wFraction": 0.28,
        "hFraction": 0.14
      },
      "prefilter_profile": null,
      "prefilter_score": 9.05,
      "prefilter_stats": {
        "brightRatio": 0.011111111111111112,
        "darkRatio": 0.9508333333333333,
        "edgeRatio": 0.11667019998586672,
        "horizontalComparisons": 14151,
        "horizontalEdgeHits": 1242,
        "horizontalEdgeRatio": 0.08776764892940428,
        "meanLuma": 19.157847222222223,
        "stdDev": 38.936107040594834,
        "verticalComparisons": 14151,
        "verticalEdgeHits": 2060,
        "verticalEdgeRatio": 0.14557275104232917
      },
      "score": 3.8,
      "score_breakdown": null,
      "screen_layout": "chart",
      "tickers": [],
      "timestamp": 0,
      "timestamp_hms": "00:00:00"
    }
  ],
  "whiteboard_segments": [
    {
      "capture_count": 1,
      "end_ts": 396,
      "end_hms": "00:06:36",
      "is_intro_card": false,
      "layout": "chart",
      "peak_frame_index": 99,
      "peak_score": 4.6,
      "start_hms": "00:06:36",
      "start_ts": 396
    },
    {
      "capture_count": 1,
      "end_ts": 1056,
      "end_hms": "00:17:36",
      "is_intro_card": false,
      "layout": "chart",
      "peak_frame_index": 264,
      "peak_score": 4.6,
      "start_hms": "00:17:36",
      "start_ts": 1056
    },
    {
      "capture_count": 1,
      "end_ts": 1320,
      "end_hms": "00:22:00",
      "is_intro_card": false,
      "layout": "chart",
      "peak_frame_index": 330,
      "peak_score": 4.6,
      "start_hms": "00:22:00",
      "start_ts": 1320
    }
  ],
  "log_path": "C:\\Users\\admin\\Projects\\portfolio_analyzer_revere\\data\\video_scan_20260917\\qmg-ocr-20260917-v2\\qmg-ocr-20260917-v2\\ocr_probe\\logs\\20231201_20231201_tznx1qeiokm_bc32e1dd_snapshot.json"
}
