# cmd: node tools/scanVideoWithOcr.js --video C:\Users\admin\Projects\portfolio_analyzer_revere\data\video_pipeline\downloads\20230609_VdQSDGZBLQE.mp4 --date 20230609 --output-root C:\Users\admin\Projects\portfolio_analyzer_revere\data\video_scan_20260917\qmg-ocr-20260917-v2 --run-tag qmg-ocr-20260917-v2 --ffmpeg-bin C:\Users\admin\AppData\Local\Microsoft\WinGet\Packages\Gyan.FFmpeg_Microsoft.Winget.Source_8wekyb3d8bbwe\ffmpeg-9.0.1-full_build\bin\ffmpeg.exe --output-kind snapshot --prefilter-profile chart_stream --basename qmg --chart-stream-parser
[scan:snapshot] ffprobe found 1 keyframe(s) for nearest-keyframe lookup
[scan:snapshot] preflighting final snapshot output extraction
[scan:snapshot] extracting sample frames from C:\Users\admin\Projects\portfolio_analyzer_revere\data\video_pipeline\downloads\20230609_VdQSDGZBLQE.mp4
[scan:snapshot] extracted 1459 frame(s) at 0.25 fps with width 640; starting prefilter
[scan:snapshot] prefilter 1/1459 frames after 00:00:00; best prefilter 11.11 at 00:00:00
[scan:snapshot] prefilter 10/1459 frames after 00:00:00; best prefilter 11.12 at 00:00:04
[scan:snapshot] prefilter 20/1459 frames after 00:00:00; best prefilter 11.12 at 00:00:04
[scan:snapshot] prefilter 30/1459 frames after 00:00:00; best prefilter 11.12 at 00:00:04
[scan:snapshot] prefilter 40/1459 frames after 00:00:00; best prefilter 11.12 at 00:00:04
[scan:snapshot] prefilter 50/1459 frames after 00:00:00; best prefilter 11.12 at 00:00:04
[scan:snapshot] prefilter 60/1459 frames after 00:00:00; best prefilter 11.12 at 00:00:04
[scan:snapshot] prefilter 70/1459 frames after 00:00:01; best prefilter 11.12 at 00:00:04
[scan:snapshot] prefilter 80/1459 frames after 00:00:01; best prefilter 11.12 at 00:00:04
[scan:snapshot] prefilter 90/1459 frames after 00:00:01; best prefilter 11.12 at 00:00:04
[scan:snapshot] prefilter 100/1459 frames after 00:00:01; best prefilter 11.12 at 00:00:04
[scan:snapshot] prefilter 110/1459 frames after 00:00:01; best prefilter 11.25 at 00:07:12
[scan:snapshot] prefilter 120/1459 frames after 00:00:01; best prefilter 11.25 at 00:07:12
[scan:snapshot] prefilter 130/1459 frames after 00:00:01; best prefilter 11.25 at 00:07:12
[scan:snapshot] prefilter 140/1459 frames after 00:00:01; best prefilter 11.25 at 00:07:12
[scan:snapshot] prefilter 150/1459 frames after 00:00:01; best prefilter 11.25 at 00:07:12
[scan:snapshot] prefilter 160/1459 frames after 00:00:01; best prefilter 11.25 at 00:07:12
[scan:snapshot] prefilter 170/1459 frames after 00:00:01; best prefilter 11.25 at 00:07:12
[scan:snapshot] prefilter 180/1459 frames after 00:00:01; best prefilter 11.25 at 00:07:12
[scan:snapshot] prefilter 190/1459 frames after 00:00:01; best prefilter 11.25 at 00:07:12
[scan:snapshot] prefilter 200/1459 frames after 00:00:02; best prefilter 11.25 at 00:07:12
[scan:snapshot] prefilter 210/1459 frames after 00:00:02; best prefilter 11.25 at 00:07:12
[scan:snapshot] prefilter 220/1459 frames after 00:00:02; best prefilter 11.25 at 00:07:12
[scan:snapshot] prefilter 230/1459 frames after 00:00:02; best prefilter 11.25 at 00:07:12
[scan:snapshot] prefilter 240/1459 frames after 00:00:02; best prefilter 11.25 at 00:07:12
[scan:snapshot] prefilter 250/1459 frames after 00:00:02; best prefilter 11.25 at 00:07:12
[scan:snapshot] prefilter 260/1459 frames after 00:00:02; best prefilter 11.25 at 00:07:12
[scan:snapshot] prefilter 270/1459 frames after 00:00:02; best prefilter 11.25 at 00:07:12
[scan:snapshot] prefilter 280/1459 frames after 00:00:02; best prefilter 11.25 at 00:07:12
[scan:snapshot] prefilter 290/1459 frames after 00:00:02; best prefilter 11.25 at 00:07:12
[scan:snapshot] prefilter 300/1459 frames after 00:00:02; best prefilter 11.25 at 00:07:12
[scan:snapshot] prefilter 310/1459 frames after 00:00:02; best prefilter 11.25 at 00:07:12
[scan:snapshot] prefilter 320/1459 frames after 00:00:02; best prefilter 11.25 at 00:07:12
[scan:snapshot] prefilter 330/1459 frames after 00:00:02; best prefilter 11.25 at 00:07:12
[scan:snapshot] prefilter 340/1459 frames after 00:00:03; best prefilter 11.25 at 00:07:12
[scan:snapshot] prefilter 350/1459 frames after 00:00:03; best prefilter 11.25 at 00:07:12
[scan:snapshot] prefilter 360/1459 frames after 00:00:03; best prefilter 11.25 at 00:07:12
[scan:snapshot] prefilter 370/1459 frames after 00:00:03; best prefilter 11.25 at 00:07:12
[scan:snapshot] prefilter 380/1459 frames after 00:00:03; best prefilter 12.42 at 00:24:52
[scan:snapshot] prefilter 390/1459 frames after 00:00:03; best prefilter 12.42 at 00:24:52
[scan:snapshot] prefilter 400/1459 frames after 00:00:03; best prefilter 12.42 at 00:24:52
[scan:snapshot] prefilter 410/1459 frames after 00:00:03; best prefilter 12.42 at 00:24:52
[scan:snapshot] prefilter 420/1459 frames after 00:00:03; best prefilter 12.42 at 00:24:52
[scan:snapshot] prefilter 430/1459 frames after 00:00:03; best prefilter 12.42 at 00:24:52
[scan:snapshot] prefilter 440/1459 frames after 00:00:03; best prefilter 12.42 at 00:24:52
[scan:snapshot] prefilter 450/1459 frames after 00:00:03; best prefilter 12.42 at 00:24:52
[scan:snapshot] prefilter 460/1459 frames after 00:00:03; best prefilter 12.42 at 00:24:52
[scan:snapshot] prefilter 470/1459 frames after 00:00:03; best prefilter 12.42 at 00:24:52
[scan:snapshot] prefilter 480/1459 frames after 00:00:03; best prefilter 12.42 at 00:24:52
[scan:snapshot] prefilter 490/1459 frames after 00:00:04; best prefilter 12.42 at 00:24:52
[scan:snapshot] prefilter 500/1459 frames after 00:00:04; best prefilter 12.42 at 00:24:52
[scan:snapshot] prefilter 510/1459 frames after 00:00:04; best prefilter 12.42 at 00:24:52
[scan:snapshot] prefilter 520/1459 frames after 00:00:04; best prefilter 12.42 at 00:24:52
[scan:snapshot] prefilter 530/1459 frames after 00:00:04; best prefilter 12.42 at 00:24:52
[scan:snapshot] prefilter 540/1459 frames after 00:00:04; best prefilter 12.42 at 00:24:52
[scan:snapshot] prefilter 550/1459 frames after 00:00:04; best prefilter 12.42 at 00:24:52
[scan:snapshot] prefilter 560/1459 frames after 00:00:04; best prefilter 12.42 at 00:24:52
[scan:snapshot] prefilter 570/1459 frames after 00:00:04; best prefilter 12.42 at 00:24:52
[scan:snapshot] prefilter 580/1459 frames after 00:00:04; best prefilter 12.42 at 00:24:52
[scan:snapshot] prefilter 590/1459 frames after 00:00:04; best prefilter 12.42 at 00:24:52
[scan:snapshot] prefilter 600/1459 frames after 00:00:04; best prefilter 12.42 at 00:24:52
[scan:snapshot] prefilter 610/1459 frames after 00:00:04; best prefilter 12.42 at 00:24:52
[scan:snapshot] prefilter 620/1459 frames after 00:00:04; best prefilter 12.42 at 00:24:52
[scan:snapshot] prefilter 630/1459 frames after 00:00:04; best prefilter 12.42 at 00:24:52
[scan:snapshot] prefilter 640/1459 frames after 00:00:05; best prefilter 12.42 at 00:24:52
[scan:snapshot] prefilter 650/1459 frames after 00:00:05; best prefilter 12.42 at 00:24:52
[scan:snapshot] prefilter 660/1459 frames after 00:00:05; best prefilter 12.42 at 00:24:52
[scan:snapshot] prefilter 670/1459 frames after 00:00:05; best prefilter 12.42 at 00:24:52
[scan:snapshot] prefilter 680/1459 frames after 00:00:05; best prefilter 12.42 at 00:24:52
[scan:snapshot] prefilter 690/1459 frames after 00:00:05; best prefilter 12.42 at 00:24:52
[scan:snapshot] prefilter 700/1459 frames after 00:00:05; best prefilter 12.42 at 00:24:52
[scan:snapshot] prefilter 710/1459 frames after 00:00:05; best prefilter 12.42 at 00:24:52
[scan:snapshot] prefilter 720/1459 frames after 00:00:05; best prefilter 12.42 at 00:24:52
[scan:snapshot] prefilter 730/1459 frames after 00:00:05; best prefilter 12.42 at 00:24:52
[scan:snapshot] prefilter 740/1459 frames after 00:00:05; best prefilter 12.42 at 00:24:52
[scan:snapshot] prefilter 750/1459 frames after 00:00:05; best prefilter 12.42 at 00:24:52
[scan:snapshot] prefilter 760/1459 frames after 00:00:05; best prefilter 12.42 at 00:24:52
[scan:snapshot] prefilter 770/1459 frames after 00:00:05; best prefilter 12.42 at 00:24:52
[scan:snapshot] prefilter 780/1459 frames after 00:00:05; best prefilter 12.42 at 00:24:52
[scan:snapshot] prefilter 790/1459 frames after 00:00:06; best prefilter 12.42 at 00:24:52
[scan:snapshot] prefilter 800/1459 frames after 00:00:06; best prefilter 12.42 at 00:24:52
[scan:snapshot] prefilter 810/1459 frames after 00:00:06; best prefilter 12.42 at 00:24:52
[scan:snapshot] prefilter 820/1459 frames after 00:00:06; best prefilter 12.42 at 00:24:52
[scan:snapshot] prefilter 830/1459 frames after 00:00:06; best prefilter 12.42 at 00:24:52
[scan:snapshot] prefilter 840/1459 frames after 00:00:06; best prefilter 12.42 at 00:24:52
[scan:snapshot] prefilter 850/1459 frames after 00:00:06; best prefilter 12.42 at 00:24:52
[scan:snapshot] prefilter 860/1459 frames after 00:00:06; best prefilter 12.42 at 00:24:52
[scan:snapshot] prefilter 870/1459 frames after 00:00:06; best prefilter 12.42 at 00:24:52
[scan:snapshot] prefilter 880/1459 frames after 00:00:06; best prefilter 12.42 at 00:24:52
[scan:snapshot] prefilter 890/1459 frames after 00:00:06; best prefilter 12.42 at 00:24:52
[scan:snapshot] prefilter 900/1459 frames after 00:00:06; best prefilter 12.42 at 00:24:52
[scan:snapshot] prefilter 910/1459 frames after 00:00:06; best prefilter 12.42 at 00:24:52
[scan:snapshot] prefilter 920/1459 frames after 00:00:06; best prefilter 12.42 at 00:24:52
[scan:snapshot] prefilter 930/1459 frames after 00:00:07; best prefilter 12.42 at 00:24:52
[scan:snapshot] prefilter 940/1459 frames after 00:00:07; best prefilter 12.42 at 00:24:52
[scan:snapshot] prefilter 950/1459 frames after 00:00:07; best prefilter 12.42 at 00:24:52
[scan:snapshot] prefilter 960/1459 frames after 00:00:07; best prefilter 12.42 at 00:24:52
[scan:snapshot] prefilter 970/1459 frames after 00:00:07; best prefilter 12.42 at 00:24:52
[scan:snapshot] prefilter 980/1459 frames after 00:00:07; best prefilter 12.42 at 00:24:52
[scan:snapshot] prefilter 990/1459 frames after 00:00:07; best prefilter 12.42 at 00:24:52
[scan:snapshot] prefilter 1000/1459 frames after 00:00:07; best prefilter 12.42 at 00:24:52
[scan:snapshot] prefilter 1010/1459 frames after 00:00:07; best prefilter 12.42 at 00:24:52
[scan:snapshot] prefilter 1020/1459 frames after 00:00:07; best prefilter 12.42 at 00:24:52
[scan:snapshot] prefilter 1030/1459 frames after 00:00:07; best prefilter 12.42 at 00:24:52
[scan:snapshot] prefilter 1040/1459 frames after 00:00:07; best prefilter 12.42 at 00:24:52
[scan:snapshot] prefilter 1050/1459 frames after 00:00:07; best prefilter 12.42 at 00:24:52
[scan:snapshot] prefilter 1060/1459 frames after 00:00:07; best prefilter 12.42 at 00:24:52
[scan:snapshot] prefilter 1070/1459 frames after 00:00:07; best prefilter 12.42 at 00:24:52
[scan:snapshot] prefilter 1080/1459 frames after 00:00:08; best prefilter 12.42 at 00:24:52
[scan:snapshot] prefilter 1090/1459 frames after 00:00:08; best prefilter 12.42 at 00:24:52
[scan:snapshot] prefilter 1100/1459 frames after 00:00:08; best prefilter 12.42 at 00:24:52
[scan:snapshot] prefilter 1110/1459 frames after 00:00:08; best prefilter 12.42 at 00:24:52
[scan:snapshot] prefilter 1120/1459 frames after 00:00:08; best prefilter 12.42 at 00:24:52
[scan:snapshot] prefilter 1130/1459 frames after 00:00:08; best prefilter 12.42 at 00:24:52
[scan:snapshot] prefilter 1140/1459 frames after 00:00:08; best prefilter 12.42 at 00:24:52
[scan:snapshot] prefilter 1150/1459 frames after 00:00:08; best prefilter 12.42 at 00:24:52
[scan:snapshot] prefilter 1160/1459 frames after 00:00:08; best prefilter 12.42 at 00:24:52
[scan:snapshot] prefilter 1170/1459 frames after 00:00:08; best prefilter 12.42 at 00:24:52
[scan:snapshot] prefilter 1180/1459 frames after 00:00:08; best prefilter 12.42 at 00:24:52
[scan:snapshot] prefilter 1190/1459 frames after 00:00:08; best prefilter 12.42 at 00:24:52
[scan:snapshot] prefilter 1200/1459 frames after 00:00:08; best prefilter 12.42 at 00:24:52
[scan:snapshot] prefilter 1210/1459 frames after 00:00:08; best prefilter 12.42 at 00:24:52
[scan:snapshot] prefilter 1220/1459 frames after 00:00:08; best prefilter 12.42 at 00:24:52
[scan:snapshot] prefilter 1230/1459 frames after 00:00:09; best prefilter 12.42 at 00:24:52
[scan:snapshot] prefilter 1240/1459 frames after 00:00:09; best prefilter 12.42 at 00:24:52
[scan:snapshot] prefilter 1250/1459 frames after 00:00:09; best prefilter 12.42 at 00:24:52
[scan:snapshot] prefilter 1260/1459 frames after 00:00:09; best prefilter 12.42 at 00:24:52
[scan:snapshot] prefilter 1270/1459 frames after 00:00:09; best prefilter 12.42 at 00:24:52
[scan:snapshot] prefilter 1280/1459 frames after 00:00:09; best prefilter 12.42 at 00:24:52
[scan:snapshot] prefilter 1290/1459 frames after 00:00:09; best prefilter 12.42 at 00:24:52
[scan:snapshot] prefilter 1300/1459 frames after 00:00:09; best prefilter 12.42 at 00:24:52
[scan:snapshot] prefilter 1310/1459 frames after 00:00:09; best prefilter 12.42 at 00:24:52
[scan:snapshot] prefilter 1320/1459 frames after 00:00:09; best prefilter 12.42 at 00:24:52
[scan:snapshot] prefilter 1330/1459 frames after 00:00:09; best prefilter 12.42 at 00:24:52
[scan:snapshot] prefilter 1340/1459 frames after 00:00:09; best prefilter 12.42 at 00:24:52
[scan:snapshot] prefilter 1350/1459 frames after 00:00:09; best prefilter 12.42 at 00:24:52
[scan:snapshot] prefilter 1360/1459 frames after 00:00:09; best prefilter 12.42 at 00:24:52
[scan:snapshot] prefilter 1370/1459 frames after 00:00:09; best prefilter 12.42 at 00:24:52
[scan:snapshot] prefilter 1380/1459 frames after 00:00:10; best prefilter 12.42 at 00:24:52
[scan:snapshot] prefilter 1390/1459 frames after 00:00:10; best prefilter 12.42 at 00:24:52
[scan:snapshot] prefilter 1400/1459 frames after 00:00:10; best prefilter 12.42 at 00:24:52
[scan:snapshot] prefilter 1410/1459 frames after 00:00:10; best prefilter 12.42 at 00:24:52
[scan:snapshot] prefilter 1420/1459 frames after 00:00:10; best prefilter 12.42 at 00:24:52
[scan:snapshot] prefilter 1430/1459 frames after 00:00:10; best prefilter 12.42 at 00:24:52
[scan:snapshot] prefilter 1440/1459 frames after 00:00:10; best prefilter 12.42 at 00:24:52
[scan:snapshot] prefilter 1450/1459 frames after 00:00:10; best prefilter 12.42 at 00:24:52
[scan:snapshot] prefilter 1459/1459 frames after 00:00:10; best prefilter 12.42 at 00:24:52
[scan:snapshot] prefilter kept 60/1459 frame(s) for OCR; best prefilter 12.42 at 00:24:52
[scan:snapshot] extracting OCR candidates from source video at width 1280
[scan:snapshot] OCR 1/60 frames (1.7%) after 00:00:02; best score 4.40 at 00:00:00 (ocr 88.0)
[scan:snapshot] OCR 10/60 frames (16.7%) after 00:00:14; best score 4.40 at 00:00:00 (ocr 88.0)
[scan:snapshot] OCR 20/60 frames (33.3%) after 00:00:26; best score 4.40 at 00:00:00 (ocr 88.0)
[scan:snapshot] OCR 30/60 frames (50.0%) after 00:00:40; best score 4.40 at 00:00:00 (ocr 88.0)
[scan:snapshot] OCR 40/60 frames (66.7%) after 00:00:56; best score 4.40 at 00:00:00 (ocr 88.0)
[scan:snapshot] OCR 50/60 frames (83.3%) after 00:01:09; best score 4.40 at 00:00:00 (ocr 88.0)
[scan:snapshot] OCR 60/60 frames (100.0%) after 00:01:24; best score 4.40 at 00:00:00 (ocr 88.0)
{
  "basename": "qmg",
  "channel": "qmg",
  "chart_stream_parser": true,
  "date_key": "20230609",
  "output_kind": "snapshot",
  "phash_region": null,
  "phash_region_fraction": {
    "xFraction": 0.7,
    "yFraction": 0.84,
    "wFraction": 0.28,
    "hFraction": 0.14
  },
  "prefilter_profile": "chart_stream",
  "video_path": "C:\\Users\\admin\\Projects\\portfolio_analyzer_revere\\data\\video_pipeline\\downloads\\20230609_VdQSDGZBLQE.mp4",
  "captured_count": 3,
  "captures": [
    {
      "chart_stream": {
        "confidence": 0,
        "parse_status": "no_seed_tickers",
        "position_list": [],
        "price_action": "",
        "tickers_rejected": 0
      },
      "confusion_with_nearby": [],
      "frame_index": 240,
      "frame_path": "C:\\Users\\admin\\Projects\\portfolio_analyzer_revere\\data\\video_scan_20260917\\qmg-ocr-20260917-v2\\qmg-ocr-20260917-v2\\ocr_probe\\frames\\20230609_20230609_vdqsdgzblqe_04e3e21f_snapshot\\ocr\\ocr_000241.png",
      "is_intro_card": false,
      "issue_codes": [],
      "low_res_frame_path": null,
      "nearest_ffmpeg_keyframe_ts": 0,
      "observed_date": null,
      "ocr_confidence": 93,
      "ocr_profile": "threshold",
      "ocr_text": "PLEASE read this first -> gullamaggie.com\n",
      "ocr_text_snippet": "PLEASE read this first -> gullamaggie.com",
      "output_kind": "snapshot",
      "parsed_observations": [],
      "parsed_row_count": 0,
      "phash": "bfb8d2b2d290d0d2",
      "phash_overlay": "c5c919d9c32c3cd3",
      "phash_region": {
        "xFraction": 0.7,
        "yFraction": 0.84,
        "wFraction": 0.28,
        "hFraction": 0.14
      },
      "prefilter_profile": null,
      "prefilter_score": 2.54,
      "prefilter_stats": {
        "brightRatio": 0,
        "darkRatio": 0.9647222222222223,
        "edgeRatio": 0.12628082821002048,
        "horizontalComparisons": 14151,
        "horizontalEdgeHits": 1446,
        "horizontalEdgeRatio": 0.10218359126563493,
        "meanLuma": 18.124027777777776,
        "stdDev": 29.359044705153956,
        "verticalComparisons": 14151,
        "verticalEdgeHits": 2128,
        "verticalEdgeRatio": 0.15037806515440605
      },
      "score": 4.65,
      "score_breakdown": null,
      "screen_layout": "chart",
      "tickers": [],
      "timestamp": 960,
      "timestamp_hms": "00:16:00",
      "output_path": "C:\\Users\\admin\\Projects\\portfolio_analyzer_revere\\data\\video_scan_20260917\\qmg-ocr-20260917-v2\\qmg-ocr-20260917-v2\\snapshots\\qmg_20230609.png"
    },
    {
      "chart_stream": {
        "confidence": 0,
        "parse_status": "no_seed_tickers",
        "position_list": [],
        "price_action": "",
        "tickers_rejected": 0
      },
      "confusion_with_nearby": [],
      "frame_index": 264,
      "frame_path": "C:\\Users\\admin\\Projects\\portfolio_analyzer_revere\\data\\video_scan_20260917\\qmg-ocr-20260917-v2\\qmg-ocr-20260917-v2\\ocr_probe\\frames\\20230609_20230609_vdqsdgzblqe_04e3e21f_snapshot\\ocr\\ocr_000265.png",
      "is_intro_card": false,
      "issue_codes": [],
      "low_res_frame_path": null,
      "nearest_ffmpeg_keyframe_ts": 0,
      "observed_date": null,
      "ocr_confidence": 92,
      "ocr_profile": "threshold",
      "ocr_text": "PLEASE read this first -> qullamaggie.com\n",
      "ocr_text_snippet": "PLEASE read this first -> qullamaggie.com",
      "output_kind": "snapshot",
      "parsed_observations": [],
      "parsed_row_count": 0,
      "phash": "afb8f2b8d29092d2",
      "phash_overlay": "c1cb19d9c70c3ccb",
      "phash_region": {
        "xFraction": 0.7,
        "yFraction": 0.84,
        "wFraction": 0.28,
        "hFraction": 0.14
      },
      "prefilter_profile": null,
      "prefilter_score": 4.28,
      "prefilter_stats": {
        "brightRatio": 0,
        "darkRatio": 0.9640277777777778,
        "edgeRatio": 0.11656420040986502,
        "horizontalComparisons": 14151,
        "horizontalEdgeHits": 1374,
        "horizontalEdgeRatio": 0.09709561161755353,
        "meanLuma": 17.048125,
        "stdDev": 29.629679247634595,
        "verticalComparisons": 14151,
        "verticalEdgeHits": 1925,
        "verticalEdgeRatio": 0.1360327892021765
      },
      "score": 4.6,
      "score_breakdown": null,
      "screen_layout": "chart",
      "tickers": [],
      "timestamp": 1056,
      "timestamp_hms": "00:17:36",
      "output_path": "C:\\Users\\admin\\Projects\\portfolio_analyzer_revere\\data\\video_scan_20260917\\qmg-ocr-20260917-v2\\qmg-ocr-20260917-v2\\snapshots\\qmg_20230609_2.png"
    },
    {
      "chart_stream": {
        "confidence": 0,
        "parse_status": "no_seed_tickers",
        "position_list": [],
        "price_action": "",
        "tickers_rejected": 0
      },
      "confusion_with_nearby": [],
      "frame_index": 96,
      "frame_path": "C:\\Users\\admin\\Projects\\portfolio_analyzer_revere\\data\\video_scan_20260917\\qmg-ocr-20260917-v2\\qmg-ocr-20260917-v2\\ocr_probe\\frames\\20230609_20230609_vdqsdgzblqe_04e3e21f_snapshot\\ocr\\ocr_000097.png",
      "is_intro_card": false,
      "issue_codes": [],
      "low_res_frame_path": null,
      "nearest_ffmpeg_keyframe_ts": 0,
      "observed_date": null,
      "ocr_confidence": 92,
      "ocr_profile": "threshold",
      "ocr_text": "PLEASE read this first -> qullamaggie.com\n",
      "ocr_text_snippet": "PLEASE read this first -> qullamaggie.com",
      "output_kind": "snapshot",
      "parsed_observations": [],
      "parsed_row_count": 0,
      "phash": "bfb8d2b8d89192d0",
      "phash_overlay": "c5cb19d9c30c3cd3",
      "phash_region": {
        "xFraction": 0.7,
        "yFraction": 0.84,
        "wFraction": 0.28,
        "hFraction": 0.14
      },
      "prefilter_profile": null,
      "prefilter_score": 8.78,
      "prefilter_stats": {
        "brightRatio": 0.011111111111111112,
        "darkRatio": 0.9547916666666667,
        "edgeRatio": 0.11645820083386334,
        "horizontalComparisons": 14151,
        "horizontalEdgeHits": 1230,
        "horizontalEdgeRatio": 0.08691965232139072,
        "meanLuma": 18.837083333333332,
        "stdDev": 37.744372094742666,
        "verticalComparisons": 14151,
        "verticalEdgeHits": 2066,
        "verticalEdgeRatio": 0.14599674934633594
      },
      "score": 4.6,
      "score_breakdown": null,
      "screen_layout": "chart",
      "tickers": [],
      "timestamp": 384,
      "timestamp_hms": "00:06:24",
      "output_path": "C:\\Users\\admin\\Projects\\portfolio_analyzer_revere\\data\\video_scan_20260917\\qmg-ocr-20260917-v2\\qmg-ocr-20260917-v2\\snapshots\\qmg_20230609_3.png"
    }
  ],
  "frame_count": 1459,
  "frame_error_count": 0,
  "frame_errors": [],
  "max_captures_per_video": 3,
  "nearest_ffmpeg_keyframe_lookups_skipped": false,
  "nearest_ffmpeg_keyframe_pts_total": 1,
  "ocr_engine_metadata": {
    "tesseract_version": "6.0.1",
    "language": "eng",
    "dpi": 300,
    "psm": null,
    "preserve_interword_spaces": "1",
    "deskew": false
  },
  "ocr_frame_count": 60,
  "ocr_frame_width": 1280,
  "output_path": "C:\\Users\\admin\\Projects\\portfolio_analyzer_revere\\data\\video_scan_20260917\\qmg-ocr-20260917-v2\\qmg-ocr-20260917-v2\\snapshots\\qmg_20230609.png",
  "prefilter_best_score": 12.42,
  "review_threshold": 4,
  "sample_frame_width": 640,
  "status": "review",
  "strong_threshold": 6,
  "top_candidate": {
    "chart_stream": {
      "confidence": 0,
      "parse_status": "no_seed_tickers",
      "position_list": [],
      "price_action": "",
      "tickers_rejected": 0
    },
    "confusion_with_nearby": [],
    "frame_index": 240,
    "frame_path": "C:\\Users\\admin\\Projects\\portfolio_analyzer_revere\\data\\video_scan_20260917\\qmg-ocr-20260917-v2\\qmg-ocr-20260917-v2\\ocr_probe\\frames\\20230609_20230609_vdqsdgzblqe_04e3e21f_snapshot\\ocr\\ocr_000241.png",
    "is_intro_card": false,
    "issue_codes": [],
    "low_res_frame_path": null,
    "nearest_ffmpeg_keyframe_ts": 0,
    "observed_date": null,
    "ocr_confidence": 93,
    "ocr_profile": "threshold",
    "ocr_text": "PLEASE read this first -> gullamaggie.com\n",
    "ocr_text_snippet": "PLEASE read this first -> gullamaggie.com",
    "output_kind": "snapshot",
    "parsed_observations": [],
    "parsed_row_count": 0,
    "phash": "bfb8d2b2d290d0d2",
    "phash_overlay": "c5c919d9c32c3cd3",
    "phash_region": {
      "xFraction": 0.7,
      "yFraction": 0.84,
      "wFraction": 0.28,
      "hFraction": 0.14
    },
    "prefilter_profile": null,
    "prefilter_score": 2.54,
    "prefilter_stats": {
      "brightRatio": 0,
      "darkRatio": 0.9647222222222223,
      "edgeRatio": 0.12628082821002048,
      "horizontalComparisons": 14151,
      "horizontalEdgeHits": 1446,
      "horizontalEdgeRatio": 0.10218359126563493,
      "meanLuma": 18.124027777777776,
      "stdDev": 29.359044705153956,
      "verticalComparisons": 14151,
      "verticalEdgeHits": 2128,
      "verticalEdgeRatio": 0.15037806515440605
    },
    "score": 4.65,
    "score_breakdown": null,
    "screen_layout": "chart",
    "tickers": [],
    "timestamp": 960,
    "timestamp_hms": "00:16:00"
  },
  "top_candidates": [
    {
      "chart_stream": {
        "confidence": 0,
        "parse_status": "no_seed_tickers",
        "position_list": [],
        "price_action": "",
        "tickers_rejected": 0
      },
      "confusion_with_nearby": [],
      "frame_index": 240,
      "frame_path": "C:\\Users\\admin\\Projects\\portfolio_analyzer_revere\\data\\video_scan_20260917\\qmg-ocr-20260917-v2\\qmg-ocr-20260917-v2\\ocr_probe\\frames\\20230609_20230609_vdqsdgzblqe_04e3e21f_snapshot\\ocr\\ocr_000241.png",
      "is_intro_card": false,
      "issue_codes": [],
      "low_res_frame_path": null,
      "nearest_ffmpeg_keyframe_ts": null,
      "observed_date": null,
      "ocr_confidence": 93,
      "ocr_profile": "threshold",
      "ocr_text": "PLEASE read this first -> gullamaggie.com\n",
      "ocr_text_snippet": "PLEASE read this first -> gullamaggie.com",
      "output_kind": "snapshot",
      "parsed_observations": [],
      "parsed_row_count": 0,
      "phash": "bfb8d2b2d290d0d2",
      "phash_overlay": "c5c919d9c32c3cd3",
      "phash_region": {
        "xFraction": 0.7,
        "yFraction": 0.84,
        "wFraction": 0.28,
        "hFraction": 0.14
      },
      "prefilter_profile": null,
      "prefilter_score": 2.54,
      "prefilter_stats": {
        "brightRatio": 0,
        "darkRatio": 0.9647222222222223,
        "edgeRatio": 0.12628082821002048,
        "horizontalComparisons": 14151,
        "horizontalEdgeHits": 1446,
        "horizontalEdgeRatio": 0.10218359126563493,
        "meanLuma": 18.124027777777776,
        "stdDev": 29.359044705153956,
        "verticalComparisons": 14151,
        "verticalEdgeHits": 2128,
        "verticalEdgeRatio": 0.15037806515440605
      },
      "score": 4.65,
      "score_breakdown": null,
      "screen_layout": "chart",
      "tickers": [],
      "timestamp": 960,
      "timestamp_hms": "00:16:00"
    },
    {
      "chart_stream": {
        "confidence": 0,
        "parse_status": "no_seed_tickers",
        "position_list": [],
        "price_action": "",
        "tickers_rejected": 0
      },
      "confusion_with_nearby": [],
      "frame_index": 264,
      "frame_path": "C:\\Users\\admin\\Projects\\portfolio_analyzer_revere\\data\\video_scan_20260917\\qmg-ocr-20260917-v2\\qmg-ocr-20260917-v2\\ocr_probe\\frames\\20230609_20230609_vdqsdgzblqe_04e3e21f_snapshot\\ocr\\ocr_000265.png",
      "is_intro_card": false,
      "issue_codes": [],
      "low_res_frame_path": null,
      "nearest_ffmpeg_keyframe_ts": null,
      "observed_date": null,
      "ocr_confidence": 92,
      "ocr_profile": "threshold",
      "ocr_text": "PLEASE read this first -> qullamaggie.com\n",
      "ocr_text_snippet": "PLEASE read this first -> qullamaggie.com",
      "output_kind": "snapshot",
      "parsed_observations": [],
      "parsed_row_count": 0,
      "phash": "afb8f2b8d29092d2",
      "phash_overlay": "c1cb19d9c70c3ccb",
      "phash_region": {
        "xFraction": 0.7,
        "yFraction": 0.84,
        "wFraction": 0.28,
        "hFraction": 0.14
      },
      "prefilter_profile": null,
      "prefilter_score": 4.28,
      "prefilter_stats": {
        "brightRatio": 0,
        "darkRatio": 0.9640277777777778,
        "edgeRatio": 0.11656420040986502,
        "horizontalComparisons": 14151,
        "horizontalEdgeHits": 1374,
        "horizontalEdgeRatio": 0.09709561161755353,
        "meanLuma": 17.048125,
        "stdDev": 29.629679247634595,
        "verticalComparisons": 14151,
        "verticalEdgeHits": 1925,
        "verticalEdgeRatio": 0.1360327892021765
      },
      "score": 4.6,
      "score_breakdown": null,
      "screen_layout": "chart",
      "tickers": [],
      "timestamp": 1056,
      "timestamp_hms": "00:17:36"
    },
    {
      "chart_stream": {
        "confidence": 0,
        "parse_status": "no_seed_tickers",
        "position_list": [],
        "price_action": "",
        "tickers_rejected": 0
      },
      "confusion_with_nearby": [],
      "frame_index": 96,
      "frame_path": "C:\\Users\\admin\\Projects\\portfolio_analyzer_revere\\data\\video_scan_20260917\\qmg-ocr-20260917-v2\\qmg-ocr-20260917-v2\\ocr_probe\\frames\\20230609_20230609_vdqsdgzblqe_04e3e21f_snapshot\\ocr\\ocr_000097.png",
      "is_intro_card": false,
      "issue_codes": [],
      "low_res_frame_path": null,
      "nearest_ffmpeg_keyframe_ts": null,
      "observed_date": null,
      "ocr_confidence": 92,
      "ocr_profile": "threshold",
      "ocr_text": "PLEASE read this first -> qullamaggie.com\n",
      "ocr_text_snippet": "PLEASE read this first -> qullamaggie.com",
      "output_kind": "snapshot",
      "parsed_observations": [],
      "parsed_row_count": 0,
      "phash": "bfb8d2b8d89192d0",
      "phash_overlay": "c5cb19d9c30c3cd3",
      "phash_region": {
        "xFraction": 0.7,
        "yFraction": 0.84,
        "wFraction": 0.28,
        "hFraction": 0.14
      },
      "prefilter_profile": null,
      "prefilter_score": 8.78,
      "prefilter_stats": {
        "brightRatio": 0.011111111111111112,
        "darkRatio": 0.9547916666666667,
        "edgeRatio": 0.11645820083386334,
        "horizontalComparisons": 14151,
        "horizontalEdgeHits": 1230,
        "horizontalEdgeRatio": 0.08691965232139072,
        "meanLuma": 18.837083333333332,
        "stdDev": 37.744372094742666,
        "verticalComparisons": 14151,
        "verticalEdgeHits": 2066,
        "verticalEdgeRatio": 0.14599674934633594
      },
      "score": 4.6,
      "score_breakdown": null,
      "screen_layout": "chart",
      "tickers": [],
      "timestamp": 384,
      "timestamp_hms": "00:06:24"
    },
    {
      "chart_stream": {
        "confidence": 0,
        "parse_status": "no_seed_tickers",
        "position_list": [],
        "price_action": "",
        "tickers_rejected": 0
      },
      "confusion_with_nearby": [],
      "frame_index": 360,
      "frame_path": "C:\\Users\\admin\\Projects\\portfolio_analyzer_revere\\data\\video_scan_20260917\\qmg-ocr-20260917-v2\\qmg-ocr-20260917-v2\\ocr_probe\\frames\\20230609_20230609_vdqsdgzblqe_04e3e21f_snapshot\\ocr\\ocr_000361.png",
      "is_intro_card": false,
      "issue_codes": [],
      "low_res_frame_path": null,
      "nearest_ffmpeg_keyframe_ts": null,
      "observed_date": null,
      "ocr_confidence": 91,
      "ocr_profile": "threshold",
      "ocr_text": "PLEASE read this first -> qullamaggie.com\n",
      "ocr_text_snippet": "PLEASE read this first -> qullamaggie.com",
      "output_kind": "snapshot",
      "parsed_observations": [],
      "parsed_row_count": 0,
      "phash": "bfb8d2b8d29891d0",
      "phash_overlay": "c5cb19d9c30c3cd3",
      "phash_region": {
        "xFraction": 0.7,
        "yFraction": 0.84,
        "wFraction": 0.28,
        "hFraction": 0.14
      },
      "prefilter_profile": null,
      "prefilter_score": 4.29,
      "prefilter_stats": {
        "brightRatio": 0,
        "darkRatio": 0.9657638888888889,
        "edgeRatio": 0.11023955904176383,
        "horizontalComparisons": 14151,
        "horizontalEdgeHits": 1263,
        "horizontalEdgeRatio": 0.08925164299342803,
        "meanLuma": 15.959791666666666,
        "stdDev": 28.854252670599866,
        "verticalComparisons": 14151,
        "verticalEdgeHits": 1857,
        "verticalEdgeRatio": 0.13122747509009963
      },
      "score": 4.55,
      "score_breakdown": null,
      "screen_layout": "chart",
      "tickers": [],
      "timestamp": 1440,
      "timestamp_hms": "00:24:00"
    },
    {
      "chart_stream": {
        "confidence": 0,
        "parse_status": "no_seed_tickers",
        "position_list": [],
        "price_action": "",
        "tickers_rejected": 0
      },
      "confusion_with_nearby": [],
      "frame_index": 336,
      "frame_path": "C:\\Users\\admin\\Projects\\portfolio_analyzer_revere\\data\\video_scan_20260917\\qmg-ocr-20260917-v2\\qmg-ocr-20260917-v2\\ocr_probe\\frames\\20230609_20230609_vdqsdgzblqe_04e3e21f_snapshot\\ocr\\ocr_000337.png",
      "is_intro_card": false,
      "issue_codes": [],
      "low_res_frame_path": null,
      "nearest_ffmpeg_keyframe_ts": null,
      "observed_date": null,
      "ocr_confidence": 91,
      "ocr_profile": "threshold",
      "ocr_text": "PLEASE read this first -> qullamaggie.com\n",
      "ocr_text_snippet": "PLEASE read this first -> qullamaggie.com",
      "output_kind": "snapshot",
      "parsed_observations": [],
      "parsed_row_count": 0,
      "phash": "afb8d6b8d29098d8",
      "phash_overlay": "c5c919d9c32c3cc7",
      "phash_region": {
        "xFraction": 0.7,
        "yFraction": 0.84,
        "wFraction": 0.28,
        "hFraction": 0.14
      },
      "prefilter_profile": null,
      "prefilter_score": 4.07,
      "prefilter_stats": {
        "brightRatio": 0,
        "darkRatio": 0.96125,
        "edgeRatio": 0.12419616988198715,
        "horizontalComparisons": 14151,
        "horizontalEdgeHits": 1501,
        "horizontalEdgeRatio": 0.10607024238569712,
        "meanLuma": 18.03048611111111,
        "stdDev": 30.61488111355374,
        "verticalComparisons": 14151,
        "verticalEdgeHits": 2014,
        "verticalEdgeRatio": 0.14232209737827714
      },
      "score": 4.55,
      "score_breakdown": null,
      "screen_layout": "chart",
      "tickers": [],
      "timestamp": 1344,
      "timestamp_hms": "00:22:24"
    }
  ],
  "top_rejected_candidates": [
    {
      "chart_stream": {
        "confidence": 0,
        "parse_status": "no_seed_tickers",
        "position_list": [],
        "price_action": "",
        "tickers_rejected": 0
      },
      "confusion_with_nearby": [],
      "frame_index": 696,
      "frame_path": "C:\\Users\\admin\\Projects\\portfolio_analyzer_revere\\data\\video_scan_20260917\\qmg-ocr-20260917-v2\\qmg-ocr-20260917-v2\\ocr_probe\\frames\\20230609_20230609_vdqsdgzblqe_04e3e21f_snapshot\\ocr\\ocr_000697.png",
      "is_intro_card": false,
      "issue_codes": [],
      "low_res_frame_path": null,
      "nearest_ffmpeg_keyframe_ts": 0,
      "observed_date": null,
      "ocr_confidence": 79,
      "ocr_profile": "threshold",
      "ocr_text": "‘PLEASE read this first -> qullamaggie.com      i\n",
      "ocr_text_snippet": "‘PLEASE read this first -> qullamaggie.com i",
      "output_kind": "snapshot",
      "parsed_observations": [],
      "parsed_row_count": 0,
      "phash": "bf69d6b04a944b94",
      "phash_overlay": "c5cf0880c77c3cdb",
      "phash_region": {
        "xFraction": 0.7,
        "yFraction": 0.84,
        "wFraction": 0.28,
        "hFraction": 0.14
      },
      "prefilter_profile": null,
      "prefilter_score": 2.44,
      "prefilter_stats": {
        "brightRatio": 0,
        "darkRatio": 0.9639583333333334,
        "edgeRatio": 0.12204084516995266,
        "horizontalComparisons": 14151,
        "horizontalEdgeHits": 1363,
        "horizontalEdgeRatio": 0.0963182813935411,
        "meanLuma": 17.43923611111111,
        "stdDev": 29.431748767743734,
        "verticalComparisons": 14151,
        "verticalEdgeHits": 2091,
        "verticalEdgeRatio": 0.14776340894636422
      },
      "score": 3.95,
      "score_breakdown": null,
      "screen_layout": "chart",
      "tickers": [],
      "timestamp": 2784,
      "timestamp_hms": "00:46:24"
    },
    {
      "chart_stream": {
        "confidence": 0,
        "parse_status": "no_seed_tickers",
        "position_list": [],
        "price_action": "",
        "tickers_rejected": 0
      },
      "confusion_with_nearby": [],
      "frame_index": 576,
      "frame_path": "C:\\Users\\admin\\Projects\\portfolio_analyzer_revere\\data\\video_scan_20260917\\qmg-ocr-20260917-v2\\qmg-ocr-20260917-v2\\ocr_probe\\frames\\20230609_20230609_vdqsdgzblqe_04e3e21f_snapshot\\ocr\\ocr_000577.png",
      "is_intro_card": false,
      "issue_codes": [],
      "low_res_frame_path": null,
      "nearest_ffmpeg_keyframe_ts": 0,
      "observed_date": null,
      "ocr_confidence": 79,
      "ocr_profile": "threshold",
      "ocr_text": "\"PLEASE read this first -> gullamaggie.com\n",
      "ocr_text_snippet": "\"PLEASE read this first -> gullamaggie.com",
      "output_kind": "snapshot",
      "parsed_observations": [],
      "parsed_row_count": 0,
      "phash": "bfb8d2b2d29093d0",
      "phash_overlay": "c5c919d1c72c3ccb",
      "phash_region": {
        "xFraction": 0.7,
        "yFraction": 0.84,
        "wFraction": 0.28,
        "hFraction": 0.14
      },
      "prefilter_profile": null,
      "prefilter_score": 10.3,
      "prefilter_stats": {
        "brightRatio": 0.011111111111111112,
        "darkRatio": 0.9513194444444445,
        "edgeRatio": 0.12507949968200127,
        "horizontalComparisons": 14151,
        "horizontalEdgeHits": 1466,
        "horizontalEdgeRatio": 0.10359691894565755,
        "meanLuma": 20.708819444444444,
        "stdDev": 38.67754164593395,
        "verticalComparisons": 14151,
        "verticalEdgeHits": 2074,
        "verticalEdgeRatio": 0.14656208041834498
      },
      "score": 3.95,
      "score_breakdown": null,
      "screen_layout": "chart",
      "tickers": [],
      "timestamp": 2304,
      "timestamp_hms": "00:38:24"
    },
    {
      "chart_stream": {
        "confidence": 0,
        "parse_status": "no_seed_tickers",
        "position_list": [],
        "price_action": "",
        "tickers_rejected": 0
      },
      "confusion_with_nearby": [],
      "frame_index": 888,
      "frame_path": "C:\\Users\\admin\\Projects\\portfolio_analyzer_revere\\data\\video_scan_20260917\\qmg-ocr-20260917-v2\\qmg-ocr-20260917-v2\\ocr_probe\\frames\\20230609_20230609_vdqsdgzblqe_04e3e21f_snapshot\\ocr\\ocr_000889.png",
      "is_intro_card": false,
      "issue_codes": [],
      "low_res_frame_path": null,
      "nearest_ffmpeg_keyframe_ts": 0,
      "observed_date": null,
      "ocr_confidence": 78,
      "ocr_profile": "threshold",
      "ocr_text": "\"PLEASE read this first -> qullamaggie.com\n",
      "ocr_text_snippet": "\"PLEASE read this first -> qullamaggie.com",
      "output_kind": "snapshot",
      "parsed_observations": [],
      "parsed_row_count": 0,
      "phash": "bfb8d2b8d290d2d0",
      "phash_overlay": "c5c919d9c32c3cc7",
      "phash_region": {
        "xFraction": 0.7,
        "yFraction": 0.84,
        "wFraction": 0.28,
        "hFraction": 0.14
      },
      "prefilter_profile": null,
      "prefilter_score": 10.77,
      "prefilter_stats": {
        "brightRatio": 0.011111111111111112,
        "darkRatio": 0.9498611111111112,
        "edgeRatio": 0.1245495018019928,
        "horizontalComparisons": 14151,
        "horizontalEdgeHits": 1485,
        "horizontalEdgeRatio": 0.10493958024167903,
        "meanLuma": 20.67597222222222,
        "stdDev": 38.982016942278875,
        "verticalComparisons": 14151,
        "verticalEdgeHits": 2040,
        "verticalEdgeRatio": 0.14415942336230655
      },
      "score": 3.9,
      "score_breakdown": null,
      "screen_layout": "chart",
      "tickers": [],
      "timestamp": 3552,
      "timestamp_hms": "00:59:12"
    },
    {
      "chart_stream": {
        "confidence": 0,
        "parse_status": "no_seed_tickers",
        "position_list": [],
        "price_action": "",
        "tickers_rejected": 0
      },
      "confusion_with_nearby": [],
      "frame_index": 1248,
      "frame_path": "C:\\Users\\admin\\Projects\\portfolio_analyzer_revere\\data\\video_scan_20260917\\qmg-ocr-20260917-v2\\qmg-ocr-20260917-v2\\ocr_probe\\frames\\20230609_20230609_vdqsdgzblqe_04e3e21f_snapshot\\ocr\\ocr_001249.png",
      "is_intro_card": false,
      "issue_codes": [],
      "low_res_frame_path": null,
      "nearest_ffmpeg_keyframe_ts": 0,
      "observed_date": null,
      "ocr_confidence": 77,
      "ocr_profile": "threshold",
      "ocr_text": "\"PLEASE read this first -> gullamaggie.com\n",
      "ocr_text_snippet": "\"PLEASE read this first -> gullamaggie.com",
      "output_kind": "snapshot",
      "parsed_observations": [],
      "parsed_row_count": 0,
      "phash": "bfb8d2b9d29092d0",
      "phash_overlay": "c1cb19d1c72c3ccb",
      "phash_region": {
        "xFraction": 0.7,
        "yFraction": 0.84,
        "wFraction": 0.28,
        "hFraction": 0.14
      },
      "prefilter_profile": null,
      "prefilter_score": 0.41,
      "prefilter_stats": {
        "brightRatio": 0,
        "darkRatio": 0.9638888888888889,
        "edgeRatio": 0.12338350646597414,
        "horizontalComparisons": 14151,
        "horizontalEdgeHits": 1272,
        "horizontalEdgeRatio": 0.0898876404494382,
        "meanLuma": 17.866180555555555,
        "stdDev": 29.781126492026228,
        "verticalComparisons": 14151,
        "verticalEdgeHits": 2220,
        "verticalEdgeRatio": 0.15687937248251008
      },
      "score": 3.85,
      "score_breakdown": null,
      "screen_layout": "chart",
      "tickers": [],
      "timestamp": 4992,
      "timestamp_hms": "01:23:12"
    },
    {
      "chart_stream": {
        "confidence": 0,
        "parse_status": "no_seed_tickers",
        "position_list": [],
        "price_action": "",
        "tickers_rejected": 0
      },
      "confusion_with_nearby": [],
      "frame_index": 504,
      "frame_path": "C:\\Users\\admin\\Projects\\portfolio_analyzer_revere\\data\\video_scan_20260917\\qmg-ocr-20260917-v2\\qmg-ocr-20260917-v2\\ocr_probe\\frames\\20230609_20230609_vdqsdgzblqe_04e3e21f_snapshot\\ocr\\ocr_000505.png",
      "is_intro_card": false,
      "issue_codes": [],
      "low_res_frame_path": null,
      "nearest_ffmpeg_keyframe_ts": 0,
      "observed_date": null,
      "ocr_confidence": 77,
      "ocr_profile": "threshold",
      "ocr_text": "\"PLEASE read this first -> qullamaggie.com =~\n",
      "ocr_text_snippet": "\"PLEASE read this first -> qullamaggie.com =~",
      "output_kind": "snapshot",
      "parsed_observations": [],
      "parsed_row_count": 0,
      "phash": "bfb8f298d290b2d0",
      "phash_overlay": "c5c13dd9c33c3c83",
      "phash_region": {
        "xFraction": 0.7,
        "yFraction": 0.84,
        "wFraction": 0.28,
        "hFraction": 0.14
      },
      "prefilter_profile": null,
      "prefilter_score": 3.25,
      "prefilter_stats": {
        "brightRatio": 0,
        "darkRatio": 0.9636111111111111,
        "edgeRatio": 0.13285280192212565,
        "horizontalComparisons": 14151,
        "horizontalEdgeHits": 1620,
        "horizontalEdgeRatio": 0.11447954208183167,
        "meanLuma": 18.244097222222223,
        "stdDev": 29.768683440292175,
        "verticalComparisons": 14151,
        "verticalEdgeHits": 2140,
        "verticalEdgeRatio": 0.15122606176241962
      },
      "score": 3.85,
      "score_breakdown": null,
      "screen_layout": "chart",
      "tickers": [],
      "timestamp": 2016,
      "timestamp_hms": "00:33:36"
    }
  ],
  "whiteboard_segments": [
    {
      "capture_count": 1,
      "end_ts": 384,
      "end_hms": "00:06:24",
      "is_intro_card": false,
      "layout": "chart",
      "peak_frame_index": 96,
      "peak_score": 4.6,
      "start_hms": "00:06:24",
      "start_ts": 384
    },
    {
      "capture_count": 1,
      "end_ts": 960,
      "end_hms": "00:16:00",
      "is_intro_card": false,
      "layout": "chart",
      "peak_frame_index": 240,
      "peak_score": 4.65,
      "start_hms": "00:16:00",
      "start_ts": 960
    },
    {
      "capture_count": 1,
      "end_ts": 1056,
      "end_hms": "00:17:36",
      "is_intro_card": false,
      "layout": "chart",
      "peak_frame_index": 264,
      "peak_score": 4.6,
      "start_hms": "00:17:36",
      "start_ts": 1056
    }
  ],
  "log_path": "C:\\Users\\admin\\Projects\\portfolio_analyzer_revere\\data\\video_scan_20260917\\qmg-ocr-20260917-v2\\qmg-ocr-20260917-v2\\ocr_probe\\logs\\20230609_20230609_vdqsdgzblqe_04e3e21f_snapshot.json"
}
